09-28-2026 09:22:00 RAM 2866/7620MB (lfb 30x4MB) SWAP 507/12002MB (cached 0MB) CPU [0%@1728,0%@1728,1%@1728,0%@1728,0%@1728,0%@1728] GR3D_FREQ 0% cpu@51.843C soc2@51.156C soc0@50.968C gpu@52.437C tj@52.437C soc1@52.437C VDD_IN 7487mW/7487mW VDD_CPU_GPU_CV 1621mW/1621mW VDD_SOC 2531mW/2531mW
09-28-2026 09:22:01 RAM 2866/7620MB (lfb 30x4MB) SWAP 507/12002MB (cached 0MB) CPU [0%@1728,2%@1728,0%@1728,0%@1728,0%@1728,0%@1728] GR3D_FREQ 0% cpu@52.156C soc2@51.125C soc0@50.968C gpu@52.437C tj@52.531C soc1@52.531C VDD_IN 7447mW/7467mW VDD_CPU_GPU_CV 1582mW/1602mW VDD_SOC 2531mW/2531mW
09-28-2026 09:22:02 RAM 2866/7620MB (lfb 30x4MB) SWAP 507/12002MB (cached 0MB) CPU [2%@1728,0%@1728,0%@1728,0%@1728,0%@1728,0%@1728] GR3D_FREQ 0% cpu@51.625C soc2@51.031C soc0@50.906C gpu@52.375C tj@52.562C soc1@52.562C VDD_IN 7487mW/7474mW VDD_CPU_GPU_CV 1619mW/1607mW VDD_SOC 2531mW/2531mW
09-28-2026 09:22:03 RAM 2866/7620MB (lfb 30x4MB) SWAP 507/12002MB (cached 0MB) CPU [0%@1728,0%@1728,0%@1728,0%@1728,0%@1728,0%@1728] GR3D_FREQ 0% cpu@51.906C soc2@51.156C soc0@51.125C gpu@52.5C tj@52.5C soc1@52.281C VDD_IN 7487mW/7477mW VDD_CPU_GPU_CV 1621mW/1611mW VDD_SOC 2531mW/2531mW
09-28-2026 09:22:04 RAM 2868/7620MB (lfb 30x4MB) SWAP 507/12002MB (cached 0MB) CPU [0%@1728,0%@1728,2%@1728,0%@1728,0%@1728,0%@1728] GR3D_FREQ 0% cpu@51.718C soc2@51.25C soc0@51.062C gpu@52.468C tj@52.468C soc1@52.343C VDD_IN 7527mW/7487mW VDD_CPU_GPU_CV 1619mW/1612mW VDD_SOC 2531mW/2531mW
09-28-2026 09:22:05 RAM 2868/7620MB (lfb 30x4MB) SWAP 507/12002MB (cached 0MB) CPU [0%@1728,0%@1728,0%@1728,0%@1728,0%@1728,0%@1728] GR3D_FREQ 0% cpu@51.937C soc2@51.062C soc0@50.968C gpu@52.5C tj@52.5C soc1@52.343C VDD_IN 7487mW/7487mW VDD_CPU_GPU_CV 1619mW/1614mW VDD_SOC 2531mW/2531mW
09-28-2026 09:22:06 RAM 2868/7620MB (lfb 30x4MB) SWAP 507/12002MB (cached 0MB) CPU [0%@1728,0%@1728,0%@1728,0%@1728,0%@1728,0%@1728] GR3D_FREQ 0% cpu@51.968C soc2@50.937C soc0@50.781C gpu@52.5C tj@52.5C soc1@52.343C VDD_IN 7487mW/7487mW VDD_CPU_GPU_CV 1619mW/1614mW VDD_SOC 2531mW/2531mW
09-28-2026 09:22:07 RAM 2868/7620MB (lfb 30x4MB) SWAP 507/12002MB (cached 0MB) CPU [3%@1728,0%@1728,0%@1728,0%@1728,0%@1728,0%@1728] GR3D_FREQ 0% cpu@51.75C soc2@51.093C soc0@50.781C gpu@52.562C tj@52.562C soc1@52.468C VDD_IN 7566mW/7497mW VDD_CPU_GPU_CV 1658mW/1620mW VDD_SOC 2570mW/2536mW
09-28-2026 09:22:08 RAM 2868/7620MB (lfb 30x4MB) SWAP 507/12002MB (cached 0MB) CPU [0%@1728,0%@1728,0%@1728,0%@1728,0%@1728,0%@1728] GR3D_FREQ 0% cpu@51.906C soc2@50.937C soc0@50.906C gpu@51.937C tj@52.437C soc1@52.437C VDD_IN 7487mW/7496mW VDD_CPU_GPU_CV 1619mW/1620mW VDD_SOC 2531mW/2535mW
09-28-2026 09:22:09 RAM 2868/7620MB (lfb 30x4MB) SWAP 507/12002MB (cached 0MB) CPU [0%@1728,0%@1728,1%@1728,0%@1728,0%@1728,0%@1728] GR3D_FREQ 0% cpu@51.656C soc2@50.968C soc0@50.968C gpu@51.968C tj@52.25C soc1@52.25C VDD_IN 7527mW/7499mW VDD_CPU_GPU_CV 1619mW/1620mW VDD_SOC 2570mW/2539mW
09-28-2026 09:22:10 RAM 2868/7620MB (lfb 30x4MB) SWAP 507/12002MB (cached 0MB) CPU [0%@1728,0%@1728,0%@1728,0%@1728,0%@1728,0%@1728] GR3D_FREQ 0% cpu@51.781C soc2@51.062C soc0@50.968C gpu@51.968C tj@52.156C soc1@52.156C VDD_IN 7527mW/7501mW VDD_CPU_GPU_CV 1619mW/1620mW VDD_SOC 2610mW/2545mW
09-28-2026 09:22:11 RAM 2868/7620MB (lfb 30x4MB) SWAP 507/12002MB (cached 0MB) CPU [0%@1728,0%@1728,0%@1728,0%@1728,0%@1728,0%@1728] GR3D_FREQ 0% cpu@51.656C soc2@51C soc0@51C gpu@51.937C tj@52.218C soc1@52.218C VDD_IN 7527mW/7504mW VDD_CPU_GPU_CV 1621mW/1620mW VDD_SOC 2610mW/2551mW
09-28-2026 09:22:12 RAM 2868/7620MB (lfb 30x4MB) SWAP 507/12002MB (cached 0MB) CPU [0%@1728,1%@1728,0%@1728,0%@1728,1%@1728,0%@1728] GR3D_FREQ 0% cpu@51.718C soc2@50.906C soc0@50.843C gpu@51.937C tj@52.343C soc1@52.343C VDD_IN 7527mW/7505mW VDD_CPU_GPU_CV 1619mW/1620mW VDD_SOC 2610mW/2555mW
09-28-2026 09:22:13 RAM 2868/7620MB (lfb 30x4MB) SWAP 507/12002MB (cached 0MB) CPU [0%@1728,0%@1728,0%@1728,0%@1728,0%@1728,0%@1728] GR3D_FREQ 0% cpu@51.812C soc2@50.937C soc0@50.812C gpu@51.937C tj@52.25C soc1@52.25C VDD_IN 7527mW/7507mW VDD_CPU_GPU_CV 1619mW/1620mW VDD_SOC 2610mW/2559mW
09-28-2026 09:22:14 RAM 2868/7620MB (lfb 30x4MB) SWAP 507/12002MB (cached 0MB) CPU [0%@1728,0%@1728,2%@1728,0%@1728,0%@1728,0%@1728] GR3D_FREQ 0% cpu@51.906C soc2@50.937C soc0@50.812C gpu@51.937C tj@52.343C soc1@52.343C VDD_IN 7527mW/7508mW VDD_CPU_GPU_CV 1619mW/1620mW VDD_SOC 2531mW/2557mW
09-28-2026 09:22:15 RAM 2870/7620MB (lfb 30x4MB) SWAP 507/12002MB (cached 0MB) CPU [0%@1728,0%@1728,0%@1728,2%@1728,0%@1728,0%@1728] GR3D_FREQ 0% cpu@51.875C soc2@50.937C soc0@50.937C gpu@52C tj@52.218C soc1@52.218C VDD_IN 7527mW/7509mW VDD_CPU_GPU_CV 1658mW/1622mW VDD_SOC 2531mW/2556mW
09-28-2026 09:22:16 RAM 3042/7620MB (lfb 30x4MB) SWAP 507/12002MB (cached 0MB) CPU [12%@1728,6%@1728,90%@1728,6%@1728,6%@1728,6%@1728] GR3D_FREQ 0% cpu@52.625C soc2@51C soc0@50.968C gpu@52.187C tj@52.625C soc1@52.25C VDD_IN 8385mW/7561mW VDD_CPU_GPU_CV 2326mW/1663mW VDD_SOC 2606mW/2559mW
09-28-2026 09:22:17 RAM 3072/7620MB (lfb 30x4MB) SWAP 507/12002MB (cached 0MB) CPU [0%@1728,0%@1728,100%@1728,2%@1728,0%@1728,0%@1728] GR3D_FREQ 0% cpu@52.656C soc2@51.187C soc0@50.968C gpu@52.25C tj@52.656C soc1@52.187C VDD_IN 8464mW/7611mW VDD_CPU_GPU_CV 2404mW/1705mW VDD_SOC 2606mW/2561mW
09-28-2026 09:22:18 RAM 3215/7620MB (lfb 30x4MB) SWAP 507/12002MB (cached 0MB) CPU [0%@1728,0%@1728,98%@1728,0%@1728,0%@1728,0%@1728] GR3D_FREQ 0% cpu@52.562C soc2@51.062C soc0@51.031C gpu@52.25C tj@52.812C soc1@52.187C VDD_IN 8543mW/7660mW VDD_CPU_GPU_CV 2365mW/1739mW VDD_SOC 2606mW/2564mW
09-28-2026 09:22:19 RAM 4479/7620MB (lfb 3x4MB) SWAP 507/12002MB (cached 0MB) CPU [13%@1728,7%@1728,93%@1728,7%@1728,2%@1728,1%@1728] GR3D_FREQ 0% cpu@52.937C soc2@51.437C soc0@50.843C gpu@53.156C tj@53.156C soc1@52.312C VDD_IN 13242mW/7939mW VDD_CPU_GPU_CV 5083mW/1906mW VDD_SOC 3648mW/2618mW
09-28-2026 09:22:20 RAM 4467/7620MB (lfb 1x2MB) SWAP 507/12002MB (cached 0MB) CPU [17%@1728,3%@1728,38%@1728,18%@1728,37%@1728,20%@1728] GR3D_FREQ 99% cpu@53.437C soc2@52.25C soc0@51.281C gpu@55.093C tj@55.093C soc1@52.718C VDD_IN 17919mW/8414mW VDD_CPU_GPU_CV 8028mW/2198mW VDD_SOC 4591mW/2712mW
09-28-2026 09:22:21 RAM 4479/7620MB (lfb 2x2MB) SWAP 507/12002MB (cached 0MB) CPU [1%@1728,23%@1728,1%@1728,2%@1728,75%@1728,28%@1728] GR3D_FREQ 99% cpu@53.437C soc2@52.562C soc0@51.625C gpu@55.593C tj@55.593C soc1@52.687C VDD_IN 18357mW/8866mW VDD_CPU_GPU_CV 8324mW/2476mW VDD_SOC 4669mW/2801mW
09-28-2026 09:22:22 RAM 4481/7620MB (lfb 2x2MB) SWAP 507/12002MB (cached 0MB) CPU [12%@1728,6%@1728,7%@1728,3%@1728,74%@1728,26%@1728] GR3D_FREQ 99% cpu@53.937C soc2@52.875C soc0@51.937C gpu@55.812C tj@55.812C soc1@52.875C VDD_IN 18279mW/9276mW VDD_CPU_GPU_CV 8247mW/2727mW VDD_SOC 4669mW/2882mW
09-28-2026 09:22:23 RAM 4481/7620MB (lfb 2x2MB) SWAP 507/12002MB (cached 0MB) CPU [13%@1728,13%@1728,2%@1728,1%@1728,74%@1728,26%@1728] GR3D_FREQ 99% cpu@54.031C soc2@53.062C soc0@52.281C gpu@55.875C tj@55.875C soc1@53.125C VDD_IN 18123mW/9644mW VDD_CPU_GPU_CV 8247mW/2957mW VDD_SOC 4552mW/2952mW
09-28-2026 09:22:24 RAM 4488/7620MB (lfb 2x2MB) SWAP 507/12002MB (cached 0MB) CPU [4%@1728,13%@1728,17%@1728,6%@1728,61%@1728,26%@1728] GR3D_FREQ 99% cpu@54.468C soc2@53.25C soc0@52.125C gpu@56.093C tj@56.093C soc1@53.312C VDD_IN 18045mW/9980mW VDD_CPU_GPU_CV 8144mW/3165mW VDD_SOC 4552mW/3016mW
09-28-2026 09:22:25 RAM 4488/7620MB (lfb 2x2MB) SWAP 507/12002MB (cached 0MB) CPU [7%@1728,11%@1728,1%@1728,6%@1728,75%@1728,26%@1728] GR3D_FREQ 99% cpu@54.437C soc2@53.343C soc0@52.343C gpu@56.312C tj@56.312C soc1@53.593C VDD_IN 17919mW/10286mW VDD_CPU_GPU_CV 8028mW/3352mW VDD_SOC 4513mW/3073mW
09-28-2026 09:22:26 RAM 4489/7620MB (lfb 2x2MB) SWAP 507/12002MB (cached 0MB) CPU [8%@1728,2%@1728,6%@1728,11%@1728,73%@1728,26%@1728] GR3D_FREQ 99% cpu@54.593C soc2@53.562C soc0@52.562C gpu@56.343C tj@56.343C soc1@53.593C VDD_IN 17841mW/10565mW VDD_CPU_GPU_CV 7989mW/3524mW VDD_SOC 4474mW/3125mW
09-28-2026 09:22:27 RAM 4489/7620MB (lfb 2x2MB) SWAP 507/12002MB (cached 0MB) CPU [21%@1728,10%@1728,4%@1728,8%@1728,61%@1728,27%@1728] GR3D_FREQ 99% cpu@54.687C soc2@53.875C soc0@52.843C gpu@56.781C tj@56.781C soc1@53.625C VDD_IN 17763mW/10823mW VDD_CPU_GPU_CV 7911mW/3680mW VDD_SOC 4474mW/3173mW
09-28-2026 09:22:28 RAM 4490/7620MB (lfb 2x2MB) SWAP 507/12002MB (cached 0MB) CPU [3%@1728,8%@1728,7%@1728,10%@1728,72%@1728,26%@1728] GR3D_FREQ 99% cpu@54.781C soc2@53.781C soc0@53.062C gpu@56.875C tj@56.875C soc1@53.968C VDD_IN 17568mW/11055mW VDD_CPU_GPU_CV 7795mW/3822mW VDD_SOC 4474mW/3218mW
09-28-2026 09:22:29 RAM 4490/7620MB (lfb 2x2MB) SWAP 507/12002MB (cached 0MB) CPU [12%@1728,7%@1728,9%@1728,4%@1728,73%@1728,27%@1728] GR3D_FREQ 98% cpu@55.156C soc2@53.937C soc0@53.031C gpu@56.812C tj@56.812C soc1@54.187C VDD_IN 17528mW/11271mW VDD_CPU_GPU_CV 7795mW/3955mW VDD_SOC 4435mW/3259mW
09-28-2026 09:22:30 RAM 4491/7620MB (lfb 2x2MB) SWAP 507/12002MB (cached 0MB) CPU [41%@1728,8%@1728,5%@1728,2%@1728,46%@1728,26%@1728] GR3D_FREQ 99% cpu@55.312C soc2@54.187C soc0@53.281C gpu@57.031C tj@57.031C soc1@54.375C VDD_IN 17372mW/11468mW VDD_CPU_GPU_CV 7679mW/4075mW VDD_SOC 4443mW/3297mW
09-28-2026 09:22:31 RAM 4491/7620MB (lfb 2x2MB) SWAP 507/12002MB (cached 0MB) CPU [19%@1728,11%@1728,2%@1728,11%@1728,57%@1728,27%@1728] GR3D_FREQ 15% cpu@55.375C soc2@54.281C soc0@53.437C gpu@57.031C tj@57.031C soc1@54.406C VDD_IN 17255mW/11649mW VDD_CPU_GPU_CV 7640mW/4186mW VDD_SOC 4404mW/3331mW
09-28-2026 09:22:32 RAM 4491/7620MB (lfb 2x2MB) SWAP 507/12002MB (cached 0MB) CPU [8%@1728,1%@1728,12%@1728,9%@1728,73%@1728,27%@1728] GR3D_FREQ 3% cpu@55.5C soc2@54.406C soc0@53.625C gpu@56.687C tj@56.687C soc1@54.468C VDD_IN 17138mW/11815mW VDD_CPU_GPU_CV 7524mW/4287mW VDD_SOC 4365mW/3363mW
09-28-2026 09:22:33 RAM 4492/7620MB (lfb 2x2MB) SWAP 507/12002MB (cached 0MB) CPU [20%@1728,7%@1728,7%@1728,6%@1728,61%@1728,27%@1728] GR3D_FREQ 0% cpu@55.812C soc2@54.625C soc0@53.812C gpu@56.812C tj@56.812C soc1@54.687C VDD_IN 17216mW/11974mW VDD_CPU_GPU_CV 7562mW/4384mW VDD_SOC 4404mW/3393mW
09-28-2026 09:22:34 RAM 4493/7620MB (lfb 2x2MB) SWAP 507/12002MB (cached 0MB) CPU [1%@1728,16%@1728,2%@1728,12%@1728,74%@1728,26%@1728] GR3D_FREQ 0% cpu@56.031C soc2@54.625C soc0@53.812C gpu@56.968C tj@56.968C soc1@54.812C VDD_IN 17411mW/12129mW VDD_CPU_GPU_CV 7718mW/4479mW VDD_SOC 4404mW/3422mW
09-28-2026 09:22:35 RAM 4493/7620MB (lfb 2x2MB) SWAP 507/12002MB (cached 0MB) CPU [2%@1728,13%@1728,7%@1728,5%@1728,73%@1728,26%@1728] GR3D_FREQ 0% cpu@55.75C soc2@54.812C soc0@53.875C gpu@57.156C tj@57.156C soc1@54.968C VDD_IN 17528mW/12279mW VDD_CPU_GPU_CV 7756mW/4570mW VDD_SOC 4435mW/3450mW
09-28-2026 09:22:36 RAM 4494/7620MB (lfb 2x2MB) SWAP 507/12002MB (cached 0MB) CPU [6%@1728,12%@1728,1%@1728,7%@1728,74%@1728,27%@1728] GR3D_FREQ 0% cpu@56C soc2@54.937C soc0@54.156C gpu@57.031C tj@57.031C soc1@55.25C VDD_IN 17695mW/12425mW VDD_CPU_GPU_CV 7911mW/4660mW VDD_SOC 4474mW/3478mW
09-28-2026 09:22:37 RAM 4494/7620MB (lfb 2x2MB) SWAP 507/12002MB (cached 0MB) CPU [10%@1728,26%@1728,18%@1728,8%@1728,41%@1728,27%@1728] GR3D_FREQ 0% cpu@55.812C soc2@55.25C soc0@54.156C gpu@57.25C tj@57.25C soc1@55.437C VDD_IN 17928mW/12570mW VDD_CPU_GPU_CV 7976mW/4747mW VDD_SOC 4513mW/3505mW
09-28-2026 09:22:38 RAM 4494/7620MB (lfb 2x2MB) SWAP 507/12002MB (cached 0MB) CPU [5%@1728,23%@1728,8%@1728,61%@1728,3%@1728,27%@1728] GR3D_FREQ 0% cpu@56.218C soc2@55.312C soc0@54.343C gpu@57.593C tj@57.593C soc1@55.312C VDD_IN 18162mW/12714mW VDD_CPU_GPU_CV 8169mW/4835mW VDD_SOC 4552mW/3532mW
09-28-2026 09:22:39 RAM 4495/7620MB (lfb 2x2MB) SWAP 507/12002MB (cached 0MB) CPU [22%@1728,6%@1728,27%@1728,44%@1728,5%@1728,26%@1728] GR3D_FREQ 81% cpu@56.25C soc2@55.5C soc0@54.343C gpu@57.906C tj@57.906C soc1@55.5C VDD_IN 18435mW/12857mW VDD_CPU_GPU_CV 8324mW/4922mW VDD_SOC 4630mW/3560mW
09-28-2026 09:22:40 RAM 4495/7620MB (lfb 2x2MB) SWAP 507/12002MB (cached 0MB) CPU [18%@1728,36%@1728,29%@1728,14%@1728,9%@1728,27%@1728] GR3D_FREQ 87% cpu@56.437C soc2@55.625C soc0@54.468C gpu@58.406C tj@58.406C soc1@55.562C VDD_IN 18669mW/12998mW VDD_CPU_GPU_CV 8479mW/5009mW VDD_SOC 4661mW/3586mW
09-28-2026 09:22:41 RAM 4495/7620MB (lfb 2x2MB) SWAP 507/12002MB (cached 0MB) CPU [12%@1728,6%@1728,1%@1728,7%@1728,74%@1728,26%@1728] GR3D_FREQ 91% cpu@56.437C soc2@55.75C soc0@54.656C gpu@58.812C tj@58.812C soc1@55.781C VDD_IN 18747mW/13135mW VDD_CPU_GPU_CV 8504mW/5092mW VDD_SOC 4700mW/3613mW
09-28-2026 09:22:42 RAM 4495/7620MB (lfb 2x2MB) SWAP 507/12002MB (cached 0MB) CPU [13%@1728,9%@1728,7%@1728,1%@1728,75%@1728,27%@1728] GR3D_FREQ 91% cpu@56.406C soc2@55.812C soc0@54.75C gpu@59.25C tj@59.25C soc1@55.937C VDD_IN 18747mW/13266mW VDD_CPU_GPU_CV 8595mW/5174mW VDD_SOC 4661mW/3637mW
09-28-2026 09:22:43 RAM 4496/7620MB (lfb 2x2MB) SWAP 507/12002MB (cached 0MB) CPU [12%@1728,6%@1728,1%@1728,7%@1728,76%@1728,27%@1728] GR3D_FREQ 98% cpu@56.593C soc2@55.937C soc0@54.968C gpu@59.218C tj@59.218C soc1@55.906C VDD_IN 18638mW/13388mW VDD_CPU_GPU_CV 8595mW/5252mW VDD_SOC 4661mW/3661mW
09-28-2026 09:22:44 RAM 4496/7620MB (lfb 2x2MB) SWAP 507/12002MB (cached 0MB) CPU [6%@1728,12%@1728,8%@1728,2%@1728,74%@1728,26%@1728] GR3D_FREQ 98% cpu@56.843C soc2@56.093C soc0@55.093C gpu@59.468C tj@59.468C soc1@56.093C VDD_IN 18716mW/13506mW VDD_CPU_GPU_CV 8620mW/5326mW VDD_SOC 4661mW/3683mW
09-28-2026 09:22:45 RAM 4496/7620MB (lfb 2x2MB) SWAP 507/12002MB (cached 0MB) CPU [14%@1728,7%@1728,12%@1728,8%@1728,62%@1728,26%@1728] GR3D_FREQ 99% cpu@57.125C soc2@56.093C soc0@55.093C gpu@59.5C tj@59.5C soc1@56.156C VDD_IN 18599mW/13617mW VDD_CPU_GPU_CV 8620mW/5398mW VDD_SOC 4661mW/3704mW
09-28-2026 09:22:46 RAM 4497/7620MB (lfb 2x2MB) SWAP 507/12002MB (cached 0MB) CPU [1%@1728,18%@1728,2%@1728,6%@1728,75%@1728,26%@1728] GR3D_FREQ 99% cpu@57.031C soc2@56.281C soc0@55.281C gpu@59.562C tj@59.562C soc1@56.312C VDD_IN 18591mW/13723mW VDD_CPU_GPU_CV 8518mW/5464mW VDD_SOC 4622mW/3724mW
09-28-2026 09:22:47 RAM 4497/7620MB (lfb 2x2MB) SWAP 507/12002MB (cached 0MB) CPU [12%@1728,12%@1728,4%@1728,1%@1728,75%@1728,25%@1728] GR3D_FREQ 99% cpu@56.968C soc2@56.343C soc0@55.375C gpu@59.625C tj@59.625C soc1@56.468C VDD_IN 18513mW/13823mW VDD_CPU_GPU_CV 8518mW/5528mW VDD_SOC 4622mW/3742mW
09-28-2026 09:22:48 RAM 4498/7620MB (lfb 2x2MB) SWAP 507/12002MB (cached 0MB) CPU [12%@1728,2%@1728,1%@1728,11%@1728,75%@1728,26%@1728] GR3D_FREQ 99% cpu@57.187C soc2@56.531C soc0@55.437C gpu@59.5C tj@59.5C soc1@56.468C VDD_IN 18396mW/13916mW VDD_CPU_GPU_CV 8479mW/5588mW VDD_SOC 4584mW/3760mW
09-28-2026 09:22:49 RAM 4498/7620MB (lfb 2x2MB) SWAP 507/12002MB (cached 0MB) CPU [24%@1728,7%@1728,9%@1728,2%@1728,74%@1728,15%@1728] GR3D_FREQ 99% cpu@57.406C soc2@56.562C soc0@55.656C gpu@59.656C tj@59.656C soc1@56.531C VDD_IN 18357mW/14005mW VDD_CPU_GPU_CV 8402mW/5645mW VDD_SOC 4584mW/3776mW
09-28-2026 09:22:50 RAM 4010/7620MB (lfb 12x4MB) SWAP 507/12002MB (cached 0MB) CPU [11%@1728,5%@1728,0%@1728,1%@1728,87%@1728,4%@1728] GR3D_FREQ 0% cpu@56.812C soc2@55.968C soc0@55.375C gpu@57.343C tj@57.343C soc1@56.531C VDD_IN 10605mW/13938mW VDD_CPU_GPU_CV 3458mW/5602mW VDD_SOC 3070mW/3762mW
09-28-2026 09:22:51 RAM 2867/7620MB (lfb 26x4MB) SWAP 507/12002MB (cached 0MB) CPU [2%@1728,1%@1728,1%@1728,1%@1728,15%@1728,15%@1728] GR3D_FREQ 0% cpu@56.062C soc2@55.406C soc0@55.156C gpu@56.812C tj@56.812C soc1@56.5C VDD_IN 7831mW/13821mW VDD_CPU_GPU_CV 1816mW/5529mW VDD_SOC 2570mW/3739mW
09-28-2026 09:22:52 RAM 2866/7620MB (lfb 26x4MB) SWAP 507/12002MB (cached 0MB) CPU [2%@1728,6%@1728,5%@1728,9%@1728,1%@1728,1%@1728] GR3D_FREQ 0% cpu@55.687C soc2@55.187C soc0@55.031C gpu@56.593C tj@56.593C soc1@56.343C VDD_IN 7673mW/13705mW VDD_CPU_GPU_CV 1816mW/5459mW VDD_SOC 2531mW/3716mW
09-28-2026 09:22:53 RAM 2866/7620MB (lfb 26x4MB) SWAP 507/12002MB (cached 0MB) CPU [0%@1728,0%@1728,0%@1728,1%@1728,0%@1728,0%@1728] GR3D_FREQ 0% cpu@55.75C soc2@55C soc0@54.812C gpu@56.343C tj@56.343C soc1@56.343C VDD_IN 7447mW/13589mW VDD_CPU_GPU_CV 1619mW/5388mW VDD_SOC 2491mW/3694mW
09-28-2026 09:22:54 RAM 2866/7620MB (lfb 26x4MB) SWAP 507/12002MB (cached 0MB) CPU [0%@1728,0%@1728,1%@1728,0%@1728,0%@1728,0%@1728] GR3D_FREQ 0% cpu@55.375C soc2@54.937C soc0@54.781C gpu@56.281C tj@56.281C soc1@56.031C VDD_IN 7487mW/13478mW VDD_CPU_GPU_CV 1619mW/5319mW VDD_SOC 2531mW/3673mW
09-28-2026 09:22:55 RAM 2866/7620MB (lfb 26x4MB) SWAP 507/12002MB (cached 0MB) CPU [0%@1728,0%@1728,0%@1728,0%@1728,0%@1728,0%@1728] GR3D_FREQ 0% cpu@55.218C soc2@54.75C soc0@54.625C gpu@56.062C tj@56.062C soc1@56C VDD_IN 7447mW/13370mW VDD_CPU_GPU_CV 1619mW/5253mW VDD_SOC 2531mW/3652mW
09-28-2026 09:22:56 RAM 2866/7620MB (lfb 26x4MB) SWAP 507/12002MB (cached 0MB) CPU [0%@1728,0%@1728,0%@1728,0%@1728,0%@1728,0%@1728] GR3D_FREQ 0% cpu@55.312C soc2@54.718C soc0@54.406C gpu@56.031C tj@56.031C soc1@55.843C VDD_IN 7487mW/13267mW VDD_CPU_GPU_CV 1619mW/5189mW VDD_SOC 2570mW/3633mW
09-28-2026 09:22:57 RAM 2866/7620MB (lfb 26x4MB) SWAP 507/12002MB (cached 0MB) CPU [0%@1728,0%@1728,0%@1728,0%@1728,0%@1728,0%@1728] GR3D_FREQ 0% cpu@55.093C soc2@54.625C soc0@54.375C gpu@55.812C tj@55.812C soc1@55.718C VDD_IN 7487mW/13167mW VDD_CPU_GPU_CV 1619mW/5128mW VDD_SOC 2570mW/3615mW
09-28-2026 09:22:58 RAM 2868/7620MB (lfb 26x4MB) SWAP 507/12002MB (cached 0MB) CPU [0%@1728,0%@1728,1%@1728,0%@1728,0%@1728,0%@1728] GR3D_FREQ 0% cpu@55.375C soc2@54.343C soc0@54.343C gpu@55.781C tj@55.781C soc1@55.781C VDD_IN 7487mW/13071mW VDD_CPU_GPU_CV 1619mW/5068mW VDD_SOC 2570mW/3597mW
09-28-2026 09:22:59 RAM 2869/7620MB (lfb 26x4MB) SWAP 507/12002MB (cached 0MB) CPU [3%@1728,7%@1728,7%@1728,5%@1728,10%@1728,4%@1728] GR3D_FREQ 0% cpu@54.843C soc2@54.312C soc0@54.343C gpu@55.687C tj@55.718C soc1@55.718C VDD_IN 7566mW/12979mW VDD_CPU_GPU_CV 1697mW/5012mW VDD_SOC 2491mW/3579mW
09-28-2026 09:23:00 RAM 2869/7620MB (lfb 26x4MB) SWAP 507/12002MB (cached 0MB) CPU [0%@1728,0%@1728,0%@1728,0%@1728,0%@1728,0%@1728] GR3D_FREQ 0% cpu@54.75C soc2@54.406C soc0@54.156C gpu@55.625C tj@55.625C soc1@55.562C VDD_IN 7447mW/12889mW VDD_CPU_GPU_CV 1619mW/4956mW VDD_SOC 2491mW/3561mW
09-28-2026 09:23:01 RAM 2869/7620MB (lfb 26x4MB) SWAP 507/12002MB (cached 0MB) CPU [0%@1728,0%@1728,0%@1728,0%@1728,0%@1728,0%@1728] GR3D_FREQ 0% cpu@54.625C soc2@54.093C soc0@54.156C gpu@55.562C tj@55.562C soc1@55.468C VDD_IN 7447mW/12801mW VDD_CPU_GPU_CV 1619mW/4903mW VDD_SOC 2491mW/3544mW
09-28-2026 09:23:02 RAM 2869/7620MB (lfb 26x4MB) SWAP 507/12002MB (cached 0MB) CPU [0%@1728,0%@1728,2%@1728,0%@1728,0%@1728,0%@1728] GR3D_FREQ 0% cpu@54.75C soc2@54.062C soc0@54.25C gpu@55.5C tj@55.5C soc1@55.437C VDD_IN 7447mW/12716mW VDD_CPU_GPU_CV 1619mW/4851mW VDD_SOC 2491mW/3527mW
09-28-2026 09:23:03 RAM 2869/7620MB (lfb 26x4MB) SWAP 507/12002MB (cached 0MB) CPU [0%@1728,0%@1728,0%@1728,0%@1728,0%@1728,0%@1728] GR3D_FREQ 0% cpu@54.843C soc2@53.968C soc0@53.906C gpu@55.406C tj@55.468C soc1@55.468C VDD_IN 7447mW/12634mW VDD_CPU_GPU_CV 1579mW/4799mW VDD_SOC 2531mW/3511mW
09-28-2026 09:23:04 RAM 2869/7620MB (lfb 26x4MB) SWAP 507/12002MB (cached 0MB) CPU [2%@1728,0%@1728,2%@1728,0%@1728,0%@1728,0%@1728] GR3D_FREQ 0% cpu@54.625C soc2@53.937C soc0@53.875C gpu@55.343C tj@55.343C soc1@55.343C VDD_IN 7487mW/12554mW VDD_CPU_GPU_CV 1619mW/4750mW VDD_SOC 2570mW/3497mW
09-28-2026 09:23:05 RAM 2869/7620MB (lfb 26x4MB) SWAP 507/12002MB (cached 0MB) CPU [0%@1728,0%@1728,0%@1728,0%@1728,0%@1728,0%@1728] GR3D_FREQ 0% cpu@54.562C soc2@53.875C soc0@53.781C gpu@55.218C tj@55.437C soc1@55.437C VDD_IN 7447mW/12477mW VDD_CPU_GPU_CV 1579mW/4702mW VDD_SOC 2570mW/3483mW
09-28-2026 09:23:06 RAM 3080/7620MB (lfb 27x4MB) SWAP 507/12002MB (cached 0MB) CPU [11%@1728,14%@1728,49%@1728,22%@1728,6%@1728,8%@1728] GR3D_FREQ 99% cpu@55.718C soc2@54.75C soc0@53.906C gpu@58.156C tj@58.156C soc1@55.218C VDD_IN 17763mW/12556mW VDD_CPU_GPU_CV 8299mW/4756mW VDD_SOC 4435mW/3497mW
09-28-2026 09:23:07 RAM 3089/7620MB (lfb 27x4MB) SWAP 507/12002MB (cached 0MB) CPU [23%@1728,17%@1728,26%@1728,19%@1728,14%@1728,13%@1728] GR3D_FREQ 99% cpu@56.625C soc2@55.531C soc0@54.406C gpu@58.812C tj@58.812C soc1@55.5C VDD_IN 21059mW/12681mW VDD_CPU_GPU_CV 10441mW/4840mW VDD_SOC 5072mW/3520mW
09-28-2026 09:23:08 RAM 3090/7620MB (lfb 27x4MB) SWAP 507/12002MB (cached 0MB) CPU [15%@1728,23%@1728,12%@1728,27%@1728,13%@1728,14%@1728] GR3D_FREQ 90% cpu@56.968C soc2@55.968C soc0@54.906C gpu@58.968C tj@58.968C soc1@55.781C VDD_IN 21176mW/12804mW VDD_CPU_GPU_CV 10441mW/4921mW VDD_SOC 5111mW/3543mW
09-28-2026 09:23:09 RAM 3090/7620MB (lfb 27x4MB) SWAP 507/12002MB (cached 0MB) CPU [26%@1728,24%@1728,14%@1728,21%@1728,13%@1728,15%@1728] GR3D_FREQ 99% cpu@56.875C soc2@56.25C soc0@54.968C gpu@59.656C tj@59.656C soc1@56.031C VDD_IN 21525mW/12929mW VDD_CPU_GPU_CV 10654mW/5003mW VDD_SOC 5179mW/3567mW
09-28-2026 09:23:10 RAM 3090/7620MB (lfb 27x4MB) SWAP 507/12002MB (cached 0MB) CPU [25%@1728,26%@1728,23%@1728,17%@1728,17%@1728,15%@1728] GR3D_FREQ 99% cpu@57.156C soc2@56.562C soc0@55.218C gpu@59.968C tj@59.968C soc1@56.312C VDD_IN 21447mW/13049mW VDD_CPU_GPU_CV 10577mW/5081mW VDD_SOC 5141mW/3589mW
09-28-2026 09:23:11 RAM 3092/7620MB (lfb 27x4MB) SWAP 507/12002MB (cached 0MB) CPU [21%@1728,24%@1728,12%@1728,23%@1728,16%@1728,15%@1728] GR3D_FREQ 99% cpu@57.468C soc2@56.75C soc0@55.406C gpu@60.062C tj@59.875C soc1@56.218C VDD_IN 21408mW/13165mW VDD_CPU_GPU_CV 10577mW/5158mW VDD_SOC 5141mW/3610mW
09-28-2026 09:23:12 RAM 3092/7620MB (lfb 27x4MB) SWAP 507/12002MB (cached 0MB) CPU [21%@1728,21%@1728,15%@1728,22%@1728,17%@1728,14%@1728] GR3D_FREQ 70% cpu@57.531C soc2@56.843C soc0@55.718C gpu@59.875C tj@59.875C soc1@56.468C VDD_IN 21214mW/13275mW VDD_CPU_GPU_CV 10423mW/5230mW VDD_SOC 5111mW/3631mW
09-28-2026 09:23:13 RAM 3092/7620MB (lfb 27x4MB) SWAP 507/12002MB (cached 0MB) CPU [17%@1728,14%@1728,18%@1728,28%@1728,15%@1728,14%@1728] GR3D_FREQ 99% cpu@57.562C soc2@57.031C soc0@55.968C gpu@60.437C tj@60.437C soc1@56.5C VDD_IN 21489mW/13386mW VDD_CPU_GPU_CV 10731mW/5304mW VDD_SOC 5179mW/3652mW
09-28-2026 09:23:14 RAM 3093/7620MB (lfb 27x4MB) SWAP 507/12002MB (cached 0MB) CPU [21%@1728,14%@1728,27%@1728,34%@1728,12%@1728,12%@1728] GR3D_FREQ 99% cpu@58.031C soc2@57.218C soc0@55.906C gpu@60.437C tj@60.437C soc1@56.812C VDD_IN 21563mW/13495mW VDD_CPU_GPU_CV 10616mW/5375mW VDD_SOC 5179mW/3672mW
09-28-2026 09:23:15 RAM 3091/7620MB (lfb 27x4MB) SWAP 507/12002MB (cached 0MB) CPU [14%@1728,17%@1728,22%@1728,30%@1728,14%@1728,14%@1728] GR3D_FREQ 99% cpu@58.468C soc2@57.25C soc0@56.031C gpu@60.625C tj@60.625C soc1@56.968C VDD_IN 21369mW/13599mW VDD_CPU_GPU_CV 10577mW/5443mW VDD_SOC 5141mW/3692mW
09-28-2026 09:23:16 RAM 3091/7620MB (lfb 27x4MB) SWAP 507/12002MB (cached 0MB) CPU [22%@1728,16%@1728,21%@1728,21%@1728,16%@1728,14%@1728] GR3D_FREQ 43% cpu@58.343C soc2@57.468C soc0@56.187C gpu@60.593C tj@60.593C soc1@57.343C VDD_IN 21292mW/13698mW VDD_CPU_GPU_CV 10500mW/5509mW VDD_SOC 5141mW/3710mW
09-28-2026 09:23:17 RAM 3091/7620MB (lfb 27x4MB) SWAP 507/12002MB (cached 0MB) CPU [22%@1728,19%@1728,23%@1728,23%@1728,11%@1728,11%@1728] GR3D_FREQ 36% cpu@58.406C soc2@57.687C soc0@56.562C gpu@60.656C tj@60.656C soc1@57.25C VDD_IN 21214mW/13795mW VDD_CPU_GPU_CV 10385mW/5572mW VDD_SOC 5149mW/3729mW
09-28-2026 09:23:18 RAM 3090/7620MB (lfb 27x4MB) SWAP 507/12002MB (cached 0MB) CPU [16%@1728,20%@1728,22%@1728,24%@1728,13%@1728,12%@1728] GR3D_FREQ 99% cpu@58.5C soc2@57.906C soc0@56.781C gpu@61.156C tj@61.156C soc1@57.468C VDD_IN 21605mW/13894mW VDD_CPU_GPU_CV 10692mW/5636mW VDD_SOC 5179mW/3747mW
09-28-2026 09:23:19 RAM 3095/7620MB (lfb 27x4MB) SWAP 507/12002MB (cached 0MB) CPU [16%@1728,22%@1728,23%@1728,29%@1728,15%@1728,17%@1728] GR3D_FREQ 99% cpu@58.656C soc2@57.937C soc0@56.656C gpu@61.125C tj@61.125C soc1@57.468C VDD_IN 21489mW/13989mW VDD_CPU_GPU_CV 10577mW/5698mW VDD_SOC 5141mW/3765mW
09-28-2026 09:23:20 RAM 3095/7620MB (lfb 27x4MB) SWAP 507/12002MB (cached 0MB) CPU [14%@1728,19%@1728,34%@1728,14%@1728,13%@1728,16%@1728] GR3D_FREQ 99% cpu@59.5C soc2@58.093C soc0@56.843C gpu@61.281C tj@61.437C soc1@57.687C VDD_IN 21412mW/14080mW VDD_CPU_GPU_CV 10616mW/5759mW VDD_SOC 5141mW/3782mW
09-28-2026 09:23:21 RAM 3095/7620MB (lfb 27x4MB) SWAP 507/12002MB (cached 0MB) CPU [17%@1728,21%@1728,23%@1728,21%@1728,13%@1728,12%@1728] GR3D_FREQ 74% cpu@59.187C soc2@58.25C soc0@57.031C gpu@61.437C tj@61.437C soc1@57.625C VDD_IN 21334mW/14169mW VDD_CPU_GPU_CV 10539mW/5817mW VDD_SOC 5141mW/3798mW
09-28-2026 09:23:22 RAM 3094/7620MB (lfb 27x4MB) SWAP 507/12002MB (cached 0MB) CPU [24%@1728,13%@1728,16%@1728,25%@1728,15%@1728,13%@1728] GR3D_FREQ 99% cpu@58.875C soc2@58.375C soc0@57.312C gpu@61.937C tj@61.937C soc1@57.718C VDD_IN 21605mW/14258mW VDD_CPU_GPU_CV 10808mW/5877mW VDD_SOC 5179mW/3815mW
09-28-2026 09:23:23 RAM 3093/7620MB (lfb 27x4MB) SWAP 507/12002MB (cached 0MB) CPU [29%@1728,21%@1728,15%@1728,20%@1728,17%@1728,17%@1728] GR3D_FREQ 99% cpu@59.218C soc2@58.562C soc0@57.375C gpu@62.062C tj@62.062C soc1@58.062C VDD_IN 21528mW/14345mW VDD_CPU_GPU_CV 10692mW/5935mW VDD_SOC 5179mW/3831mW
09-28-2026 09:23:24 RAM 3093/7620MB (lfb 27x4MB) SWAP 507/12002MB (cached 0MB) CPU [27%@1728,26%@1728,17%@1728,22%@1728,11%@1728,15%@1728] GR3D_FREQ 99% cpu@59.375C soc2@58.593C soc0@57.281C gpu@62.125C tj@62.125C soc1@58.125C VDD_IN 21412mW/14428mW VDD_CPU_GPU_CV 10577mW/5989mW VDD_SOC 5141mW/3846mW
09-28-2026 09:23:25 RAM 3097/7620MB (lfb 27x4MB) SWAP 507/12002MB (cached 0MB) CPU [23%@1728,21%@1728,15%@1728,22%@1728,13%@1728,16%@1728] GR3D_FREQ 99% cpu@59.812C soc2@58.687C soc0@57.562C gpu@62.062C tj@62.062C soc1@58.343C VDD_IN 21369mW/14509mW VDD_CPU_GPU_CV 10539mW/6042mW VDD_SOC 5141mW/3862mW
09-28-2026 09:23:26 RAM 3098/7620MB (lfb 27x4MB) SWAP 507/12002MB (cached 0MB) CPU [21%@1728,24%@1728,21%@1728,13%@1728,9%@1728,14%@1728] GR3D_FREQ 99% cpu@59.281C soc2@58.906C soc0@57.562C gpu@62.437C tj@62.437C soc1@58.375C VDD_IN 21567mW/14590mW VDD_CPU_GPU_CV 10654mW/6095mW VDD_SOC 5218mW/3877mW
09-28-2026 09:23:27 RAM 3098/7620MB (lfb 27x4MB) SWAP 507/12002MB (cached 0MB) CPU [23%@1728,17%@1728,22%@1728,24%@1728,13%@1728,14%@1728] GR3D_FREQ 99% cpu@59.468C soc2@58.968C soc0@57.781C gpu@62.593C tj@62.593C soc1@58.406C VDD_IN 21567mW/14669mW VDD_CPU_GPU_CV 10616mW/6147mW VDD_SOC 5179mW/3892mW
09-28-2026 09:23:28 RAM 3097/7620MB (lfb 27x4MB) SWAP 507/12002MB (cached 0MB) CPU [20%@1728,21%@1728,17%@1728,28%@1728,16%@1728,14%@1728] GR3D_FREQ 99% cpu@60.187C soc2@59.156C soc0@57.968C gpu@62.281C tj@62.281C soc1@58.437C VDD_IN 21489mW/14746mW VDD_CPU_GPU_CV 10616mW/6197mW VDD_SOC 5179mW/3906mW
09-28-2026 09:23:29 RAM 3097/7620MB (lfb 27x4MB) SWAP 507/12002MB (cached 0MB) CPU [15%@1728,26%@1728,22%@1728,18%@1728,11%@1728,19%@1728] GR3D_FREQ 99% cpu@59.968C soc2@59.156C soc0@58C gpu@62.312C tj@62.312C soc1@58.562C VDD_IN 21373mW/14819mW VDD_CPU_GPU_CV 10539mW/6245mW VDD_SOC 5141mW/3920mW
09-28-2026 09:23:30 RAM 3097/7620MB (lfb 27x4MB) SWAP 507/12002MB (cached 0MB) CPU [14%@1728,25%@1728,15%@1728,24%@1728,11%@1728,12%@1728] GR3D_FREQ 99% cpu@60.031C soc2@59.187C soc0@57.937C gpu@62.5C tj@62.5C soc1@58.812C VDD_IN 21605mW/14894mW VDD_CPU_GPU_CV 10692mW/6294mW VDD_SOC 5218mW/3934mW
09-28-2026 09:23:31 RAM 3097/7620MB (lfb 27x4MB) SWAP 507/12002MB (cached 0MB) CPU [21%@1728,26%@1728,22%@1728,17%@1728,15%@1728,14%@1728] GR3D_FREQ 99% cpu@59.937C soc2@59.406C soc0@58.25C gpu@62.75C tj@62.75C soc1@58.937C VDD_IN 21528mW/14966mW VDD_CPU_GPU_CV 10654mW/6341mW VDD_SOC 5179mW/3948mW
09-28-2026 09:23:32 RAM 3095/7620MB (lfb 27x4MB) SWAP 507/12002MB (cached 0MB) CPU [20%@1728,19%@1728,25%@1728,21%@1728,10%@1728,14%@1728] GR3D_FREQ 99% cpu@60.687C soc2@59.531C soc0@58.343C gpu@62.718C tj@62.718C soc1@58.937C VDD_IN 21412mW/15035mW VDD_CPU_GPU_CV 10616mW/6387mW VDD_SOC 5179mW/3961mW
09-28-2026 09:23:33 RAM 3095/7620MB (lfb 27x4MB) SWAP 507/12002MB (cached 0MB) CPU [21%@1728,14%@1728,22%@1728,26%@1728,15%@1728,14%@1728] GR3D_FREQ 99% cpu@60.75C soc2@59.593C soc0@58.562C gpu@62.718C tj@62.718C soc1@59.125C VDD_IN 21450mW/15104mW VDD_CPU_GPU_CV 10616mW/6432mW VDD_SOC 5179mW/3974mW
09-28-2026 09:23:34 RAM 3095/7620MB (lfb 27x4MB) SWAP 507/12002MB (cached 0MB) CPU [20%@1728,25%@1728,17%@1728,20%@1728,14%@1728,12%@1728] GR3D_FREQ 99% cpu@60.25C soc2@59.625C soc0@58.5C gpu@62.843C tj@62.843C soc1@59.281C VDD_IN 21567mW/15172mW VDD_CPU_GPU_CV 10654mW/6477mW VDD_SOC 5179mW/3987mW
09-28-2026 09:23:35 RAM 3095/7620MB (lfb 27x4MB) SWAP 507/12002MB (cached 0MB) CPU [21%@1728,20%@1728,26%@1728,12%@1728,14%@1728,17%@1728] GR3D_FREQ 99% cpu@60.656C soc2@59.781C soc0@58.562C gpu@62.937C tj@62.937C soc1@59.312C VDD_IN 21528mW/15238mW VDD_CPU_GPU_CV 10654mW/6520mW VDD_SOC 5179mW/3999mW
09-28-2026 09:23:36 RAM 2868/7620MB (lfb 27x4MB) SWAP 507/12002MB (cached 0MB) CPU [33%@1728,16%@1728,12%@1728,13%@1728,9%@1728,24%@1728] GR3D_FREQ 0% cpu@60C soc2@59.468C soc0@58.718C gpu@61.031C tj@61.031C soc1@59.406C VDD_IN 16279mW/15249mW VDD_CPU_GPU_CV 7186mW/6527mW VDD_SOC 4170mW/4001mW
09-28-2026 09:23:37 RAM 2868/7620MB (lfb 27x4MB) SWAP 507/12002MB (cached 0MB) CPU [0%@1728,1%@1728,1%@1728,0%@1728,0%@1728,0%@1728] GR3D_FREQ 0% cpu@59C soc2@58.531C soc0@58.218C gpu@59.937C tj@59.937C soc1@59.406C VDD_IN 8266mW/15177mW VDD_CPU_GPU_CV 2128mW/6482mW VDD_SOC 2685mW/3987mW
09-28-2026 09:23:38 RAM 2868/7620MB (lfb 27x4MB) SWAP 507/12002MB (cached 0MB) CPU [0%@1728,0%@1728,0%@1728,0%@1728,0%@1728,0%@1728] GR3D_FREQ 0% cpu@58.5C soc2@58.156C soc0@57.875C gpu@59.375C tj@59.375C soc1@58.937C VDD_IN 7554mW/15100mW VDD_CPU_GPU_CV 1658mW/6433mW VDD_SOC 2531mW/3973mW
09-28-2026 09:23:39 RAM 2868/7620MB (lfb 27x4MB) SWAP 507/12002MB (cached 0MB) CPU [0%@1728,2%@1728,1%@1728,1%@1728,0%@1728,0%@1728] GR3D_FREQ 0% cpu@58.406C soc2@57.781C soc0@57.906C gpu@59.031C tj@59.031C soc1@58.75C VDD_IN 7514mW/15025mW VDD_CPU_GPU_CV 1658mW/6386mW VDD_SOC 2531mW/3958mW
09-28-2026 09:23:40 RAM 2868/7620MB (lfb 27x4MB) SWAP 507/12002MB (cached 0MB) CPU [0%@1728,0%@1728,0%@1728,0%@1728,0%@1728,0%@1728] GR3D_FREQ 0% cpu@58.312C soc2@57.625C soc0@57.406C gpu@58.875C tj@58.875C soc1@58.562C VDD_IN 7487mW/14950mW VDD_CPU_GPU_CV 1619mW/6338mW VDD_SOC 2531mW/3944mW
09-28-2026 09:23:41 RAM 2868/7620MB (lfb 27x4MB) SWAP 507/12002MB (cached 0MB) CPU [0%@1728,0%@1728,0%@1728,0%@1728,1%@1728,0%@1728] GR3D_FREQ 0% cpu@57.843C soc2@57.5C soc0@57.281C gpu@58.625C tj@58.625C soc1@58.468C VDD_IN 7487mW/14877mW VDD_CPU_GPU_CV 1619mW/6292mW VDD_SOC 2531mW/3930mW
09-28-2026 09:23:42 RAM 2868/7620MB (lfb 27x4MB) SWAP 507/12002MB (cached 0MB) CPU [0%@1728,0%@1728,0%@1728,0%@1728,0%@1728,0%@1728] GR3D_FREQ 0% cpu@58.156C soc2@57.218C soc0@57.156C gpu@58.531C tj@58.531C soc1@58.437C VDD_IN 7487mW/14805mW VDD_CPU_GPU_CV 1619mW/6247mW VDD_SOC 2531mW/3917mW
09-28-2026 09:23:43 RAM 2868/7620MB (lfb 27x4MB) SWAP 507/12002MB (cached 0MB) CPU [0%@1728,0%@1728,0%@1728,0%@1728,0%@1728,0%@1728] GR3D_FREQ 0% cpu@57.531C soc2@57.031C soc0@56.968C gpu@58.406C tj@58.437C soc1@58.437C VDD_IN 7447mW/14734mW VDD_CPU_GPU_CV 1619mW/6202mW VDD_SOC 2491mW/3903mW
09-28-2026 09:23:44 RAM 2868/7620MB (lfb 27x4MB) SWAP 507/12002MB (cached 0MB) CPU [2%@1728,2%@1728,0%@1728,0%@1728,0%@1728,0%@1728] GR3D_FREQ 0% cpu@57.312C soc2@56.968C soc0@56.906C gpu@58.187C tj@58.187C soc1@58.156C VDD_IN 7487mW/14665mW VDD_CPU_GPU_CV 1619mW/6159mW VDD_SOC 2491mW/3890mW
09-28-2026 09:23:45 RAM 2868/7620MB (lfb 27x4MB) SWAP 507/12002MB (cached 0MB) CPU [0%@1728,0%@1728,0%@1728,0%@1728,0%@1728,0%@1728] GR3D_FREQ 0% cpu@57.25C soc2@56.812C soc0@56.875C gpu@58.031C tj@58.031C soc1@57.968C VDD_IN 7447mW/14597mW VDD_CPU_GPU_CV 1619mW/6116mW VDD_SOC 2531mW/3877mW
09-28-2026 09:23:46 RAM 2868/7620MB (lfb 27x4MB) SWAP 507/12002MB (cached 0MB) CPU [1%@1728,0%@1728,0%@1728,0%@1728,0%@1728,0%@1728] GR3D_FREQ 0% cpu@57.218C soc2@56.75C soc0@56.5C gpu@58.031C tj@58.031C soc1@57.843C VDD_IN 7447mW/14530mW VDD_CPU_GPU_CV 1619mW/6074mW VDD_SOC 2491mW/3864mW
09-28-2026 09:23:47 RAM 2868/7620MB (lfb 27x4MB) SWAP 507/12002MB (cached 0MB) CPU [0%@1728,0%@1728,0%@1728,0%@1728,0%@1728,0%@1728] GR3D_FREQ 0% cpu@57.5C soc2@56.437C soc0@56.281C gpu@57.812C tj@57.812C soc1@57.781C VDD_IN 7447mW/14465mW VDD_CPU_GPU_CV 1619mW/6033mW VDD_SOC 2491mW/3851mW
09-28-2026 09:23:48 RAM 2868/7620MB (lfb 27x4MB) SWAP 507/12002MB (cached 0MB) CPU [0%@1728,0%@1728,0%@1728,0%@1728,0%@1728,0%@1728] GR3D_FREQ 0% cpu@57.218C soc2@56.343C soc0@56.218C gpu@57.718C tj@57.718C soc1@57.718C VDD_IN 7447mW/14400mW VDD_CPU_GPU_CV 1619mW/5992mW VDD_SOC 2491mW/3839mW
09-28-2026 09:23:49 RAM 2869/7620MB (lfb 27x4MB) SWAP 507/12002MB (cached 0MB) CPU [0%@1728,2%@1728,0%@1728,2%@1728,0%@1728,0%@1728] GR3D_FREQ 0% cpu@56.906C soc2@56.281C soc0@56.125C gpu@57.625C tj@57.625C soc1@57.625C VDD_IN 7487mW/14337mW VDD_CPU_GPU_CV 1619mW/5952mW VDD_SOC 2491mW/3826mW
09-28-2026 09:23:50 RAM 2869/7620MB (lfb 27x4MB) SWAP 507/12002MB (cached 0MB) CPU [0%@1728,0%@1728,0%@1728,0%@1728,0%@1728,0%@1728] GR3D_FREQ 0% cpu@56.656C soc2@56.156C soc0@56.093C gpu@57.468C tj@57.468C soc1@57.343C VDD_IN 7447mW/14275mW VDD_CPU_GPU_CV 1619mW/5913mW VDD_SOC 2491mW/3814mW
09-28-2026 09:23:51 RAM 2905/7620MB (lfb 27x4MB) SWAP 507/12002MB (cached 0MB) CPU [8%@1728,2%@1728,1%@1728,0%@1728,0%@1728,0%@1728] GR3D_FREQ 0% cpu@56.781C soc2@56.281C soc0@55.968C gpu@57.312C tj@57.406C soc1@57.406C VDD_IN 7712mW/14217mW VDD_CPU_GPU_CV 1776mW/5876mW VDD_SOC 2531mW/3803mW
09-28-2026 09:23:52 RAM 3080/7620MB (lfb 27x4MB) SWAP 507/12002MB (cached 0MB) CPU [18%@1728,45%@1728,11%@1728,17%@1728,9%@1728,12%@1728] GR3D_FREQ 99% cpu@57.75C soc2@57.031C soc0@56.343C gpu@59.937C tj@59.937C soc1@57.437C VDD_IN 19378mW/14262mW VDD_CPU_GPU_CV 9238mW/5906mW VDD_SOC 4739mW/3811mW
09-28-2026 09:23:53 RAM 3085/7620MB (lfb 27x4MB) SWAP 507/12002MB (cached 0MB) CPU [23%@1728,19%@1728,19%@1728,20%@1728,18%@1728,14%@1728] GR3D_FREQ 99% cpu@58.312C soc2@57.625C soc0@56.468C gpu@60.937C tj@60.937C soc1@57.5C VDD_IN 21331mW/14324mW VDD_CPU_GPU_CV 10500mW/5946mW VDD_SOC 5141mW/3823mW
09-28-2026 09:23:54 RAM 3092/7620MB (lfb 27x4MB) SWAP 507/12002MB (cached 0MB) CPU [16%@1728,22%@1728,29%@1728,22%@1728,16%@1728,14%@1728] GR3D_FREQ 99% cpu@58.843C soc2@57.937C soc0@56.781C gpu@61.281C tj@61.281C soc1@57.781C VDD_IN 21447mW/14386mW VDD_CPU_GPU_CV 10616mW/5987mW VDD_SOC 5141mW/3834mW
09-28-2026 09:23:55 RAM 3096/7620MB (lfb 27x4MB) SWAP 507/12002MB (cached 0MB) CPU [22%@1728,25%@1728,23%@1728,13%@1728,14%@1728,11%@1728] GR3D_FREQ 99% cpu@59.375C soc2@58.187C soc0@56.968C gpu@61.468C tj@61.468C soc1@57.968C VDD_IN 21408mW/14447mW VDD_CPU_GPU_CV 10577mW/6027mW VDD_SOC 5141mW/3846mW
09-28-2026 09:23:56 RAM 3096/7620MB (lfb 27x4MB) SWAP 507/12002MB (cached 0MB) CPU [11%@1728,17%@1728,28%@1728,17%@1728,12%@1728,16%@1728] GR3D_FREQ 86% cpu@59.437C soc2@58.437C soc0@57.281C gpu@61.375C tj@61.375C soc1@57.968C VDD_IN 21331mW/14506mW VDD_CPU_GPU_CV 10500mW/6065mW VDD_SOC 5179mW/3857mW
09-28-2026 09:23:57 RAM 3095/7620MB (lfb 27x4MB) SWAP 507/12002MB (cached 0MB) CPU [19%@1728,23%@1728,21%@1728,20%@1728,14%@1728,12%@1728] GR3D_FREQ 99% cpu@59.156C soc2@58.562C soc0@57.437C gpu@61.968C tj@61.968C soc1@58.062C VDD_IN 21567mW/14566mW VDD_CPU_GPU_CV 10692mW/6104mW VDD_SOC 5179mW/3868mW
09-28-2026 09:23:58 RAM 3097/7620MB (lfb 27x4MB) SWAP 507/12002MB (cached 0MB) CPU [25%@1728,24%@1728,19%@1728,19%@1728,13%@1728,14%@1728] GR3D_FREQ 99% cpu@59.875C soc2@58.687C soc0@57.437C gpu@61.968C tj@61.968C soc1@58.281C VDD_IN 21450mW/14623mW VDD_CPU_GPU_CV 10654mW/6142mW VDD_SOC 5179mW/3879mW
09-28-2026 09:23:59 RAM 3096/7620MB (lfb 27x4MB) SWAP 507/12002MB (cached 0MB) CPU [18%@1728,19%@1728,27%@1728,25%@1728,13%@1728,15%@1728] GR3D_FREQ 99% cpu@59.687C soc2@58.781C soc0@57.562C gpu@61.875C tj@61.875C soc1@58.437C VDD_IN 21412mW/14680mW VDD_CPU_GPU_CV 10577mW/6179mW VDD_SOC 5141mW/3890mW
09-28-2026 09:24:00 RAM 3096/7620MB (lfb 27x4MB) SWAP 507/12002MB (cached 0MB) CPU [10%@1728,23%@1728,18%@1728,18%@1728,13%@1728,16%@1728] GR3D_FREQ 93% cpu@59.718C soc2@59C soc0@57.781C gpu@61.718C tj@61.718C soc1@58.468C VDD_IN 21450mW/14736mW VDD_CPU_GPU_CV 10577mW/6216mW VDD_SOC 5179mW/3900mW
09-28-2026 09:24:01 RAM 3100/7620MB (lfb 27x4MB) SWAP 507/12002MB (cached 0MB) CPU [19%@1728,19%@1728,21%@1728,21%@1728,15%@1728,14%@1728] GR3D_FREQ 99% cpu@59.593C soc2@59.156C soc0@57.937C gpu@62.375C tj@62.375C soc1@58.5C VDD_IN 21567mW/14792mW VDD_CPU_GPU_CV 10598mW/6251mW VDD_SOC 5179mW/3911mW
09-28-2026 09:24:02 RAM 3098/7620MB (lfb 27x4MB) SWAP 507/12002MB (cached 0MB) CPU [17%@1728,18%@1728,23%@1728,26%@1728,16%@1728,16%@1728] GR3D_FREQ 99% cpu@60.156C soc2@59.187C soc0@58.093C gpu@62.312C tj@62.312C soc1@58.593C VDD_IN 21528mW/14847mW VDD_CPU_GPU_CV 10654mW/6287mW VDD_SOC 5179mW/3921mW
09-28-2026 09:24:03 RAM 3096/7620MB (lfb 27x4MB) SWAP 507/12002MB (cached 0MB) CPU [18%@1728,23%@1728,17%@1728,26%@1728,14%@1728,13%@1728] GR3D_FREQ 99% cpu@60.562C soc2@59.218C soc0@58.031C gpu@62.375C tj@62.375C soc1@58.875C VDD_IN 21412mW/14900mW VDD_CPU_GPU_CV 10577mW/6322mW VDD_SOC 5179mW/3931mW
09-28-2026 09:24:04 RAM 3094/7620MB (lfb 27x4MB) SWAP 507/12002MB (cached 0MB) CPU [22%@1728,23%@1728,21%@1728,21%@1728,13%@1728,14%@1728] GR3D_FREQ 94% cpu@60.25C soc2@59.375C soc0@58.156C gpu@62.343C tj@62.343C soc1@59.031C VDD_IN 21489mW/14952mW VDD_CPU_GPU_CV 10577mW/6356mW VDD_SOC 5179mW/3941mW
09-28-2026 09:24:05 RAM 3094/7620MB (lfb 27x4MB) SWAP 507/12002MB (cached 0MB) CPU [19%@1728,19%@1728,24%@1728,23%@1728,13%@1728,15%@1728] GR3D_FREQ 99% cpu@59.968C soc2@59.468C soc0@58.437C gpu@62.75C tj@62.75C soc1@59.187C VDD_IN 21567mW/15005mW VDD_CPU_GPU_CV 10636mW/6390mW VDD_SOC 5179mW/3951mW
09-28-2026 09:24:06 RAM 3095/7620MB (lfb 27x4MB) SWAP 507/12002MB (cached 0MB) CPU [17%@1728,20%@1728,26%@1728,24%@1728,12%@1728,13%@1728] GR3D_FREQ 99% cpu@60.562C soc2@59.656C soc0@58.5C gpu@62.75C tj@62.75C soc1@59.062C VDD_IN 21528mW/15056mW VDD_CPU_GPU_CV 10616mW/6423mW VDD_SOC 5179mW/3961mW
09-28-2026 09:24:07 RAM 3098/7620MB (lfb 27x4MB) SWAP 507/12002MB (cached 0MB) CPU [19%@1728,19%@1728,20%@1728,21%@1728,13%@1728,15%@1728] GR3D_FREQ 99% cpu@60.531C soc2@59.781C soc0@58.656C gpu@63.062C tj@63.062C soc1@59.25C VDD_IN 21450mW/15106mW VDD_CPU_GPU_CV 10616mW/6456mW VDD_SOC 5179mW/3970mW
09-28-2026 09:24:08 RAM 3096/7620MB (lfb 27x4MB) SWAP 507/12002MB (cached 0MB) CPU [22%@1728,17%@1728,19%@1728,16%@1728,12%@1728,13%@1728] GR3D_FREQ 99% cpu@60.531C soc2@59.75C soc0@58.625C gpu@63C tj@63C soc1@59.375C VDD_IN 21450mW/15155mW VDD_CPU_GPU_CV 10539mW/6488mW VDD_SOC 5179mW/3980mW
09-28-2026 09:24:09 RAM 3097/7620MB (lfb 27x4MB) SWAP 507/12002MB (cached 0MB) CPU [23%@1728,15%@1728,25%@1728,21%@1728,16%@1728,15%@1728] GR3D_FREQ 99% cpu@60.562C soc2@59.875C soc0@58.625C gpu@63.5C tj@63.5C soc1@59.468C VDD_IN 21605mW/15205mW VDD_CPU_GPU_CV 10713mW/6520mW VDD_SOC 5218mW/3989mW
09-28-2026 09:24:10 RAM 3097/7620MB (lfb 27x4MB) SWAP 507/12002MB (cached 0MB) CPU [22%@1728,19%@1728,21%@1728,22%@1728,13%@1728,14%@1728] GR3D_FREQ 99% cpu@60.937C soc2@60.062C soc0@58.718C gpu@63.468C tj@63.468C soc1@59.562C VDD_IN 21489mW/15253mW VDD_CPU_GPU_CV 10636mW/6551mW VDD_SOC 5179mW/3998mW
09-28-2026 09:24:11 RAM 3097/7620MB (lfb 27x4MB) SWAP 507/12002MB (cached 0MB) CPU [19%@1728,17%@1728,25%@1728,24%@1728,13%@1728,11%@1728] GR3D_FREQ 64% cpu@60.906C soc2@60.156C soc0@58.937C gpu@63.468C tj@63.468C soc1@59.718C VDD_IN 21373mW/15299mW VDD_CPU_GPU_CV 10577mW/6582mW VDD_SOC 5141mW/4007mW
09-28-2026 09:24:12 RAM 3097/7620MB (lfb 27x4MB) SWAP 507/12002MB (cached 0MB) CPU [23%@1728,25%@1728,20%@1728,14%@1728,12%@1728,11%@1728] GR3D_FREQ 99% cpu@60.656C soc2@60.218C soc0@59.062C gpu@63.375C tj@63.375C soc1@59.593C VDD_IN 21644mW/15347mW VDD_CPU_GPU_CV 10675mW/6613mW VDD_SOC 5218mW/4016mW
09-28-2026 09:24:13 RAM 3097/7620MB (lfb 27x4MB) SWAP 507/12002MB (cached 0MB) CPU [17%@1728,19%@1728,25%@1728,27%@1728,16%@1728,12%@1728] GR3D_FREQ 99% cpu@61.062C soc2@60.343C soc0@58.906C gpu@63.343C tj@63.343C soc1@59.687C VDD_IN 21528mW/15393mW VDD_CPU_GPU_CV 10598mW/6642mW VDD_SOC 5179mW/4025mW
09-28-2026 09:24:15 RAM 3097/7620MB (lfb 27x4MB) SWAP 507/12002MB (cached 0MB) CPU [26%@1728,20%@1728,25%@1728,22%@1728,14%@1728,13%@1728] GR3D_FREQ 99% cpu@61.25C soc2@60.375C soc0@59.156C gpu@63.375C tj@63.375C soc1@59.906C VDD_IN 21489mW/15438mW VDD_CPU_GPU_CV 10560mW/6671mW VDD_SOC 5179mW/4033mW
09-28-2026 09:24:16 RAM 3097/7620MB (lfb 27x4MB) SWAP 507/12002MB (cached 0MB) CPU [19%@1728,17%@1728,20%@1728,25%@1728,12%@1728,12%@1728] GR3D_FREQ 36% cpu@61.437C soc2@60.437C soc0@59.281C gpu@63.531C tj@63.531C soc1@60C VDD_IN 21334mW/15482mW VDD_CPU_GPU_CV 10500mW/6700mW VDD_SOC 5179mW/4042mW
09-28-2026 09:24:17 RAM 3099/7620MB (lfb 27x4MB) SWAP 507/12002MB (cached 0MB) CPU [14%@1728,21%@1728,22%@1728,29%@1728,9%@1728,11%@1728] GR3D_FREQ 99% cpu@61.031C soc2@60.531C soc0@59.406C gpu@63.812C tj@63.812C soc1@60.125C VDD_IN 21683mW/15527mW VDD_CPU_GPU_CV 10713mW/6729mW VDD_SOC 5218mW/4050mW
09-28-2026 09:24:18 RAM 3097/7620MB (lfb 27x4MB) SWAP 507/12002MB (cached 0MB) CPU [24%@1728,16%@1728,26%@1728,17%@1728,14%@1728,13%@1728] GR3D_FREQ 99% cpu@61.187C soc2@60.687C soc0@59.5C gpu@63.875C tj@63.875C soc1@60.062C VDD_IN 21528mW/15570mW VDD_CPU_GPU_CV 10560mW/6757mW VDD_SOC 5179mW/4058mW
09-28-2026 09:24:19 RAM 3097/7620MB (lfb 27x4MB) SWAP 507/12002MB (cached 0MB) CPU [18%@1728,17%@1728,25%@1728,28%@1728,12%@1728,12%@1728] GR3D_FREQ 99% cpu@61.968C soc2@60.656C soc0@59.468C gpu@63.812C tj@63.812C soc1@60.156C VDD_IN 21450mW/15613mW VDD_CPU_GPU_CV 10560mW/6784mW VDD_SOC 5179mW/4067mW
09-28-2026 09:24:20 RAM 3098/7620MB (lfb 27x4MB) SWAP 507/12002MB (cached 0MB) CPU [22%@1728,15%@1728,26%@1728,21%@1728,10%@1728,11%@1728] GR3D_FREQ 78% cpu@61.531C soc2@60.75C soc0@59.531C gpu@63.781C tj@63.781C soc1@60.281C VDD_IN 21334mW/15654mW VDD_CPU_GPU_CV 10462mW/6810mW VDD_SOC 5141mW/4074mW
09-28-2026 09:24:21 RAM 3097/7620MB (lfb 27x4MB) SWAP 507/12002MB (cached 0MB) CPU [20%@1728,25%@1728,16%@1728,21%@1728,14%@1728,13%@1728] GR3D_FREQ 99% cpu@61.593C soc2@60.843C soc0@59.593C gpu@64.218C tj@64.218C soc1@60.312C VDD_IN 21683mW/15696mW VDD_CPU_GPU_CV 10752mW/6838mW VDD_SOC 5218mW/4082mW
09-28-2026 09:24:22 RAM 3095/7620MB (lfb 27x4MB) SWAP 507/12002MB (cached 0MB) CPU [18%@1728,19%@1728,17%@1728,27%@1728,12%@1728,16%@1728] GR3D_FREQ 99% cpu@61.5C soc2@61C soc0@59.718C gpu@64.187C tj@64.187C soc1@60.437C VDD_IN 21528mW/15737mW VDD_CPU_GPU_CV 10636mW/6865mW VDD_SOC 5179mW/4090mW
09-28-2026 09:24:23 RAM 2868/7620MB (lfb 27x4MB) SWAP 507/12002MB (cached 0MB) CPU [21%@1728,14%@1728,17%@1728,15%@1728,9%@1728,19%@1728] GR3D_FREQ 0% cpu@60.812C soc2@60.468C soc0@59.687C gpu@62.125C tj@62.125C soc1@60.375C VDD_IN 14022mW/15725mW VDD_CPU_GPU_CV 5729mW/6857mW VDD_SOC 3753mW/4088mW
09-28-2026 09:24:24 RAM 2868/7620MB (lfb 27x4MB) SWAP 507/12002MB (cached 0MB) CPU [0%@1728,0%@1728,0%@1728,0%@1728,0%@1728,0%@1728] GR3D_FREQ 0% cpu@60.156C soc2@59.656C soc0@59.312C gpu@61.156C tj@61.156C soc1@60.187C VDD_IN 8068mW/15672mW VDD_CPU_GPU_CV 2010mW/6823mW VDD_SOC 2645mW/4078mW
09-28-2026 09:24:25 RAM 2868/7620MB (lfb 27x4MB) SWAP 507/12002MB (cached 0MB) CPU [2%@1728,2%@1728,0%@1728,0%@1728,0%@1728,0%@1728] GR3D_FREQ 0% cpu@59.687C soc2@59.062C soc0@58.937C gpu@60.625C tj@60.625C soc1@60C VDD_IN 7554mW/15616mW VDD_CPU_GPU_CV 1697mW/6788mW VDD_SOC 2531mW/4067mW
09-28-2026 09:24:26 RAM 2868/7620MB (lfb 27x4MB) SWAP 507/12002MB (cached 0MB) CPU [0%@1728,0%@1728,0%@1728,1%@1728,0%@1728,0%@1728] GR3D_FREQ 0% cpu@59.531C soc2@58.781C soc0@58.593C gpu@60.437C tj@60.437C soc1@59.75C VDD_IN 7475mW/15560mW VDD_CPU_GPU_CV 1619mW/6753mW VDD_SOC 2531mW/4056mW
09-28-2026 09:24:27 RAM 2868/7620MB (lfb 27x4MB) SWAP 507/12002MB (cached 0MB) CPU [0%@1728,0%@1728,0%@1728,0%@1728,0%@1728,0%@1728] GR3D_FREQ 0% cpu@58.968C soc2@58.562C soc0@58.437C gpu@60.25C tj@60.25C soc1@59.625C VDD_IN 7475mW/15505mW VDD_CPU_GPU_CV 1619mW/6718mW VDD_SOC 2531mW/4046mW
09-28-2026 09:24:28 RAM 2868/7620MB (lfb 27x4MB) SWAP 507/12002MB (cached 0MB) CPU [0%@1728,0%@1728,0%@1728,0%@1728,0%@1728,0%@1728] GR3D_FREQ 0% cpu@58.937C soc2@58.312C soc0@58.375C gpu@59.968C tj@59.968C soc1@59.468C VDD_IN 7475mW/15451mW VDD_CPU_GPU_CV 1619mW/6683mW VDD_SOC 2531mW/4036mW
09-28-2026 09:24:29 RAM 2868/7620MB (lfb 27x4MB) SWAP 507/12002MB (cached 0MB) CPU [0%@1728,0%@1728,0%@1728,0%@1728,0%@1728,0%@1728] GR3D_FREQ 0% cpu@58.468C soc2@58.218C soc0@58.125C gpu@59.781C tj@59.781C soc1@59.218C VDD_IN 7475mW/15398mW VDD_CPU_GPU_CV 1619mW/6649mW VDD_SOC 2531mW/4026mW
09-28-2026 09:24:30 RAM 2868/7620MB (lfb 27x4MB) SWAP 507/12002MB (cached 0MB) CPU [4%@1728,0%@1728,0%@1728,0%@1728,0%@1728,0%@1728] GR3D_FREQ 0% cpu@58.5C soc2@58.093C soc0@57.968C gpu@59.593C tj@59.593C soc1@59.062C VDD_IN 7514mW/15345mW VDD_CPU_GPU_CV 1619mW/6616mW VDD_SOC 2531mW/4016mW
09-28-2026 09:24:31 RAM 2868/7620MB (lfb 27x4MB) SWAP 507/12002MB (cached 0MB) CPU [0%@1728,0%@1728,0%@1728,0%@1728,0%@1728,0%@1728] GR3D_FREQ 0% cpu@58.312C soc2@57.906C soc0@57.75C gpu@59.5C tj@59.5C soc1@59C VDD_IN 7487mW/15293mW VDD_CPU_GPU_CV 1619mW/6583mW VDD_SOC 2531mW/4006mW
09-28-2026 09:24:32 RAM 2868/7620MB (lfb 27x4MB) SWAP 507/12002MB (cached 0MB) CPU [0%@1728,0%@1728,0%@1728,0%@1728,0%@1728,0%@1728] GR3D_FREQ 0% cpu@58.156C soc2@57.718C soc0@57.468C gpu@59.406C tj@59.406C soc1@58.781C VDD_IN 7487mW/15242mW VDD_CPU_GPU_CV 1619mW/6550mW VDD_SOC 2531mW/3996mW
09-28-2026 09:24:33 RAM 2868/7620MB (lfb 27x4MB) SWAP 507/12002MB (cached 0MB) CPU [0%@1728,0%@1728,1%@1728,0%@1728,0%@1728,0%@1728] GR3D_FREQ 0% cpu@58.406C soc2@57.5C soc0@57.281C gpu@59.312C tj@59.312C soc1@58.718C VDD_IN 7475mW/15191mW VDD_CPU_GPU_CV 1619mW/6518mW VDD_SOC 2531mW/3987mW
09-28-2026 09:24:34 RAM 2868/7620MB (lfb 27x4MB) SWAP 507/12002MB (cached 0MB) CPU [0%@1728,0%@1728,0%@1728,0%@1728,0%@1728,0%@1728] GR3D_FREQ 0% cpu@57.875C soc2@57.437C soc0@57.218C gpu@58.531C tj@58.718C soc1@58.718C VDD_IN 7487mW/15141mW VDD_CPU_GPU_CV 1619mW/6486mW VDD_SOC 2531mW/3977mW
09-28-2026 09:24:35 RAM 2868/7620MB (lfb 27x4MB) SWAP 507/12002MB (cached 0MB) CPU [4%@1728,0%@1728,0%@1728,0%@1728,0%@1728,0%@1728] GR3D_FREQ 0% cpu@57.625C soc2@57.281C soc0@57.218C gpu@58.5C tj@58.5C soc1@58.437C VDD_IN 7487mW/15092mW VDD_CPU_GPU_CV 1619mW/6455mW VDD_SOC 2531mW/3968mW
09-28-2026 09:24:36 RAM 2868/7620MB (lfb 27x4MB) SWAP 507/12002MB (cached 0MB) CPU [0%@1728,0%@1728,0%@1728,0%@1728,0%@1728,0%@1728] GR3D_FREQ 0% cpu@57.593C soc2@57.281C soc0@57.187C gpu@58.281C tj@58.406C soc1@58.406C VDD_IN 7487mW/15043mW VDD_CPU_GPU_CV 1619mW/6424mW VDD_SOC 2531mW/3959mW
09-28-2026 09:24:37 RAM 2868/7620MB (lfb 27x4MB) SWAP 507/12002MB (cached 0MB) CPU [0%@1728,0%@1728,0%@1728,0%@1728,0%@1728,0%@1728] GR3D_FREQ 0% cpu@57.687C soc2@56.937C soc0@56.937C gpu@58.218C tj@58.281C soc1@58.281C VDD_IN 7447mW/14994mW VDD_CPU_GPU_CV 1619mW/6393mW VDD_SOC 2491mW/3949mW
09-28-2026 09:24:38 RAM 2885/7620MB (lfb 27x4MB) SWAP 507/12002MB (cached 0MB) CPU [7%@1728,7%@1728,8%@1728,20%@1728,6%@1728,6%@1728] GR3D_FREQ 0% cpu@58.125C soc2@56.906C soc0@56.812C gpu@58.156C tj@58.156C soc1@58.156C VDD_IN 7989mW/14950mW VDD_CPU_GPU_CV 2050mW/6365mW VDD_SOC 2527mW/3940mW
09-28-2026 09:24:39 RAM 3046/7620MB (lfb 27x4MB) SWAP 507/12002MB (cached 0MB) CPU [0%@1728,0%@1728,0%@1728,100%@1728,0%@1728,0%@1728] GR3D_FREQ 0% cpu@57.906C soc2@56.875C soc0@56.625C gpu@58.062C tj@58.125C soc1@58.187C VDD_IN 8424mW/14909mW VDD_CPU_GPU_CV 2326mW/6340mW VDD_SOC 2566mW/3932mW
09-28-2026 09:24:40 RAM 3073/7620MB (lfb 27x4MB) SWAP 507/12002MB (cached 0MB) CPU [0%@1728,2%@1728,2%@1728,97%@1728,0%@1728,0%@1728] GR3D_FREQ 0% cpu@57.781C soc2@56.781C soc0@56.468C gpu@57.968C tj@58.062C soc1@58.062C VDD_IN 8503mW/14869mW VDD_CPU_GPU_CV 2365mW/6315mW VDD_SOC 2566mW/3923mW
09-28-2026 09:24:41 RAM 3378/7620MB (lfb 20x4MB) SWAP 507/12002MB (cached 0MB) CPU [0%@1728,0%@1728,0%@1728,94%@1728,0%@1728,0%@1728] GR3D_FREQ 0% cpu@57.656C soc2@56.781C soc0@56.468C gpu@58.781C tj@58.781C soc1@57.656C VDD_IN 9358mW/14835mW VDD_CPU_GPU_CV 2833mW/6294mW VDD_SOC 2799mW/3916mW
09-28-2026 09:24:42 RAM 4502/7620MB (lfb 2x1MB) SWAP 509/12002MB (cached 0MB) CPU [2%@1728,6%@1728,9%@1728,22%@1728,76%@1728,8%@1728] GR3D_FREQ 99% cpu@58.375C soc2@57.093C soc0@56.562C gpu@59.812C tj@59.812C soc1@57.718C VDD_IN 13770mW/14828mW VDD_CPU_GPU_CV 5465mW/6289mW VDD_SOC 3720mW/3915mW
09-28-2026 09:24:43 RAM 4517/7620MB (lfb 2x1MB) SWAP 509/12002MB (cached 0MB) CPU [17%@1728,8%@1728,9%@1728,1%@1728,65%@1728,27%@1728] GR3D_FREQ 0% cpu@58.5C soc2@57.687C soc0@56.906C gpu@59.875C tj@59.875C soc1@57.875C VDD_IN 16709mW/14840mW VDD_CPU_GPU_CV 7225mW/6294mW VDD_SOC 4326mW/3917mW
09-28-2026 09:24:44 RAM 4525/7620MB (lfb 1x2MB) SWAP 509/12002MB (cached 0MB) CPU [6%@1728,1%@1728,13%@1728,12%@1728,46%@1728,50%@1728] GR3D_FREQ 0% cpu@58.5C soc2@57.687C soc0@56.781C gpu@59.718C tj@59.718C soc1@58.093C VDD_IN 17255mW/14854mW VDD_CPU_GPU_CV 7562mW/6302mW VDD_SOC 4397mW/3920mW
09-28-2026 09:24:45 RAM 4531/7620MB (lfb 2x2MB) SWAP 509/12002MB (cached 0MB) CPU [4%@1728,10%@1728,18%@1728,1%@1728,27%@1728,72%@1728] GR3D_FREQ 0% cpu@58.468C soc2@57.75C soc0@56.937C gpu@60C tj@60C soc1@58.093C VDD_IN 17578mW/14871mW VDD_CPU_GPU_CV 7756mW/6311mW VDD_SOC 4435mW/3924mW
09-28-2026 09:24:46 RAM 4532/7620MB (lfb 3x2MB) SWAP 509/12002MB (cached 0MB) CPU [17%@1728,2%@1728,6%@1728,2%@1728,27%@1728,74%@1728] GR3D_FREQ 99% cpu@58.593C soc2@58.156C soc0@57.031C gpu@61.281C tj@61.281C soc1@58.343C VDD_IN 18638mW/14894mW VDD_CPU_GPU_CV 8542mW/6324mW VDD_SOC 4661mW/3928mW
09-28-2026 09:24:47 RAM 4532/7620MB (lfb 3x2MB) SWAP 509/12002MB (cached 0MB) CPU [23%@1728,2%@1728,1%@1728,12%@1728,17%@1728,75%@1728] GR3D_FREQ 97% cpu@58.75C soc2@58.156C soc0@57.218C gpu@61.468C tj@61.468C soc1@58.218C VDD_IN 18638mW/14916mW VDD_CPU_GPU_CV 8620mW/6338mW VDD_SOC 4661mW/3932mW
09-28-2026 09:24:48 RAM 4538/7620MB (lfb 3x2MB) SWAP 509/12002MB (cached 0MB) CPU [26%@1728,8%@1728,12%@1728,7%@1728,7%@1728,70%@1728] GR3D_FREQ 99% cpu@58.906C soc2@58.25C soc0@57.343C gpu@61.593C tj@61.593C soc1@58.343C VDD_IN 18716mW/14939mW VDD_CPU_GPU_CV 8581mW/6351mW VDD_SOC 4661mW/3937mW
09-28-2026 09:24:49 RAM 4542/7620MB (lfb 1x2MB) SWAP 509/12002MB (cached 0MB) CPU [20%@1728,25%@1728,6%@1728,12%@1728,4%@1728,59%@1728] GR3D_FREQ 99% cpu@59.062C soc2@58.25C soc0@57.218C gpu@61.562C tj@61.562C soc1@58.375C VDD_IN 18522mW/14960mW VDD_CPU_GPU_CV 8465mW/6364mW VDD_SOC 4622mW/3941mW
09-28-2026 09:24:50 RAM 4540/7620MB (lfb 1x2MB) SWAP 509/12002MB (cached 0MB) CPU [13%@1728,23%@1728,30%@1728,13%@1728,25%@1728,76%@1728] GR3D_FREQ 99% cpu@59.468C soc2@58.375C soc0@57.437C gpu@61.593C tj@61.593C soc1@58.468C VDD_IN 18483mW/14981mW VDD_CPU_GPU_CV 8542mW/6377mW VDD_SOC 4584mW/3945mW
09-28-2026 09:24:51 RAM 4541/7620MB (lfb 1x2MB) SWAP 509/12002MB (cached 0MB) CPU [11%@1728,8%@1728,31%@1728,2%@1728,39%@1728,37%@1728] GR3D_FREQ 99% cpu@59.343C soc2@58.468C soc0@57.5C gpu@61.437C tj@61.437C soc1@58.562C VDD_IN 18201mW/14999mW VDD_CPU_GPU_CV 8208mW/6387mW VDD_SOC 4584mW/3948mW
09-28-2026 09:24:52 RAM 4541/7620MB (lfb 1x2MB) SWAP 509/12002MB (cached 0MB) CPU [6%@1728,7%@1728,26%@1728,15%@1728,73%@1728,2%@1728] GR3D_FREQ 99% cpu@59.125C soc2@58.531C soc0@57.593C gpu@61.406C tj@61.406C soc1@58.437C VDD_IN 17967mW/15017mW VDD_CPU_GPU_CV 8092mW/6397mW VDD_SOC 4506mW/3952mW
09-28-2026 09:24:53 RAM 4541/7620MB (lfb 1x2MB) SWAP 509/12002MB (cached 0MB) CPU [13%@1728,2%@1728,32%@1728,4%@1728,74%@1728,1%@1728] GR3D_FREQ 99% cpu@59.437C soc2@58.562C soc0@57.75C gpu@61.343C tj@61.343C soc1@58.5C VDD_IN 17773mW/15033mW VDD_CPU_GPU_CV 7937mW/6406mW VDD_SOC 4513mW/3955mW
09-28-2026 09:24:54 RAM 4542/7620MB (lfb 1x2MB) SWAP 509/12002MB (cached 0MB) CPU [14%@1728,2%@1728,27%@1728,8%@1728,22%@1728,53%@1728] GR3D_FREQ 99% cpu@59.437C soc2@58.531C soc0@57.656C gpu@61.343C tj@61.343C soc1@58.656C VDD_IN 17617mW/15048mW VDD_CPU_GPU_CV 7860mW/6415mW VDD_SOC 4474mW/3958mW
09-28-2026 09:24:55 RAM 4542/7620MB (lfb 1x2MB) SWAP 509/12002MB (cached 0MB) CPU [12%@1728,1%@1728,32%@1728,8%@1728,1%@1728,74%@1728] GR3D_FREQ 56% cpu@59.625C soc2@58.656C soc0@57.656C gpu@61.187C tj@61.187C soc1@58.75C VDD_IN 17383mW/15061mW VDD_CPU_GPU_CV 7666mW/6422mW VDD_SOC 4435mW/3960mW
09-28-2026 09:24:56 RAM 4542/7620MB (lfb 1x2MB) SWAP 509/12002MB (cached 0MB) CPU [1%@1728,7%@1728,27%@1728,16%@1728,9%@1728,65%@1728] GR3D_FREQ 19% cpu@59.718C soc2@58.625C soc0@57.812C gpu@60.906C tj@60.906C soc1@58.781C VDD_IN 17188mW/15073mW VDD_CPU_GPU_CV 7562mW/6428mW VDD_SOC 4397mW/3963mW
09-28-2026 09:24:57 RAM 4546/7620MB (lfb 1x2MB) SWAP 509/12002MB (cached 0MB) CPU [11%@1728,24%@1728,33%@1728,22%@1728,74%@1728,4%@1728] GR3D_FREQ 0% cpu@59.656C soc2@58.718C soc0@57.812C gpu@60.687C tj@60.687C soc1@58.937C VDD_IN 17734mW/15088mW VDD_CPU_GPU_CV 8015mW/6437mW VDD_SOC 4435mW/3966mW
09-28-2026 09:24:58 RAM 4547/7620MB (lfb 1x2MB) SWAP 509/12002MB (cached 0MB) CPU [12%@1728,28%@1728,12%@1728,1%@1728,74%@1728,1%@1728] GR3D_FREQ 0% cpu@59.406C soc2@58.781C soc0@57.937C gpu@60.937C tj@60.937C soc1@58.718C VDD_IN 17851mW/15104mW VDD_CPU_GPU_CV 7937mW/6446mW VDD_SOC 4513mW/3969mW
09-28-2026 09:24:59 RAM 4547/7620MB (lfb 1x2MB) SWAP 509/12002MB (cached 0MB) CPU [13%@1728,27%@1728,1%@1728,12%@1728,73%@1728,2%@1728] GR3D_FREQ 8% cpu@59.656C soc2@58.906C soc0@58.062C gpu@61.156C tj@61.156C soc1@58.875C VDD_IN 18162mW/15121mW VDD_CPU_GPU_CV 8169mW/6455mW VDD_SOC 4584mW/3972mW
09-28-2026 09:25:00 RAM 4547/7620MB (lfb 1x2MB) SWAP 509/12002MB (cached 0MB) CPU [6%@1728,27%@1728,14%@1728,8%@1728,73%@1728,2%@1728] GR3D_FREQ 50% cpu@59.812C soc2@58.937C soc0@57.937C gpu@61.562C tj@61.562C soc1@58.968C VDD_IN 18522mW/15139mW VDD_CPU_GPU_CV 8465mW/6466mW VDD_SOC 4622mW/3976mW
09-28-2026 09:25:01 RAM 4548/7620MB (lfb 1x2MB) SWAP 509/12002MB (cached 0MB) CPU [6%@1728,27%@1728,18%@1728,7%@1728,74%@1728,1%@1728] GR3D_FREQ 90% cpu@59.875C soc2@59.031C soc0@57.906C gpu@61.812C tj@61.812C soc1@58.937C VDD_IN 18794mW/15160mW VDD_CPU_GPU_CV 8581mW/6478mW VDD_SOC 4700mW/3980mW
09-28-2026 09:25:02 RAM 4548/7620MB (lfb 1x2MB) SWAP 509/12002MB (cached 0MB) CPU [2%@1728,27%@1728,12%@1728,15%@1728,77%@1728,1%@1728] GR3D_FREQ 89% cpu@60.031C soc2@59.125C soc0@58.093C gpu@62.093C tj@62.093C soc1@59.25C VDD_IN 18755mW/15179mW VDD_CPU_GPU_CV 8542mW/6489mW VDD_SOC 4661mW/3983mW
09-28-2026 09:25:03 RAM 4549/7620MB (lfb 1x2MB) SWAP 509/12002MB (cached 0MB) CPU [7%@1728,31%@1728,7%@1728,6%@1728,75%@1728,2%@1728] GR3D_FREQ 99% cpu@59.812C soc2@59.187C soc0@58.218C gpu@62.093C tj@62.093C soc1@59C VDD_IN 18716mW/15199mW VDD_CPU_GPU_CV 8581mW/6501mW VDD_SOC 4661mW/3987mW
09-28-2026 09:25:04 RAM 4549/7620MB (lfb 1x2MB) SWAP 509/12002MB (cached 0MB) CPU [1%@1728,25%@1728,7%@1728,18%@1728,75%@1728,1%@1728] GR3D_FREQ 99% cpu@59.906C soc2@59.187C soc0@58.218C gpu@62.125C tj@62.125C soc1@59.093C VDD_IN 18522mW/15217mW VDD_CPU_GPU_CV 8465mW/6511mW VDD_SOC 4622mW/3991mW
09-28-2026 09:25:05 RAM 4546/7620MB (lfb 2x2MB) SWAP 509/12002MB (cached 0MB) CPU [5%@1728,25%@1728,12%@1728,12%@1728,75%@1728,2%@1728] GR3D_FREQ 99% cpu@60.031C soc2@59.156C soc0@58.062C gpu@62.031C tj@62.031C soc1@59.156C VDD_IN 18327mW/15234mW VDD_CPU_GPU_CV 8349mW/6521mW VDD_SOC 4584mW/3994mW
09-28-2026 09:25:06 RAM 4547/7620MB (lfb 2x2MB) SWAP 509/12002MB (cached 0MB) CPU [7%@1728,26%@1728,5%@1728,12%@1728,74%@1728,1%@1728] GR3D_FREQ 99% cpu@60.156C soc2@59.187C soc0@58.25C gpu@62.093C tj@62.093C soc1@59.281C VDD_IN 18162mW/15249mW VDD_CPU_GPU_CV 8208mW/6530mW VDD_SOC 4584mW/3997mW
09-28-2026 09:25:07 RAM 4548/7620MB (lfb 2x2MB) SWAP 509/12002MB (cached 0MB) CPU [12%@1728,31%@1728,2%@1728,10%@1728,74%@1728,2%@1728] GR3D_FREQ 99% cpu@60.281C soc2@59.218C soc0@58.343C gpu@62.031C tj@62.031C soc1@59.406C VDD_IN 18006mW/15264mW VDD_CPU_GPU_CV 8092mW/6539mW VDD_SOC 4545mW/4000mW
09-28-2026 09:25:08 RAM 4548/7620MB (lfb 2x2MB) SWAP 509/12002MB (cached 0MB) CPU [10%@1728,30%@1728,1%@1728,11%@1728,75%@1728,1%@1728] GR3D_FREQ 99% cpu@59.968C soc2@59.218C soc0@58.406C gpu@62.281C tj@62.281C soc1@59.218C VDD_IN 17773mW/15277mW VDD_CPU_GPU_CV 8015mW/6547mW VDD_SOC 4513mW/4003mW
09-28-2026 09:25:09 RAM 4548/7620MB (lfb 2x2MB) SWAP 509/12002MB (cached 0MB) CPU [10%@1728,29%@1728,12%@1728,2%@1728,73%@1728,1%@1728] GR3D_FREQ 99% cpu@60.125C soc2@59.375C soc0@58.531C gpu@62.187C tj@62.187C soc1@59.375C VDD_IN 17578mW/15290mW VDD_CPU_GPU_CV 7782mW/6553mW VDD_SOC 4474mW/4005mW
09-28-2026 09:25:10 RAM 4549/7620MB (lfb 2x2MB) SWAP 509/12002MB (cached 0MB) CPU [5%@1728,27%@1728,12%@1728,9%@1728,75%@1728,1%@1728] GR3D_FREQ 80% cpu@60.375C soc2@59.187C soc0@58.687C gpu@61.875C tj@61.875C soc1@59.375C VDD_IN 17344mW/15300mW VDD_CPU_GPU_CV 7666mW/6559mW VDD_SOC 4435mW/4007mW
09-28-2026 09:25:11 RAM 4549/7620MB (lfb 2x2MB) SWAP 509/12002MB (cached 0MB) CPU [13%@1728,27%@1728,6%@1728,7%@1728,74%@1728,1%@1728] GR3D_FREQ 0% cpu@60.406C soc2@59.312C soc0@58.437C gpu@61.718C tj@61.718C soc1@59.437C VDD_IN 17227mW/15311mW VDD_CPU_GPU_CV 7562mW/6564mW VDD_SOC 4397mW/4009mW
09-28-2026 09:25:12 RAM 4550/7620MB (lfb 2x2MB) SWAP 509/12002MB (cached 0MB) CPU [5%@1728,32%@1728,19%@1728,6%@1728,75%@1728,2%@1728] GR3D_FREQ 0% cpu@60.281C soc2@59.375C soc0@58.593C gpu@61.562C tj@61.562C soc1@59.406C VDD_IN 17461mW/15322mW VDD_CPU_GPU_CV 7782mW/6571mW VDD_SOC 4435mW/4012mW
09-28-2026 09:25:13 RAM 3699/7620MB (lfb 16x4MB) SWAP 509/12002MB (cached 0MB) CPU [62%@1728,7%@1728,17%@1728,0%@1728,13%@1728,3%@1728] GR3D_FREQ 0% cpu@59.718C soc2@58.75C soc0@58.25C gpu@60.562C tj@60.562C soc1@59.312C VDD_IN 9974mW/15294mW VDD_CPU_GPU_CV 3065mW/6552mW VDD_SOC 2952mW/4006mW
09-28-2026 09:25:14 RAM 2861/7620MB (lfb 16x4MB) SWAP 509/12002MB (cached 0MB) CPU [2%@1728,0%@1728,8%@1728,0%@1728,0%@1728,14%@1728] GR3D_FREQ 0% cpu@58.718C soc2@58.312C soc0@58.093C gpu@59.937C tj@59.937C soc1@59.093C VDD_IN 7791mW/15255mW VDD_CPU_GPU_CV 1774mW/6528mW VDD_SOC 2566mW/3999mW
09-28-2026 09:25:15 RAM 2862/7620MB (lfb 16x4MB) SWAP 509/12002MB (cached 0MB) CPU [0%@1728,0%@1728,2%@1728,0%@1728,0%@1728,0%@1728] GR3D_FREQ 0% cpu@58.468C soc2@58.062C soc0@58.031C gpu@59.718C tj@59.718C soc1@58.937C VDD_IN 7514mW/15216mW VDD_CPU_GPU_CV 1658mW/6503mW VDD_SOC 2531mW/3991mW
09-28-2026 09:25:16 RAM 2862/7620MB (lfb 16x4MB) SWAP 509/12002MB (cached 0MB) CPU [0%@1728,0%@1728,0%@1728,0%@1728,0%@1728,0%@1728] GR3D_FREQ 0% cpu@58.468C soc2@57.75C soc0@57.5C gpu@59.468C tj@59.468C soc1@58.875C VDD_IN 7475mW/15176mW VDD_CPU_GPU_CV 1619mW/6478mW VDD_SOC 2531mW/3984mW
09-28-2026 09:25:17 RAM 2862/7620MB (lfb 16x4MB) SWAP 509/12002MB (cached 0MB) CPU [0%@1728,2%@1728,0%@1728,0%@1728,0%@1728,0%@1728] GR3D_FREQ 0% cpu@58.218C soc2@57.5C soc0@57.468C gpu@58.781C tj@58.781C soc1@58.718C VDD_IN 7475mW/15137mW VDD_CPU_GPU_CV 1619mW/6453mW VDD_SOC 2531mW/3976mW
09-28-2026 09:25:18 RAM 2862/7620MB (lfb 16x4MB) SWAP 509/12002MB (cached 0MB) CPU [0%@1728,0%@1728,0%@1728,0%@1728,0%@1728,0%@1728] GR3D_FREQ 0% cpu@58.093C soc2@57.25C soc0@57.125C gpu@58.625C tj@58.718C soc1@58.718C VDD_IN 7475mW/15098mW VDD_CPU_GPU_CV 1619mW/6429mW VDD_SOC 2531mW/3969mW
09-28-2026 09:25:19 RAM 2862/7620MB (lfb 16x4MB) SWAP 509/12002MB (cached 0MB) CPU [0%@1728,0%@1728,0%@1728,0%@1728,0%@1728,0%@1728] GR3D_FREQ 0% cpu@57.718C soc2@57.343C soc0@57.156C gpu@58.5C tj@58.5C soc1@58.375C VDD_IN 7475mW/15060mW VDD_CPU_GPU_CV 1619mW/6405mW VDD_SOC 2531mW/3962mW
09-28-2026 09:25:20 RAM 2862/7620MB (lfb 16x4MB) SWAP 509/12002MB (cached 0MB) CPU [0%@1728,0%@1728,2%@1728,0%@1728,0%@1728,0%@1728] GR3D_FREQ 0% cpu@57.781C soc2@57.25C soc0@57.062C gpu@58.437C tj@58.437C soc1@58.281C VDD_IN 7475mW/15022mW VDD_CPU_GPU_CV 1619mW/6381mW VDD_SOC 2531mW/3955mW
09-28-2026 09:25:21 RAM 2862/7620MB (lfb 16x4MB) SWAP 509/12002MB (cached 0MB) CPU [0%@1728,0%@1728,0%@1728,0%@1728,0%@1728,0%@1728] GR3D_FREQ 0% cpu@57.593C soc2@57.062C soc0@56.906C gpu@58.156C tj@58.187C soc1@58.187C VDD_IN 7447mW/14984mW VDD_CPU_GPU_CV 1619mW/6357mW VDD_SOC 2491mW/3947mW
09-28-2026 09:25:22 RAM 2862/7620MB (lfb 16x4MB) SWAP 509/12002MB (cached 0MB) CPU [2%@1728,0%@1728,1%@1728,0%@1728,0%@1728,0%@1728] GR3D_FREQ 0% cpu@57.437C soc2@56.906C soc0@56.75C gpu@58.156C tj@58.156C soc1@58.156C VDD_IN 7514mW/14947mW VDD_CPU_GPU_CV 1658mW/6334mW VDD_SOC 2531mW/3940mW
09-28-2026 09:25:23 RAM 2862/7620MB (lfb 16x4MB) SWAP 509/12002MB (cached 0MB) CPU [0%@1728,0%@1728,0%@1728,0%@1728,0%@1728,0%@1728] GR3D_FREQ 0% cpu@57.437C soc2@56.718C soc0@56.625C gpu@57.875C tj@58C soc1@58C VDD_IN 7487mW/14911mW VDD_CPU_GPU_CV 1619mW/6311mW VDD_SOC 2491mW/3933mW
09-28-2026 09:25:24 RAM 2862/7620MB (lfb 16x4MB) SWAP 509/12002MB (cached 0MB) CPU [0%@1728,0%@1728,0%@1728,0%@1728,0%@1728,0%@1728] GR3D_FREQ 0% cpu@56.906C soc2@56.625C soc0@56.5C gpu@57.781C tj@57.968C soc1@57.968C VDD_IN 7487mW/14874mW VDD_CPU_GPU_CV 1619mW/6288mW VDD_SOC 2491mW/3926mW
09-28-2026 09:25:25 RAM 2862/7620MB (lfb 16x4MB) SWAP 509/12002MB (cached 0MB) CPU [0%@1728,1%@1728,1%@1728,0%@1728,0%@1728,0%@1728] GR3D_FREQ 0% cpu@57.5C soc2@56.437C soc0@56.25C gpu@57.75C tj@57.875C soc1@57.875C VDD_IN 7475mW/14838mW VDD_CPU_GPU_CV 1619mW/6265mW VDD_SOC 2491mW/3919mW
09-28-2026 09:25:26 RAM 2862/7620MB (lfb 16x4MB) SWAP 509/12002MB (cached 0MB) CPU [0%@1728,0%@1728,0%@1728,0%@1728,0%@1728,0%@1728] GR3D_FREQ 0% cpu@56.781C soc2@56.406C soc0@56.187C gpu@57.593C tj@57.812C soc1@57.562C VDD_IN 7447mW/14802mW VDD_CPU_GPU_CV 1619mW/6242mW VDD_SOC 2491mW/3912mW
09-28-2026 09:25:27 RAM 2862/7620MB (lfb 16x4MB) SWAP 509/12002MB (cached 0MB) CPU [0%@1728,0%@1728,2%@1728,0%@1728,0%@1728,0%@1728] GR3D_FREQ 0% cpu@56.843C soc2@56.281C soc0@56.187C gpu@57.5C tj@57.531C soc1@57.531C VDD_IN 7475mW/14767mW VDD_CPU_GPU_CV 1619mW/6220mW VDD_SOC 2491mW/3905mW
09-28-2026 09:25:28 RAM 2862/7620MB (lfb 16x4MB) SWAP 509/12002MB (cached 0MB) CPU [0%@1728,0%@1728,0%@1728,0%@1728,0%@1728,0%@1728] GR3D_FREQ 0% cpu@56.718C soc2@56.25C soc0@56.156C gpu@57.281C tj@57.437C soc1@57.437C VDD_IN 7447mW/14732mW VDD_CPU_GPU_CV 1619mW/6198mW VDD_SOC 2491mW/3899mW
