09-27-2026 09:52:46 RAM 2852/7620MB (lfb 185x4MB) SWAP 503/12002MB (cached 0MB) CPU [27%@1728,27%@1728,100%@1728,27%@1728,29%@1728,35%@1728] GR3D_FREQ 0% cpu@56.218C soc2@54.593C soc0@54.125C gpu@55.812C tj@56.218C soc1@55.625C VDD_IN 9003mW/9003mW VDD_CPU_GPU_CV 2755mW/2755mW VDD_SOC 2645mW/2645mW
09-27-2026 09:52:46 RAM 2910/7620MB (lfb 185x4MB) SWAP 503/12002MB (cached 0MB) CPU [0%@1728,0%@1728,100%@1728,0%@1728,0%@1728,0%@1728] GR3D_FREQ 0% cpu@55.937C soc2@54.625C soc0@54.343C gpu@55.781C tj@55.937C soc1@55.625C VDD_IN 8622mW/8813mW VDD_CPU_GPU_CV 2444mW/2600mW VDD_SOC 2606mW/2626mW
09-27-2026 09:52:47 RAM 2933/7620MB (lfb 185x4MB) SWAP 503/12002MB (cached 0MB) CPU [0%@1728,0%@1728,100%@1728,1%@1728,0%@1728,0%@1728] GR3D_FREQ 0% cpu@55.75C soc2@54.593C soc0@54.281C gpu@55.718C tj@55.75C soc1@55.531C VDD_IN 8503mW/8709mW VDD_CPU_GPU_CV 2404mW/2534mW VDD_SOC 2566mW/2606mW
09-27-2026 09:52:47 RAM 2947/7620MB (lfb 185x4MB) SWAP 503/12002MB (cached 0MB) CPU [0%@1728,0%@1728,100%@1728,0%@1728,0%@1728,0%@1728] GR3D_FREQ 0% cpu@55.906C soc2@54.468C soc0@54.218C gpu@56.062C tj@56.062C soc1@55.625C VDD_IN 8464mW/8648mW VDD_CPU_GPU_CV 2365mW/2492mW VDD_SOC 2566mW/2596mW
09-27-2026 09:52:48 RAM 3024/7620MB (lfb 185x4MB) SWAP 503/12002MB (cached 0MB) CPU [12%@1728,14%@1728,94%@1728,13%@1728,13%@1728,13%@1728] GR3D_FREQ 0% cpu@56.187C soc2@54.437C soc0@54.125C gpu@55.75C tj@56.187C soc1@55.593C VDD_IN 8424mW/8603mW VDD_CPU_GPU_CV 2365mW/2467mW VDD_SOC 2566mW/2590mW
09-27-2026 09:52:48 RAM 3116/7620MB (lfb 185x4MB) SWAP 503/12002MB (cached 0MB) CPU [2%@1728,0%@1728,100%@1728,0%@1728,0%@1728,0%@1728] GR3D_FREQ 0% cpu@55.5C soc2@54.312C soc0@54.312C gpu@55.593C tj@55.593C soc1@55.562C VDD_IN 8266mW/8547mW VDD_CPU_GPU_CV 2247mW/2430mW VDD_SOC 2566mW/2586mW
09-27-2026 09:52:49 RAM 3212/7620MB (lfb 185x4MB) SWAP 503/12002MB (cached 0MB) CPU [2%@1728,0%@1728,96%@1728,0%@1728,0%@1728,0%@1728] GR3D_FREQ 16% cpu@55.437C soc2@54.375C soc0@54.156C gpu@55.718C tj@55.718C soc1@55.468C VDD_IN 8266mW/8507mW VDD_CPU_GPU_CV 2247mW/2404mW VDD_SOC 2566mW/2583mW
09-27-2026 09:52:49 RAM 3221/7620MB (lfb 185x4MB) SWAP 503/12002MB (cached 0MB) CPU [30%@1728,9%@1728,10%@1728,19%@1728,0%@1728,4%@1728] GR3D_FREQ 0% cpu@55.218C soc2@54.406C soc0@54.031C gpu@55.468C tj@55.531C soc1@55.531C VDD_IN 8266mW/8477mW VDD_CPU_GPU_CV 2247mW/2384mW VDD_SOC 2527mW/2576mW
09-27-2026 09:52:50 RAM 3221/7620MB (lfb 185x4MB) SWAP 503/12002MB (cached 0MB) CPU [5%@1728,2%@1728,1%@1728,1%@1728,0%@1728,0%@1728] GR3D_FREQ 0% cpu@54.843C soc2@54.218C soc0@54.062C gpu@55.312C tj@55.5C soc1@55.5C VDD_IN 7725mW/8393mW VDD_CPU_GPU_CV 1816mW/2321mW VDD_SOC 2531mW/2571mW
09-27-2026 09:52:50 RAM 3221/7620MB (lfb 185x4MB) SWAP 503/12002MB (cached 0MB) CPU [1%@1728,0%@1728,0%@1728,0%@1728,0%@1728,0%@1728] GR3D_FREQ 0% cpu@54.812C soc2@54.156C soc0@53.875C gpu@55.593C tj@55.593C soc1@55.437C VDD_IN 7527mW/8307mW VDD_CPU_GPU_CV 1658mW/2255mW VDD_SOC 2491mW/2563mW
09-27-2026 09:52:51 RAM 3221/7620MB (lfb 185x4MB) SWAP 503/12002MB (cached 0MB) CPU [0%@1728,0%@1728,0%@1728,0%@1728,0%@1728,0%@1728] GR3D_FREQ 0% cpu@54.468C soc2@54C soc0@53.875C gpu@55.406C tj@55.406C soc1@55.281C VDD_IN 7447mW/8228mW VDD_CPU_GPU_CV 1619mW/2197mW VDD_SOC 2491mW/2556mW
09-27-2026 09:52:51 RAM 3221/7620MB (lfb 185x4MB) SWAP 503/12002MB (cached 0MB) CPU [0%@1728,0%@1728,0%@1728,0%@1728,0%@1728,0%@1728] GR3D_FREQ 0% cpu@54.781C soc2@54C soc0@53.968C gpu@55.156C tj@55.5C soc1@55.5C VDD_IN 7408mW/8160mW VDD_CPU_GPU_CV 1619mW/2149mW VDD_SOC 2491mW/2551mW
09-27-2026 09:52:52 RAM 3221/7620MB (lfb 185x4MB) SWAP 503/12002MB (cached 0MB) CPU [0%@1728,0%@1728,0%@1728,0%@1728,0%@1728,0%@1728] GR3D_FREQ 0% cpu@54.406C soc2@53.843C soc0@53.781C gpu@55.187C tj@55.343C soc1@55.343C VDD_IN 7408mW/8102mW VDD_CPU_GPU_CV 1579mW/2105mW VDD_SOC 2491mW/2546mW
09-27-2026 09:52:52 RAM 3221/7620MB (lfb 185x4MB) SWAP 503/12002MB (cached 0MB) CPU [0%@1728,0%@1728,0%@1728,0%@1728,0%@1728,0%@1728] GR3D_FREQ 0% cpu@54.625C soc2@53.875C soc0@53.75C gpu@55.531C tj@55.531C soc1@55.312C VDD_IN 7408mW/8053mW VDD_CPU_GPU_CV 1579mW/2067mW VDD_SOC 2491mW/2542mW
09-27-2026 09:52:53 RAM 3221/7620MB (lfb 185x4MB) SWAP 503/12002MB (cached 0MB) CPU [0%@1728,3%@1728,0%@1728,0%@1728,0%@1728,0%@1728] GR3D_FREQ 0% cpu@54.281C soc2@54C soc0@53.687C gpu@55.031C tj@55.062C soc1@55.062C VDD_IN 7408mW/8010mW VDD_CPU_GPU_CV 1579mW/2035mW VDD_SOC 2491mW/2539mW
09-27-2026 09:52:53 RAM 3221/7620MB (lfb 185x4MB) SWAP 503/12002MB (cached 0MB) CPU [0%@1728,0%@1728,0%@1728,0%@1728,0%@1728,0%@1728] GR3D_FREQ 0% cpu@54.5C soc2@53.875C soc0@53.687C gpu@55.437C tj@55.437C soc1@55.187C VDD_IN 7408mW/7972mW VDD_CPU_GPU_CV 1579mW/2006mW VDD_SOC 2491mW/2536mW
09-27-2026 09:52:54 RAM 3221/7620MB (lfb 185x4MB) SWAP 503/12002MB (cached 0MB) CPU [0%@1728,1%@1728,0%@1728,0%@1728,0%@1728,0%@1728] GR3D_FREQ 0% cpu@54.437C soc2@53.75C soc0@53.656C gpu@55.125C tj@55.156C soc1@55.156C VDD_IN 7447mW/7941mW VDD_CPU_GPU_CV 1579mW/1981mW VDD_SOC 2531mW/2536mW
09-27-2026 09:52:54 RAM 3221/7620MB (lfb 185x4MB) SWAP 503/12002MB (cached 0MB) CPU [0%@1728,0%@1728,0%@1728,0%@1728,0%@1728,0%@1728] GR3D_FREQ 0% cpu@54.5C soc2@53.875C soc0@53.812C gpu@55.031C tj@55.031C soc1@55.031C VDD_IN 7447mW/7914mW VDD_CPU_GPU_CV 1579mW/1959mW VDD_SOC 2570mW/2538mW
09-27-2026 09:52:55 RAM 3221/7620MB (lfb 185x4MB) SWAP 503/12002MB (cached 0MB) CPU [0%@1728,0%@1728,0%@1728,0%@1728,0%@1728,0%@1728] GR3D_FREQ 0% cpu@54.281C soc2@53.781C soc0@53.781C gpu@54.875C tj@55.031C soc1@55.031C VDD_IN 7447mW/7889mW VDD_CPU_GPU_CV 1579mW/1939mW VDD_SOC 2570mW/2539mW
09-27-2026 09:52:55 RAM 3221/7620MB (lfb 185x4MB) SWAP 503/12002MB (cached 0MB) CPU [0%@1728,0%@1728,0%@1728,0%@1728,0%@1728,0%@1728] GR3D_FREQ 0% cpu@54.093C soc2@53.718C soc0@53.593C gpu@55.281C tj@55.281C soc1@55.187C VDD_IN 7447mW/7867mW VDD_CPU_GPU_CV 1579mW/1921mW VDD_SOC 2570mW/2541mW
09-27-2026 09:52:56 RAM 3221/7620MB (lfb 185x4MB) SWAP 503/12002MB (cached 0MB) CPU [0%@1728,0%@1728,0%@1728,0%@1728,1%@1728,0%@1728] GR3D_FREQ 0% cpu@54.343C soc2@53.718C soc0@53.531C gpu@54.968C tj@55.031C soc1@55.031C VDD_IN 7447mW/7847mW VDD_CPU_GPU_CV 1579mW/1905mW VDD_SOC 2570mW/2542mW
09-27-2026 09:52:56 RAM 3221/7620MB (lfb 185x4MB) SWAP 503/12002MB (cached 0MB) CPU [0%@1728,1%@1728,0%@1728,0%@1728,0%@1728,0%@1728] GR3D_FREQ 0% cpu@54.25C soc2@53.718C soc0@53.687C gpu@54.906C tj@54.906C soc1@54.906C VDD_IN 7447mW/7829mW VDD_CPU_GPU_CV 1579mW/1890mW VDD_SOC 2570mW/2543mW
09-27-2026 09:52:57 RAM 3221/7620MB (lfb 185x4MB) SWAP 503/12002MB (cached 0MB) CPU [0%@1728,1%@1728,0%@1728,0%@1728,0%@1728,0%@1728] GR3D_FREQ 0% cpu@54.218C soc2@53.656C soc0@53.562C gpu@54.75C tj@54.906C soc1@54.875C VDD_IN 7447mW/7812mW VDD_CPU_GPU_CV 1579mW/1876mW VDD_SOC 2570mW/2545mW
09-27-2026 09:52:57 RAM 3221/7620MB (lfb 185x4MB) SWAP 503/12002MB (cached 0MB) CPU [0%@1728,0%@1728,0%@1728,0%@1728,0%@1728,0%@1728] GR3D_FREQ 0% cpu@54.062C soc2@53.5C soc0@53.468C gpu@54.781C tj@55.062C soc1@55.062C VDD_IN 7447mW/7797mW VDD_CPU_GPU_CV 1579mW/1864mW VDD_SOC 2570mW/2546mW
09-27-2026 09:52:58 RAM 3221/7620MB (lfb 185x4MB) SWAP 503/12002MB (cached 0MB) CPU [0%@1728,0%@1728,0%@1728,0%@1728,0%@1728,0%@1728] GR3D_FREQ 0% cpu@54.156C soc2@53.531C soc0@53.406C gpu@54.687C tj@54.843C soc1@54.843C VDD_IN 7447mW/7783mW VDD_CPU_GPU_CV 1579mW/1853mW VDD_SOC 2570mW/2547mW
09-27-2026 09:52:58 RAM 3221/7620MB (lfb 185x4MB) SWAP 503/12002MB (cached 0MB) CPU [0%@1728,0%@1728,0%@1728,0%@1728,0%@1728,0%@1728] GR3D_FREQ 0% cpu@54.093C soc2@53.656C soc0@53.562C gpu@55.062C tj@55.062C soc1@54.781C VDD_IN 7447mW/7770mW VDD_CPU_GPU_CV 1579mW/1842mW VDD_SOC 2531mW/2546mW
09-27-2026 09:52:59 RAM 3221/7620MB (lfb 185x4MB) SWAP 503/12002MB (cached 0MB) CPU [0%@1728,0%@1728,0%@1728,0%@1728,0%@1728,0%@1728] GR3D_FREQ 0% cpu@54C soc2@53.562C soc0@53.406C gpu@54.812C tj@54.812C soc1@54.687C VDD_IN 7408mW/7757mW VDD_CPU_GPU_CV 1579mW/1832mW VDD_SOC 2491mW/2544mW
09-27-2026 09:53:00 RAM 3221/7620MB (lfb 185x4MB) SWAP 503/12002MB (cached 0MB) CPU [0%@1728,0%@1728,0%@1728,0%@1728,0%@1728,0%@1728] GR3D_FREQ 1% cpu@53.937C soc2@53.5C soc0@53.312C gpu@54.656C tj@54.906C soc1@54.906C VDD_IN 7408mW/7744mW VDD_CPU_GPU_CV 1619mW/1825mW VDD_SOC 2491mW/2542mW
09-27-2026 09:53:00 RAM 3221/7620MB (lfb 185x4MB) SWAP 503/12002MB (cached 0MB) CPU [4%@1728,1%@1728,0%@1728,0%@1728,1%@1728,0%@1728] GR3D_FREQ 0% cpu@54.312C soc2@53.375C soc0@53.281C gpu@54.531C tj@54.75C soc1@54.75C VDD_IN 7447mW/7734mW VDD_CPU_GPU_CV 1619mW/1818mW VDD_SOC 2491mW/2540mW
09-27-2026 09:53:01 RAM 3221/7620MB (lfb 185x4MB) SWAP 503/12002MB (cached 0MB) CPU [0%@1728,0%@1728,0%@1728,0%@1728,0%@1728,0%@1728] GR3D_FREQ 0% cpu@54.093C soc2@53.375C soc0@53.25C gpu@55.031C tj@55.031C soc1@54.656C VDD_IN 7408mW/7723mW VDD_CPU_GPU_CV 1579mW/1810mW VDD_SOC 2491mW/2539mW
09-27-2026 09:53:01 RAM 3221/7620MB (lfb 185x4MB) SWAP 503/12002MB (cached 0MB) CPU [0%@1728,0%@1728,0%@1728,0%@1728,0%@1728,0%@1728] GR3D_FREQ 0% cpu@53.968C soc2@53.312C soc0@53.375C gpu@54.687C tj@54.687C soc1@54.593C VDD_IN 7408mW/7713mW VDD_CPU_GPU_CV 1579mW/1802mW VDD_SOC 2491mW/2537mW
09-27-2026 09:53:02 RAM 3221/7620MB (lfb 185x4MB) SWAP 503/12002MB (cached 0MB) CPU [0%@1728,0%@1728,0%@1728,0%@1728,0%@1728,0%@1728] GR3D_FREQ 0% cpu@53.843C soc2@53.343C soc0@53.25C gpu@54.906C tj@54.906C soc1@54.812C VDD_IN 7408mW/7703mW VDD_CPU_GPU_CV 1579mW/1795mW VDD_SOC 2491mW/2536mW
09-27-2026 09:53:02 RAM 3221/7620MB (lfb 185x4MB) SWAP 503/12002MB (cached 0MB) CPU [0%@1728,0%@1728,0%@1728,0%@1728,0%@1728,0%@1728] GR3D_FREQ 0% cpu@54.031C soc2@53.375C soc0@53.125C gpu@54.656C tj@54.687C soc1@54.687C VDD_IN 7408mW/7694mW VDD_CPU_GPU_CV 1579mW/1789mW VDD_SOC 2491mW/2534mW
09-27-2026 09:53:03 RAM 3221/7620MB (lfb 185x4MB) SWAP 503/12002MB (cached 0MB) CPU [0%@1728,1%@1728,0%@1728,0%@1728,0%@1728,0%@1728] GR3D_FREQ 0% cpu@53.968C soc2@53.312C soc0@53.25C gpu@54.437C tj@54.562C soc1@54.562C VDD_IN 7408mW/7686mW VDD_CPU_GPU_CV 1579mW/1782mW VDD_SOC 2491mW/2533mW
09-27-2026 09:53:03 RAM 3221/7620MB (lfb 185x4MB) SWAP 503/12002MB (cached 0MB) CPU [0%@1728,0%@1728,0%@1728,0%@1728,0%@1728,0%@1728] GR3D_FREQ 0% cpu@53.875C soc2@53.312C soc0@53.187C gpu@54.437C tj@54.468C soc1@54.468C VDD_IN 7408mW/7678mW VDD_CPU_GPU_CV 1579mW/1777mW VDD_SOC 2491mW/2532mW
09-27-2026 09:53:04 RAM 3221/7620MB (lfb 185x4MB) SWAP 503/12002MB (cached 0MB) CPU [0%@1728,0%@1728,0%@1728,0%@1728,0%@1728,0%@1728] GR3D_FREQ 0% cpu@53.906C soc2@53.25C soc0@53.093C gpu@54.75C tj@54.75C soc1@54.718C VDD_IN 7408mW/7671mW VDD_CPU_GPU_CV 1579mW/1771mW VDD_SOC 2491mW/2531mW
09-27-2026 09:53:04 RAM 3221/7620MB (lfb 185x4MB) SWAP 503/12002MB (cached 0MB) CPU [0%@1728,0%@1728,0%@1728,0%@1728,0%@1728,0%@1728] GR3D_FREQ 0% cpu@54C soc2@53.25C soc0@53.156C gpu@54.625C tj@54.625C soc1@54.562C VDD_IN 7408mW/7664mW VDD_CPU_GPU_CV 1579mW/1766mW VDD_SOC 2491mW/2530mW
09-27-2026 09:53:05 RAM 3221/7620MB (lfb 185x4MB) SWAP 503/12002MB (cached 0MB) CPU [0%@1728,0%@1728,0%@1728,0%@1728,0%@1728,0%@1728] GR3D_FREQ 0% cpu@53.906C soc2@53.312C soc0@53.218C gpu@54.343C tj@54.531C soc1@54.531C VDD_IN 7408mW/7657mW VDD_CPU_GPU_CV 1579mW/1761mW VDD_SOC 2491mW/2529mW
09-27-2026 09:53:05 RAM 3221/7620MB (lfb 185x4MB) SWAP 503/12002MB (cached 0MB) CPU [0%@1728,0%@1728,0%@1728,0%@1728,0%@1728,0%@1728] GR3D_FREQ 0% cpu@53.562C soc2@53.281C soc0@53.25C gpu@54.281C tj@54.656C soc1@54.656C VDD_IN 7408mW/7650mW VDD_CPU_GPU_CV 1579mW/1756mW VDD_SOC 2491mW/2528mW
09-27-2026 09:53:06 RAM 3221/7620MB (lfb 185x4MB) SWAP 503/12002MB (cached 0MB) CPU [0%@1728,0%@1728,0%@1728,0%@1728,0%@1728,0%@1728] GR3D_FREQ 0% cpu@54.125C soc2@53.375C soc0@53.156C gpu@54.625C tj@54.625C soc1@54.562C VDD_IN 7408mW/7644mW VDD_CPU_GPU_CV 1579mW/1752mW VDD_SOC 2491mW/2527mW
09-27-2026 09:53:06 RAM 3221/7620MB (lfb 185x4MB) SWAP 503/12002MB (cached 0MB) CPU [0%@1728,0%@1728,0%@1728,0%@1728,0%@1728,0%@1728] GR3D_FREQ 0% cpu@53.843C soc2@53.187C soc0@53C gpu@54.468C tj@54.5C soc1@54.5C VDD_IN 7408mW/7639mW VDD_CPU_GPU_CV 1579mW/1748mW VDD_SOC 2531mW/2527mW
09-27-2026 09:53:07 RAM 3221/7620MB (lfb 185x4MB) SWAP 503/12002MB (cached 0MB) CPU [0%@1728,0%@1728,0%@1728,0%@1728,0%@1728,0%@1728] GR3D_FREQ 0% cpu@53.781C soc2@53.187C soc0@53.187C gpu@54.593C tj@54.593C soc1@54.468C VDD_IN 7447mW/7634mW VDD_CPU_GPU_CV 1579mW/1744mW VDD_SOC 2531mW/2527mW
09-27-2026 09:53:07 RAM 3221/7620MB (lfb 185x4MB) SWAP 503/12002MB (cached 0MB) CPU [0%@1728,0%@1728,0%@1728,0%@1728,0%@1728,0%@1728] GR3D_FREQ 0% cpu@53.656C soc2@53.031C soc0@53C gpu@54.437C tj@54.437C soc1@54.312C VDD_IN 7408mW/7629mW VDD_CPU_GPU_CV 1579mW/1740mW VDD_SOC 2491mW/2526mW
09-27-2026 09:53:08 RAM 3221/7620MB (lfb 185x4MB) SWAP 503/12002MB (cached 0MB) CPU [0%@1728,0%@1728,0%@1728,0%@1728,0%@1728,0%@1728] GR3D_FREQ 0% cpu@53.968C soc2@53.125C soc0@52.968C gpu@54.25C tj@54.406C soc1@54.531C VDD_IN 7408mW/7624mW VDD_CPU_GPU_CV 1579mW/1736mW VDD_SOC 2491mW/2525mW
09-27-2026 09:53:08 RAM 3221/7620MB (lfb 185x4MB) SWAP 503/12002MB (cached 0MB) CPU [0%@1728,0%@1728,0%@1728,0%@1728,0%@1728,0%@1728] GR3D_FREQ 0% cpu@53.75C soc2@53.125C soc0@52.875C gpu@54.218C tj@54.375C soc1@54.375C VDD_IN 7408mW/7619mW VDD_CPU_GPU_CV 1579mW/1733mW VDD_SOC 2491mW/2525mW
09-27-2026 09:53:09 RAM 3221/7620MB (lfb 185x4MB) SWAP 503/12002MB (cached 0MB) CPU [0%@1728,0%@1728,0%@1728,0%@1728,0%@1728,0%@1728] GR3D_FREQ 0% cpu@53.562C soc2@53.187C soc0@53.093C gpu@54.531C tj@54.531C soc1@54.281C VDD_IN 7408mW/7614mW VDD_CPU_GPU_CV 1579mW/1729mW VDD_SOC 2531mW/2525mW
09-27-2026 09:53:09 RAM 3284/7620MB (lfb 186x4MB) SWAP 503/12002MB (cached 0MB) CPU [0%@1728,0%@1728,0%@1728,36%@1728,0%@1728,0%@1728] GR3D_FREQ 0% cpu@54.281C soc2@53.031C soc0@52.937C gpu@54.375C tj@54.562C soc1@54.562C VDD_IN 7910mW/7621mW VDD_CPU_GPU_CV 1895mW/1733mW VDD_SOC 2570mW/2526mW
09-27-2026 09:53:10 RAM 3575/7620MB (lfb 136x4MB) SWAP 503/12002MB (cached 0MB) CPU [1%@1728,3%@1728,7%@1728,88%@1728,0%@1728,0%@1728] GR3D_FREQ 61% cpu@54.343C soc2@53.187C soc0@52.906C gpu@55.218C tj@55.218C soc1@54.437C VDD_IN 9674mW/7663mW VDD_CPU_GPU_CV 3070mW/1761mW VDD_SOC 2838mW/2532mW
09-27-2026 09:53:10 RAM 3749/7620MB (lfb 106x4MB) SWAP 503/12002MB (cached 0MB) CPU [6%@1728,6%@1728,74%@1728,7%@1728,5%@1728,7%@1728] GR3D_FREQ 0% cpu@55.093C soc2@53.437C soc0@53C gpu@55.031C tj@55.093C soc1@54.406C VDD_IN 11571mW/7743mW VDD_CPU_GPU_CV 4511mW/1817mW VDD_SOC 3065mW/2543mW
09-27-2026 09:53:11 RAM 3749/7620MB (lfb 106x4MB) SWAP 503/12002MB (cached 0MB) CPU [33%@1728,34%@1728,100%@1728,32%@1728,32%@1728,33%@1728] GR3D_FREQ 0% cpu@55.437C soc2@53.687C soc0@52.875C gpu@54.625C tj@55.437C soc1@54.5C VDD_IN 9950mW/7787mW VDD_CPU_GPU_CV 3497mW/1851mW VDD_SOC 2759mW/2547mW
09-27-2026 09:53:11 RAM 3749/7620MB (lfb 106x4MB) SWAP 503/12002MB (cached 0MB) CPU [34%@1728,32%@1728,100%@1728,32%@1728,32%@1728,30%@1728] GR3D_FREQ 0% cpu@55.093C soc2@53.468C soc0@53C gpu@54.531C tj@55.093C soc1@54.437C VDD_IN 9477mW/7820mW VDD_CPU_GPU_CV 3188mW/1877mW VDD_SOC 2680mW/2550mW
09-27-2026 09:53:12 RAM 3479/7620MB (lfb 161x4MB) SWAP 503/12002MB (cached 0MB) CPU [10%@1728,10%@1728,100%@1728,14%@1728,12%@1728,12%@1728] GR3D_FREQ 0% cpu@55C soc2@53.375C soc0@53.031C gpu@54.812C tj@55C soc1@54.625C VDD_IN 9082mW/7845mW VDD_CPU_GPU_CV 2755mW/1894mW VDD_SOC 2685mW/2553mW
09-27-2026 09:53:12 RAM 3623/7620MB (lfb 134x4MB) SWAP 503/12002MB (cached 0MB) CPU [0%@1728,0%@1728,74%@1728,0%@1728,0%@1728,0%@1728] GR3D_FREQ 66% cpu@54.625C soc2@53.562C soc0@53.093C gpu@55.593C tj@55.593C soc1@54.562C VDD_IN 11335mW/7911mW VDD_CPU_GPU_CV 4276mW/1939mW VDD_SOC 3025mW/2562mW
09-27-2026 09:53:13 RAM 3761/7620MB (lfb 104x4MB) SWAP 503/12002MB (cached 0MB) CPU [19%@1728,18%@1728,75%@1728,17%@1728,17%@1728,19%@1728] GR3D_FREQ 0% cpu@55.468C soc2@53.687C soc0@53.062C gpu@55.093C tj@55.468C soc1@54.468C VDD_IN 11038mW/7968mW VDD_CPU_GPU_CV 4197mW/1980mW VDD_SOC 2952mW/2569mW
09-27-2026 09:53:13 RAM 3756/7620MB (lfb 104x4MB) SWAP 503/12002MB (cached 0MB) CPU [100%@1728,34%@1728,34%@1728,32%@1728,30%@1728,30%@1728] GR3D_FREQ 0% cpu@54.906C soc2@53.687C soc0@53.312C gpu@54.843C tj@54.906C soc1@54.562C VDD_IN 9872mW/8003mW VDD_CPU_GPU_CV 3418mW/2007mW VDD_SOC 2720mW/2571mW
09-27-2026 09:53:14 RAM 3756/7620MB (lfb 104x4MB) SWAP 503/12002MB (cached 0MB) CPU [32%@1728,98%@1728,32%@1728,32%@1728,32%@1728,33%@1728] GR3D_FREQ 0% cpu@54.531C soc2@53.656C soc0@53.125C gpu@54.812C tj@54.812C soc1@54.562C VDD_IN 9437mW/8029mW VDD_CPU_GPU_CV 3188mW/2028mW VDD_SOC 2641mW/2573mW
09-27-2026 09:53:14 RAM 3629/7620MB (lfb 135x4MB) SWAP 503/12002MB (cached 0MB) CPU [2%@1728,100%@1728,2%@1728,3%@1728,2%@1728,2%@1728] GR3D_FREQ 7% cpu@54.25C soc2@53.406C soc0@53.093C gpu@54.781C tj@54.781C soc1@54.718C VDD_IN 9240mW/8050mW VDD_CPU_GPU_CV 2755mW/2040mW VDD_SOC 2720mW/2575mW
09-27-2026 09:53:15 RAM 3758/7620MB (lfb 104x4MB) SWAP 503/12002MB (cached 0MB) CPU [2%@1728,45%@1728,12%@1728,0%@1728,1%@1728,1%@1728] GR3D_FREQ 70% cpu@55.062C soc2@53.687C soc0@53.156C gpu@55.468C tj@55.468C soc1@54.625C VDD_IN 12456mW/8126mW VDD_CPU_GPU_CV 5091mW/2093mW VDD_SOC 3222mW/2586mW
09-27-2026 09:53:15 RAM 3758/7620MB (lfb 104x4MB) SWAP 503/12002MB (cached 0MB) CPU [32%@1728,45%@1728,82%@1728,29%@1728,29%@1728,29%@1728] GR3D_FREQ 0% cpu@55.25C soc2@53.781C soc0@53.125C gpu@54.75C tj@55.25C soc1@54.562C VDD_IN 10210mW/8161mW VDD_CPU_GPU_CV 3654mW/2119mW VDD_SOC 2799mW/2590mW
09-27-2026 09:53:16 RAM 3755/7620MB (lfb 105x4MB) SWAP 503/12002MB (cached 0MB) CPU [11%@1728,38%@1728,47%@1728,96%@1728,53%@1728,62%@1728] GR3D_FREQ 0% cpu@55.187C soc2@53.718C soc0@53.25C gpu@54.625C tj@55.187C soc1@54.562C VDD_IN 9635mW/8186mW VDD_CPU_GPU_CV 3306mW/2139mW VDD_SOC 2680mW/2592mW
09-27-2026 09:53:16 RAM 3444/7620MB (lfb 163x4MB) SWAP 503/12002MB (cached 0MB) CPU [11%@1728,43%@1728,52%@1728,100%@1728,57%@1728,61%@1728] GR3D_FREQ 0% cpu@54.687C soc2@53.5C soc0@53.156C gpu@54.906C tj@54.906C soc1@54.5C VDD_IN 9477mW/8207mW VDD_CPU_GPU_CV 3109mW/2155mW VDD_SOC 2641mW/2592mW
09-27-2026 09:53:17 RAM 3629/7620MB (lfb 135x4MB) SWAP 503/12002MB (cached 0MB) CPU [0%@1728,1%@1728,0%@1728,92%@1728,0%@1728,0%@1728] GR3D_FREQ 66% cpu@54.281C soc2@53.593C soc0@53.187C gpu@55.531C tj@55.531C soc1@54.656C VDD_IN 10069mW/8237mW VDD_CPU_GPU_CV 3379mW/2175mW VDD_SOC 2838mW/2596mW
09-27-2026 09:53:17 RAM 3759/7620MB (lfb 104x4MB) SWAP 503/12002MB (cached 0MB) CPU [1%@1728,15%@1728,13%@1728,68%@1728,20%@1728,15%@1728] GR3D_FREQ 0% cpu@54.906C soc2@53.656C soc0@53.125C gpu@55.031C tj@55.031C soc1@54.625C VDD_IN 11886mW/8295mW VDD_CPU_GPU_CV 4700mW/2215mW VDD_SOC 3065mW/2604mW
09-27-2026 09:53:18 RAM 3759/7620MB (lfb 104x4MB) SWAP 503/12002MB (cached 0MB) CPU [39%@1728,37%@1728,37%@1728,88%@1728,36%@1728,37%@1728] GR3D_FREQ 0% cpu@55.062C soc2@53.75C soc0@53.156C gpu@54.656C tj@55.062C soc1@54.625C VDD_IN 10013mW/8322mW VDD_CPU_GPU_CV 3575mW/2236mW VDD_SOC 2759mW/2606mW
09-27-2026 09:53:18 RAM 3755/7620MB (lfb 105x4MB) SWAP 503/12002MB (cached 0MB) CPU [100%@1728,37%@1728,37%@1728,35%@1728,37%@1728,36%@1728] GR3D_FREQ 0% cpu@55.125C soc2@53.812C soc0@53.281C gpu@54.656C tj@55.125C soc1@54.562C VDD_IN 9516mW/8340mW VDD_CPU_GPU_CV 3227mW/2251mW VDD_SOC 2680mW/2607mW
09-27-2026 09:53:19 RAM 3542/7620MB (lfb 156x4MB) SWAP 503/12002MB (cached 0MB) CPU [100%@1728,12%@1728,13%@1728,13%@1728,12%@1728,13%@1728] GR3D_FREQ 0% cpu@54.687C soc2@53.718C soc0@53.25C gpu@54.593C tj@54.75C soc1@54.562C VDD_IN 9161mW/8353mW VDD_CPU_GPU_CV 2794mW/2260mW VDD_SOC 2685mW/2609mW
09-27-2026 09:53:19 RAM 3630/7620MB (lfb 134x4MB) SWAP 503/12002MB (cached 0MB) CPU [71%@1728,0%@1728,0%@1728,0%@1728,0%@1728,0%@1728] GR3D_FREQ 63% cpu@54.562C soc2@53.812C soc0@53.218C gpu@56.156C tj@56.156C soc1@54.687C VDD_IN 12496mW/8414mW VDD_CPU_GPU_CV 5209mW/2304mW VDD_SOC 3177mW/2617mW
09-27-2026 09:53:20 RAM 3761/7620MB (lfb 103x4MB) SWAP 503/12002MB (cached 0MB) CPU [56%@1728,66%@1728,26%@1728,25%@1728,25%@1728,26%@1728] GR3D_FREQ 0% cpu@55.031C soc2@53.875C soc0@53.156C gpu@54.843C tj@55.031C soc1@54.625C VDD_IN 10565mW/8446mW VDD_CPU_GPU_CV 3890mW/2327mW VDD_SOC 2833mW/2620mW
09-27-2026 09:53:20 RAM 3756/7620MB (lfb 104x4MB) SWAP 503/12002MB (cached 0MB) CPU [82%@1728,52%@1728,31%@1728,32%@1728,32%@1728,31%@1728] GR3D_FREQ 0% cpu@55.156C soc2@53.781C soc0@53.187C gpu@55C tj@55.156C soc1@54.625C VDD_IN 9714mW/8464mW VDD_CPU_GPU_CV 3345mW/2342mW VDD_SOC 2720mW/2622mW
09-27-2026 09:53:21 RAM 3456/7620MB (lfb 163x4MB) SWAP 503/12002MB (cached 0MB) CPU [42%@1728,70%@1728,49%@1728,54%@1728,52%@1728,69%@1728] GR3D_FREQ 0% cpu@55.406C soc2@53.75C soc0@53.218C gpu@54.687C tj@55.406C soc1@54.5C VDD_IN 9950mW/8486mW VDD_CPU_GPU_CV 3536mW/2359mW VDD_SOC 2720mW/2623mW
09-27-2026 09:53:21 RAM 3641/7620MB (lfb 135x4MB) SWAP 503/12002MB (cached 0MB) CPU [21%@1728,8%@1728,14%@1728,10%@1728,14%@1728,93%@1728] GR3D_FREQ 67% cpu@54.25C soc2@53.593C soc0@53.218C gpu@55.375C tj@55.375C soc1@54.718C VDD_IN 10210mW/8510mW VDD_CPU_GPU_CV 3536mW/2375mW VDD_SOC 2838mW/2626mW
09-27-2026 09:53:22 RAM 3772/7620MB (lfb 103x4MB) SWAP 503/12002MB (cached 0MB) CPU [11%@1728,9%@1728,4%@1728,4%@1728,7%@1728,48%@1728] GR3D_FREQ 0% cpu@54.968C soc2@53.687C soc0@53.218C gpu@55.218C tj@55.218C soc1@54.656C VDD_IN 12201mW/8561mW VDD_CPU_GPU_CV 4935mW/2411mW VDD_SOC 3143mW/2633mW
09-27-2026 09:53:22 RAM 3770/7620MB (lfb 104x4MB) SWAP 503/12002MB (cached 0MB) CPU [7%@1728,63%@1728,52%@1728,90%@1728,58%@1728,59%@1728] GR3D_FREQ 0% cpu@55.187C soc2@53.562C soc0@53.125C gpu@54.75C tj@55.187C soc1@54.656C VDD_IN 10131mW/8583mW VDD_CPU_GPU_CV 3733mW/2429mW VDD_SOC 2759mW/2635mW
09-27-2026 09:53:23 RAM 3765/7620MB (lfb 104x4MB) SWAP 503/12002MB (cached 0MB) CPU [5%@1728,48%@1728,51%@1728,98%@1728,62%@1728,61%@1728] GR3D_FREQ 0% cpu@55.187C soc2@53.687C soc0@53.343C gpu@55.093C tj@55.187C soc1@54.593C VDD_IN 9635mW/8597mW VDD_CPU_GPU_CV 3345mW/2441mW VDD_SOC 2641mW/2635mW
09-27-2026 09:53:23 RAM 3765/7620MB (lfb 104x4MB) SWAP 503/12002MB (cached 0MB) CPU [48%@1728,1%@1728,50%@1728,100%@1728,56%@1728,59%@1728] GR3D_FREQ 0% cpu@54.937C soc2@53.625C soc0@53.343C gpu@54.906C tj@54.937C soc1@54.593C VDD_IN 9477mW/8609mW VDD_CPU_GPU_CV 3188mW/2451mW VDD_SOC 2601mW/2635mW
09-27-2026 09:53:24 RAM 3641/7620MB (lfb 134x4MB) SWAP 503/12002MB (cached 0MB) CPU [2%@1728,1%@1728,2%@1728,98%@1728,3%@1728,3%@1728] GR3D_FREQ 41% cpu@54.437C soc2@53.531C soc0@53.187C gpu@55.125C tj@55.125C soc1@54.656C VDD_IN 9319mW/8618mW VDD_CPU_GPU_CV 2833mW/2456mW VDD_SOC 2720mW/2636mW
09-27-2026 09:53:24 RAM 3771/7620MB (lfb 103x4MB) SWAP 503/12002MB (cached 0MB) CPU [2%@1728,0%@1728,2%@1728,54%@1728,0%@1728,2%@1728] GR3D_FREQ 11% cpu@55.218C soc2@53.781C soc0@53.218C gpu@55.593C tj@55.593C soc1@54.625C VDD_IN 12299mW/8666mW VDD_CPU_GPU_CV 5052mW/2490mW VDD_SOC 3182mW/2643mW
09-27-2026 09:53:25 RAM 3769/7620MB (lfb 103x4MB) SWAP 503/12002MB (cached 0MB) CPU [33%@1728,32%@1728,33%@1728,100%@1728,33%@1728,34%@1728] GR3D_FREQ 0% cpu@55.25C soc2@53.75C soc0@53.312C gpu@54.937C tj@55.25C soc1@54.656C VDD_IN 10171mW/8685mW VDD_CPU_GPU_CV 3654mW/2505mW VDD_SOC 2799mW/2645mW
09-27-2026 09:53:25 RAM 3765/7620MB (lfb 104x4MB) SWAP 503/12002MB (cached 0MB) CPU [44%@1728,91%@1728,31%@1728,31%@1728,30%@1728,29%@1728] GR3D_FREQ 0% cpu@54.843C soc2@53.781C soc0@53.406C gpu@54.718C tj@54.937C soc1@54.625C VDD_IN 9595mW/8697mW VDD_CPU_GPU_CV 3266mW/2515mW VDD_SOC 2680mW/2645mW
09-27-2026 09:53:26 RAM 3517/7620MB (lfb 158x4MB) SWAP 503/12002MB (cached 0MB) CPU [17%@1728,100%@1728,18%@1728,17%@1728,20%@1728,17%@1728] GR3D_FREQ 0% cpu@54.437C soc2@53.687C soc0@53.281C gpu@55.062C tj@54.625C soc1@54.562C VDD_IN 9200mW/8703mW VDD_CPU_GPU_CV 2873mW/2519mW VDD_SOC 2680mW/2646mW
09-27-2026 09:53:26 RAM 3639/7620MB (lfb 134x4MB) SWAP 503/12002MB (cached 0MB) CPU [30%@1728,46%@1728,0%@1728,0%@1728,0%@1728,0%@1728] GR3D_FREQ 65% cpu@54.687C soc2@53.812C soc0@53.281C gpu@55.937C tj@55.937C soc1@54.687C VDD_IN 12162mW/8746mW VDD_CPU_GPU_CV 4935mW/2549mW VDD_SOC 3143mW/2652mW
09-27-2026 09:53:27 RAM 3769/7620MB (lfb 103x4MB) SWAP 503/12002MB (cached 0MB) CPU [90%@1728,27%@1728,27%@1728,26%@1728,24%@1728,27%@1728] GR3D_FREQ 0% cpu@55.093C soc2@53.75C soc0@53.281C gpu@55.281C tj@55.281C soc1@54.593C VDD_IN 10762mW/8770mW VDD_CPU_GPU_CV 4086mW/2568mW VDD_SOC 2873mW/2655mW
09-27-2026 09:53:27 RAM 3763/7620MB (lfb 104x4MB) SWAP 503/12002MB (cached 0MB) CPU [62%@1728,73%@1728,15%@1728,50%@1728,65%@1728,59%@1728] GR3D_FREQ 0% cpu@55.062C soc2@53.812C soc0@53.281C gpu@55C tj@55.062C soc1@54.593C VDD_IN 9793mW/8783mW VDD_CPU_GPU_CV 3458mW/2578mW VDD_SOC 2680mW/2655mW
09-27-2026 09:53:28 RAM 3763/7620MB (lfb 104x4MB) SWAP 503/12002MB (cached 0MB) CPU [37%@1728,100%@1728,23%@1728,50%@1728,57%@1728,54%@1728] GR3D_FREQ 0% cpu@54.843C soc2@53.781C soc0@53.343C gpu@54.843C tj@54.843C soc1@54.625C VDD_IN 9556mW/8792mW VDD_CPU_GPU_CV 3266mW/2587mW VDD_SOC 2641mW/2655mW
09-27-2026 09:53:28 RAM 3597/7620MB (lfb 144x4MB) SWAP 503/12002MB (cached 0MB) CPU [6%@1728,100%@1728,8%@1728,7%@1728,8%@1728,7%@1728] GR3D_FREQ 0% cpu@54.437C soc2@53.656C soc0@53.125C gpu@54.843C tj@54.875C soc1@54.875C VDD_IN 9161mW/8796mW VDD_CPU_GPU_CV 2755mW/2589mW VDD_SOC 2680mW/2655mW
09-27-2026 09:53:29 RAM 3637/7620MB (lfb 134x4MB) SWAP 503/12002MB (cached 0MB) CPU [1%@1728,56%@1728,0%@1728,0%@1728,0%@1728,0%@1728] GR3D_FREQ 66% cpu@54.562C soc2@53.75C soc0@53.156C gpu@55.937C tj@55.937C soc1@54.718C VDD_IN 12319mW/8837mW VDD_CPU_GPU_CV 5052mW/2617mW VDD_SOC 3143mW/2661mW
09-27-2026 09:53:29 RAM 3769/7620MB (lfb 102x4MB) SWAP 503/12002MB (cached 0MB) CPU [28%@1728,96%@1728,28%@1728,25%@1728,27%@1728,26%@1728] GR3D_FREQ 0% cpu@55.093C soc2@53.687C soc0@53.093C gpu@54.843C tj@55.093C soc1@54.718C VDD_IN 10407mW/8855mW VDD_CPU_GPU_CV 3811mW/2631mW VDD_SOC 2833mW/2663mW
09-27-2026 09:53:30 RAM 3760/7620MB (lfb 105x4MB) SWAP 503/12002MB (cached 0MB) CPU [32%@1728,100%@1728,32%@1728,29%@1728,32%@1728,32%@1728] GR3D_FREQ 0% cpu@54.875C soc2@53.75C soc0@53.375C gpu@54.812C tj@54.875C soc1@54.718C VDD_IN 9674mW/8864mW VDD_CPU_GPU_CV 3306mW/2639mW VDD_SOC 2680mW/2663mW
09-27-2026 09:53:30 RAM 3456/7620MB (lfb 161x4MB) SWAP 503/12002MB (cached 0MB) CPU [22%@1728,31%@1728,23%@1728,92%@1728,22%@1728,22%@1728] GR3D_FREQ 0% cpu@54.656C soc2@53.593C soc0@53.25C gpu@54.625C tj@54.656C soc1@54.562C VDD_IN 9240mW/8869mW VDD_CPU_GPU_CV 2952mW/2642mW VDD_SOC 2641mW/2663mW
09-27-2026 09:53:31 RAM 3637/7620MB (lfb 134x4MB) SWAP 503/12002MB (cached 0MB) CPU [5%@1728,1%@1728,0%@1728,80%@1728,0%@1728,0%@1728] GR3D_FREQ 66% cpu@54.437C soc2@53.687C soc0@53.218C gpu@56.062C tj@56.062C soc1@54.687C VDD_IN 10959mW/8892mW VDD_CPU_GPU_CV 4040mW/2658mW VDD_SOC 2952mW/2666mW
09-27-2026 09:53:31 RAM 3766/7620MB (lfb 103x4MB) SWAP 503/12002MB (cached 0MB) CPU [21%@1728,20%@1728,21%@1728,3%@1728,59%@1728,39%@1728] GR3D_FREQ 0% cpu@55.062C soc2@53.75C soc0@53.375C gpu@55.156C tj@55.156C soc1@54.75C VDD_IN 11375mW/8919mW VDD_CPU_GPU_CV 4433mW/2677mW VDD_SOC 2991mW/2669mW
09-27-2026 09:53:32 RAM 3766/7620MB (lfb 103x4MB) SWAP 503/12002MB (cached 0MB) CPU [36%@1728,27%@1728,48%@1728,32%@1728,70%@1728,100%@1728] GR3D_FREQ 0% cpu@55C soc2@53.75C soc0@53.468C gpu@54.875C tj@55C soc1@54.718C VDD_IN 9911mW/8930mW VDD_CPU_GPU_CV 3536mW/2687mW VDD_SOC 2720mW/2670mW
09-27-2026 09:53:32 RAM 3770/7620MB (lfb 102x4MB) SWAP 503/12002MB (cached 0MB) CPU [0%@1728,50%@1728,51%@1728,50%@1728,70%@1728,98%@1728] GR3D_FREQ 0% cpu@55.062C soc2@53.656C soc0@53.218C gpu@54.781C tj@55.062C soc1@54.625C VDD_IN 9477mW/8936mW VDD_CPU_GPU_CV 3306mW/2693mW VDD_SOC 2641mW/2670mW
09-27-2026 09:53:33 RAM 3460/7620MB (lfb 158x4MB) SWAP 503/12002MB (cached 0MB) CPU [16%@1728,26%@1728,42%@1728,40%@1728,61%@1728,100%@1728] GR3D_FREQ 0% cpu@54.906C soc2@53.562C soc0@53.281C gpu@54.75C tj@54.906C soc1@54.812C VDD_IN 9358mW/8940mW VDD_CPU_GPU_CV 3148mW/2698mW VDD_SOC 2641mW/2669mW
09-27-2026 09:53:33 RAM 3642/7620MB (lfb 133x4MB) SWAP 503/12002MB (cached 0MB) CPU [0%@1728,0%@1728,0%@1728,0%@1728,0%@1728,90%@1728] GR3D_FREQ 66% cpu@54.656C soc2@53.625C soc0@53.156C gpu@55.406C tj@55.406C soc1@54.781C VDD_IN 10171mW/8953mW VDD_CPU_GPU_CV 3497mW/2706mW VDD_SOC 2833mW/2671mW
09-27-2026 09:53:34 RAM 3766/7620MB (lfb 103x4MB) SWAP 503/12002MB (cached 0MB) CPU [0%@1728,13%@1728,12%@1728,13%@1728,22%@1728,60%@1728] GR3D_FREQ 0% cpu@55.187C soc2@53.812C soc0@53.406C gpu@55.375C tj@55.375C soc1@54.625C VDD_IN 11729mW/8982mW VDD_CPU_GPU_CV 4660mW/2727mW VDD_SOC 3065mW/2675mW
09-27-2026 09:53:34 RAM 3766/7620MB (lfb 103x4MB) SWAP 503/12002MB (cached 0MB) CPU [34%@1728,13%@1728,46%@1728,47%@1728,100%@1728,68%@1728] GR3D_FREQ 0% cpu@55.187C soc2@53.812C soc0@53.468C gpu@54.968C tj@55.187C soc1@54.625C VDD_IN 10013mW/8993mW VDD_CPU_GPU_CV 3654mW/2736mW VDD_SOC 2720mW/2676mW
09-27-2026 09:53:35 RAM 3763/7620MB (lfb 103x4MB) SWAP 503/12002MB (cached 0MB) CPU [51%@1728,17%@1728,33%@1728,51%@1728,98%@1728,71%@1728] GR3D_FREQ 0% cpu@54.968C soc2@53.718C soc0@53.375C gpu@55.031C tj@55.312C soc1@54.656C VDD_IN 9516mW/8998mW VDD_CPU_GPU_CV 3345mW/2743mW VDD_SOC 2641mW/2675mW
09-27-2026 09:53:35 RAM 3763/7620MB (lfb 103x4MB) SWAP 503/12002MB (cached 0MB) CPU [13%@1728,50%@1728,41%@1728,50%@1728,100%@1728,70%@1728] GR3D_FREQ 0% cpu@54.968C soc2@53.687C soc0@53.125C gpu@54.875C tj@54.968C soc1@54.75C VDD_IN 9437mW/9003mW VDD_CPU_GPU_CV 3109mW/2746mW VDD_SOC 2601mW/2674mW
09-27-2026 09:53:36 RAM 3637/7620MB (lfb 133x4MB) SWAP 503/12002MB (cached 0MB) CPU [0%@1728,0%@1728,2%@1728,0%@1728,96%@1728,2%@1728] GR3D_FREQ 56% cpu@54.593C soc2@53.437C soc0@53.156C gpu@55.156C tj@55.156C soc1@54.718C VDD_IN 9437mW/9007mW VDD_CPU_GPU_CV 2912mW/2748mW VDD_SOC 2720mW/2675mW
09-27-2026 09:53:36 RAM 3766/7620MB (lfb 102x4MB) SWAP 503/12002MB (cached 0MB) CPU [3%@1728,0%@1728,3%@1728,4%@1728,53%@1728,5%@1728] GR3D_FREQ 0% cpu@54.906C soc2@53.937C soc0@53.406C gpu@55.312C tj@55.312C soc1@54.625C VDD_IN 12260mW/9039mW VDD_CPU_GPU_CV 4974mW/2770mW VDD_SOC 3182mW/2680mW
09-27-2026 09:53:37 RAM 3766/7620MB (lfb 102x4MB) SWAP 503/12002MB (cached 0MB) CPU [50%@1728,9%@1728,41%@1728,51%@1728,100%@1728,71%@1728] GR3D_FREQ 0% cpu@54.875C soc2@53.75C soc0@53.281C gpu@55.156C tj@55.218C soc1@54.562C VDD_IN 10289mW/9051mW VDD_CPU_GPU_CV 3693mW/2779mW VDD_SOC 2755mW/2681mW
09-27-2026 09:53:37 RAM 3766/7620MB (lfb 102x4MB) SWAP 503/12002MB (cached 0MB) CPU [49%@1728,35%@1728,12%@1728,49%@1728,98%@1728,69%@1728] GR3D_FREQ 0% cpu@55.093C soc2@53.781C soc0@53.406C gpu@54.656C tj@55.093C soc1@54.781C VDD_IN 9674mW/9057mW VDD_CPU_GPU_CV 3345mW/2785mW VDD_SOC 2641mW/2680mW
09-27-2026 09:53:38 RAM 3766/7620MB (lfb 102x4MB) SWAP 503/12002MB (cached 0MB) CPU [52%@1728,27%@1728,25%@1728,51%@1728,100%@1728,71%@1728] GR3D_FREQ 0% cpu@55.437C soc2@53.562C soc0@53.25C gpu@55.031C tj@55.437C soc1@54.656C VDD_IN 9398mW/9061mW VDD_CPU_GPU_CV 3306mW/2790mW VDD_SOC 2601mW/2680mW
09-27-2026 09:53:38 RAM 3612/7620MB (lfb 139x4MB) SWAP 503/12002MB (cached 0MB) CPU [11%@1728,11%@1728,1%@1728,9%@1728,100%@1728,13%@1728] GR3D_FREQ 0% cpu@54.968C soc2@53.625C soc0@53.375C gpu@54.718C tj@54.968C soc1@54.593C VDD_IN 9121mW/9061mW VDD_CPU_GPU_CV 2755mW/2789mW VDD_SOC 2685mW/2680mW
09-27-2026 09:53:39 RAM 3682/7620MB (lfb 122x4MB) SWAP 503/12002MB (cached 0MB) CPU [0%@1728,0%@1728,0%@1728,0%@1728,58%@1728,0%@1728] GR3D_FREQ 59% cpu@54.531C soc2@53.781C soc0@53.406C gpu@55.718C tj@55.718C soc1@54.593C VDD_IN 12378mW/9093mW VDD_CPU_GPU_CV 5131mW/2811mW VDD_SOC 3143mW/2684mW
09-27-2026 09:53:39 RAM 3764/7620MB (lfb 102x4MB) SWAP 503/12002MB (cached 0MB) CPU [28%@1728,27%@1728,26%@1728,28%@1728,96%@1728,28%@1728] GR3D_FREQ 0% cpu@55.125C soc2@53.687C soc0@53.406C gpu@54.937C tj@55.125C soc1@54.843C VDD_IN 10368mW/9104mW VDD_CPU_GPU_CV 3811mW/2821mW VDD_SOC 2794mW/2685mW
09-27-2026 09:53:40 RAM 3764/7620MB (lfb 103x4MB) SWAP 503/12002MB (cached 0MB) CPU [34%@1728,35%@1728,32%@1728,33%@1728,100%@1728,35%@1728] GR3D_FREQ 0% cpu@55.5C soc2@53.718C soc0@53.187C gpu@54.843C tj@55.5C soc1@54.812C VDD_IN 9635mW/9109mW VDD_CPU_GPU_CV 3306mW/2825mW VDD_SOC 2680mW/2685mW
09-27-2026 09:53:40 RAM 3477/7620MB (lfb 160x4MB) SWAP 503/12002MB (cached 0MB) CPU [20%@1728,18%@1728,18%@1728,22%@1728,98%@1728,18%@1728] GR3D_FREQ 8% cpu@54.781C soc2@53.687C soc0@53.437C gpu@54.906C tj@54.906C soc1@54.718C VDD_IN 9793mW/9116mW VDD_CPU_GPU_CV 3266mW/2829mW VDD_SOC 2799mW/2686mW
09-27-2026 09:53:41 RAM 3994/7620MB (lfb 132x4MB) SWAP 503/12002MB (cached 0MB) CPU [0%@1728,0%@1728,0%@1728,0%@1728,60%@1728,0%@1728] GR3D_FREQ 99% cpu@54.812C soc2@54.031C soc0@53.5C gpu@57.093C tj@57.093C soc1@54.593C VDD_IN 13888mW/9159mW VDD_CPU_GPU_CV 5777mW/2856mW VDD_SOC 3720mW/2695mW
09-27-2026 09:53:41 RAM 3994/7620MB (lfb 132x4MB) SWAP 503/12002MB (cached 0MB) CPU [0%@1728,0%@1728,1%@1728,0%@1728,20%@1728,0%@1728] GR3D_FREQ 99% cpu@54.968C soc2@54.531C soc0@53.625C gpu@57.718C tj@57.718C soc1@54.906C VDD_IN 18638mW/9244mW VDD_CPU_GPU_CV 8736mW/2909mW VDD_SOC 4747mW/2714mW
09-27-2026 09:53:42 RAM 3994/7620MB (lfb 132x4MB) SWAP 503/12002MB (cached 0MB) CPU [0%@1728,0%@1728,0%@1728,0%@1728,25%@1728,0%@1728] GR3D_FREQ 66% cpu@55.593C soc2@54.843C soc0@53.718C gpu@57.718C tj@58C soc1@55C VDD_IN 19929mW/9340mW VDD_CPU_GPU_CV 9455mW/2967mW VDD_SOC 5041mW/2735mW
09-27-2026 09:53:42 RAM 3994/7620MB (lfb 132x4MB) SWAP 503/12002MB (cached 0MB) CPU [2%@1728,0%@1728,0%@1728,0%@1728,17%@1728,0%@1728] GR3D_FREQ 99% cpu@55.843C soc2@54.968C soc0@53.843C gpu@58.093C tj@58.093C soc1@54.968C VDD_IN 20400mW/9438mW VDD_CPU_GPU_CV 9824mW/3028mW VDD_SOC 5119mW/2756mW
09-27-2026 09:53:43 RAM 3994/7620MB (lfb 132x4MB) SWAP 503/12002MB (cached 0MB) CPU [1%@1728,0%@1728,0%@1728,0%@1728,22%@1728,0%@1728] GR3D_FREQ 99% cpu@55.812C soc2@55.25C soc0@54.281C gpu@58.593C tj@58.593C soc1@55.062C VDD_IN 20788mW/9537mW VDD_CPU_GPU_CV 10116mW/3090mW VDD_SOC 5188mW/2777mW
09-27-2026 09:53:44 RAM 3994/7620MB (lfb 132x4MB) SWAP 503/12002MB (cached 0MB) CPU [0%@1728,0%@1728,0%@1728,1%@1728,23%@1728,0%@1728] GR3D_FREQ 99% cpu@55.812C soc2@55.375C soc0@54.187C gpu@59.187C tj@59.187C soc1@55.156C VDD_IN 20749mW/9635mW VDD_CPU_GPU_CV 10094mW/3151mW VDD_SOC 5188mW/2798mW
09-27-2026 09:53:44 RAM 3994/7620MB (lfb 132x4MB) SWAP 503/12002MB (cached 0MB) CPU [0%@1728,0%@1728,0%@1728,0%@1728,23%@1728,0%@1728] GR3D_FREQ 99% cpu@56.25C soc2@55.5C soc0@54.406C gpu@59.031C tj@59.031C soc1@55.531C VDD_IN 20633mW/9730mW VDD_CPU_GPU_CV 9901mW/3209mW VDD_SOC 5149mW/2818mW
09-27-2026 09:53:45 RAM 3994/7620MB (lfb 132x4MB) SWAP 503/12002MB (cached 0MB) CPU [1%@1728,0%@1728,0%@1728,0%@1728,22%@1728,0%@1728] GR3D_FREQ 68% cpu@56.281C soc2@55.531C soc0@54.531C gpu@59.062C tj@59.062C soc1@55.5C VDD_IN 20555mW/9822mW VDD_CPU_GPU_CV 9824mW/3266mW VDD_SOC 5149mW/2838mW
09-27-2026 09:53:45 RAM 3994/7620MB (lfb 132x4MB) SWAP 503/12002MB (cached 0MB) CPU [0%@1728,0%@1728,0%@1728,0%@1728,19%@1728,0%@1728] GR3D_FREQ 99% cpu@56.343C soc2@55.812C soc0@54.562C gpu@59.281C tj@59.281C soc1@55.625C VDD_IN 20671mW/9914mW VDD_CPU_GPU_CV 10017mW/3323mW VDD_SOC 5188mW/2858mW
09-27-2026 09:53:46 RAM 3994/7620MB (lfb 132x4MB) SWAP 503/12002MB (cached 0MB) CPU [2%@1728,1%@1728,1%@1728,0%@1728,23%@1728,0%@1728] GR3D_FREQ 99% cpu@56.281C soc2@56C soc0@54.812C gpu@59.25C tj@59.25C soc1@55.593C VDD_IN 20865mW/10006mW VDD_CPU_GPU_CV 10192mW/3381mW VDD_SOC 5188mW/2878mW
09-27-2026 09:53:46 RAM 3994/7620MB (lfb 132x4MB) SWAP 503/12002MB (cached 0MB) CPU [0%@1728,0%@1728,0%@1728,0%@1728,22%@1728,0%@1728] GR3D_FREQ 99% cpu@56.781C soc2@56C soc0@54.843C gpu@59.281C tj@59.281C soc1@55.812C VDD_IN 20749mW/10096mW VDD_CPU_GPU_CV 10039mW/3436mW VDD_SOC 5188mW/2897mW
09-27-2026 09:53:47 RAM 3994/7620MB (lfb 132x4MB) SWAP 503/12002MB (cached 0MB) CPU [0%@1728,0%@1728,0%@1728,1%@1728,23%@1728,0%@1728] GR3D_FREQ 97% cpu@56.468C soc2@56.031C soc0@54.875C gpu@59.625C tj@59.625C soc1@55.75C VDD_IN 20594mW/10182mW VDD_CPU_GPU_CV 9940mW/3490mW VDD_SOC 5149mW/2916mW
09-27-2026 09:53:47 RAM 3994/7620MB (lfb 132x4MB) SWAP 503/12002MB (cached 0MB) CPU [0%@1728,0%@1728,1%@1728,0%@1728,23%@1728,0%@1728] GR3D_FREQ 77% cpu@57.031C soc2@56.156C soc0@54.906C gpu@59C tj@59C soc1@55.875C VDD_IN 20633mW/10268mW VDD_CPU_GPU_CV 9901mW/3543mW VDD_SOC 5149mW/2934mW
09-27-2026 09:53:48 RAM 3994/7620MB (lfb 132x4MB) SWAP 503/12002MB (cached 0MB) CPU [0%@1728,0%@1728,0%@1728,0%@1728,17%@1728,0%@1728] GR3D_FREQ 90% cpu@56.687C soc2@56.343C soc0@55.25C gpu@60.031C tj@60.031C soc1@55.968C VDD_IN 20788mW/10354mW VDD_CPU_GPU_CV 10077mW/3596mW VDD_SOC 5188mW/2952mW
09-27-2026 09:53:48 RAM 3994/7620MB (lfb 132x4MB) SWAP 503/12002MB (cached 0MB) CPU [0%@1728,0%@1728,0%@1728,0%@1728,20%@1728,0%@1728] GR3D_FREQ 99% cpu@56.781C soc2@56.343C soc0@55.125C gpu@60C tj@60C soc1@56.031C VDD_IN 20865mW/10438mW VDD_CPU_GPU_CV 10192mW/3649mW VDD_SOC 5188mW/2970mW
09-27-2026 09:53:49 RAM 3995/7620MB (lfb 132x4MB) SWAP 503/12002MB (cached 0MB) CPU [0%@1728,0%@1728,0%@1728,1%@1728,22%@1728,0%@1728] GR3D_FREQ 99% cpu@56.781C soc2@56.5C soc0@55.218C gpu@59.75C tj@59.75C soc1@56.218C VDD_IN 20749mW/10521mW VDD_CPU_GPU_CV 10039mW/3700mW VDD_SOC 5188mW/2988mW
09-27-2026 09:53:49 RAM 3995/7620MB (lfb 132x4MB) SWAP 503/12002MB (cached 0MB) CPU [0%@1728,0%@1728,1%@1728,0%@1728,23%@1728,0%@1728] GR3D_FREQ 97% cpu@57.25C soc2@56.562C soc0@55.343C gpu@59.687C tj@59.687C soc1@56.218C VDD_IN 20633mW/10601mW VDD_CPU_GPU_CV 9901mW/3749mW VDD_SOC 5149mW/3005mW
09-27-2026 09:53:50 RAM 3995/7620MB (lfb 132x4MB) SWAP 503/12002MB (cached 0MB) CPU [0%@1728,1%@1728,3%@1728,0%@1728,20%@1728,0%@1728] GR3D_FREQ 77% cpu@57.125C soc2@56.687C soc0@55.656C gpu@59.781C tj@59.781C soc1@56.218C VDD_IN 20710mW/10681mW VDD_CPU_GPU_CV 9962mW/3798mW VDD_SOC 5188mW/3022mW
09-27-2026 09:53:50 RAM 3995/7620MB (lfb 132x4MB) SWAP 503/12002MB (cached 0MB) CPU [0%@1728,0%@1728,0%@1728,0%@1728,18%@1728,0%@1728] GR3D_FREQ 98% cpu@57.125C soc2@56.75C soc0@55.656C gpu@60.031C tj@60.031C soc1@56.437C VDD_IN 20788mW/10760mW VDD_CPU_GPU_CV 10077mW/3847mW VDD_SOC 5188mW/3039mW
09-27-2026 09:53:51 RAM 3995/7620MB (lfb 132x4MB) SWAP 503/12002MB (cached 0MB) CPU [2%@1728,0%@1728,0%@1728,1%@1728,23%@1728,0%@1728] GR3D_FREQ 99% cpu@57.25C soc2@56.843C soc0@55.687C gpu@60.468C tj@60.468C soc1@56.531C VDD_IN 20827mW/10838mW VDD_CPU_GPU_CV 10154mW/3896mW VDD_SOC 5188mW/3056mW
09-27-2026 09:53:51 RAM 3995/7620MB (lfb 132x4MB) SWAP 503/12002MB (cached 0MB) CPU [1%@1728,1%@1728,0%@1728,4%@1728,20%@1728,0%@1728] GR3D_FREQ 99% cpu@57.593C soc2@56.781C soc0@55.75C gpu@60.437C tj@60.437C soc1@56.562C VDD_IN 20749mW/10914mW VDD_CPU_GPU_CV 10000mW/3943mW VDD_SOC 5188mW/3072mW
09-27-2026 09:53:52 RAM 3995/7620MB (lfb 132x4MB) SWAP 503/12002MB (cached 0MB) CPU [2%@1728,1%@1728,0%@1728,1%@1728,25%@1728,0%@1728] GR3D_FREQ 67% cpu@57.531C soc2@57.093C soc0@55.75C gpu@60.062C tj@60.062C soc1@56.593C VDD_IN 20594mW/10988mW VDD_CPU_GPU_CV 9846mW/3988mW VDD_SOC 5149mW/3088mW
09-27-2026 09:53:52 RAM 3995/7620MB (lfb 132x4MB) SWAP 503/12002MB (cached 0MB) CPU [0%@1728,0%@1728,1%@1728,0%@1728,19%@1728,0%@1728] GR3D_FREQ 96% cpu@57.468C soc2@57.062C soc0@55.968C gpu@60.25C tj@60.25C soc1@56.531C VDD_IN 20710mW/11061mW VDD_CPU_GPU_CV 10000mW/4034mW VDD_SOC 5188mW/3104mW
09-27-2026 09:53:53 RAM 4001/7620MB (lfb 132x4MB) SWAP 503/12002MB (cached 0MB) CPU [20%@1728,37%@1728,14%@1728,14%@1728,25%@1728,16%@1728] GR3D_FREQ 99% cpu@57.875C soc2@57.25C soc0@56.062C gpu@60.468C tj@60.468C soc1@56.937C VDD_IN 21176mW/11137mW VDD_CPU_GPU_CV 10231mW/4080mW VDD_SOC 5141mW/3119mW
09-27-2026 09:53:53 RAM 4001/7620MB (lfb 132x4MB) SWAP 503/12002MB (cached 0MB) CPU [0%@1728,0%@1728,0%@1728,0%@1728,22%@1728,0%@1728] GR3D_FREQ 99% cpu@57.968C soc2@57.187C soc0@56.093C gpu@60.5C tj@60.5C soc1@56.781C VDD_IN 20827mW/11210mW VDD_CPU_GPU_CV 10039mW/4125mW VDD_SOC 5188mW/3135mW
09-27-2026 09:53:54 RAM 4001/7620MB (lfb 132x4MB) SWAP 503/12002MB (cached 0MB) CPU [0%@1728,1%@1728,2%@1728,0%@1728,22%@1728,0%@1728] GR3D_FREQ 97% cpu@57.906C soc2@57.343C soc0@56.156C gpu@60.812C tj@60.812C soc1@56.937C VDD_IN 20710mW/11280mW VDD_CPU_GPU_CV 9940mW/4168mW VDD_SOC 5188mW/3150mW
09-27-2026 09:53:54 RAM 4001/7620MB (lfb 132x4MB) SWAP 503/12002MB (cached 0MB) CPU [0%@1728,0%@1728,0%@1728,0%@1728,22%@1728,0%@1728] GR3D_FREQ 83% cpu@57.875C soc2@57.437C soc0@56.218C gpu@60.625C tj@60.625C soc1@56.968C VDD_IN 20788mW/11350mW VDD_CPU_GPU_CV 9962mW/4210mW VDD_SOC 5188mW/3165mW
09-27-2026 09:53:55 RAM 4001/7620MB (lfb 132x4MB) SWAP 503/12002MB (cached 0MB) CPU [0%@1728,0%@1728,0%@1728,0%@1728,18%@1728,0%@1728] GR3D_FREQ 99% cpu@57.875C soc2@57.5C soc0@56.375C gpu@60.843C tj@60.843C soc1@57C VDD_IN 20788mW/11419mW VDD_CPU_GPU_CV 10077mW/4253mW VDD_SOC 5188mW/3180mW
09-27-2026 09:53:55 RAM 4001/7620MB (lfb 132x4MB) SWAP 503/12002MB (cached 0MB) CPU [0%@1728,0%@1728,0%@1728,0%@1728,22%@1728,0%@1728] GR3D_FREQ 99% cpu@58.125C soc2@57.5C soc0@56.312C gpu@60.968C tj@60.968C soc1@57.187C VDD_IN 20827mW/11487mW VDD_CPU_GPU_CV 10116mW/4296mW VDD_SOC 5188mW/3194mW
09-27-2026 09:53:56 RAM 4001/7620MB (lfb 132x4MB) SWAP 503/12002MB (cached 0MB) CPU [0%@1728,0%@1728,1%@1728,3%@1728,25%@1728,0%@1728] GR3D_FREQ 99% cpu@58.062C soc2@57.562C soc0@56.406C gpu@60.906C tj@60.906C soc1@57.218C VDD_IN 20710mW/11554mW VDD_CPU_GPU_CV 10039mW/4337mW VDD_SOC 5188mW/3209mW
09-27-2026 09:53:56 RAM 4001/7620MB (lfb 132x4MB) SWAP 503/12002MB (cached 0MB) CPU [0%@1728,0%@1728,0%@1728,0%@1728,20%@1728,0%@1728] GR3D_FREQ 67% cpu@58.156C soc2@57.656C soc0@56.656C gpu@60.656C tj@60.656C soc1@57.281C VDD_IN 20633mW/11618mW VDD_CPU_GPU_CV 9885mW/4377mW VDD_SOC 5188mW/3223mW
09-27-2026 09:53:57 RAM 4001/7620MB (lfb 132x4MB) SWAP 503/12002MB (cached 0MB) CPU [0%@1728,1%@1728,1%@1728,1%@1728,18%@1728,0%@1728] GR3D_FREQ 99% cpu@58.187C soc2@57.75C soc0@56.656C gpu@60.968C tj@60.968C soc1@57.312C VDD_IN 20671mW/11683mW VDD_CPU_GPU_CV 9923mW/4416mW VDD_SOC 5188mW/3237mW
09-27-2026 09:53:57 RAM 4001/7620MB (lfb 132x4MB) SWAP 503/12002MB (cached 0MB) CPU [0%@1728,0%@1728,0%@1728,0%@1728,23%@1728,0%@1728] GR3D_FREQ 99% cpu@58.531C soc2@57.75C soc0@56.625C gpu@61.406C tj@61.406C soc1@57.468C VDD_IN 20904mW/11748mW VDD_CPU_GPU_CV 10154mW/4456mW VDD_SOC 5188mW/3251mW
09-27-2026 09:53:58 RAM 4001/7620MB (lfb 132x4MB) SWAP 503/12002MB (cached 0MB) CPU [0%@1728,0%@1728,0%@1728,0%@1728,20%@1728,0%@1728] GR3D_FREQ 99% cpu@58.406C soc2@57.875C soc0@56.781C gpu@61.406C tj@61.406C soc1@57.531C VDD_IN 20788mW/11811mW VDD_CPU_GPU_CV 10077mW/4496mW VDD_SOC 5188mW/3264mW
09-27-2026 09:53:58 RAM 4001/7620MB (lfb 132x4MB) SWAP 503/12002MB (cached 0MB) CPU [0%@1728,0%@1728,0%@1728,0%@1728,22%@1728,0%@1728] GR3D_FREQ 99% cpu@58.468C soc2@58.062C soc0@56.906C gpu@61.312C tj@61.312C soc1@57.531C VDD_IN 20710mW/11873mW VDD_CPU_GPU_CV 9962mW/4534mW VDD_SOC 5188mW/3277mW
09-27-2026 09:53:59 RAM 4001/7620MB (lfb 132x4MB) SWAP 503/12002MB (cached 0MB) CPU [0%@1728,0%@1728,1%@1728,0%@1728,22%@1728,0%@1728] GR3D_FREQ 77% cpu@58.593C soc2@57.937C soc0@56.906C gpu@61.093C tj@61.093C soc1@57.5C VDD_IN 20633mW/11933mW VDD_CPU_GPU_CV 9863mW/4570mW VDD_SOC 5188mW/3291mW
09-27-2026 09:53:59 RAM 4001/7620MB (lfb 132x4MB) SWAP 503/12002MB (cached 0MB) CPU [0%@1728,0%@1728,1%@1728,0%@1728,16%@1728,0%@1728] GR3D_FREQ 91% cpu@58.562C soc2@58.125C soc0@57C gpu@61.281C tj@61.281C soc1@57.687C VDD_IN 20788mW/11994mW VDD_CPU_GPU_CV 10077mW/4608mW VDD_SOC 5188mW/3304mW
09-27-2026 09:54:00 RAM 4001/7620MB (lfb 132x4MB) SWAP 503/12002MB (cached 0MB) CPU [1%@1728,1%@1728,0%@1728,1%@1728,25%@1728,0%@1728] GR3D_FREQ 99% cpu@58.718C soc2@58.187C soc0@56.937C gpu@61.718C tj@61.718C soc1@57.656C VDD_IN 20865mW/12054mW VDD_CPU_GPU_CV 10154mW/4646mW VDD_SOC 5188mW/3316mW
09-27-2026 09:54:00 RAM 4001/7620MB (lfb 132x4MB) SWAP 503/12002MB (cached 0MB) CPU [0%@1728,0%@1728,0%@1728,0%@1728,25%@1728,0%@1728] GR3D_FREQ 99% cpu@58.718C soc2@58.25C soc0@57.25C gpu@61.531C tj@61.531C soc1@57.75C VDD_IN 20749mW/12113mW VDD_CPU_GPU_CV 10000mW/4682mW VDD_SOC 5188mW/3329mW
09-27-2026 09:54:01 RAM 4001/7620MB (lfb 132x4MB) SWAP 503/12002MB (cached 0MB) CPU [0%@1728,0%@1728,0%@1728,0%@1728,22%@1728,0%@1728] GR3D_FREQ 95% cpu@58.812C soc2@58.25C soc0@57.218C gpu@61.625C tj@61.625C soc1@57.718C VDD_IN 20633mW/12170mW VDD_CPU_GPU_CV 9846mW/4717mW VDD_SOC 5188mW/3342mW
09-27-2026 09:54:01 RAM 4001/7620MB (lfb 132x4MB) SWAP 503/12002MB (cached 0MB) CPU [1%@1728,0%@1728,0%@1728,0%@1728,20%@1728,0%@1728] GR3D_FREQ 77% cpu@58.687C soc2@58.343C soc0@57.281C gpu@61.531C tj@61.531C soc1@58.031C VDD_IN 20710mW/12227mW VDD_CPU_GPU_CV 9962mW/4752mW VDD_SOC 5188mW/3354mW
09-27-2026 09:54:02 RAM 4001/7620MB (lfb 132x4MB) SWAP 503/12002MB (cached 0MB) CPU [0%@1728,0%@1728,1%@1728,2%@1728,19%@1728,0%@1728] GR3D_FREQ 94% cpu@59.062C soc2@58.406C soc0@57.281C gpu@61.812C tj@61.812C soc1@58.125C VDD_IN 20792mW/12284mW VDD_CPU_GPU_CV 10116mW/4787mW VDD_SOC 5188mW/3366mW
09-27-2026 09:54:02 RAM 4001/7620MB (lfb 132x4MB) SWAP 503/12002MB (cached 0MB) CPU [0%@1728,0%@1728,0%@1728,3%@1728,25%@1728,0%@1728] GR3D_FREQ 99% cpu@59.031C soc2@58.406C soc0@57.562C gpu@61.718C tj@61.718C soc1@58.031C VDD_IN 20865mW/12340mW VDD_CPU_GPU_CV 10116mW/4822mW VDD_SOC 5227mW/3378mW
09-27-2026 09:54:03 RAM 4001/7620MB (lfb 132x4MB) SWAP 503/12002MB (cached 0MB) CPU [0%@1728,0%@1728,0%@1728,1%@1728,24%@1728,0%@1728] GR3D_FREQ 99% cpu@59.093C soc2@58.593C soc0@57.406C gpu@61.906C tj@61.906C soc1@58.156C VDD_IN 20749mW/12395mW VDD_CPU_GPU_CV 9962mW/4856mW VDD_SOC 5188mW/3390mW
09-27-2026 09:54:03 RAM 4001/7620MB (lfb 132x4MB) SWAP 503/12002MB (cached 0MB) CPU [0%@1728,0%@1728,0%@1728,0%@1728,23%@1728,0%@1728] GR3D_FREQ 80% cpu@59.062C soc2@58.531C soc0@57.468C gpu@61.531C tj@61.531C soc1@58.375C VDD_IN 20633mW/12448mW VDD_CPU_GPU_CV 9808mW/4888mW VDD_SOC 5188mW/3402mW
09-27-2026 09:54:04 RAM 4001/7620MB (lfb 132x4MB) SWAP 503/12002MB (cached 0MB) CPU [0%@1728,1%@1728,0%@1728,0%@1728,20%@1728,0%@1728] GR3D_FREQ 92% cpu@59.406C soc2@58.625C soc0@57.531C gpu@61.843C tj@61.843C soc1@58.281C VDD_IN 20749mW/12502mW VDD_CPU_GPU_CV 9923mW/4920mW VDD_SOC 5188mW/3413mW
09-27-2026 09:54:04 RAM 4001/7620MB (lfb 132x4MB) SWAP 503/12002MB (cached 0MB) CPU [1%@1728,0%@1728,0%@1728,0%@1728,22%@1728,0%@1728] GR3D_FREQ 99% cpu@59.312C soc2@58.656C soc0@57.625C gpu@62.156C tj@62.156C soc1@58.375C VDD_IN 20870mW/12556mW VDD_CPU_GPU_CV 10192mW/4954mW VDD_SOC 5227mW/3425mW
09-27-2026 09:54:05 RAM 4001/7620MB (lfb 132x4MB) SWAP 503/12002MB (cached 0MB) CPU [1%@1728,1%@1728,0%@1728,1%@1728,22%@1728,0%@1728] GR3D_FREQ 99% cpu@59.406C soc2@58.781C soc0@57.781C gpu@62.125C tj@62.125C soc1@58.375C VDD_IN 20788mW/12608mW VDD_CPU_GPU_CV 10000mW/4986mW VDD_SOC 5188mW/3436mW
09-27-2026 09:54:05 RAM 4001/7620MB (lfb 132x4MB) SWAP 503/12002MB (cached 0MB) CPU [0%@1728,0%@1728,0%@1728,0%@1728,23%@1728,0%@1728] GR3D_FREQ 97% cpu@59.218C soc2@58.843C soc0@57.812C gpu@62.125C tj@62.125C soc1@58.406C VDD_IN 20671mW/12659mW VDD_CPU_GPU_CV 9885mW/5017mW VDD_SOC 5188mW/3447mW
09-27-2026 09:54:06 RAM 4001/7620MB (lfb 132x4MB) SWAP 503/12002MB (cached 0MB) CPU [0%@1728,0%@1728,0%@1728,1%@1728,22%@1728,0%@1728] GR3D_FREQ 77% cpu@59.687C soc2@58.937C soc0@57.812C gpu@61.75C tj@61.75C soc1@58.562C VDD_IN 20710mW/12710mW VDD_CPU_GPU_CV 9923mW/5048mW VDD_SOC 5188mW/3458mW
09-27-2026 09:54:06 RAM 4001/7620MB (lfb 132x4MB) SWAP 503/12002MB (cached 0MB) CPU [0%@1728,1%@1728,0%@1728,0%@1728,10%@1728,0%@1728] GR3D_FREQ 0% cpu@58.968C soc2@58.687C soc0@57.875C gpu@60.375C tj@60.375C soc1@58.531C VDD_IN 16474mW/12733mW VDD_CPU_GPU_CV 7291mW/5062mW VDD_SOC 4326mW/3464mW
09-27-2026 09:54:07 RAM 4001/7620MB (lfb 132x4MB) SWAP 503/12002MB (cached 0MB) CPU [0%@1728,0%@1728,0%@1728,0%@1728,0%@1728,1%@1728] GR3D_FREQ 0% cpu@58.718C soc2@58.093C soc0@57.687C gpu@59.75C tj@59.75C soc1@58.5C VDD_IN 10171mW/12717mW VDD_CPU_GPU_CV 3300mW/5051mW VDD_SOC 3070mW/3461mW
09-27-2026 09:54:07 RAM 4001/7620MB (lfb 132x4MB) SWAP 503/12002MB (cached 0MB) CPU [0%@1728,0%@1728,0%@1728,0%@1728,0%@1728,0%@1728] GR3D_FREQ 0% cpu@58.187C soc2@57.718C soc0@57.5C gpu@59.218C tj@59.218C soc1@58.375C VDD_IN 8266mW/12690mW VDD_CPU_GPU_CV 2128mW/5033mW VDD_SOC 2685mW/3456mW
09-27-2026 09:54:08 RAM 4001/7620MB (lfb 132x4MB) SWAP 503/12002MB (cached 0MB) CPU [0%@1728,0%@1728,0%@1728,0%@1728,0%@1728,0%@1728] GR3D_FREQ 0% cpu@58C soc2@57.437C soc0@57.281C gpu@58.968C tj@58.968C soc1@58.468C VDD_IN 7712mW/12659mW VDD_CPU_GPU_CV 1776mW/5013mW VDD_SOC 2606mW/3451mW
09-27-2026 09:54:08 RAM 4001/7620MB (lfb 132x4MB) SWAP 503/12002MB (cached 0MB) CPU [0%@1728,0%@1728,0%@1728,0%@1728,0%@1728,0%@1728] GR3D_FREQ 0% cpu@57.968C soc2@57.312C soc0@57.156C gpu@58.781C tj@58.781C soc1@58.312C VDD_IN 7554mW/12628mW VDD_CPU_GPU_CV 1658mW/4993mW VDD_SOC 2610mW/3446mW
09-27-2026 09:54:09 RAM 4001/7620MB (lfb 132x4MB) SWAP 503/12002MB (cached 0MB) CPU [0%@1728,0%@1728,1%@1728,1%@1728,0%@1728,0%@1728] GR3D_FREQ 0% cpu@57.843C soc2@57.281C soc0@57.187C gpu@58.562C tj@58.562C soc1@58.187C VDD_IN 7514mW/12597mW VDD_CPU_GPU_CV 1619mW/4972mW VDD_SOC 2570mW/3441mW
09-27-2026 09:54:09 RAM 4001/7620MB (lfb 132x4MB) SWAP 503/12002MB (cached 0MB) CPU [0%@1728,0%@1728,0%@1728,0%@1728,0%@1728,0%@1728] GR3D_FREQ 0% cpu@57.562C soc2@57.156C soc0@56.968C gpu@58.875C tj@58.875C soc1@58.125C VDD_IN 7514mW/12567mW VDD_CPU_GPU_CV 1619mW/4952mW VDD_SOC 2610mW/3436mW
09-27-2026 09:54:10 RAM 4001/7620MB (lfb 132x4MB) SWAP 503/12002MB (cached 0MB) CPU [0%@1728,0%@1728,0%@1728,0%@1728,0%@1728,0%@1728] GR3D_FREQ 0% cpu@57.75C soc2@57C soc0@56.843C gpu@58.468C tj@58.468C soc1@58.218C VDD_IN 7487mW/12536mW VDD_CPU_GPU_CV 1619mW/4932mW VDD_SOC 2570mW/3430mW
09-27-2026 09:54:10 RAM 4001/7620MB (lfb 132x4MB) SWAP 503/12002MB (cached 0MB) CPU [0%@1728,0%@1728,0%@1728,1%@1728,0%@1728,0%@1728] GR3D_FREQ 0% cpu@57.531C soc2@56.937C soc0@56.781C gpu@58.281C tj@58.281C soc1@57.968C VDD_IN 7475mW/12506mW VDD_CPU_GPU_CV 1619mW/4913mW VDD_SOC 2570mW/3425mW
09-27-2026 09:54:11 RAM 4001/7620MB (lfb 132x4MB) SWAP 503/12002MB (cached 0MB) CPU [0%@1728,0%@1728,0%@1728,0%@1728,0%@1728,0%@1728] GR3D_FREQ 0% cpu@57.343C soc2@56.875C soc0@56.781C gpu@58.218C tj@58.218C soc1@57.968C VDD_IN 7487mW/12476mW VDD_CPU_GPU_CV 1619mW/4893mW VDD_SOC 2570mW/3420mW
09-27-2026 09:54:11 RAM 4001/7620MB (lfb 132x4MB) SWAP 503/12002MB (cached 0MB) CPU [3%@1728,0%@1728,0%@1728,0%@1728,0%@1728,0%@1728] GR3D_FREQ 0% cpu@57.25C soc2@56.812C soc0@56.75C gpu@58.5C tj@58.5C soc1@57.781C VDD_IN 7487mW/12447mW VDD_CPU_GPU_CV 1619mW/4874mW VDD_SOC 2570mW/3415mW
09-27-2026 09:54:12 RAM 4001/7620MB (lfb 132x4MB) SWAP 503/12002MB (cached 0MB) CPU [0%@1728,3%@1728,0%@1728,0%@1728,0%@1728,0%@1728] GR3D_FREQ 0% cpu@57.062C soc2@56.718C soc0@56.562C gpu@58.25C tj@58.25C soc1@57.937C VDD_IN 7475mW/12418mW VDD_CPU_GPU_CV 1619mW/4855mW VDD_SOC 2570mW/3410mW
09-27-2026 09:54:12 RAM 4001/7620MB (lfb 132x4MB) SWAP 503/12002MB (cached 0MB) CPU [0%@1728,0%@1728,0%@1728,0%@1728,0%@1728,0%@1728] GR3D_FREQ 0% cpu@57.25C soc2@56.718C soc0@56.437C gpu@58C tj@58C soc1@57.812C VDD_IN 7475mW/12389mW VDD_CPU_GPU_CV 1619mW/4836mW VDD_SOC 2570mW/3405mW
09-27-2026 09:54:13 RAM 4001/7620MB (lfb 132x4MB) SWAP 503/12002MB (cached 0MB) CPU [0%@1728,1%@1728,3%@1728,0%@1728,0%@1728,0%@1728] GR3D_FREQ 0% cpu@57.062C soc2@56.625C soc0@56.406C gpu@58C tj@58C soc1@57.656C VDD_IN 7475mW/12361mW VDD_CPU_GPU_CV 1619mW/4817mW VDD_SOC 2531mW/3400mW
09-27-2026 09:54:13 RAM 4001/7620MB (lfb 132x4MB) SWAP 503/12002MB (cached 0MB) CPU [0%@1728,0%@1728,0%@1728,0%@1728,0%@1728,0%@1728] GR3D_FREQ 0% cpu@57.125C soc2@56.406C soc0@56.406C gpu@57.812C tj@57.812C soc1@57.562C VDD_IN 7447mW/12333mW VDD_CPU_GPU_CV 1619mW/4799mW VDD_SOC 2531mW/3395mW
09-27-2026 09:54:14 RAM 4001/7620MB (lfb 132x4MB) SWAP 503/12002MB (cached 0MB) CPU [0%@1728,0%@1728,0%@1728,0%@1728,0%@1728,0%@1728] GR3D_FREQ 0% cpu@56.781C soc2@56.468C soc0@56.218C gpu@57.656C tj@57.687C soc1@57.687C VDD_IN 7447mW/12305mW VDD_CPU_GPU_CV 1619mW/4781mW VDD_SOC 2531mW/3390mW
09-27-2026 09:54:14 RAM 4001/7620MB (lfb 132x4MB) SWAP 503/12002MB (cached 0MB) CPU [0%@1728,0%@1728,0%@1728,0%@1728,0%@1728,0%@1728] GR3D_FREQ 0% cpu@57.031C soc2@56.312C soc0@56.187C gpu@58.062C tj@58.062C soc1@57.5C VDD_IN 7447mW/12277mW VDD_CPU_GPU_CV 1619mW/4763mW VDD_SOC 2531mW/3386mW
09-27-2026 09:54:15 RAM 4001/7620MB (lfb 132x4MB) SWAP 503/12002MB (cached 0MB) CPU [0%@1728,1%@1728,0%@1728,0%@1728,0%@1728,0%@1728] GR3D_FREQ 0% cpu@56.906C soc2@56.468C soc0@56.437C gpu@57.718C tj@57.718C soc1@57.437C VDD_IN 7447mW/12250mW VDD_CPU_GPU_CV 1619mW/4745mW VDD_SOC 2531mW/3381mW
09-27-2026 09:54:15 RAM 4001/7620MB (lfb 132x4MB) SWAP 503/12002MB (cached 0MB) CPU [2%@1728,0%@1728,0%@1728,0%@1728,0%@1728,0%@1728] GR3D_FREQ 0% cpu@56.656C soc2@56.187C soc0@56.062C gpu@57.531C tj@57.531C soc1@57.468C VDD_IN 7487mW/12223mW VDD_CPU_GPU_CV 1619mW/4728mW VDD_SOC 2491mW/3376mW
09-27-2026 09:54:16 RAM 4001/7620MB (lfb 132x4MB) SWAP 503/12002MB (cached 0MB) CPU [0%@1728,0%@1728,0%@1728,0%@1728,0%@1728,0%@1728] GR3D_FREQ 0% cpu@56.687C soc2@56.187C soc0@55.968C gpu@57.5C tj@57.5C soc1@57.437C VDD_IN 7447mW/12196mW VDD_CPU_GPU_CV 1619mW/4710mW VDD_SOC 2491mW/3371mW
09-27-2026 09:54:16 RAM 4001/7620MB (lfb 132x4MB) SWAP 503/12002MB (cached 0MB) CPU [0%@1728,0%@1728,0%@1728,0%@1728,0%@1728,0%@1728] GR3D_FREQ 0% cpu@56.843C soc2@56.187C soc0@55.968C gpu@57.75C tj@57.75C soc1@57.406C VDD_IN 7447mW/12170mW VDD_CPU_GPU_CV 1619mW/4693mW VDD_SOC 2491mW/3366mW
09-27-2026 09:54:17 RAM 4001/7620MB (lfb 132x4MB) SWAP 503/12002MB (cached 0MB) CPU [0%@1728,0%@1728,0%@1728,0%@1728,0%@1728,0%@1728] GR3D_FREQ 0% cpu@56.468C soc2@56.218C soc0@56C gpu@57.531C tj@57.531C soc1@57.25C VDD_IN 7447mW/12144mW VDD_CPU_GPU_CV 1619mW/4676mW VDD_SOC 2531mW/3361mW
09-27-2026 09:54:17 RAM 4001/7620MB (lfb 132x4MB) SWAP 503/12002MB (cached 0MB) CPU [0%@1728,0%@1728,0%@1728,0%@1728,0%@1728,0%@1728] GR3D_FREQ 0% cpu@56.562C soc2@56C soc0@55.937C gpu@57.343C tj@57.687C soc1@57.218C VDD_IN 7447mW/12118mW VDD_CPU_GPU_CV 1619mW/4659mW VDD_SOC 2491mW/3357mW
09-27-2026 09:54:18 RAM 4001/7620MB (lfb 132x4MB) SWAP 503/12002MB (cached 0MB) CPU [0%@1728,0%@1728,0%@1728,0%@1728,0%@1728,0%@1728] GR3D_FREQ 0% cpu@56.718C soc2@55.875C soc0@55.875C gpu@57.531C tj@57.531C soc1@57.375C VDD_IN 7447mW/12092mW VDD_CPU_GPU_CV 1619mW/4643mW VDD_SOC 2491mW/3352mW
09-27-2026 09:54:18 RAM 4001/7620MB (lfb 132x4MB) SWAP 503/12002MB (cached 0MB) CPU [0%@1728,0%@1728,0%@1728,0%@1728,1%@1728,0%@1728] GR3D_FREQ 0% cpu@56.687C soc2@55.843C soc0@55.781C gpu@57.25C tj@57.25C soc1@57.218C VDD_IN 7447mW/12067mW VDD_CPU_GPU_CV 1619mW/4626mW VDD_SOC 2491mW/3347mW
09-27-2026 09:54:19 RAM 4001/7620MB (lfb 132x4MB) SWAP 503/12002MB (cached 0MB) CPU [0%@1728,0%@1728,0%@1728,0%@1728,0%@1728,0%@1728] GR3D_FREQ 0% cpu@56.468C soc2@55.968C soc0@55.812C gpu@57.031C tj@57.062C soc1@57.062C VDD_IN 7447mW/12042mW VDD_CPU_GPU_CV 1619mW/4610mW VDD_SOC 2491mW/3343mW
09-27-2026 09:54:19 RAM 4001/7620MB (lfb 132x4MB) SWAP 503/12002MB (cached 0MB) CPU [0%@1728,1%@1728,0%@1728,0%@1728,0%@1728,0%@1728] GR3D_FREQ 0% cpu@56.312C soc2@55.812C soc0@55.75C gpu@57.5C tj@57.5C soc1@57.312C VDD_IN 7487mW/12018mW VDD_CPU_GPU_CV 1619mW/4594mW VDD_SOC 2570mW/3338mW
09-27-2026 09:54:20 RAM 4001/7620MB (lfb 132x4MB) SWAP 503/12002MB (cached 0MB) CPU [0%@1728,0%@1728,0%@1728,0%@1728,0%@1728,0%@1728] GR3D_FREQ 0% cpu@56.468C soc2@55.812C soc0@55.625C gpu@57.218C tj@57.218C soc1@57C VDD_IN 7487mW/11994mW VDD_CPU_GPU_CV 1619mW/4578mW VDD_SOC 2570mW/3334mW
09-27-2026 09:54:20 RAM 4001/7620MB (lfb 132x4MB) SWAP 503/12002MB (cached 0MB) CPU [0%@1728,0%@1728,0%@1728,0%@1728,0%@1728,0%@1728] GR3D_FREQ 0% cpu@56.312C soc2@55.687C soc0@55.5C gpu@57.031C tj@57.031C soc1@57C VDD_IN 7487mW/11970mW VDD_CPU_GPU_CV 1619mW/4562mW VDD_SOC 2570mW/3330mW
09-27-2026 09:54:21 RAM 4001/7620MB (lfb 132x4MB) SWAP 503/12002MB (cached 0MB) CPU [0%@1728,0%@1728,0%@1728,0%@1728,0%@1728,0%@1728] GR3D_FREQ 0% cpu@56.25C soc2@55.656C soc0@55.75C gpu@56.937C tj@56.937C soc1@56.906C VDD_IN 7487mW/11946mW VDD_CPU_GPU_CV 1619mW/4547mW VDD_SOC 2570mW/3326mW
09-27-2026 09:54:21 RAM 4001/7620MB (lfb 132x4MB) SWAP 503/12002MB (cached 0MB) CPU [0%@1728,0%@1728,0%@1728,1%@1728,0%@1728,0%@1728] GR3D_FREQ 0% cpu@56.156C soc2@55.625C soc0@55.468C gpu@57.281C tj@57.281C soc1@56.781C VDD_IN 7487mW/11922mW VDD_CPU_GPU_CV 1619mW/4531mW VDD_SOC 2570mW/3322mW
09-27-2026 09:54:22 RAM 4001/7620MB (lfb 132x4MB) SWAP 503/12002MB (cached 0MB) CPU [0%@1728,0%@1728,0%@1728,0%@1728,0%@1728,0%@1728] GR3D_FREQ 0% cpu@56.468C soc2@55.562C soc0@55.343C gpu@56.968C tj@56.968C soc1@56.812C VDD_IN 7487mW/11899mW VDD_CPU_GPU_CV 1619mW/4516mW VDD_SOC 2570mW/3318mW
09-27-2026 09:54:22 RAM 4001/7620MB (lfb 132x4MB) SWAP 503/12002MB (cached 0MB) CPU [0%@1728,0%@1728,0%@1728,0%@1728,0%@1728,0%@1728] GR3D_FREQ 0% cpu@56.031C soc2@55.5C soc0@55.343C gpu@57.093C tj@57.093C soc1@56.781C VDD_IN 7487mW/11876mW VDD_CPU_GPU_CV 1619mW/4501mW VDD_SOC 2570mW/3314mW
09-27-2026 09:54:23 RAM 4001/7620MB (lfb 132x4MB) SWAP 503/12002MB (cached 0MB) CPU [0%@1728,0%@1728,0%@1728,0%@1728,0%@1728,0%@1728] GR3D_FREQ 0% cpu@55.875C soc2@55.562C soc0@55.375C gpu@56.906C tj@56.906C soc1@56.687C VDD_IN 7487mW/11853mW VDD_CPU_GPU_CV 1619mW/4486mW VDD_SOC 2570mW/3310mW
09-27-2026 09:54:23 RAM 4001/7620MB (lfb 132x4MB) SWAP 503/12002MB (cached 0MB) CPU [0%@1728,0%@1728,1%@1728,0%@1728,0%@1728,0%@1728] GR3D_FREQ 0% cpu@55.875C soc2@55.5C soc0@55.343C gpu@56.75C tj@56.812C soc1@56.812C VDD_IN 7487mW/11831mW VDD_CPU_GPU_CV 1619mW/4471mW VDD_SOC 2570mW/3307mW
09-27-2026 09:54:24 RAM 4002/7620MB (lfb 132x4MB) SWAP 503/12002MB (cached 0MB) CPU [0%@1728,2%@1728,1%@1728,0%@1728,0%@1728,0%@1728] GR3D_FREQ 0% cpu@55.937C soc2@55.312C soc0@55.343C gpu@56.562C tj@56.625C soc1@56.625C VDD_IN 7527mW/11809mW VDD_CPU_GPU_CV 1619mW/4457mW VDD_SOC 2570mW/3303mW
09-27-2026 09:54:24 RAM 4001/7620MB (lfb 132x4MB) SWAP 503/12002MB (cached 0MB) CPU [8%@1728,28%@1728,20%@1728,4%@1728,6%@1728,8%@1728] GR3D_FREQ 0% cpu@56.031C soc2@55.437C soc0@55.218C gpu@57C tj@57C soc1@56.687C VDD_IN 7831mW/11789mW VDD_CPU_GPU_CV 1895mW/4443mW VDD_SOC 2531mW/3299mW
09-27-2026 09:54:25 RAM 4001/7620MB (lfb 132x4MB) SWAP 503/12002MB (cached 0MB) CPU [0%@1728,1%@1728,0%@1728,0%@1728,1%@1728,0%@1728] GR3D_FREQ 0% cpu@55.781C soc2@55.406C soc0@55.343C gpu@56.718C tj@56.718C soc1@56.5C VDD_IN 7566mW/11767mW VDD_CPU_GPU_CV 1697mW/4429mW VDD_SOC 2531mW/3295mW
09-27-2026 09:54:25 RAM 4001/7620MB (lfb 132x4MB) SWAP 503/12002MB (cached 0MB) CPU [1%@1728,0%@1728,1%@1728,0%@1728,0%@1728,1%@1728] GR3D_FREQ 0% cpu@55.812C soc2@55.312C soc0@55.156C gpu@56.5C tj@56.656C soc1@56.656C VDD_IN 7487mW/11746mW VDD_CPU_GPU_CV 1619mW/4415mW VDD_SOC 2491mW/3291mW
09-27-2026 09:54:26 RAM 4001/7620MB (lfb 132x4MB) SWAP 503/12002MB (cached 0MB) CPU [0%@1728,0%@1728,0%@1728,0%@1728,0%@1728,0%@1728] GR3D_FREQ 0% cpu@55.906C soc2@55.218C soc0@55.125C gpu@56.562C tj@56.562C soc1@56.562C VDD_IN 7447mW/11724mW VDD_CPU_GPU_CV 1619mW/4401mW VDD_SOC 2531mW/3287mW
09-27-2026 09:54:26 RAM 3796/7620MB (lfb 132x4MB) SWAP 503/12002MB (cached 0MB) CPU [1%@1728,0%@1728,0%@1728,0%@1728,6%@1728,68%@1728] GR3D_FREQ 0% cpu@56.062C soc2@55.218C soc0@55.031C gpu@56.468C tj@56.5C soc1@56.5C VDD_IN 8147mW/11706mW VDD_CPU_GPU_CV 1892mW/4389mW VDD_SOC 2645mW/3284mW
