/usr/local/lib/python3.10/dist-packages/torch/nn/modules/transformer.py:379: UserWarning: enable_nested_tensor is True, but self.use_nested_tensor is False because encoder_layer.norm_first was True
  warnings.warn(
  [final_hsi_encoder.pt] strict load OK, 49 keys, 2,982,912 params
  [final_pc_encoder.pt] strict load OK, 47 keys, 2,908,672 params
[forward] S0: total 2342.9 ms  prep=29.1  patch_build=451.3  hsi_infer=497.3  pc_infer=29.6  assemble=0.0  match=1282.3
[forward] S11b: total 159.5 ms  pc_infer=0.7  prep=27.6  patch_build=7.8  hsi_infer=82.5  assemble=0.3  match=40.3
[reverse] S11b: total 159.4 ms  pc_infer=0.7  prep=27.5  patch_build=7.8  hsi_infer=82.4  assemble=0.3  match=40.2
[reverse] S0: total 2516.5 ms  prep=31.4  patch_build=471.7  hsi_infer=544.1  pc_infer=34.4  assemble=0.1  match=1429.6
{
  "forward": {
    "S0": 1.0,
    "S11b": 14.690932888450275
  },
  "reverse": {
    "S0": 1.0,
    "S11b": 15.790883312495406
  }
}
written -> results/opt_final2_multiscene_24data_10.6_10.json
rc=0
