/usr/local/lib/python3.10/dist-packages/torch/nn/modules/transformer.py:379: UserWarning: enable_nested_tensor is True, but self.use_nested_tensor is False because encoder_layer.norm_first was True
  warnings.warn(
  [final_hsi_encoder.pt] strict load OK, 49 keys, 2,982,912 params
  [final_pc_encoder.pt] strict load OK, 47 keys, 2,908,672 params
[forward] S0: total 2285.9 ms  prep=29.5  patch_build=454.0  hsi_infer=528.9  pc_infer=29.4  assemble=0.0  match=1237.8
[forward] S10: total 169.3 ms  pc_infer=0.9  prep=33.1  patch_build=12.3  hsi_infer=82.4  assemble=0.4  match=40.1
[reverse] S10: total 169.9 ms  pc_infer=0.9  prep=32.7  patch_build=12.4  hsi_infer=82.8  assemble=0.4  match=40.2
[reverse] S0: total 2295.5 ms  prep=28.8  patch_build=475.0  hsi_infer=540.2  pc_infer=32.4  assemble=0.0  match=1217.3
{
  "forward": {
    "S0": 1.0,
    "S10": 13.498424071354679
  },
  "reverse": {
    "S0": 1.0,
    "S10": 13.507620445571883
  }
}
written -> results/opt_final_multiscene_24data_10.6_10.json
rc=0
