/usr/local/lib/python3.10/dist-packages/torch/nn/modules/transformer.py:379: UserWarning: enable_nested_tensor is True, but self.use_nested_tensor is False because encoder_layer.norm_first was True
  warnings.warn(
  [final_hsi_encoder.pt] strict load OK, 49 keys, 2,982,912 params
  [final_pc_encoder.pt] strict load OK, 47 keys, 2,908,672 params
[forward] S0: total 2207.2 ms  prep=23.6  patch_build=414.3  hsi_infer=455.4  pc_infer=29.8  assemble=0.0  match=1283.7
[forward] S10: total 170.7 ms  pc_infer=0.9  prep=27.9  patch_build=12.3  hsi_infer=89.9  assemble=0.4  match=39.0
[reverse] S10: total 171.2 ms  pc_infer=0.9  prep=27.9  patch_build=12.3  hsi_infer=90.1  assemble=0.4  match=39.1
[reverse] S0: total 2235.2 ms  prep=23.9  patch_build=423.5  hsi_infer=456.0  pc_infer=32.6  assemble=0.0  match=1306.4
{
  "forward": {
    "S0": 1.0,
    "S10": 12.930675546742094
  },
  "reverse": {
    "S0": 1.0,
    "S10": 13.057998437946521
  }
}
written -> results/opt_final_multiscene_25data_10.22_1.json
rc=0
