09-27-2026 09:01:57 RAM 2945/7620MB (lfb 133x4MB) SWAP 335/12002MB (cached 0MB) CPU [28%@1728,37%@1728,26%@1728,26%@1728,100%@1728,29%@1728] GR3D_FREQ 0% cpu@58.093C soc2@57.093C soc0@56.781C gpu@58.281C tj@58.281C soc1@58.156C VDD_IN 9082mW/9082mW VDD_CPU_GPU_CV 2794mW/2794mW VDD_SOC 2641mW/2641mW
09-27-2026 09:01:58 RAM 3000/7620MB (lfb 133x4MB) SWAP 335/12002MB (cached 0MB) CPU [0%@1728,0%@1728,0%@1728,0%@1728,100%@1728,0%@1728] GR3D_FREQ 0% cpu@58.156C soc2@57.125C soc0@56.687C gpu@58.468C tj@58.468C soc1@58.031C VDD_IN 8647mW/8865mW VDD_CPU_GPU_CV 2483mW/2639mW VDD_SOC 2606mW/2624mW
09-27-2026 09:01:58 RAM 3029/7620MB (lfb 133x4MB) SWAP 335/12002MB (cached 0MB) CPU [8%@1728,10%@1728,10%@1728,11%@1728,100%@1728,37%@1728] GR3D_FREQ 0% cpu@58.562C soc2@57.093C soc0@56.781C gpu@58.312C tj@58.562C soc1@58C VDD_IN 9082mW/8937mW VDD_CPU_GPU_CV 2873mW/2717mW VDD_SOC 2601mW/2616mW
09-27-2026 09:01:59 RAM 3043/7620MB (lfb 133x4MB) SWAP 335/12002MB (cached 0MB) CPU [0%@1728,3%@1728,1%@1728,1%@1728,100%@1728,3%@1728] GR3D_FREQ 0% cpu@57.968C soc2@56.968C soc0@56.656C gpu@58.187C tj@58.187C soc1@58.093C VDD_IN 8687mW/8875mW VDD_CPU_GPU_CV 2523mW/2668mW VDD_SOC 2606mW/2614mW
09-27-2026 09:01:59 RAM 3124/7620MB (lfb 133x4MB) SWAP 335/12002MB (cached 0MB) CPU [12%@1728,12%@1728,12%@1728,12%@1728,100%@1728,13%@1728] GR3D_FREQ 0% cpu@57.843C soc2@56.937C soc0@56.5C gpu@58.062C tj@58.187C soc1@58.031C VDD_IN 8529mW/8805mW VDD_CPU_GPU_CV 2444mW/2623mW VDD_SOC 2566mW/2604mW
09-27-2026 09:02:00 RAM 3220/7620MB (lfb 133x4MB) SWAP 335/12002MB (cached 0MB) CPU [0%@1728,0%@1728,0%@1728,1%@1728,100%@1728,0%@1728] GR3D_FREQ 0% cpu@57.937C soc2@57C soc0@56.781C gpu@58C tj@58C soc1@57.906C VDD_IN 8345mW/8729mW VDD_CPU_GPU_CV 2286mW/2567mW VDD_SOC 2566mW/2598mW
09-27-2026 09:02:01 RAM 3308/7620MB (lfb 133x4MB) SWAP 335/12002MB (cached 0MB) CPU [1%@1728,1%@1728,0%@1728,0%@1728,90%@1728,0%@1728] GR3D_FREQ 0% cpu@57.375C soc2@56.781C soc0@56.687C gpu@57.968C tj@57.968C soc1@57.937C VDD_IN 8226mW/8657mW VDD_CPU_GPU_CV 2207mW/2516mW VDD_SOC 2566mW/2593mW
09-27-2026 09:02:01 RAM 3308/7620MB (lfb 133x4MB) SWAP 335/12002MB (cached 0MB) CPU [0%@1728,0%@1728,0%@1728,0%@1728,0%@1728,0%@1728] GR3D_FREQ 0% cpu@57.281C soc2@56.75C soc0@56.562C gpu@58.218C tj@58.218C soc1@57.968C VDD_IN 7673mW/8534mW VDD_CPU_GPU_CV 1776mW/2423mW VDD_SOC 2531mW/2585mW
09-27-2026 09:02:02 RAM 3308/7620MB (lfb 133x4MB) SWAP 335/12002MB (cached 0MB) CPU [0%@1728,0%@1728,0%@1728,0%@1728,0%@1728,0%@1728] GR3D_FREQ 0% cpu@57.156C soc2@56.687C soc0@56.531C gpu@58.031C tj@58.031C soc1@57.906C VDD_IN 7514mW/8421mW VDD_CPU_GPU_CV 1658mW/2338mW VDD_SOC 2531mW/2579mW
09-27-2026 09:02:02 RAM 3308/7620MB (lfb 133x4MB) SWAP 335/12002MB (cached 0MB) CPU [0%@1728,0%@1728,0%@1728,0%@1728,0%@1728,0%@1728] GR3D_FREQ 0% cpu@57.187C soc2@56.687C soc0@56.687C gpu@57.937C tj@57.937C soc1@57.781C VDD_IN 7487mW/8327mW VDD_CPU_GPU_CV 1619mW/2266mW VDD_SOC 2570mW/2578mW
09-27-2026 09:02:03 RAM 3308/7620MB (lfb 133x4MB) SWAP 335/12002MB (cached 0MB) CPU [0%@1728,0%@1728,0%@1728,0%@1728,0%@1728,0%@1728] GR3D_FREQ 0% cpu@57.031C soc2@56.593C soc0@56.562C gpu@57.781C tj@57.781C soc1@57.718C VDD_IN 7487mW/8251mW VDD_CPU_GPU_CV 1619mW/2207mW VDD_SOC 2570mW/2578mW
09-27-2026 09:02:03 RAM 3308/7620MB (lfb 133x4MB) SWAP 335/12002MB (cached 0MB) CPU [0%@1728,1%@1728,0%@1728,0%@1728,0%@1728,0%@1728] GR3D_FREQ 0% cpu@57.281C soc2@56.562C soc0@56.406C gpu@58C tj@58C soc1@57.937C VDD_IN 7487mW/8187mW VDD_CPU_GPU_CV 1619mW/2158mW VDD_SOC 2531mW/2574mW
09-27-2026 09:02:04 RAM 3308/7620MB (lfb 133x4MB) SWAP 335/12002MB (cached 0MB) CPU [0%@1728,0%@1728,0%@1728,1%@1728,0%@1728,0%@1728] GR3D_FREQ 0% cpu@57.062C soc2@56.5C soc0@56.312C gpu@57.812C tj@57.875C soc1@57.875C VDD_IN 7487mW/8133mW VDD_CPU_GPU_CV 1619mW/2117mW VDD_SOC 2570mW/2573mW
09-27-2026 09:02:04 RAM 3308/7620MB (lfb 133x4MB) SWAP 335/12002MB (cached 0MB) CPU [0%@1728,0%@1728,0%@1728,0%@1728,0%@1728,0%@1728] GR3D_FREQ 0% cpu@56.906C soc2@56.531C soc0@56.406C gpu@57.937C tj@57.937C soc1@57.718C VDD_IN 7447mW/8084mW VDD_CPU_GPU_CV 1619mW/2081mW VDD_SOC 2531mW/2570mW
09-27-2026 09:02:05 RAM 3308/7620MB (lfb 133x4MB) SWAP 335/12002MB (cached 0MB) CPU [0%@1728,0%@1728,0%@1728,0%@1728,0%@1728,0%@1728] GR3D_FREQ 0% cpu@56.906C soc2@56.406C soc0@56.406C gpu@57.812C tj@57.812C soc1@57.625C VDD_IN 7447mW/8042mW VDD_CPU_GPU_CV 1619mW/2051mW VDD_SOC 2531mW/2568mW
09-27-2026 09:02:05 RAM 3308/7620MB (lfb 133x4MB) SWAP 335/12002MB (cached 0MB) CPU [0%@1728,0%@1728,0%@1728,0%@1728,0%@1728,0%@1728] GR3D_FREQ 0% cpu@56.781C soc2@56.312C soc0@56.281C gpu@57.562C tj@57.687C soc1@57.687C VDD_IN 7447mW/8005mW VDD_CPU_GPU_CV 1619mW/2024mW VDD_SOC 2531mW/2566mW
09-27-2026 09:02:06 RAM 3308/7620MB (lfb 133x4MB) SWAP 335/12002MB (cached 0MB) CPU [0%@1728,3%@1728,0%@1728,0%@1728,0%@1728,0%@1728] GR3D_FREQ 0% cpu@56.875C soc2@56.406C soc0@56.25C gpu@57.5C tj@57.593C soc1@57.593C VDD_IN 7475mW/7973mW VDD_CPU_GPU_CV 1619mW/2000mW VDD_SOC 2531mW/2563mW
09-27-2026 09:02:06 RAM 3307/7620MB (lfb 133x4MB) SWAP 335/12002MB (cached 0MB) CPU [0%@1728,0%@1728,0%@1728,0%@1728,0%@1728,0%@1728] GR3D_FREQ 0% cpu@56.906C soc2@56.312C soc0@56.25C gpu@57.812C tj@57.812C soc1@57.468C VDD_IN 7475mW/7946mW VDD_CPU_GPU_CV 1619mW/1979mW VDD_SOC 2531mW/2562mW
09-27-2026 09:02:07 RAM 3307/7620MB (lfb 133x4MB) SWAP 335/12002MB (cached 0MB) CPU [0%@1728,0%@1728,0%@1728,0%@1728,0%@1728,0%@1728] GR3D_FREQ 0% cpu@56.781C soc2@56.281C soc0@56.187C gpu@57.593C tj@57.593C soc1@57.468C VDD_IN 7447mW/7920mW VDD_CPU_GPU_CV 1619mW/1960mW VDD_SOC 2491mW/2558mW
09-27-2026 09:02:07 RAM 3307/7620MB (lfb 133x4MB) SWAP 335/12002MB (cached 0MB) CPU [1%@1728,0%@1728,0%@1728,0%@1728,0%@1728,0%@1728] GR3D_FREQ 0% cpu@56.781C soc2@56.343C soc0@56.093C gpu@57.375C tj@57.5C soc1@57.5C VDD_IN 7447mW/7896mW VDD_CPU_GPU_CV 1619mW/1943mW VDD_SOC 2491mW/2555mW
09-27-2026 09:02:08 RAM 3307/7620MB (lfb 133x4MB) SWAP 335/12002MB (cached 0MB) CPU [0%@1728,0%@1728,0%@1728,0%@1728,0%@1728,0%@1728] GR3D_FREQ 0% cpu@57.062C soc2@56.25C soc0@56.125C gpu@57.343C tj@57.468C soc1@57.468C VDD_IN 7447mW/7875mW VDD_CPU_GPU_CV 1619mW/1927mW VDD_SOC 2491mW/2552mW
09-27-2026 09:02:08 RAM 3307/7620MB (lfb 133x4MB) SWAP 335/12002MB (cached 0MB) CPU [0%@1728,0%@1728,0%@1728,0%@1728,0%@1728,0%@1728] GR3D_FREQ 0% cpu@56.625C soc2@56.281C soc0@56.218C gpu@57.625C tj@57.625C soc1@57.437C VDD_IN 7487mW/7857mW VDD_CPU_GPU_CV 1619mW/1913mW VDD_SOC 2570mW/2552mW
09-27-2026 09:02:09 RAM 3307/7620MB (lfb 133x4MB) SWAP 335/12002MB (cached 0MB) CPU [0%@1728,0%@1728,0%@1728,0%@1728,0%@1728,0%@1728] GR3D_FREQ 0% cpu@56.531C soc2@56.093C soc0@56.093C gpu@57.531C tj@57.531C soc1@57.281C VDD_IN 7487mW/7841mW VDD_CPU_GPU_CV 1619mW/1900mW VDD_SOC 2570mW/2553mW
09-27-2026 09:02:09 RAM 3307/7620MB (lfb 133x4MB) SWAP 335/12002MB (cached 0MB) CPU [0%@1728,0%@1728,0%@1728,2%@1728,0%@1728,0%@1728] GR3D_FREQ 0% cpu@56.75C soc2@56.156C soc0@56C gpu@57.343C tj@57.593C soc1@57.531C VDD_IN 7475mW/7826mW VDD_CPU_GPU_CV 1619mW/1889mW VDD_SOC 2570mW/2554mW
09-27-2026 09:02:10 RAM 3307/7620MB (lfb 133x4MB) SWAP 335/12002MB (cached 0MB) CPU [0%@1728,0%@1728,1%@1728,0%@1728,0%@1728,1%@1728] GR3D_FREQ 0% cpu@56.781C soc2@56.125C soc0@55.937C gpu@57.437C tj@57.437C soc1@57.406C VDD_IN 7487mW/7812mW VDD_CPU_GPU_CV 1619mW/1878mW VDD_SOC 2570mW/2555mW
09-27-2026 09:02:10 RAM 3307/7620MB (lfb 133x4MB) SWAP 335/12002MB (cached 0MB) CPU [0%@1728,0%@1728,0%@1728,0%@1728,0%@1728,0%@1728] GR3D_FREQ 0% cpu@56.562C soc2@56.093C soc0@56.062C gpu@57.281C tj@57.281C soc1@57.25C VDD_IN 7475mW/7799mW VDD_CPU_GPU_CV 1619mW/1868mW VDD_SOC 2570mW/2555mW
09-27-2026 09:02:11 RAM 3307/7620MB (lfb 133x4MB) SWAP 335/12002MB (cached 0MB) CPU [0%@1728,0%@1728,0%@1728,0%@1728,0%@1728,0%@1728] GR3D_FREQ 0% cpu@56.5C soc2@55.937C soc0@56.062C gpu@57.75C tj@57.75C soc1@57.187C VDD_IN 7487mW/7788mW VDD_CPU_GPU_CV 1619mW/1859mW VDD_SOC 2570mW/2556mW
09-27-2026 09:02:11 RAM 3307/7620MB (lfb 133x4MB) SWAP 335/12002MB (cached 0MB) CPU [0%@1728,0%@1728,0%@1728,0%@1728,0%@1728,0%@1728] GR3D_FREQ 0% cpu@56.718C soc2@56.062C soc0@55.875C gpu@57.437C tj@57.437C soc1@57.25C VDD_IN 7487mW/7777mW VDD_CPU_GPU_CV 1619mW/1850mW VDD_SOC 2570mW/2556mW
09-27-2026 09:02:12 RAM 3307/7620MB (lfb 133x4MB) SWAP 335/12002MB (cached 0MB) CPU [0%@1728,0%@1728,0%@1728,0%@1728,0%@1728,0%@1728] GR3D_FREQ 0% cpu@56.531C soc2@55.937C soc0@55.812C gpu@57.281C tj@57.312C soc1@57.312C VDD_IN 7487mW/7767mW VDD_CPU_GPU_CV 1619mW/1842mW VDD_SOC 2570mW/2557mW
09-27-2026 09:02:12 RAM 3307/7620MB (lfb 133x4MB) SWAP 335/12002MB (cached 0MB) CPU [0%@1728,0%@1728,0%@1728,0%@1728,0%@1728,0%@1728] GR3D_FREQ 0% cpu@56.531C soc2@55.968C soc0@55.937C gpu@57.218C tj@57.218C soc1@57.125C VDD_IN 7487mW/7757mW VDD_CPU_GPU_CV 1619mW/1835mW VDD_SOC 2570mW/2557mW
09-27-2026 09:02:13 RAM 3307/7620MB (lfb 133x4MB) SWAP 335/12002MB (cached 0MB) CPU [0%@1728,0%@1728,0%@1728,0%@1728,3%@1728,0%@1728] GR3D_FREQ 0% cpu@56.375C soc2@55.937C soc0@55.843C gpu@57.593C tj@57.593C soc1@57.312C VDD_IN 7475mW/7748mW VDD_CPU_GPU_CV 1619mW/1828mW VDD_SOC 2570mW/2558mW
09-27-2026 09:02:13 RAM 3307/7620MB (lfb 133x4MB) SWAP 335/12002MB (cached 0MB) CPU [0%@1728,0%@1728,0%@1728,0%@1728,0%@1728,0%@1728] GR3D_FREQ 0% cpu@56.656C soc2@55.937C soc0@55.562C gpu@57.437C tj@57.437C soc1@57.218C VDD_IN 7487mW/7740mW VDD_CPU_GPU_CV 1619mW/1821mW VDD_SOC 2570mW/2558mW
09-27-2026 09:02:14 RAM 3307/7620MB (lfb 133x4MB) SWAP 335/12002MB (cached 0MB) CPU [0%@1728,0%@1728,0%@1728,0%@1728,0%@1728,0%@1728] GR3D_FREQ 0% cpu@56.312C soc2@55.906C soc0@55.781C gpu@57.281C tj@57.281C soc1@57.156C VDD_IN 7487mW/7733mW VDD_CPU_GPU_CV 1619mW/1815mW VDD_SOC 2570mW/2558mW
09-27-2026 09:02:14 RAM 3307/7620MB (lfb 133x4MB) SWAP 335/12002MB (cached 0MB) CPU [1%@1728,0%@1728,0%@1728,0%@1728,0%@1728,0%@1728] GR3D_FREQ 0% cpu@56.281C soc2@55.875C soc0@55.812C gpu@57.343C tj@57.343C soc1@57.093C VDD_IN 7487mW/7725mW VDD_CPU_GPU_CV 1619mW/1809mW VDD_SOC 2570mW/2559mW
09-27-2026 09:02:15 RAM 3307/7620MB (lfb 133x4MB) SWAP 335/12002MB (cached 0MB) CPU [0%@1728,0%@1728,0%@1728,0%@1728,0%@1728,0%@1728] GR3D_FREQ 0% cpu@56.312C soc2@55.812C soc0@55.812C gpu@57.218C tj@57.25C soc1@57.25C VDD_IN 7487mW/7718mW VDD_CPU_GPU_CV 1619mW/1804mW VDD_SOC 2570mW/2559mW
09-27-2026 09:02:15 RAM 3307/7620MB (lfb 133x4MB) SWAP 335/12002MB (cached 0MB) CPU [0%@1728,0%@1728,0%@1728,0%@1728,0%@1728,0%@1728] GR3D_FREQ 0% cpu@56.687C soc2@55.812C soc0@55.75C gpu@57.125C tj@57.125C soc1@57.125C VDD_IN 7487mW/7712mW VDD_CPU_GPU_CV 1619mW/1799mW VDD_SOC 2570mW/2559mW
09-27-2026 09:02:16 RAM 3307/7620MB (lfb 133x4MB) SWAP 335/12002MB (cached 0MB) CPU [0%@1728,1%@1728,0%@1728,0%@1728,0%@1728,0%@1728] GR3D_FREQ 0% cpu@56.375C soc2@55.812C soc0@55.843C gpu@57.5C tj@57.5C soc1@57.031C VDD_IN 7487mW/7706mW VDD_CPU_GPU_CV 1619mW/1794mW VDD_SOC 2570mW/2560mW
09-27-2026 09:02:16 RAM 3307/7620MB (lfb 133x4MB) SWAP 335/12002MB (cached 0MB) CPU [0%@1728,1%@1728,0%@1728,0%@1728,0%@1728,0%@1728] GR3D_FREQ 0% cpu@56.156C soc2@55.843C soc0@55.718C gpu@57.218C tj@57.218C soc1@57C VDD_IN 7487mW/7700mW VDD_CPU_GPU_CV 1619mW/1789mW VDD_SOC 2570mW/2560mW
09-27-2026 09:02:17 RAM 3307/7620MB (lfb 133x4MB) SWAP 335/12002MB (cached 0MB) CPU [0%@1728,0%@1728,0%@1728,0%@1728,0%@1728,0%@1728] GR3D_FREQ 0% cpu@56.468C soc2@55.75C soc0@55.718C gpu@57.062C tj@57.187C soc1@57.187C VDD_IN 7487mW/7695mW VDD_CPU_GPU_CV 1579mW/1784mW VDD_SOC 2570mW/2560mW
09-27-2026 09:02:17 RAM 3307/7620MB (lfb 133x4MB) SWAP 335/12002MB (cached 0MB) CPU [0%@1728,0%@1728,0%@1728,0%@1728,0%@1728,0%@1728] GR3D_FREQ 0% cpu@56.312C soc2@55.718C soc0@55.5C gpu@56.937C tj@57C soc1@57C VDD_IN 7487mW/7690mW VDD_CPU_GPU_CV 1619mW/1780mW VDD_SOC 2570mW/2560mW
09-27-2026 09:02:18 RAM 3307/7620MB (lfb 133x4MB) SWAP 335/12002MB (cached 0MB) CPU [0%@1728,0%@1728,0%@1728,0%@1728,0%@1728,0%@1728] GR3D_FREQ 0% cpu@56.156C soc2@55.781C soc0@55.625C gpu@57.281C tj@57.281C soc1@57C VDD_IN 7475mW/7684mW VDD_CPU_GPU_CV 1619mW/1776mW VDD_SOC 2570mW/2561mW
09-27-2026 09:02:18 RAM 3307/7620MB (lfb 133x4MB) SWAP 335/12002MB (cached 0MB) CPU [0%@1728,0%@1728,0%@1728,0%@1728,0%@1728,0%@1728] GR3D_FREQ 0% cpu@55.875C soc2@55.687C soc0@55.625C gpu@57.218C tj@57.218C soc1@56.875C VDD_IN 7487mW/7680mW VDD_CPU_GPU_CV 1619mW/1772mW VDD_SOC 2570mW/2561mW
09-27-2026 09:02:19 RAM 3307/7620MB (lfb 133x4MB) SWAP 335/12002MB (cached 0MB) CPU [0%@1728,0%@1728,0%@1728,0%@1728,0%@1728,0%@1728] GR3D_FREQ 0% cpu@56.531C soc2@55.687C soc0@55.468C gpu@56.937C tj@57.062C soc1@57.062C VDD_IN 7487mW/7675mW VDD_CPU_GPU_CV 1579mW/1768mW VDD_SOC 2570mW/2561mW
09-27-2026 09:02:19 RAM 3307/7620MB (lfb 133x4MB) SWAP 335/12002MB (cached 0MB) CPU [0%@1728,0%@1728,0%@1728,0%@1728,0%@1728,0%@1728] GR3D_FREQ 0% cpu@56.125C soc2@55.593C soc0@55.468C gpu@56.875C tj@56.968C soc1@56.968C VDD_IN 7487mW/7671mW VDD_CPU_GPU_CV 1619mW/1764mW VDD_SOC 2570mW/2561mW
09-27-2026 09:02:20 RAM 3307/7620MB (lfb 133x4MB) SWAP 335/12002MB (cached 0MB) CPU [0%@1728,0%@1728,0%@1728,0%@1728,0%@1728,0%@1728] GR3D_FREQ 0% cpu@56.218C soc2@55.687C soc0@55.687C gpu@57.25C tj@56.906C soc1@56.843C VDD_IN 7487mW/7667mW VDD_CPU_GPU_CV 1619mW/1761mW VDD_SOC 2570mW/2561mW
09-27-2026 09:02:20 RAM 3307/7620MB (lfb 133x4MB) SWAP 335/12002MB (cached 0MB) CPU [0%@1728,0%@1728,0%@1728,0%@1728,0%@1728,0%@1728] GR3D_FREQ 0% cpu@56.093C soc2@55.625C soc0@55.5C gpu@56.875C tj@56.875C soc1@56.843C VDD_IN 7487mW/7663mW VDD_CPU_GPU_CV 1619mW/1758mW VDD_SOC 2570mW/2562mW
09-27-2026 09:02:21 RAM 3398/7620MB (lfb 133x4MB) SWAP 335/12002MB (cached 0MB) CPU [0%@1728,0%@1728,0%@1728,0%@1728,46%@1728,0%@1728] GR3D_FREQ 0% cpu@56.843C soc2@55.718C soc0@55.468C gpu@57.125C tj@57.125C soc1@56.937C VDD_IN 8029mW/7671mW VDD_CPU_GPU_CV 1931mW/1762mW VDD_SOC 2606mW/2563mW
09-27-2026 09:02:21 RAM 3670/7620MB (lfb 96x4MB) SWAP 335/12002MB (cached 0MB) CPU [1%@1728,2%@1728,0%@1728,0%@1728,85%@1728,0%@1728] GR3D_FREQ 62% cpu@56.437C soc2@55.718C soc0@55.343C gpu@57.781C tj@57.781C soc1@56.781C VDD_IN 9934mW/7718mW VDD_CPU_GPU_CV 3261mW/1793mW VDD_SOC 2877mW/2569mW
09-27-2026 09:02:22 RAM 3845/7620MB (lfb 96x4MB) SWAP 335/12002MB (cached 0MB) CPU [5%@1728,3%@1728,7%@1728,3%@1728,62%@1728,4%@1728] GR3D_FREQ 0% cpu@57.093C soc2@56.031C soc0@55.437C gpu@57.468C tj@57.468C soc1@56.875C VDD_IN 11611mW/7797mW VDD_CPU_GPU_CV 4504mW/1848mW VDD_SOC 3065mW/2579mW
09-27-2026 09:02:22 RAM 3845/7620MB (lfb 96x4MB) SWAP 335/12002MB (cached 0MB) CPU [30%@1728,36%@1728,36%@1728,34%@1728,100%@1728,36%@1728] GR3D_FREQ 0% cpu@57.25C soc2@56.062C soc0@55.718C gpu@57.093C tj@57.312C soc1@56.875C VDD_IN 10013mW/7842mW VDD_CPU_GPU_CV 3536mW/1882mW VDD_SOC 2755mW/2583mW
09-27-2026 09:02:23 RAM 3841/7620MB (lfb 96x4MB) SWAP 335/12002MB (cached 0MB) CPU [37%@1728,35%@1728,34%@1728,35%@1728,100%@1728,35%@1728] GR3D_FREQ 0% cpu@57.343C soc2@55.906C soc0@55.5C gpu@57.156C tj@57.343C soc1@57.125C VDD_IN 9595mW/7876mW VDD_CPU_GPU_CV 3261mW/1909mW VDD_SOC 2680mW/2585mW
09-27-2026 09:02:23 RAM 3611/7620MB (lfb 120x4MB) SWAP 335/12002MB (cached 0MB) CPU [12%@1728,12%@1728,12%@1728,12%@1728,100%@1728,12%@1728] GR3D_FREQ 0% cpu@57.281C soc2@55.812C soc0@55.468C gpu@57C tj@57.281C soc1@57C VDD_IN 9121mW/7900mW VDD_CPU_GPU_CV 2755mW/1925mW VDD_SOC 2680mW/2586mW
09-27-2026 09:02:24 RAM 3739/7620MB (lfb 97x4MB) SWAP 335/12002MB (cached 0MB) CPU [1%@1728,0%@1728,0%@1728,0%@1728,48%@1728,25%@1728] GR3D_FREQ 66% cpu@56.75C soc2@56C soc0@55.375C gpu@58.437C tj@58.437C soc1@56.906C VDD_IN 11532mW/7968mW VDD_CPU_GPU_CV 4465mW/1973mW VDD_SOC 3065mW/2595mW
09-27-2026 09:02:24 RAM 3859/7620MB (lfb 96x4MB) SWAP 335/12002MB (cached 0MB) CPU [22%@1728,20%@1728,20%@1728,20%@1728,20%@1728,79%@1728] GR3D_FREQ 0% cpu@57.031C soc2@56.218C soc0@55.656C gpu@57.5C tj@57.5C soc1@56.937C VDD_IN 10981mW/8024mW VDD_CPU_GPU_CV 4158mW/2014mW VDD_SOC 2952mW/2602mW
09-27-2026 09:02:25 RAM 3859/7620MB (lfb 97x4MB) SWAP 335/12002MB (cached 0MB) CPU [35%@1728,36%@1728,36%@1728,37%@1728,34%@1728,100%@1728] GR3D_FREQ 0% cpu@57C soc2@56C soc0@55.75C gpu@57.531C tj@57.531C soc1@56.968C VDD_IN 9895mW/8058mW VDD_CPU_GPU_CV 3458mW/2040mW VDD_SOC 2759mW/2605mW
09-27-2026 09:02:25 RAM 3556/7620MB (lfb 123x4MB) SWAP 335/12002MB (cached 0MB) CPU [26%@1728,25%@1728,23%@1728,26%@1728,23%@1728,100%@1728] GR3D_FREQ 0% cpu@56.687C soc2@56C soc0@55.531C gpu@57.5C tj@57.5C soc1@57.062C VDD_IN 9398mW/8082mW VDD_CPU_GPU_CV 3070mW/2058mW VDD_SOC 2680mW/2606mW
09-27-2026 09:02:26 RAM 3742/7620MB (lfb 99x4MB) SWAP 335/12002MB (cached 0MB) CPU [0%@1728,0%@1728,0%@1728,0%@1728,0%@1728,82%@1728] GR3D_FREQ 66% cpu@56.718C soc2@56.062C soc0@55.531C gpu@58C tj@58C soc1@57C VDD_IN 10762mW/8129mW VDD_CPU_GPU_CV 3883mW/2090mW VDD_SOC 2952mW/2612mW
09-27-2026 09:02:26 RAM 3860/7620MB (lfb 97x4MB) SWAP 335/12002MB (cached 0MB) CPU [12%@1728,13%@1728,13%@1728,12%@1728,11%@1728,67%@1728] GR3D_FREQ 0% cpu@57.187C soc2@56.187C soc0@55.781C gpu@57.812C tj@57.812C soc1@56.968C VDD_IN 11532mW/8188mW VDD_CPU_GPU_CV 4465mW/2131mW VDD_SOC 3025mW/2619mW
09-27-2026 09:02:27 RAM 3864/7620MB (lfb 96x4MB) SWAP 335/12002MB (cached 0MB) CPU [37%@1728,37%@1728,38%@1728,38%@1728,38%@1728,100%@1728] GR3D_FREQ 0% cpu@57.093C soc2@56.062C soc0@55.781C gpu@57.5C tj@57.5C soc1@57C VDD_IN 10092mW/8220mW VDD_CPU_GPU_CV 3575mW/2156mW VDD_SOC 2794mW/2622mW
09-27-2026 09:02:27 RAM 3864/7620MB (lfb 96x4MB) SWAP 335/12002MB (cached 0MB) CPU [34%@1728,34%@1728,34%@1728,32%@1728,34%@1728,100%@1728] GR3D_FREQ 0% cpu@57C soc2@56.062C soc0@55.593C gpu@57.25C tj@57.25C soc1@57.156C VDD_IN 9595mW/8243mW VDD_CPU_GPU_CV 3261mW/2174mW VDD_SOC 2680mW/2623mW
09-27-2026 09:02:28 RAM 3741/7620MB (lfb 99x4MB) SWAP 335/12002MB (cached 0MB) CPU [3%@1728,2%@1728,1%@1728,2%@1728,3%@1728,98%@1728] GR3D_FREQ 28% cpu@56.843C soc2@55.875C soc0@55.625C gpu@57.593C tj@57.593C soc1@57.031C VDD_IN 9240mW/8259mW VDD_CPU_GPU_CV 2794mW/2184mW VDD_SOC 2720mW/2625mW
09-27-2026 09:02:28 RAM 3867/7620MB (lfb 96x4MB) SWAP 335/12002MB (cached 0MB) CPU [3%@1728,3%@1728,3%@1728,3%@1728,31%@1728,23%@1728] GR3D_FREQ 60% cpu@57.25C soc2@56.093C soc0@55.593C gpu@58C tj@58C soc1@57.031C VDD_IN 12456mW/8327mW VDD_CPU_GPU_CV 5083mW/2231mW VDD_SOC 3217mW/2635mW
09-27-2026 09:02:29 RAM 3867/7620MB (lfb 96x4MB) SWAP 335/12002MB (cached 0MB) CPU [20%@1728,43%@1728,44%@1728,20%@1728,100%@1728,70%@1728] GR3D_FREQ 0% cpu@57.375C soc2@56.281C soc0@55.781C gpu@57.312C tj@57.562C soc1@57C VDD_IN 10329mW/8359mW VDD_CPU_GPU_CV 3772mW/2256mW VDD_SOC 2794mW/2637mW
09-27-2026 09:02:29 RAM 3863/7620MB (lfb 97x4MB) SWAP 335/12002MB (cached 0MB) CPU [36%@1728,33%@1728,38%@1728,37%@1728,100%@1728,38%@1728] GR3D_FREQ 0% cpu@57.437C soc2@56.187C soc0@55.656C gpu@57.531C tj@57.531C soc1@57.218C VDD_IN 9737mW/8380mW VDD_CPU_GPU_CV 3379mW/2273mW VDD_SOC 2720mW/2638mW
09-27-2026 09:02:30 RAM 3583/7620MB (lfb 124x4MB) SWAP 335/12002MB (cached 0MB) CPU [20%@1728,20%@1728,20%@1728,20%@1728,100%@1728,20%@1728] GR3D_FREQ 0% cpu@57.125C soc2@56.062C soc0@55.531C gpu@57.375C tj@57.375C soc1@57.062C VDD_IN 9319mW/8395mW VDD_CPU_GPU_CV 2952mW/2284mW VDD_SOC 2680mW/2639mW
09-27-2026 09:02:30 RAM 3743/7620MB (lfb 102x4MB) SWAP 335/12002MB (cached 0MB) CPU [15%@1728,9%@1728,4%@1728,13%@1728,78%@1728,34%@1728] GR3D_FREQ 66% cpu@57C soc2@56.031C soc0@55.593C gpu@58.531C tj@58.531C soc1@57C VDD_IN 11532mW/8442mW VDD_CPU_GPU_CV 4504mW/2317mW VDD_SOC 3025mW/2645mW
09-27-2026 09:02:31 RAM 3873/7620MB (lfb 96x4MB) SWAP 335/12002MB (cached 0MB) CPU [22%@1728,21%@1728,22%@1728,23%@1728,78%@1728,21%@1728] GR3D_FREQ 0% cpu@57.75C soc2@56.218C soc0@55.937C gpu@57.531C tj@57.75C soc1@56.968C VDD_IN 11296mW/8485mW VDD_CPU_GPU_CV 4393mW/2348mW VDD_SOC 2986mW/2650mW
09-27-2026 09:02:31 RAM 3869/7620MB (lfb 96x4MB) SWAP 335/12002MB (cached 0MB) CPU [36%@1728,36%@1728,38%@1728,37%@1728,100%@1728,36%@1728] GR3D_FREQ 0% cpu@57.562C soc2@56.312C soc0@55.687C gpu@57.312C tj@57.562C soc1@57.031C VDD_IN 10053mW/8508mW VDD_CPU_GPU_CV 3575mW/2366mW VDD_SOC 2755mW/2651mW
09-27-2026 09:02:32 RAM 3559/7620MB (lfb 122x4MB) SWAP 335/12002MB (cached 0MB) CPU [32%@1728,33%@1728,33%@1728,33%@1728,100%@1728,33%@1728] GR3D_FREQ 0% cpu@57.187C soc2@56C soc0@55.593C gpu@57.156C tj@57.218C soc1@57.218C VDD_IN 9595mW/8524mW VDD_CPU_GPU_CV 3188mW/2378mW VDD_SOC 2720mW/2652mW
09-27-2026 09:02:32 RAM 3745/7620MB (lfb 98x4MB) SWAP 335/12002MB (cached 0MB) CPU [1%@1728,0%@1728,0%@1728,0%@1728,91%@1728,0%@1728] GR3D_FREQ 63% cpu@56.906C soc2@56.062C soc0@55.687C gpu@58.406C tj@58.406C soc1@57.125C VDD_IN 10447mW/8551mW VDD_CPU_GPU_CV 3693mW/2397mW VDD_SOC 2912mW/2656mW
09-27-2026 09:02:33 RAM 3875/7620MB (lfb 96x4MB) SWAP 335/12002MB (cached 0MB) CPU [17%@1728,17%@1728,15%@1728,16%@1728,74%@1728,17%@1728] GR3D_FREQ 0% cpu@57.843C soc2@56.281C soc0@55.937C gpu@57.5C tj@57.843C soc1@57.062C VDD_IN 11689mW/8595mW VDD_CPU_GPU_CV 4621mW/2428mW VDD_SOC 3065mW/2662mW
09-27-2026 09:02:33 RAM 3871/7620MB (lfb 96x4MB) SWAP 335/12002MB (cached 0MB) CPU [39%@1728,38%@1728,36%@1728,38%@1728,100%@1728,45%@1728] GR3D_FREQ 0% cpu@57.562C soc2@56.281C soc0@55.812C gpu@57.625C tj@57.625C soc1@57C VDD_IN 10131mW/8617mW VDD_CPU_GPU_CV 3615mW/2445mW VDD_SOC 2794mW/2664mW
09-27-2026 09:02:34 RAM 3871/7620MB (lfb 96x4MB) SWAP 335/12002MB (cached 0MB) CPU [44%@1728,78%@1728,39%@1728,26%@1728,52%@1728,46%@1728] GR3D_FREQ 0% cpu@57.156C soc2@56.218C soc0@55.812C gpu@57.468C tj@57.468C soc1@57C VDD_IN 9595mW/8630mW VDD_CPU_GPU_CV 3300mW/2456mW VDD_SOC 2680mW/2664mW
09-27-2026 09:02:34 RAM 3735/7620MB (lfb 102x4MB) SWAP 335/12002MB (cached 0MB) CPU [4%@1728,100%@1728,4%@1728,4%@1728,4%@1728,4%@1728] GR3D_FREQ 0% cpu@56.843C soc2@56.125C soc0@55.75C gpu@57.187C tj@57.187C soc1@57.156C VDD_IN 9161mW/8637mW VDD_CPU_GPU_CV 2715mW/2460mW VDD_SOC 2720mW/2665mW
09-27-2026 09:02:35 RAM 3867/7620MB (lfb 96x4MB) SWAP 335/12002MB (cached 0MB) CPU [5%@1728,26%@1728,4%@1728,44%@1728,4%@1728,2%@1728] GR3D_FREQ 0% cpu@57.687C soc2@56.25C soc0@55.687C gpu@58C tj@58C soc1@57.062C VDD_IN 12496mW/8689mW VDD_CPU_GPU_CV 5044mW/2494mW VDD_SOC 3177mW/2672mW
09-27-2026 09:02:35 RAM 3867/7620MB (lfb 96x4MB) SWAP 335/12002MB (cached 0MB) CPU [19%@1728,50%@1728,42%@1728,92%@1728,54%@1728,60%@1728] GR3D_FREQ 0% cpu@57.375C soc2@56.343C soc0@55.875C gpu@57.437C tj@57.437C soc1@57.093C VDD_IN 10289mW/8710mW VDD_CPU_GPU_CV 3772mW/2511mW VDD_SOC 2794mW/2673mW
09-27-2026 09:02:36 RAM 3868/7620MB (lfb 96x4MB) SWAP 335/12002MB (cached 0MB) CPU [60%@1728,95%@1728,3%@1728,55%@1728,64%@1728,69%@1728] GR3D_FREQ 0% cpu@57.25C soc2@56.218C soc0@55.718C gpu@57.281C tj@57.281C soc1@57.062C VDD_IN 9698mW/8723mW VDD_CPU_GPU_CV 3418mW/2523mW VDD_SOC 2680mW/2673mW
09-27-2026 09:02:36 RAM 3558/7620MB (lfb 121x4MB) SWAP 335/12002MB (cached 0MB) CPU [56%@1728,100%@1728,38%@1728,23%@1728,66%@1728,62%@1728] GR3D_FREQ 0% cpu@57.312C soc2@56.25C soc0@55.718C gpu@57.531C tj@57.531C soc1@57.25C VDD_IN 9516mW/8733mW VDD_CPU_GPU_CV 3306mW/2533mW VDD_SOC 2641mW/2673mW
09-27-2026 09:02:37 RAM 3742/7620MB (lfb 97x4MB) SWAP 335/12002MB (cached 0MB) CPU [0%@1728,92%@1728,0%@1728,0%@1728,0%@1728,0%@1728] GR3D_FREQ 67% cpu@57.062C soc2@56.156C soc0@55.593C gpu@57.875C tj@57.875C soc1@57.125C VDD_IN 9856mW/8747mW VDD_CPU_GPU_CV 3261mW/2542mW VDD_SOC 2794mW/2674mW
09-27-2026 09:02:37 RAM 3864/7620MB (lfb 96x4MB) SWAP 335/12002MB (cached 0MB) CPU [11%@1728,55%@1728,5%@1728,7%@1728,7%@1728,7%@1728] GR3D_FREQ 0% cpu@57.375C soc2@56.312C soc0@55.687C gpu@58C tj@58C soc1@57.156C VDD_IN 12063mW/8789mW VDD_CPU_GPU_CV 4856mW/2571mW VDD_SOC 3138mW/2680mW
09-27-2026 09:02:38 RAM 3864/7620MB (lfb 96x4MB) SWAP 335/12002MB (cached 0MB) CPU [38%@1728,100%@1728,38%@1728,38%@1728,37%@1728,38%@1728] GR3D_FREQ 0% cpu@57.406C soc2@56.375C soc0@55.906C gpu@57.531C tj@57.531C soc1@57.062C VDD_IN 10171mW/8806mW VDD_CPU_GPU_CV 3654mW/2585mW VDD_SOC 2794mW/2682mW
09-27-2026 09:02:38 RAM 3868/7620MB (lfb 96x4MB) SWAP 335/12002MB (cached 0MB) CPU [30%@1728,100%@1728,33%@1728,33%@1728,34%@1728,31%@1728] GR3D_FREQ 0% cpu@57.437C soc2@56.281C soc0@55.781C gpu@57.406C tj@57.437C soc1@57.031C VDD_IN 9658mW/8816mW VDD_CPU_GPU_CV 3300mW/2593mW VDD_SOC 2680mW/2682mW
09-27-2026 09:02:39 RAM 3702/7620MB (lfb 107x4MB) SWAP 335/12002MB (cached 0MB) CPU [8%@1728,100%@1728,9%@1728,7%@1728,7%@1728,7%@1728] GR3D_FREQ 0% cpu@57.218C soc2@56.218C soc0@55.718C gpu@57.343C tj@57.343C soc1@57.187C VDD_IN 9200mW/8821mW VDD_CPU_GPU_CV 2794mW/2596mW VDD_SOC 2720mW/2682mW
09-27-2026 09:02:39 RAM 3742/7620MB (lfb 97x4MB) SWAP 335/12002MB (cached 0MB) CPU [0%@1728,55%@1728,0%@1728,0%@1728,0%@1728,0%@1728] GR3D_FREQ 66% cpu@57.031C soc2@56.343C soc0@55.656C gpu@58.437C tj@58.437C soc1@57.062C VDD_IN 12338mW/8862mW VDD_CPU_GPU_CV 5083mW/2625mW VDD_SOC 3177mW/2688mW
09-27-2026 09:02:40 RAM 3864/7620MB (lfb 96x4MB) SWAP 335/12002MB (cached 0MB) CPU [33%@1728,95%@1728,35%@1728,33%@1728,32%@1728,33%@1728] GR3D_FREQ 0% cpu@57.656C soc2@56.406C soc0@55.968C gpu@57.343C tj@57.656C soc1@57.125C VDD_IN 10526mW/8882mW VDD_CPU_GPU_CV 3883mW/2640mW VDD_SOC 2833mW/2690mW
09-27-2026 09:02:40 RAM 3868/7620MB (lfb 96x4MB) SWAP 335/12002MB (cached 0MB) CPU [39%@1728,100%@1728,37%@1728,37%@1728,35%@1728,36%@1728] GR3D_FREQ 0% cpu@57.468C soc2@56.468C soc0@55.843C gpu@57.468C tj@57.468C soc1@57.156C VDD_IN 9737mW/8892mW VDD_CPU_GPU_CV 3379mW/2649mW VDD_SOC 2720mW/2690mW
09-27-2026 09:02:41 RAM 3638/7620MB (lfb 121x4MB) SWAP 335/12002MB (cached 0MB) CPU [19%@1728,100%@1728,19%@1728,21%@1728,19%@1728,19%@1728] GR3D_FREQ 0% cpu@57.062C soc2@56.25C soc0@55.812C gpu@57.406C tj@57.406C soc1@57.062C VDD_IN 9279mW/8896mW VDD_CPU_GPU_CV 2912mW/2652mW VDD_SOC 2680mW/2690mW
09-27-2026 09:02:41 RAM 3742/7620MB (lfb 97x4MB) SWAP 335/12002MB (cached 0MB) CPU [0%@1728,66%@1728,0%@1728,0%@1728,0%@1728,0%@1728] GR3D_FREQ 67% cpu@57.031C soc2@56.281C soc0@55.781C gpu@58.375C tj@58.468C soc1@57.218C VDD_IN 11847mW/8930mW VDD_CPU_GPU_CV 4700mW/2675mW VDD_SOC 3104mW/2695mW
09-27-2026 09:02:42 RAM 3864/7620MB (lfb 96x4MB) SWAP 335/12002MB (cached 0MB) CPU [24%@1728,84%@1728,25%@1728,26%@1728,25%@1728,25%@1728] GR3D_FREQ 0% cpu@57.718C soc2@56.312C soc0@55.906C gpu@57.562C tj@57.718C soc1@57.187C VDD_IN 10824mW/8951mW VDD_CPU_GPU_CV 4080mW/2691mW VDD_SOC 2912mW/2697mW
09-27-2026 09:02:42 RAM 3864/7620MB (lfb 96x4MB) SWAP 335/12002MB (cached 0MB) CPU [39%@1728,28%@1728,40%@1728,36%@1728,97%@1728,46%@1728] GR3D_FREQ 0% cpu@57.656C soc2@56.25C soc0@55.968C gpu@57.281C tj@57.812C soc1@57.093C VDD_IN 9816mW/8961mW VDD_CPU_GPU_CV 3418mW/2699mW VDD_SOC 2720mW/2697mW
09-27-2026 09:02:43 RAM 3560/7620MB (lfb 123x4MB) SWAP 335/12002MB (cached 0MB) CPU [36%@1728,29%@1728,31%@1728,29%@1728,98%@1728,25%@1728] GR3D_FREQ 0% cpu@57.406C soc2@56.25C soc0@55.843C gpu@57.562C tj@57.562C soc1@57.031C VDD_IN 9516mW/8967mW VDD_CPU_GPU_CV 3188mW/2704mW VDD_SOC 2680mW/2697mW
09-27-2026 09:02:44 RAM 3740/7620MB (lfb 100x4MB) SWAP 335/12002MB (cached 0MB) CPU [0%@1728,0%@1728,0%@1728,0%@1728,90%@1728,0%@1728] GR3D_FREQ 67% cpu@56.687C soc2@56.218C soc0@55.718C gpu@58.031C tj@58.031C soc1@57.187C VDD_IN 10092mW/8979mW VDD_CPU_GPU_CV 3418mW/2712mW VDD_SOC 2833mW/2699mW
09-27-2026 09:02:44 RAM 3866/7620MB (lfb 96x4MB) SWAP 335/12002MB (cached 0MB) CPU [9%@1728,9%@1728,9%@1728,9%@1728,59%@1728,7%@1728] GR3D_FREQ 0% cpu@57.781C soc2@56.343C soc0@55.75C gpu@57.968C tj@57.968C soc1@57.093C VDD_IN 11906mW/9011mW VDD_CPU_GPU_CV 4739mW/2734mW VDD_SOC 3104mW/2703mW
09-27-2026 09:02:45 RAM 3866/7620MB (lfb 96x4MB) SWAP 335/12002MB (cached 0MB) CPU [37%@1728,35%@1728,34%@1728,36%@1728,100%@1728,36%@1728] GR3D_FREQ 0% cpu@57.968C soc2@56.218C soc0@55.812C gpu@57.562C tj@57.968C soc1@57.156C VDD_IN 10131mW/9023mW VDD_CPU_GPU_CV 3615mW/2743mW VDD_SOC 2755mW/2703mW
09-27-2026 09:02:45 RAM 3866/7620MB (lfb 96x4MB) SWAP 335/12002MB (cached 0MB) CPU [37%@1728,37%@1728,37%@1728,37%@1728,100%@1728,35%@1728] GR3D_FREQ 0% cpu@57.625C soc2@56.375C soc0@55.968C gpu@57.375C tj@57.625C soc1@57.062C VDD_IN 9635mW/9029mW VDD_CPU_GPU_CV 3300mW/2749mW VDD_SOC 2680mW/2703mW
09-27-2026 09:02:46 RAM 3712/7620MB (lfb 105x4MB) SWAP 335/12002MB (cached 0MB) CPU [6%@1728,7%@1728,9%@1728,6%@1728,100%@1728,7%@1728] GR3D_FREQ 0% cpu@57.281C soc2@56.062C soc0@55.781C gpu@57.406C tj@57.406C soc1@57.125C VDD_IN 9161mW/9030mW VDD_CPU_GPU_CV 2755mW/2749mW VDD_SOC 2720mW/2703mW
09-27-2026 09:02:46 RAM 3749/7620MB (lfb 96x4MB) SWAP 335/12002MB (cached 0MB) CPU [1%@1728,0%@1728,0%@1728,0%@1728,46%@1728,8%@1728] GR3D_FREQ 68% cpu@56.906C soc2@56.281C soc0@55.875C gpu@58.5C tj@58.5C soc1@57.25C VDD_IN 12417mW/9065mW VDD_CPU_GPU_CV 5122mW/2774mW VDD_SOC 3177mW/2708mW
09-27-2026 09:02:47 RAM 3865/7620MB (lfb 96x4MB) SWAP 335/12002MB (cached 0MB) CPU [33%@1728,32%@1728,33%@1728,33%@1728,33%@1728,96%@1728] GR3D_FREQ 0% cpu@57.5C soc2@56.218C soc0@55.812C gpu@57.5C tj@57.5C soc1@57.218C VDD_IN 10447mW/9079mW VDD_CPU_GPU_CV 3805mW/2784mW VDD_SOC 2833mW/2710mW
09-27-2026 09:02:47 RAM 3865/7620MB (lfb 96x4MB) SWAP 335/12002MB (cached 0MB) CPU [34%@1728,34%@1728,35%@1728,35%@1728,32%@1728,98%@1728] GR3D_FREQ 0% cpu@57.5C soc2@56.281C soc0@56.093C gpu@57.562C tj@57.562C soc1@57.156C VDD_IN 9737mW/9086mW VDD_CPU_GPU_CV 3340mW/2790mW VDD_SOC 2720mW/2710mW
09-27-2026 09:02:48 RAM 3625/7620MB (lfb 122x4MB) SWAP 335/12002MB (cached 0MB) CPU [16%@1728,16%@1728,14%@1728,16%@1728,14%@1728,100%@1728] GR3D_FREQ 0% cpu@56.937C soc2@56.218C soc0@55.843C gpu@57.468C tj@57.468C soc1@57.125C VDD_IN 9279mW/9088mW VDD_CPU_GPU_CV 2873mW/2790mW VDD_SOC 2680mW/2709mW
09-27-2026 09:02:48 RAM 3741/7620MB (lfb 99x4MB) SWAP 335/12002MB (cached 0MB) CPU [0%@1728,1%@1728,0%@1728,0%@1728,19%@1728,53%@1728] GR3D_FREQ 68% cpu@57.187C soc2@56.281C soc0@55.781C gpu@58.531C tj@58.531C soc1@57.25C VDD_IN 11729mW/9114mW VDD_CPU_GPU_CV 4621mW/2809mW VDD_SOC 3065mW/2713mW
09-27-2026 09:02:49 RAM 3867/7620MB (lfb 96x4MB) SWAP 335/12002MB (cached 0MB) CPU [26%@1728,25%@1728,23%@1728,23%@1728,23%@1728,80%@1728] GR3D_FREQ 0% cpu@57.656C soc2@56.281C soc0@55.937C gpu@57.656C tj@57.656C soc1@57.218C VDD_IN 10902mW/9132mW VDD_CPU_GPU_CV 4119mW/2821mW VDD_SOC 2912mW/2715mW
09-27-2026 09:02:49 RAM 3867/7620MB (lfb 96x4MB) SWAP 335/12002MB (cached 0MB) CPU [36%@1728,37%@1728,37%@1728,36%@1728,38%@1728,100%@1728] GR3D_FREQ 0% cpu@57.468C soc2@56.281C soc0@55.75C gpu@57.437C tj@57.468C soc1@57.156C VDD_IN 9895mW/9139mW VDD_CPU_GPU_CV 3458mW/2828mW VDD_SOC 2759mW/2715mW
09-27-2026 09:02:50 RAM 3556/7620MB (lfb 121x4MB) SWAP 335/12002MB (cached 0MB) CPU [27%@1728,27%@1728,28%@1728,28%@1728,27%@1728,100%@1728] GR3D_FREQ 0% cpu@57.031C soc2@56.187C soc0@56.062C gpu@57.781C tj@57.781C soc1@57.156C VDD_IN 9437mW/9142mW VDD_CPU_GPU_CV 3109mW/2830mW VDD_SOC 2680mW/2715mW
09-27-2026 09:02:50 RAM 3741/7620MB (lfb 97x4MB) SWAP 335/12002MB (cached 0MB) CPU [0%@1728,0%@1728,0%@1728,0%@1728,14%@1728,72%@1728] GR3D_FREQ 63% cpu@56.968C soc2@56.281C soc0@55.812C gpu@58.312C tj@58.312C soc1@57.125C VDD_IN 10981mW/9159mW VDD_CPU_GPU_CV 4040mW/2842mW VDD_SOC 2952mW/2717mW
09-27-2026 09:02:51 RAM 3867/7620MB (lfb 96x4MB) SWAP 335/12002MB (cached 0MB) CPU [16%@1728,16%@1728,16%@1728,16%@1728,78%@1728,16%@1728] GR3D_FREQ 0% cpu@57.562C soc2@56.437C soc0@55.781C gpu@58.156C tj@58.156C soc1@57.343C VDD_IN 11375mW/9180mW VDD_CPU_GPU_CV 4425mW/2857mW VDD_SOC 3025mW/2720mW
09-27-2026 09:02:51 RAM 3866/7620MB (lfb 96x4MB) SWAP 335/12002MB (cached 0MB) CPU [36%@1728,36%@1728,36%@1728,36%@1728,100%@1728,37%@1728] GR3D_FREQ 0% cpu@57.906C soc2@56.312C soc0@55.812C gpu@57.625C tj@57.906C soc1@57.218C VDD_IN 10013mW/9188mW VDD_CPU_GPU_CV 3536mW/2863mW VDD_SOC 2755mW/2720mW
09-27-2026 09:02:52 RAM 3556/7620MB (lfb 121x4MB) SWAP 335/12002MB (cached 0MB) CPU [34%@1728,34%@1728,33%@1728,33%@1728,100%@1728,32%@1728] GR3D_FREQ 8% cpu@57.375C soc2@56.375C soc0@55.812C gpu@57.468C tj@57.468C soc1@57.156C VDD_IN 9516mW/9191mW VDD_CPU_GPU_CV 3227mW/2867mW VDD_SOC 2680mW/2720mW
09-27-2026 09:02:52 RAM 4048/7620MB (lfb 80x4MB) SWAP 335/12002MB (cached 0MB) CPU [1%@1728,1%@1728,0%@1728,0%@1728,76%@1728,0%@1728] GR3D_FREQ 21% cpu@57.312C soc2@56.343C soc0@56.031C gpu@57.968C tj@57.968C soc1@57.062C VDD_IN 11985mW/9217mW VDD_CPU_GPU_CV 4504mW/2882mW VDD_SOC 3340mW/2726mW
09-27-2026 09:02:53 RAM 4639/7620MB (lfb 29x4MB) SWAP 335/12002MB (cached 0MB) CPU [0%@1728,0%@1728,0%@1728,0%@1728,54%@1728,0%@1728] GR3D_FREQ 99% cpu@57.218C soc2@56.718C soc0@56.031C gpu@59.656C tj@59.656C soc1@57.343C VDD_IN 15367mW/9273mW VDD_CPU_GPU_CV 6615mW/2915mW VDD_SOC 4060mW/2738mW
09-27-2026 09:02:53 RAM 4639/7620MB (lfb 29x4MB) SWAP 335/12002MB (cached 0MB) CPU [0%@1728,0%@1728,0%@1728,1%@1728,29%@1728,0%@1728] GR3D_FREQ 96% cpu@57.75C soc2@57.156C soc0@56.125C gpu@59.968C tj@59.968C soc1@57.281C VDD_IN 18522mW/9356mW VDD_CPU_GPU_CV 8542mW/2966mW VDD_SOC 4739mW/2756mW
09-27-2026 09:02:54 RAM 4639/7620MB (lfb 29x4MB) SWAP 335/12002MB (cached 0MB) CPU [0%@1728,0%@1728,0%@1728,0%@1728,21%@1728,0%@1728] GR3D_FREQ 91% cpu@58.031C soc2@57.312C soc0@56.312C gpu@60.656C tj@60.656C soc1@57.343C VDD_IN 19851mW/9450mW VDD_CPU_GPU_CV 9400mW/3024mW VDD_SOC 5003mW/2776mW
09-27-2026 09:02:54 RAM 4639/7620MB (lfb 29x4MB) SWAP 335/12002MB (cached 0MB) CPU [0%@1728,1%@1728,1%@1728,1%@1728,28%@1728,0%@1728] GR3D_FREQ 99% cpu@58C soc2@57.593C soc0@56.687C gpu@60.906C tj@60.906C soc1@57.437C VDD_IN 20090mW/9544mW VDD_CPU_GPU_CV 9632mW/3082mW VDD_SOC 5080mW/2796mW
09-27-2026 09:02:55 RAM 4639/7620MB (lfb 29x4MB) SWAP 335/12002MB (cached 0MB) CPU [0%@1728,1%@1728,0%@1728,0%@1728,28%@1728,0%@1728] GR3D_FREQ 33% cpu@58.093C soc2@57.562C soc0@56.687C gpu@60.593C tj@60.593C soc1@57.468C VDD_IN 19890mW/9635mW VDD_CPU_GPU_CV 9362mW/3137mW VDD_SOC 5041mW/2816mW
09-27-2026 09:02:55 RAM 4639/7620MB (lfb 29x4MB) SWAP 335/12002MB (cached 0MB) CPU [0%@1728,3%@1728,0%@1728,0%@1728,20%@1728,0%@1728] GR3D_FREQ 89% cpu@58.5C soc2@57.781C soc0@56.781C gpu@61.281C tj@61.281C soc1@57.75C VDD_IN 20245mW/9727mW VDD_CPU_GPU_CV 9747mW/3195mW VDD_SOC 5111mW/2836mW
09-27-2026 09:02:56 RAM 4639/7620MB (lfb 29x4MB) SWAP 335/12002MB (cached 0MB) CPU [0%@1728,0%@1728,0%@1728,0%@1728,28%@1728,0%@1728] GR3D_FREQ 99% cpu@58.718C soc2@57.906C soc0@56.906C gpu@61.125C tj@61.125C soc1@57.781C VDD_IN 20206mW/9817mW VDD_CPU_GPU_CV 9670mW/3250mW VDD_SOC 5072mW/2855mW
09-27-2026 09:02:56 RAM 4639/7620MB (lfb 29x4MB) SWAP 335/12002MB (cached 0MB) CPU [3%@1728,1%@1728,0%@1728,1%@1728,27%@1728,0%@1728] GR3D_FREQ 15% cpu@58.656C soc2@58.031C soc0@57.125C gpu@60.75C tj@60.75C soc1@57.812C VDD_IN 19896mW/9903mW VDD_CPU_GPU_CV 9362mW/3303mW VDD_SOC 5041mW/2874mW
09-27-2026 09:02:57 RAM 4639/7620MB (lfb 29x4MB) SWAP 335/12002MB (cached 0MB) CPU [1%@1728,0%@1728,0%@1728,0%@1728,20%@1728,0%@1728] GR3D_FREQ 89% cpu@58.656C soc2@58.218C soc0@57.187C gpu@61.75C tj@61.75C soc1@57.906C VDD_IN 20245mW/9991mW VDD_CPU_GPU_CV 9709mW/3357mW VDD_SOC 5072mW/2893mW
09-27-2026 09:02:57 RAM 4639/7620MB (lfb 29x4MB) SWAP 335/12002MB (cached 0MB) CPU [0%@1728,0%@1728,0%@1728,0%@1728,29%@1728,0%@1728] GR3D_FREQ 99% cpu@59C soc2@58.25C soc0@57.218C gpu@61.625C tj@61.625C soc1@58.062C VDD_IN 20167mW/10077mW VDD_CPU_GPU_CV 9632mW/3410mW VDD_SOC 5072mW/2911mW
09-27-2026 09:02:58 RAM 4639/7620MB (lfb 29x4MB) SWAP 335/12002MB (cached 0MB) CPU [0%@1728,0%@1728,0%@1728,0%@1728,26%@1728,0%@1728] GR3D_FREQ 22% cpu@59.062C soc2@58.343C soc0@57.281C gpu@60.875C tj@60.875C soc1@58C VDD_IN 19934mW/10159mW VDD_CPU_GPU_CV 9400mW/3460mW VDD_SOC 5041mW/2929mW
09-27-2026 09:02:58 RAM 4639/7620MB (lfb 29x4MB) SWAP 335/12002MB (cached 0MB) CPU [0%@1728,3%@1728,0%@1728,0%@1728,20%@1728,0%@1728] GR3D_FREQ 99% cpu@59.031C soc2@58.562C soc0@57.468C gpu@61.843C tj@61.843C soc1@58.093C VDD_IN 20361mW/10243mW VDD_CPU_GPU_CV 9786mW/3512mW VDD_SOC 5111mW/2947mW
09-27-2026 09:02:59 RAM 4639/7620MB (lfb 29x4MB) SWAP 335/12002MB (cached 0MB) CPU [0%@1728,0%@1728,0%@1728,0%@1728,29%@1728,0%@1728] GR3D_FREQ 99% cpu@59C soc2@58.593C soc0@57.625C gpu@61.625C tj@61.625C soc1@58.218C VDD_IN 20090mW/10324mW VDD_CPU_GPU_CV 9554mW/3561mW VDD_SOC 5072mW/2964mW
09-27-2026 09:02:59 RAM 4639/7620MB (lfb 29x4MB) SWAP 335/12002MB (cached 0MB) CPU [1%@1728,1%@1728,0%@1728,0%@1728,26%@1728,0%@1728] GR3D_FREQ 76% cpu@59.437C soc2@58.593C soc0@57.593C gpu@61.375C tj@61.375C soc1@58.406C VDD_IN 20245mW/10404mW VDD_CPU_GPU_CV 9593mW/3611mW VDD_SOC 5072mW/2981mW
09-27-2026 09:03:00 RAM 4639/7620MB (lfb 29x4MB) SWAP 335/12002MB (cached 0MB) CPU [0%@1728,1%@1728,0%@1728,0%@1728,22%@1728,0%@1728] GR3D_FREQ 99% cpu@59.343C soc2@58.687C soc0@57.625C gpu@62.281C tj@62.281C soc1@58.437C VDD_IN 20361mW/10485mW VDD_CPU_GPU_CV 9769mW/3660mW VDD_SOC 5111mW/2998mW
09-27-2026 09:03:00 RAM 4639/7620MB (lfb 29x4MB) SWAP 335/12002MB (cached 0MB) CPU [0%@1728,0%@1728,0%@1728,0%@1728,28%@1728,0%@1728] GR3D_FREQ 99% cpu@59.437C soc2@58.812C soc0@57.843C gpu@61.937C tj@61.937C soc1@58.437C VDD_IN 20090mW/10562mW VDD_CPU_GPU_CV 9516mW/3707mW VDD_SOC 5072mW/3015mW
09-27-2026 09:03:01 RAM 4639/7620MB (lfb 29x4MB) SWAP 335/12002MB (cached 0MB) CPU [0%@1728,0%@1728,0%@1728,0%@1728,22%@1728,0%@1728] GR3D_FREQ 77% cpu@59.312C soc2@58.937C soc0@57.812C gpu@62.125C tj@62.125C soc1@58.531C VDD_IN 20245mW/10638mW VDD_CPU_GPU_CV 9632mW/3754mW VDD_SOC 5111mW/3032mW
09-27-2026 09:03:01 RAM 4639/7620MB (lfb 29x4MB) SWAP 335/12002MB (cached 0MB) CPU [1%@1728,1%@1728,0%@1728,0%@1728,25%@1728,0%@1728] GR3D_FREQ 99% cpu@59.406C soc2@59.031C soc0@57.812C gpu@62.312C tj@62.312C soc1@58.5C VDD_IN 20322mW/10715mW VDD_CPU_GPU_CV 9786mW/3802mW VDD_SOC 5111mW/3048mW
09-27-2026 09:03:02 RAM 4642/7620MB (lfb 29x4MB) SWAP 335/12002MB (cached 0MB) CPU [0%@1728,6%@1728,3%@1728,28%@1728,1%@1728,0%@1728] GR3D_FREQ 99% cpu@59.75C soc2@59C soc0@57.937C gpu@61.968C tj@61.968C soc1@58.718C VDD_IN 20090mW/10788mW VDD_CPU_GPU_CV 9477mW/3846mW VDD_SOC 5072mW/3064mW
09-27-2026 09:03:02 RAM 4645/7620MB (lfb 29x4MB) SWAP 335/12002MB (cached 0MB) CPU [17%@1728,21%@1728,16%@1728,35%@1728,32%@1728,14%@1728] GR3D_FREQ 89% cpu@59.812C soc2@59.062C soc0@58C gpu@62.281C tj@62.281C soc1@58.781C VDD_IN 20555mW/10864mW VDD_CPU_GPU_CV 9786mW/3892mW VDD_SOC 5072mW/3079mW
09-27-2026 09:03:03 RAM 4645/7620MB (lfb 29x4MB) SWAP 335/12002MB (cached 0MB) CPU [3%@1728,0%@1728,1%@1728,26%@1728,0%@1728,0%@1728] GR3D_FREQ 99% cpu@59.718C soc2@59.281C soc0@58.25C gpu@62.468C tj@62.468C soc1@58.843C VDD_IN 20284mW/10936mW VDD_CPU_GPU_CV 9632mW/3936mW VDD_SOC 5072mW/3095mW
09-27-2026 09:03:03 RAM 4645/7620MB (lfb 29x4MB) SWAP 335/12002MB (cached 0MB) CPU [4%@1728,5%@1728,0%@1728,28%@1728,0%@1728,0%@1728] GR3D_FREQ 82% cpu@60.156C soc2@59.312C soc0@58.218C gpu@61.75C tj@61.75C soc1@58.875C VDD_IN 20012mW/11005mW VDD_CPU_GPU_CV 9400mW/3978mW VDD_SOC 5033mW/3110mW
09-27-2026 09:03:04 RAM 4645/7620MB (lfb 29x4MB) SWAP 335/12002MB (cached 0MB) CPU [0%@1728,0%@1728,0%@1728,20%@1728,0%@1728,0%@1728] GR3D_FREQ 99% cpu@59.875C soc2@59.281C soc0@58.312C gpu@62.781C tj@62.781C soc1@59.093C VDD_IN 20400mW/11077mW VDD_CPU_GPU_CV 9786mW/4022mW VDD_SOC 5111mW/3125mW
09-27-2026 09:03:04 RAM 4645/7620MB (lfb 29x4MB) SWAP 335/12002MB (cached 0MB) CPU [0%@1728,0%@1728,0%@1728,31%@1728,0%@1728,0%@1728] GR3D_FREQ 99% cpu@60.125C soc2@59.343C soc0@58.281C gpu@62.656C tj@62.656C soc1@59.125C VDD_IN 20051mW/11144mW VDD_CPU_GPU_CV 9477mW/4063mW VDD_SOC 5072mW/3139mW
09-27-2026 09:03:05 RAM 4645/7620MB (lfb 29x4MB) SWAP 335/12002MB (cached 0MB) CPU [0%@1728,0%@1728,0%@1728,24%@1728,0%@1728,0%@1728] GR3D_FREQ 76% cpu@60.218C soc2@59.531C soc0@58.593C gpu@62.656C tj@62.656C soc1@59.125C VDD_IN 20322mW/11212mW VDD_CPU_GPU_CV 9670mW/4105mW VDD_SOC 5111mW/3154mW
09-27-2026 09:03:05 RAM 4645/7620MB (lfb 29x4MB) SWAP 335/12002MB (cached 0MB) CPU [3%@1728,0%@1728,1%@1728,23%@1728,0%@1728,0%@1728] GR3D_FREQ 99% cpu@60.093C soc2@59.625C soc0@58.562C gpu@62.875C tj@62.875C soc1@59.187C VDD_IN 20322mW/11280mW VDD_CPU_GPU_CV 9731mW/4146mW VDD_SOC 5111mW/3169mW
09-27-2026 09:03:06 RAM 4645/7620MB (lfb 29x4MB) SWAP 335/12002MB (cached 0MB) CPU [0%@1728,0%@1728,0%@1728,29%@1728,0%@1728,0%@1728] GR3D_FREQ 97% cpu@60.156C soc2@59.625C soc0@58.625C gpu@62.687C tj@62.687C soc1@59.406C VDD_IN 20012mW/11344mW VDD_CPU_GPU_CV 9477mW/4186mW VDD_SOC 5072mW/3183mW
09-27-2026 09:03:06 RAM 4646/7620MB (lfb 29x4MB) SWAP 335/12002MB (cached 0MB) CPU [4%@1728,5%@1728,2%@1728,25%@1728,2%@1728,0%@1728] GR3D_FREQ 99% cpu@60.468C soc2@59.75C soc0@58.687C gpu@62.5C tj@62.5C soc1@59.437C VDD_IN 20322mW/11410mW VDD_CPU_GPU_CV 9670mW/4226mW VDD_SOC 5111mW/3197mW
09-27-2026 09:03:07 RAM 4646/7620MB (lfb 29x4MB) SWAP 335/12002MB (cached 0MB) CPU [1%@1728,0%@1728,0%@1728,27%@1728,0%@1728,1%@1728] GR3D_FREQ 99% cpu@60.406C soc2@59.687C soc0@58.625C gpu@63.281C tj@63.031C soc1@59.406C VDD_IN 20322mW/11474mW VDD_CPU_GPU_CV 9769mW/4266mW VDD_SOC 5111mW/3210mW
09-27-2026 09:03:07 RAM 4646/7620MB (lfb 29x4MB) SWAP 335/12002MB (cached 0MB) CPU [5%@1728,1%@1728,1%@1728,31%@1728,0%@1728,0%@1728] GR3D_FREQ 97% cpu@60.531C soc2@59.937C soc0@58.875C gpu@62.687C tj@62.687C soc1@59.406C VDD_IN 20012mW/11536mW VDD_CPU_GPU_CV 9439mW/4303mW VDD_SOC 5072mW/3224mW
09-27-2026 09:03:08 RAM 4646/7620MB (lfb 29x4MB) SWAP 335/12002MB (cached 0MB) CPU [0%@1728,0%@1728,0%@1728,21%@1728,0%@1728,0%@1728] GR3D_FREQ 89% cpu@60.375C soc2@60C soc0@58.968C gpu@63.406C tj@63.406C soc1@59.656C VDD_IN 20322mW/11598mW VDD_CPU_GPU_CV 9731mW/4342mW VDD_SOC 5111mW/3237mW
09-27-2026 09:03:08 RAM 4646/7620MB (lfb 29x4MB) SWAP 335/12002MB (cached 0MB) CPU [0%@1728,0%@1728,1%@1728,29%@1728,0%@1728,0%@1728] GR3D_FREQ 99% cpu@60.781C soc2@60C soc0@58.875C gpu@63.218C tj@63.218C soc1@59.687C VDD_IN 20245mW/11660mW VDD_CPU_GPU_CV 9670mW/4380mW VDD_SOC 5111mW/3251mW
09-27-2026 09:03:09 RAM 4646/7620MB (lfb 29x4MB) SWAP 335/12002MB (cached 0MB) CPU [0%@1728,0%@1728,0%@1728,26%@1728,0%@1728,0%@1728] GR3D_FREQ 41% cpu@60.906C soc2@60C soc0@58.937C gpu@62.75C tj@62.75C soc1@59.625C VDD_IN 19934mW/11718mW VDD_CPU_GPU_CV 9400mW/4415mW VDD_SOC 5072mW/3263mW
09-27-2026 09:03:09 RAM 4646/7620MB (lfb 29x4MB) SWAP 335/12002MB (cached 0MB) CPU [0%@1728,1%@1728,0%@1728,21%@1728,0%@1728,0%@1728] GR3D_FREQ 97% cpu@60.75C soc2@60.125C soc0@59.187C gpu@63.156C tj@63.468C soc1@59.718C VDD_IN 20361mW/11778mW VDD_CPU_GPU_CV 9769mW/4452mW VDD_SOC 5149mW/3277mW
09-27-2026 09:03:10 RAM 4646/7620MB (lfb 29x4MB) SWAP 335/12002MB (cached 0MB) CPU [1%@1728,1%@1728,0%@1728,28%@1728,0%@1728,0%@1728] GR3D_FREQ 99% cpu@60.625C soc2@60.156C soc0@59.218C gpu@63.343C tj@63.343C soc1@59.656C VDD_IN 20128mW/11836mW VDD_CPU_GPU_CV 9554mW/4488mW VDD_SOC 5072mW/3289mW
09-27-2026 09:03:10 RAM 4646/7620MB (lfb 29x4MB) SWAP 335/12002MB (cached 0MB) CPU [1%@1728,1%@1728,0%@1728,26%@1728,0%@1728,0%@1728] GR3D_FREQ 90% cpu@61.031C soc2@60.218C soc0@59.187C gpu@62.843C tj@62.843C soc1@59.968C VDD_IN 20167mW/11894mW VDD_CPU_GPU_CV 9516mW/4522mW VDD_SOC 5111mW/3302mW
09-27-2026 09:03:11 RAM 4646/7620MB (lfb 29x4MB) SWAP 335/12002MB (cached 0MB) CPU [0%@1728,0%@1728,0%@1728,23%@1728,0%@1728,0%@1728] GR3D_FREQ 99% cpu@60.718C soc2@60.218C soc0@59.187C gpu@63.687C tj@63.687C soc1@59.968C VDD_IN 20400mW/11952mW VDD_CPU_GPU_CV 9808mW/4559mW VDD_SOC 5111mW/3314mW
09-27-2026 09:03:11 RAM 4646/7620MB (lfb 29x4MB) SWAP 335/12002MB (cached 0MB) CPU [0%@1728,1%@1728,0%@1728,28%@1728,0%@1728,1%@1728] GR3D_FREQ 99% cpu@60.937C soc2@60.437C soc0@59.468C gpu@63.406C tj@63.406C soc1@59.968C VDD_IN 20128mW/12008mW VDD_CPU_GPU_CV 9516mW/4592mW VDD_SOC 5072mW/3326mW
09-27-2026 09:03:12 RAM 4646/7620MB (lfb 29x4MB) SWAP 335/12002MB (cached 0MB) CPU [0%@1728,0%@1728,0%@1728,25%@1728,0%@1728,0%@1728] GR3D_FREQ 76% cpu@61.125C soc2@60.5C soc0@59.531C gpu@63.531C tj@63.531C soc1@59.937C VDD_IN 20284mW/12064mW VDD_CPU_GPU_CV 9632mW/4626mW VDD_SOC 5111mW/3338mW
09-27-2026 09:03:12 RAM 4646/7620MB (lfb 29x4MB) SWAP 335/12002MB (cached 0MB) CPU [3%@1728,0%@1728,1%@1728,24%@1728,1%@1728,0%@1728] GR3D_FREQ 99% cpu@60.875C soc2@60.531C soc0@59.5C gpu@63.718C tj@63.718C soc1@60.031C VDD_IN 20361mW/12119mW VDD_CPU_GPU_CV 9731mW/4661mW VDD_SOC 5111mW/3350mW
09-27-2026 09:03:13 RAM 4646/7620MB (lfb 29x4MB) SWAP 335/12002MB (cached 0MB) CPU [11%@1728,0%@1728,0%@1728,19%@1728,0%@1728,1%@1728] GR3D_FREQ 62% cpu@61.125C soc2@60.531C soc0@59.437C gpu@63.437C tj@63.437C soc1@60.187C VDD_IN 20012mW/12172mW VDD_CPU_GPU_CV 9400mW/4692mW VDD_SOC 5072mW/3361mW
09-27-2026 09:03:13 RAM 4646/7620MB (lfb 29x4MB) SWAP 335/12002MB (cached 0MB) CPU [22%@1728,0%@1728,0%@1728,0%@1728,0%@1728,2%@1728] GR3D_FREQ 89% cpu@61.218C soc2@60.593C soc0@59.562C gpu@63.718C tj@63.718C soc1@60.281C VDD_IN 20361mW/12226mW VDD_CPU_GPU_CV 9692mW/4725mW VDD_SOC 5149mW/3373mW
09-27-2026 09:03:14 RAM 4646/7620MB (lfb 29x4MB) SWAP 335/12002MB (cached 0MB) CPU [0%@1728,3%@1728,0%@1728,28%@1728,4%@1728,0%@1728] GR3D_FREQ 99% cpu@61.156C soc2@60.656C soc0@59.812C gpu@63.781C tj@63.781C soc1@60.25C VDD_IN 20322mW/12280mW VDD_CPU_GPU_CV 9692mW/4758mW VDD_SOC 5111mW/3385mW
09-27-2026 09:03:14 RAM 4646/7620MB (lfb 29x4MB) SWAP 335/12002MB (cached 0MB) CPU [0%@1728,0%@1728,0%@1728,26%@1728,0%@1728,0%@1728] GR3D_FREQ 15% cpu@61.5C soc2@60.718C soc0@59.781C gpu@63.875C tj@63.875C soc1@60.312C VDD_IN 19973mW/12330mW VDD_CPU_GPU_CV 9362mW/4788mW VDD_SOC 5072mW/3396mW
09-27-2026 09:03:15 RAM 4646/7620MB (lfb 29x4MB) SWAP 335/12002MB (cached 0MB) CPU [0%@1728,0%@1728,0%@1728,18%@1728,0%@1728,0%@1728] GR3D_FREQ 97% cpu@61.312C soc2@60.843C soc0@59.718C gpu@64.093C tj@64.093C soc1@60.5C VDD_IN 20322mW/12382mW VDD_CPU_GPU_CV 9654mW/4820mW VDD_SOC 5111mW/3407mW
09-27-2026 09:03:15 RAM 4646/7620MB (lfb 29x4MB) SWAP 335/12002MB (cached 0MB) CPU [1%@1728,1%@1728,0%@1728,30%@1728,0%@1728,0%@1728] GR3D_FREQ 99% cpu@61.593C soc2@60.875C soc0@59.75C gpu@63.937C tj@63.937C soc1@60.562C VDD_IN 20206mW/12432mW VDD_CPU_GPU_CV 9593mW/4851mW VDD_SOC 5111mW/3418mW
09-27-2026 09:03:16 RAM 4646/7620MB (lfb 29x4MB) SWAP 335/12002MB (cached 0MB) CPU [0%@1728,0%@1728,0%@1728,28%@1728,0%@1728,0%@1728] GR3D_FREQ 70% cpu@61.937C soc2@60.937C soc0@59.781C gpu@63.625C tj@63.625C soc1@60.5C VDD_IN 20090mW/12481mW VDD_CPU_GPU_CV 9477mW/4880mW VDD_SOC 5072mW/3428mW
09-27-2026 09:03:16 RAM 4646/7620MB (lfb 29x4MB) SWAP 335/12002MB (cached 0MB) CPU [0%@1728,0%@1728,0%@1728,20%@1728,0%@1728,0%@1728] GR3D_FREQ 99% cpu@61.562C soc2@61.031C soc0@60.031C gpu@64.156C tj@64.156C soc1@60.5C VDD_IN 20439mW/12532mW VDD_CPU_GPU_CV 9846mW/4912mW VDD_SOC 5111mW/3439mW
09-27-2026 09:03:17 RAM 4646/7620MB (lfb 29x4MB) SWAP 335/12002MB (cached 0MB) CPU [0%@1728,0%@1728,0%@1728,29%@1728,0%@1728,0%@1728] GR3D_FREQ 99% cpu@61.5C soc2@61.062C soc0@60C gpu@64.062C tj@64.062C soc1@60.5C VDD_IN 20167mW/12580mW VDD_CPU_GPU_CV 9554mW/4941mW VDD_SOC 5111mW/3450mW
09-27-2026 09:03:17 RAM 4646/7620MB (lfb 29x4MB) SWAP 335/12002MB (cached 0MB) CPU [0%@1728,1%@1728,0%@1728,24%@1728,0%@1728,0%@1728] GR3D_FREQ 99% cpu@62.031C soc2@61.031C soc0@60.093C gpu@64.312C tj@64.312C soc1@60.812C VDD_IN 20322mW/12629mW VDD_CPU_GPU_CV 9654mW/4971mW VDD_SOC 5149mW/3460mW
09-27-2026 09:03:18 RAM 4646/7620MB (lfb 29x4MB) SWAP 335/12002MB (cached 0MB) CPU [0%@1728,0%@1728,0%@1728,4%@1728,0%@1728,0%@1728] GR3D_FREQ 0% cpu@61.156C soc2@60.625C soc0@60.125C gpu@62.125C tj@62.125C soc1@60.718C VDD_IN 13356mW/12634mW VDD_CPU_GPU_CV 5309mW/4973mW VDD_SOC 3720mW/3462mW
09-27-2026 09:03:18 RAM 4646/7620MB (lfb 29x4MB) SWAP 335/12002MB (cached 0MB) CPU [0%@1728,0%@1728,0%@1728,0%@1728,3%@1728,0%@1728] GR3D_FREQ 0% cpu@60.781C soc2@60.406C soc0@59.843C gpu@61.843C tj@61.843C soc1@60.687C VDD_IN 9264mW/12613mW VDD_CPU_GPU_CV 2711mW/4959mW VDD_SOC 2877mW/3458mW
09-27-2026 09:03:19 RAM 4646/7620MB (lfb 29x4MB) SWAP 335/12002MB (cached 0MB) CPU [0%@1728,0%@1728,1%@1728,0%@1728,0%@1728,0%@1728] GR3D_FREQ 0% cpu@60.281C soc2@60.062C soc0@59.718C gpu@61.406C tj@61.406C soc1@60.531C VDD_IN 8029mW/12584mW VDD_CPU_GPU_CV 1971mW/4940mW VDD_SOC 2645mW/3453mW
09-27-2026 09:03:19 RAM 4646/7620MB (lfb 29x4MB) SWAP 335/12002MB (cached 0MB) CPU [1%@1728,0%@1728,0%@1728,0%@1728,0%@1728,0%@1728] GR3D_FREQ 0% cpu@60.218C soc2@59.75C soc0@59.656C gpu@61.187C tj@61.187C soc1@60.593C VDD_IN 7673mW/12554mW VDD_CPU_GPU_CV 1734mW/4921mW VDD_SOC 2566mW/3448mW
09-27-2026 09:03:20 RAM 4646/7620MB (lfb 29x4MB) SWAP 335/12002MB (cached 0MB) CPU [0%@1728,0%@1728,0%@1728,0%@1728,0%@1728,0%@1728] GR3D_FREQ 0% cpu@60.093C soc2@59.562C soc0@59.375C gpu@60.906C tj@60.906C soc1@60.406C VDD_IN 7554mW/12524mW VDD_CPU_GPU_CV 1658mW/4901mW VDD_SOC 2527mW/3442mW
09-27-2026 09:03:20 RAM 4646/7620MB (lfb 29x4MB) SWAP 335/12002MB (cached 0MB) CPU [1%@1728,0%@1728,0%@1728,0%@1728,0%@1728,0%@1728] GR3D_FREQ 0% cpu@60.156C soc2@59.562C soc0@59.375C gpu@61.156C tj@61.156C soc1@60.25C VDD_IN 7514mW/12493mW VDD_CPU_GPU_CV 1619mW/4881mW VDD_SOC 2531mW/3437mW
09-27-2026 09:03:21 RAM 4646/7620MB (lfb 29x4MB) SWAP 335/12002MB (cached 0MB) CPU [0%@1728,0%@1728,0%@1728,0%@1728,0%@1728,0%@1728] GR3D_FREQ 0% cpu@59.937C soc2@59.5C soc0@59.375C gpu@60.843C tj@60.843C soc1@60.218C VDD_IN 7475mW/12463mW VDD_CPU_GPU_CV 1619mW/4861mW VDD_SOC 2531mW/3431mW
09-27-2026 09:03:21 RAM 4646/7620MB (lfb 29x4MB) SWAP 335/12002MB (cached 0MB) CPU [0%@1728,0%@1728,0%@1728,0%@1728,0%@1728,0%@1728] GR3D_FREQ 0% cpu@59.937C soc2@59.343C soc0@59.218C gpu@60.687C tj@60.687C soc1@60.343C VDD_IN 7514mW/12433mW VDD_CPU_GPU_CV 1619mW/4842mW VDD_SOC 2531mW/3426mW
09-27-2026 09:03:22 RAM 4645/7620MB (lfb 29x4MB) SWAP 335/12002MB (cached 0MB) CPU [0%@1728,0%@1728,0%@1728,0%@1728,0%@1728,0%@1728] GR3D_FREQ 0% cpu@59.75C soc2@59.156C soc0@59C gpu@60.656C tj@60.656C soc1@60.218C VDD_IN 7514mW/12404mW VDD_CPU_GPU_CV 1619mW/4823mW VDD_SOC 2570mW/3421mW
09-27-2026 09:03:22 RAM 4645/7620MB (lfb 29x4MB) SWAP 335/12002MB (cached 0MB) CPU [0%@1728,0%@1728,0%@1728,0%@1728,0%@1728,0%@1728] GR3D_FREQ 0% cpu@59.625C soc2@59.187C soc0@59.093C gpu@60.437C tj@60.437C soc1@60.062C VDD_IN 7514mW/12375mW VDD_CPU_GPU_CV 1619mW/4804mW VDD_SOC 2610mW/3416mW
09-27-2026 09:03:23 RAM 4645/7620MB (lfb 29x4MB) SWAP 335/12002MB (cached 0MB) CPU [0%@1728,0%@1728,0%@1728,0%@1728,0%@1728,0%@1728] GR3D_FREQ 0% cpu@59.562C soc2@59.125C soc0@58.906C gpu@60.343C tj@60.343C soc1@59.937C VDD_IN 7514mW/12347mW VDD_CPU_GPU_CV 1619mW/4785mW VDD_SOC 2610mW/3411mW
09-27-2026 09:03:23 RAM 4645/7620MB (lfb 29x4MB) SWAP 335/12002MB (cached 0MB) CPU [1%@1728,0%@1728,0%@1728,0%@1728,0%@1728,0%@1728] GR3D_FREQ 0% cpu@59.406C soc2@59C soc0@58.781C gpu@60.531C tj@60.531C soc1@60.093C VDD_IN 7514mW/12318mW VDD_CPU_GPU_CV 1619mW/4767mW VDD_SOC 2610mW/3407mW
09-27-2026 09:03:24 RAM 4645/7620MB (lfb 29x4MB) SWAP 335/12002MB (cached 0MB) CPU [0%@1728,0%@1728,0%@1728,0%@1728,0%@1728,0%@1728] GR3D_FREQ 0% cpu@59.656C soc2@58.843C soc0@58.781C gpu@60.312C tj@60.312C soc1@60C VDD_IN 7514mW/12290mW VDD_CPU_GPU_CV 1619mW/4748mW VDD_SOC 2610mW/3402mW
09-27-2026 09:03:24 RAM 4645/7620MB (lfb 29x4MB) SWAP 335/12002MB (cached 0MB) CPU [0%@1728,0%@1728,1%@1728,0%@1728,0%@1728,0%@1728] GR3D_FREQ 0% cpu@59.281C soc2@58.906C soc0@58.843C gpu@60.25C tj@60.25C soc1@59.812C VDD_IN 7514mW/12263mW VDD_CPU_GPU_CV 1619mW/4730mW VDD_SOC 2610mW/3397mW
09-27-2026 09:03:25 RAM 4645/7620MB (lfb 29x4MB) SWAP 335/12002MB (cached 0MB) CPU [0%@1728,1%@1728,0%@1728,0%@1728,0%@1728,4%@1728] GR3D_FREQ 0% cpu@59.218C soc2@58.812C soc0@58.687C gpu@60.093C tj@60.093C soc1@59.875C VDD_IN 7554mW/12236mW VDD_CPU_GPU_CV 1619mW/4712mW VDD_SOC 2610mW/3393mW
09-27-2026 09:03:25 RAM 4645/7620MB (lfb 29x4MB) SWAP 335/12002MB (cached 0MB) CPU [1%@1728,0%@1728,0%@1728,0%@1728,0%@1728,0%@1728] GR3D_FREQ 0% cpu@59.218C soc2@58.781C soc0@58.593C gpu@60.375C tj@60.375C soc1@59.843C VDD_IN 7514mW/12209mW VDD_CPU_GPU_CV 1619mW/4695mW VDD_SOC 2610mW/3388mW
09-27-2026 09:03:26 RAM 4645/7620MB (lfb 29x4MB) SWAP 335/12002MB (cached 0MB) CPU [0%@1728,0%@1728,0%@1728,1%@1728,0%@1728,0%@1728] GR3D_FREQ 0% cpu@59.406C soc2@58.718C soc0@58.5C gpu@60.062C tj@60.062C soc1@59.718C VDD_IN 7475mW/12182mW VDD_CPU_GPU_CV 1619mW/4677mW VDD_SOC 2531mW/3384mW
09-27-2026 09:03:26 RAM 4645/7620MB (lfb 29x4MB) SWAP 335/12002MB (cached 0MB) CPU [0%@1728,0%@1728,0%@1728,0%@1728,0%@1728,0%@1728] GR3D_FREQ 0% cpu@59.062C soc2@58.656C soc0@58.687C gpu@59.937C tj@60.218C soc1@59.593C VDD_IN 7475mW/12155mW VDD_CPU_GPU_CV 1619mW/4660mW VDD_SOC 2531mW/3379mW
09-27-2026 09:03:27 RAM 4645/7620MB (lfb 29x4MB) SWAP 335/12002MB (cached 0MB) CPU [0%@1728,0%@1728,0%@1728,0%@1728,0%@1728,0%@1728] GR3D_FREQ 0% cpu@58.937C soc2@58.656C soc0@58.562C gpu@59.937C tj@59.937C soc1@59.5C VDD_IN 7514mW/12129mW VDD_CPU_GPU_CV 1619mW/4643mW VDD_SOC 2570mW/3374mW
09-27-2026 09:03:27 RAM 4645/7620MB (lfb 29x4MB) SWAP 335/12002MB (cached 0MB) CPU [0%@1728,0%@1728,1%@1728,0%@1728,0%@1728,0%@1728] GR3D_FREQ 0% cpu@58.937C soc2@58.593C soc0@58.437C gpu@59.843C tj@59.843C soc1@59.781C VDD_IN 7514mW/12103mW VDD_CPU_GPU_CV 1619mW/4626mW VDD_SOC 2610mW/3370mW
09-27-2026 09:03:28 RAM 4645/7620MB (lfb 29x4MB) SWAP 335/12002MB (cached 0MB) CPU [0%@1728,0%@1728,0%@1728,0%@1728,0%@1728,0%@1728] GR3D_FREQ 0% cpu@59.187C soc2@58.468C soc0@58.281C gpu@59.687C tj@59.687C soc1@59.625C VDD_IN 7475mW/12078mW VDD_CPU_GPU_CV 1619mW/4609mW VDD_SOC 2570mW/3366mW
09-27-2026 09:03:28 RAM 4645/7620MB (lfb 29x4MB) SWAP 335/12002MB (cached 0MB) CPU [0%@1728,0%@1728,0%@1728,0%@1728,0%@1728,0%@1728] GR3D_FREQ 0% cpu@58.843C soc2@58.5C soc0@58.375C gpu@60C tj@60C soc1@59.468C VDD_IN 7475mW/12052mW VDD_CPU_GPU_CV 1619mW/4593mW VDD_SOC 2531mW/3361mW
09-27-2026 09:03:29 RAM 4645/7620MB (lfb 29x4MB) SWAP 335/12002MB (cached 0MB) CPU [0%@1728,0%@1728,0%@1728,0%@1728,0%@1728,0%@1728] GR3D_FREQ 0% cpu@58.718C soc2@58.562C soc0@58.281C gpu@59.812C tj@59.562C soc1@59.468C VDD_IN 7475mW/12027mW VDD_CPU_GPU_CV 1619mW/4576mW VDD_SOC 2531mW/3356mW
09-27-2026 09:03:29 RAM 4645/7620MB (lfb 29x4MB) SWAP 335/12002MB (cached 0MB) CPU [0%@1728,0%@1728,0%@1728,0%@1728,0%@1728,0%@1728] GR3D_FREQ 0% cpu@59C soc2@58.343C soc0@58.25C gpu@59.843C tj@59.843C soc1@59.562C VDD_IN 7514mW/12002mW VDD_CPU_GPU_CV 1619mW/4560mW VDD_SOC 2570mW/3352mW
09-27-2026 09:03:30 RAM 4645/7620MB (lfb 29x4MB) SWAP 335/12002MB (cached 0MB) CPU [0%@1728,0%@1728,0%@1728,0%@1728,0%@1728,0%@1728] GR3D_FREQ 0% cpu@59.156C soc2@58.218C soc0@58.156C gpu@59.718C tj@59.718C soc1@59.437C VDD_IN 7514mW/11978mW VDD_CPU_GPU_CV 1619mW/4544mW VDD_SOC 2610mW/3348mW
09-27-2026 09:03:30 RAM 4645/7620MB (lfb 29x4MB) SWAP 335/12002MB (cached 0MB) CPU [0%@1728,0%@1728,0%@1728,0%@1728,0%@1728,0%@1728] GR3D_FREQ 0% cpu@58.781C soc2@58.187C soc0@58.25C gpu@59.562C tj@59.562C soc1@59.375C VDD_IN 7514mW/11954mW VDD_CPU_GPU_CV 1619mW/4528mW VDD_SOC 2570mW/3344mW
09-27-2026 09:03:31 RAM 4645/7620MB (lfb 29x4MB) SWAP 335/12002MB (cached 0MB) CPU [0%@1728,0%@1728,0%@1728,0%@1728,0%@1728,0%@1728] GR3D_FREQ 0% cpu@58.562C soc2@58.281C soc0@58.187C gpu@59.375C tj@59.375C soc1@59.281C VDD_IN 7475mW/11930mW VDD_CPU_GPU_CV 1619mW/4513mW VDD_SOC 2531mW/3339mW
09-27-2026 09:03:32 RAM 4645/7620MB (lfb 29x4MB) SWAP 335/12002MB (cached 0MB) CPU [0%@1728,0%@1728,0%@1728,0%@1728,0%@1728,0%@1728] GR3D_FREQ 0% cpu@58.75C soc2@58.031C soc0@58C gpu@59.718C tj@59.718C soc1@59.375C VDD_IN 7475mW/11906mW VDD_CPU_GPU_CV 1619mW/4497mW VDD_SOC 2531mW/3335mW
09-27-2026 09:03:32 RAM 4645/7620MB (lfb 29x4MB) SWAP 335/12002MB (cached 0MB) CPU [0%@1728,0%@1728,0%@1728,0%@1728,0%@1728,0%@1728] GR3D_FREQ 0% cpu@58.75C soc2@58.062C soc0@57.843C gpu@59.468C tj@59.468C soc1@59.281C VDD_IN 7475mW/11882mW VDD_CPU_GPU_CV 1619mW/4482mW VDD_SOC 2531mW/3331mW
09-27-2026 09:03:33 RAM 4645/7620MB (lfb 29x4MB) SWAP 335/12002MB (cached 0MB) CPU [0%@1728,0%@1728,1%@1728,1%@1728,0%@1728,0%@1728] GR3D_FREQ 0% cpu@58.625C soc2@58.125C soc0@58.156C gpu@59.312C tj@59.312C soc1@59.187C VDD_IN 7475mW/11859mW VDD_CPU_GPU_CV 1619mW/4467mW VDD_SOC 2531mW/3327mW
09-27-2026 09:03:33 RAM 4645/7620MB (lfb 29x4MB) SWAP 335/12002MB (cached 0MB) CPU [0%@1728,0%@1728,0%@1728,0%@1728,0%@1728,0%@1728] GR3D_FREQ 0% cpu@58.5C soc2@58.125C soc0@57.937C gpu@59.25C tj@59.25C soc1@59.062C VDD_IN 7475mW/11836mW VDD_CPU_GPU_CV 1619mW/4452mW VDD_SOC 2531mW/3322mW
09-27-2026 09:03:34 RAM 4649/7620MB (lfb 29x4MB) SWAP 335/12002MB (cached 0MB) CPU [5%@1728,5%@1728,2%@1728,9%@1728,3%@1728,4%@1728] GR3D_FREQ 0% cpu@59.25C soc2@58.031C soc0@57.843C gpu@59.218C tj@59.25C soc1@59.125C VDD_IN 7712mW/11814mW VDD_CPU_GPU_CV 1816mW/4438mW VDD_SOC 2531mW/3318mW
09-27-2026 09:03:34 RAM 4650/7620MB (lfb 29x4MB) SWAP 335/12002MB (cached 0MB) CPU [3%@1728,15%@1728,2%@1728,12%@1728,12%@1728,10%@1728] GR3D_FREQ 0% cpu@58.562C soc2@57.875C soc0@57.593C gpu@59.062C tj@59.062C soc1@59.062C VDD_IN 7791mW/11794mW VDD_CPU_GPU_CV 1855mW/4425mW VDD_SOC 2527mW/3314mW
09-27-2026 09:03:35 RAM 4650/7620MB (lfb 29x4MB) SWAP 335/12002MB (cached 0MB) CPU [0%@1728,0%@1728,0%@1728,0%@1728,0%@1728,0%@1728] GR3D_FREQ 0% cpu@58.437C soc2@57.781C soc0@57.75C gpu@59.375C tj@59.375C soc1@59C VDD_IN 7554mW/11772mW VDD_CPU_GPU_CV 1697mW/4410mW VDD_SOC 2531mW/3310mW
09-27-2026 09:03:35 RAM 4650/7620MB (lfb 29x4MB) SWAP 335/12002MB (cached 0MB) CPU [0%@1728,0%@1728,2%@1728,0%@1728,0%@1728,0%@1728] GR3D_FREQ 0% cpu@58.312C soc2@57.75C soc0@57.687C gpu@59.281C tj@59.281C soc1@58.937C VDD_IN 7514mW/11750mW VDD_CPU_GPU_CV 1658mW/4396mW VDD_SOC 2531mW/3306mW
09-27-2026 09:03:36 RAM 4650/7620MB (lfb 29x4MB) SWAP 335/12002MB (cached 0MB) CPU [0%@1728,0%@1728,0%@1728,0%@1728,0%@1728,0%@1728] GR3D_FREQ 0% cpu@58.437C soc2@57.75C soc0@57.625C gpu@59.062C tj@59.062C soc1@59.062C VDD_IN 7475mW/11728mW VDD_CPU_GPU_CV 1619mW/4382mW VDD_SOC 2531mW/3302mW
09-27-2026 09:03:36 RAM 4650/7620MB (lfb 29x4MB) SWAP 335/12002MB (cached 0MB) CPU [0%@1728,0%@1728,0%@1728,0%@1728,0%@1728,0%@1728] GR3D_FREQ 0% cpu@58.218C soc2@57.75C soc0@57.687C gpu@58.875C tj@58.875C soc1@58.875C VDD_IN 7514mW/11706mW VDD_CPU_GPU_CV 1619mW/4368mW VDD_SOC 2570mW/3298mW
09-27-2026 09:03:37 RAM 4650/7620MB (lfb 29x4MB) SWAP 335/12002MB (cached 0MB) CPU [0%@1728,0%@1728,0%@1728,0%@1728,0%@1728,0%@1728] GR3D_FREQ 0% cpu@58.093C soc2@57.75C soc0@57.656C gpu@59.281C tj@59.281C soc1@58.906C VDD_IN 7514mW/11685mW VDD_CPU_GPU_CV 1619mW/4354mW VDD_SOC 2570mW/3295mW
09-27-2026 09:03:37 RAM 4650/7620MB (lfb 29x4MB) SWAP 335/12002MB (cached 0MB) CPU [0%@1728,0%@1728,0%@1728,0%@1728,0%@1728,0%@1728] GR3D_FREQ 0% cpu@58.125C soc2@57.625C soc0@57.468C gpu@59C tj@59C soc1@58.781C VDD_IN 7514mW/11664mW VDD_CPU_GPU_CV 1619mW/4340mW VDD_SOC 2570mW/3291mW
09-27-2026 09:03:38 RAM 4445/7620MB (lfb 29x4MB) SWAP 335/12002MB (cached 0MB) CPU [0%@1728,0%@1728,0%@1728,1%@1728,0%@1728,0%@1728] GR3D_FREQ 0% cpu@58.281C soc2@57.687C soc0@57.5C gpu@59.062C tj@59.062C soc1@58.875C VDD_IN 7475mW/11643mW VDD_CPU_GPU_CV 1619mW/4326mW VDD_SOC 2570mW/3287mW
09-27-2026 09:03:38 RAM 4424/7620MB (lfb 29x4MB) SWAP 335/12002MB (cached 0MB) CPU [0%@1728,7%@1728,0%@1728,100%@1728,0%@1728,0%@1728] GR3D_FREQ 0% cpu@58.531C soc2@57.625C soc0@57.5C gpu@58.937C tj@58.937C soc1@58.718C VDD_IN 8305mW/11626mW VDD_CPU_GPU_CV 2010mW/4315mW VDD_SOC 2685mW/3284mW
