/usr/local/lib/python3.10/dist-packages/torch/nn/modules/transformer.py:379: UserWarning: enable_nested_tensor is True, but self.use_nested_tensor is False because encoder_layer.norm_first was True
  warnings.warn(
  [final_hsi_encoder.pt] strict load OK, 49 keys, 2,982,912 params
  [final_pc_encoder.pt] strict load OK, 47 keys, 2,908,672 params
[forward] S0: total 2105.5 ms  prep=24.3  patch_build=434.7  hsi_infer=393.6  pc_infer=29.2  assemble=0.0  match=1221.9
[forward] S10: total 190.5 ms  pc_infer=0.8  prep=28.5  patch_build=13.8  hsi_infer=106.8  assemble=0.4  match=39.5
[reverse] S10: total 190.8 ms  pc_infer=0.8  prep=28.6  patch_build=13.9  hsi_infer=107.2  assemble=0.4  match=39.5
[reverse] S0: total 2221.7 ms  prep=25.9  patch_build=444.7  hsi_infer=446.3  pc_infer=30.8  assemble=0.0  match=1234.7
{
  "forward": {
    "S0": 1.0,
    "S10": 11.051289471442987
  },
  "reverse": {
    "S0": 1.0,
    "S10": 11.642151092839613
  }
}
written -> results/opt_final_multiscene_default.json
rc=0
