[09/26/2026-19:49:21] [TRT] [I] [MemUsageChange] Init CUDA: CPU +12, GPU +0, now: CPU 115, GPU 3139 (MiB)
[09/26/2026-19:49:23] [TRT] [I] [MemUsageChange] Init builder kernel library: CPU +981, GPU +794, now: CPU 1140, GPU 3979 (MiB)
[09/26/2026-19:49:23] [TRT] [I] ----------------------------------------------------------------
[09/26/2026-19:49:23] [TRT] [I] Input filename:   /home/jetson/hspc_jetson/onnx/hsi_encoder.onnx
[09/26/2026-19:49:23] [TRT] [I] ONNX IR version:  0.0.8
[09/26/2026-19:49:23] [TRT] [I] Opset version:    17
[09/26/2026-19:49:23] [TRT] [I] Producer name:    pytorch
[09/26/2026-19:49:23] [TRT] [I] Producer version: 2.13.0
[09/26/2026-19:49:23] [TRT] [I] Domain:           
[09/26/2026-19:49:23] [TRT] [I] Model version:    0
[09/26/2026-19:49:23] [TRT] [I] Doc string:       
[09/26/2026-19:49:23] [TRT] [I] ----------------------------------------------------------------
[09/26/2026-19:49:24] [TRT] [W] ONNXTRT_ShapeElementWise: shape tensor output from layer must be Bool, Int32, Int64, or Float
[09/26/2026-19:49:24] [TRT] [W] ONNXTRT_ShapeElementWise_5: shape tensor output from layer must be Bool, Int32, Int64, or Float
[09/26/2026-19:49:24] [TRT] [W] ONNXTRT_ShapeElementWise_10: shape tensor output from layer must be Bool, Int32, Int64, or Float
[09/26/2026-19:49:24] [TRT] [W] ONNXTRT_ShapeElementWise_11: shape tensor output from layer must be Bool, Int32, Int64, or Float
[09/26/2026-19:49:24] [TRT] [W] DLA requests all profiles have same min, max, and opt value. All dla layers are falling back to GPU
[09/26/2026-19:49:24] [TRT] [I] Local timing cache in use. Profiling results in this builder pass will not be stored.
[09/26/2026-19:49:25] [TRT] [I] Compiler backend is used during engine build.
[09/26/2026-19:50:06] [TRT] [I] Detected 1 inputs and 1 output network tensors.
[09/26/2026-19:50:06] [TRT] [I] Total Host Persistent Memory: 5792 bytes
[09/26/2026-19:50:06] [TRT] [I] Total Device Persistent Memory: 0 bytes
[09/26/2026-19:50:06] [TRT] [I] Max Scratch Memory: 2621440 bytes
[09/26/2026-19:50:06] [TRT] [I] [BlockAssignment] Started assigning block shifts. This will take 4 steps to complete.
[09/26/2026-19:50:06] [TRT] [I] [BlockAssignment] Algorithm ShiftNTopDown took 0.028097ms to assign 3 blocks to 4 nodes requiring 2916864 bytes.
[09/26/2026-19:50:06] [TRT] [I] Total Activation Memory: 2916352 bytes
[09/26/2026-19:50:06] [TRT] [I] Total Weights Memory: 6147712 bytes
[09/26/2026-19:50:06] [TRT] [I] Compiler backend is used during engine execution.
[09/26/2026-19:50:06] [TRT] [I] Engine generation completed in 42.522 seconds.
[09/26/2026-19:50:06] [TRT] [I] [MemUsageStats] Peak memory usage of TRT CPU/GPU memory allocators: CPU 5 MiB, GPU 9 MiB
[09/26/2026-19:50:08] [TRT] [I] [MemUsageChange] Init builder kernel library: CPU -978, GPU +136, now: CPU 2777, GPU 4979 (MiB)
[09/26/2026-19:50:08] [TRT] [I] ----------------------------------------------------------------
[09/26/2026-19:50:08] [TRT] [I] Input filename:   /home/jetson/hspc_jetson/onnx/hsi_encoder.onnx
[09/26/2026-19:50:08] [TRT] [I] ONNX IR version:  0.0.8
[09/26/2026-19:50:08] [TRT] [I] Opset version:    17
[09/26/2026-19:50:08] [TRT] [I] Producer name:    pytorch
[09/26/2026-19:50:08] [TRT] [I] Producer version: 2.13.0
[09/26/2026-19:50:08] [TRT] [I] Domain:           
[09/26/2026-19:50:08] [TRT] [I] Model version:    0
[09/26/2026-19:50:08] [TRT] [I] Doc string:       
[09/26/2026-19:50:08] [TRT] [I] ----------------------------------------------------------------
[09/26/2026-19:50:08] [TRT] [W] ONNXTRT_ShapeElementWise: shape tensor output from layer must be Bool, Int32, Int64, or Float
[09/26/2026-19:50:08] [TRT] [W] ONNXTRT_ShapeElementWise_5: shape tensor output from layer must be Bool, Int32, Int64, or Float
[09/26/2026-19:50:08] [TRT] [W] ONNXTRT_ShapeElementWise_10: shape tensor output from layer must be Bool, Int32, Int64, or Float
[09/26/2026-19:50:08] [TRT] [W] ONNXTRT_ShapeElementWise_11: shape tensor output from layer must be Bool, Int32, Int64, or Float
[09/26/2026-19:50:08] [TRT] [W] DLA requests all profiles have same min, max, and opt value. All dla layers are falling back to GPU
[09/26/2026-19:50:08] [TRT] [I] Local timing cache in use. Profiling results in this builder pass will not be stored.
[09/26/2026-19:50:09] [TRT] [I] Compiler backend is used during engine build.
[09/26/2026-19:50:49] [TRT] [I] Detected 1 inputs and 1 output network tensors.
[09/26/2026-19:50:49] [TRT] [I] Total Host Persistent Memory: 5792 bytes
[09/26/2026-19:50:49] [TRT] [I] Total Device Persistent Memory: 0 bytes
[09/26/2026-19:50:49] [TRT] [I] Max Scratch Memory: 2621440 bytes
[09/26/2026-19:50:49] [TRT] [I] [BlockAssignment] Started assigning block shifts. This will take 4 steps to complete.
[09/26/2026-19:50:49] [TRT] [I] [BlockAssignment] Algorithm ShiftNTopDown took 0.026753ms to assign 3 blocks to 4 nodes requiring 2916864 bytes.
[09/26/2026-19:50:49] [TRT] [I] Total Activation Memory: 2916352 bytes
[09/26/2026-19:50:49] [TRT] [I] Total Weights Memory: 6147712 bytes
[09/26/2026-19:50:49] [TRT] [I] Compiler backend is used during engine execution.
[09/26/2026-19:50:49] [TRT] [I] Engine generation completed in 40.7014 seconds.
[09/26/2026-19:50:49] [TRT] [I] [MemUsageStats] Peak memory usage of TRT CPU/GPU memory allocators: CPU 5 MiB, GPU 9 MiB
[09/26/2026-19:50:51] [TRT] [I] [MemUsageChange] Init builder kernel library: CPU -979, GPU +21, now: CPU 2890, GPU 5083 (MiB)
[09/26/2026-19:50:51] [TRT] [I] ----------------------------------------------------------------
[09/26/2026-19:50:51] [TRT] [I] Input filename:   /home/jetson/hspc_jetson/onnx/hsi_encoder.onnx
[09/26/2026-19:50:51] [TRT] [I] ONNX IR version:  0.0.8
[09/26/2026-19:50:51] [TRT] [I] Opset version:    17
[09/26/2026-19:50:51] [TRT] [I] Producer name:    pytorch
[09/26/2026-19:50:51] [TRT] [I] Producer version: 2.13.0
[09/26/2026-19:50:51] [TRT] [I] Domain:           
[09/26/2026-19:50:51] [TRT] [I] Model version:    0
[09/26/2026-19:50:51] [TRT] [I] Doc string:       
[09/26/2026-19:50:51] [TRT] [I] ----------------------------------------------------------------
[09/26/2026-19:50:51] [TRT] [W] ONNXTRT_ShapeElementWise: shape tensor output from layer must be Bool, Int32, Int64, or Float
[09/26/2026-19:50:51] [TRT] [W] ONNXTRT_ShapeElementWise_5: shape tensor output from layer must be Bool, Int32, Int64, or Float
[09/26/2026-19:50:51] [TRT] [W] ONNXTRT_ShapeElementWise_10: shape tensor output from layer must be Bool, Int32, Int64, or Float
[09/26/2026-19:50:51] [TRT] [W] ONNXTRT_ShapeElementWise_11: shape tensor output from layer must be Bool, Int32, Int64, or Float
[09/26/2026-19:50:51] [TRT] [W] DLA requests all profiles have same min, max, and opt value. All dla layers are falling back to GPU
[09/26/2026-19:50:51] [TRT] [I] Local timing cache in use. Profiling results in this builder pass will not be stored.
[09/26/2026-19:50:51] [TRT] [I] Compiler backend is used during engine build.
[09/26/2026-19:51:31] [TRT] [I] Detected 1 inputs and 1 output network tensors.
[09/26/2026-19:51:31] [TRT] [I] Total Host Persistent Memory: 5792 bytes
[09/26/2026-19:51:31] [TRT] [I] Total Device Persistent Memory: 0 bytes
[09/26/2026-19:51:31] [TRT] [I] Max Scratch Memory: 2621440 bytes
[09/26/2026-19:51:31] [TRT] [I] [BlockAssignment] Started assigning block shifts. This will take 4 steps to complete.
[09/26/2026-19:51:31] [TRT] [I] [BlockAssignment] Algorithm ShiftNTopDown took 0.029281ms to assign 3 blocks to 4 nodes requiring 2916864 bytes.
[09/26/2026-19:51:31] [TRT] [I] Total Activation Memory: 2916352 bytes
[09/26/2026-19:51:31] [TRT] [I] Total Weights Memory: 6147712 bytes
[09/26/2026-19:51:31] [TRT] [I] Compiler backend is used during engine execution.
[09/26/2026-19:51:31] [TRT] [I] Engine generation completed in 40.6122 seconds.
[09/26/2026-19:51:31] [TRT] [I] [MemUsageStats] Peak memory usage of TRT CPU/GPU memory allocators: CPU 5 MiB, GPU 9 MiB
[hsi/fp16/mixed['stem']] building from hsi_encoder.onnx -> hsi_mixed_0.plan ...
[hsi/fp16] done in 42.6s, size=7103.6 KB
[hsi/fp16/mixed['stem']] building from hsi_encoder.onnx -> hsi_mixed_1.plan ...
[hsi/fp16] done in 40.7s, size=7091.8 KB
[hsi/fp16/mixed['stem']] building from hsi_encoder.onnx -> hsi_mixed_2.plan ...
[hsi/fp16] done in 40.6s, size=7114.0 KB
