[09/26/2026-19:38:22] [TRT] [I] [MemUsageChange] Init CUDA: CPU +12, GPU +0, now: CPU 115, GPU 3213 (MiB)
[09/26/2026-19:38:24] [TRT] [I] [MemUsageChange] Init builder kernel library: CPU +981, GPU +797, now: CPU 1140, GPU 4056 (MiB)
[09/26/2026-19:38:24] [TRT] [I] ----------------------------------------------------------------
[09/26/2026-19:38:24] [TRT] [I] Input filename:   /home/jetson/hspc_jetson/onnx/hsi_encoder.onnx
[09/26/2026-19:38:24] [TRT] [I] ONNX IR version:  0.0.8
[09/26/2026-19:38:24] [TRT] [I] Opset version:    17
[09/26/2026-19:38:24] [TRT] [I] Producer name:    pytorch
[09/26/2026-19:38:24] [TRT] [I] Producer version: 2.13.0
[09/26/2026-19:38:24] [TRT] [I] Domain:           
[09/26/2026-19:38:24] [TRT] [I] Model version:    0
[09/26/2026-19:38:24] [TRT] [I] Doc string:       
[09/26/2026-19:38:24] [TRT] [I] ----------------------------------------------------------------
[09/26/2026-19:38:24] [TRT] [W] DLA requests all profiles have same min, max, and opt value. All dla layers are falling back to GPU
[09/26/2026-19:38:24] [TRT] [I] Local timing cache in use. Profiling results in this builder pass will not be stored.
[09/26/2026-19:38:26] [TRT] [I] Compiler backend is used during engine build.
[09/26/2026-19:39:23] [TRT] [I] Detected 1 inputs and 1 output network tensors.
[09/26/2026-19:39:24] [TRT] [I] Total Host Persistent Memory: 4592 bytes
[09/26/2026-19:39:24] [TRT] [I] Total Device Persistent Memory: 1024 bytes
[09/26/2026-19:39:24] [TRT] [I] Max Scratch Memory: 2298880 bytes
[09/26/2026-19:39:24] [TRT] [I] [BlockAssignment] Started assigning block shifts. This will take 3 steps to complete.
[09/26/2026-19:39:24] [TRT] [I] [BlockAssignment] Algorithm ShiftNTopDown took 0.026913ms to assign 2 blocks to 3 nodes requiring 2593792 bytes.
[09/26/2026-19:39:24] [TRT] [I] Total Activation Memory: 2593792 bytes
[09/26/2026-19:39:24] [TRT] [I] Total Weights Memory: 5971968 bytes
[09/26/2026-19:39:24] [TRT] [I] Compiler backend is used during engine execution.
[09/26/2026-19:39:24] [TRT] [I] Engine generation completed in 59.3945 seconds.
[09/26/2026-19:39:24] [TRT] [I] [MemUsageStats] Peak memory usage of TRT CPU/GPU memory allocators: CPU 5 MiB, GPU 16 MiB
[09/26/2026-19:39:26] [TRT] [I] [MemUsageChange] Init builder kernel library: CPU -979, GPU +132, now: CPU 2841, GPU 4992 (MiB)
[09/26/2026-19:39:26] [TRT] [I] ----------------------------------------------------------------
[09/26/2026-19:39:26] [TRT] [I] Input filename:   /home/jetson/hspc_jetson/onnx/pc_encoder.onnx
[09/26/2026-19:39:26] [TRT] [I] ONNX IR version:  0.0.8
[09/26/2026-19:39:26] [TRT] [I] Opset version:    17
[09/26/2026-19:39:26] [TRT] [I] Producer name:    pytorch
[09/26/2026-19:39:26] [TRT] [I] Producer version: 2.13.0
[09/26/2026-19:39:26] [TRT] [I] Domain:           
[09/26/2026-19:39:26] [TRT] [I] Model version:    0
[09/26/2026-19:39:26] [TRT] [I] Doc string:       
[09/26/2026-19:39:26] [TRT] [I] ----------------------------------------------------------------
[09/26/2026-19:39:26] [TRT] [W] DLA requests all profiles have same min, max, and opt value. All dla layers are falling back to GPU
[09/26/2026-19:39:26] [TRT] [I] Local timing cache in use. Profiling results in this builder pass will not be stored.
[09/26/2026-19:39:26] [TRT] [I] Compiler backend is used during engine build.
[09/26/2026-19:40:10] [TRT] [I] Detected 1 inputs and 1 output network tensors.
[09/26/2026-19:40:10] [TRT] [I] Total Host Persistent Memory: 80 bytes
[09/26/2026-19:40:10] [TRT] [I] Total Device Persistent Memory: 0 bytes
[09/26/2026-19:40:10] [TRT] [I] Max Scratch Memory: 4726784 bytes
[09/26/2026-19:40:10] [TRT] [I] [BlockAssignment] Started assigning block shifts. This will take 3 steps to complete.
[09/26/2026-19:40:10] [TRT] [I] [BlockAssignment] Algorithm ShiftNTopDown took 0.02909ms to assign 3 blocks to 3 nodes requiring 4858368 bytes.
[09/26/2026-19:40:10] [TRT] [I] Total Activation Memory: 4857856 bytes
[09/26/2026-19:40:10] [TRT] [I] Total Weights Memory: 5822082 bytes
[09/26/2026-19:40:10] [TRT] [I] Compiler backend is used during engine execution.
[09/26/2026-19:40:10] [TRT] [I] Engine generation completed in 44.0788 seconds.
[09/26/2026-19:40:10] [TRT] [I] [MemUsageStats] Peak memory usage of TRT CPU/GPU memory allocators: CPU 5 MiB, GPU 18 MiB
[09/26/2026-19:40:12] [TRT] [I] [MemUsageChange] Init builder kernel library: CPU -979, GPU +20, now: CPU 2941, GPU 5093 (MiB)
[09/26/2026-19:40:12] [TRT] [I] ----------------------------------------------------------------
[09/26/2026-19:40:12] [TRT] [I] Input filename:   /home/jetson/hspc_jetson/onnx/hsi_encoder.onnx
[09/26/2026-19:40:12] [TRT] [I] ONNX IR version:  0.0.8
[09/26/2026-19:40:12] [TRT] [I] Opset version:    17
[09/26/2026-19:40:12] [TRT] [I] Producer name:    pytorch
[09/26/2026-19:40:12] [TRT] [I] Producer version: 2.13.0
[09/26/2026-19:40:12] [TRT] [I] Domain:           
[09/26/2026-19:40:12] [TRT] [I] Model version:    0
[09/26/2026-19:40:12] [TRT] [I] Doc string:       
[09/26/2026-19:40:12] [TRT] [I] ----------------------------------------------------------------
[09/26/2026-19:40:12] [TRT] [W] DLA requests all profiles have same min, max, and opt value. All dla layers are falling back to GPU
[09/26/2026-19:40:12] [TRT] [I] Local timing cache in use. Profiling results in this builder pass will not be stored.
[09/26/2026-19:40:13] [TRT] [I] Compiler backend is used during engine build.
[09/26/2026-19:41:09] [TRT] [I] Detected 1 inputs and 1 output network tensors.
[09/26/2026-19:41:09] [TRT] [I] Total Host Persistent Memory: 4592 bytes
[09/26/2026-19:41:09] [TRT] [I] Total Device Persistent Memory: 1024 bytes
[09/26/2026-19:41:09] [TRT] [I] Max Scratch Memory: 2298880 bytes
[09/26/2026-19:41:09] [TRT] [I] [BlockAssignment] Started assigning block shifts. This will take 3 steps to complete.
[09/26/2026-19:41:09] [TRT] [I] [BlockAssignment] Algorithm ShiftNTopDown took 0.024705ms to assign 2 blocks to 3 nodes requiring 2593792 bytes.
[09/26/2026-19:41:09] [TRT] [I] Total Activation Memory: 2593792 bytes
[09/26/2026-19:41:09] [TRT] [I] Total Weights Memory: 5970944 bytes
[09/26/2026-19:41:09] [TRT] [I] Compiler backend is used during engine execution.
[09/26/2026-19:41:09] [TRT] [I] Engine generation completed in 57.4312 seconds.
[09/26/2026-19:41:09] [TRT] [I] [MemUsageStats] Peak memory usage of TRT CPU/GPU memory allocators: CPU 5 MiB, GPU 18 MiB
[09/26/2026-19:41:11] [TRT] [I] [MemUsageChange] Init builder kernel library: CPU -978, GPU +4, now: CPU 2984, GPU 5137 (MiB)
[09/26/2026-19:41:11] [TRT] [I] ----------------------------------------------------------------
[09/26/2026-19:41:11] [TRT] [I] Input filename:   /home/jetson/hspc_jetson/onnx/pc_encoder.onnx
[09/26/2026-19:41:11] [TRT] [I] ONNX IR version:  0.0.8
[09/26/2026-19:41:11] [TRT] [I] Opset version:    17
[09/26/2026-19:41:11] [TRT] [I] Producer name:    pytorch
[09/26/2026-19:41:11] [TRT] [I] Producer version: 2.13.0
[09/26/2026-19:41:11] [TRT] [I] Domain:           
[09/26/2026-19:41:11] [TRT] [I] Model version:    0
[09/26/2026-19:41:11] [TRT] [I] Doc string:       
[09/26/2026-19:41:11] [TRT] [I] ----------------------------------------------------------------
[09/26/2026-19:41:11] [TRT] [W] DLA requests all profiles have same min, max, and opt value. All dla layers are falling back to GPU
[09/26/2026-19:41:11] [TRT] [I] Local timing cache in use. Profiling results in this builder pass will not be stored.
[09/26/2026-19:41:11] [TRT] [I] Compiler backend is used during engine build.
[09/26/2026-19:41:55] [TRT] [I] Detected 1 inputs and 1 output network tensors.
[09/26/2026-19:41:55] [TRT] [I] Total Host Persistent Memory: 80 bytes
[09/26/2026-19:41:55] [TRT] [I] Total Device Persistent Memory: 0 bytes
[09/26/2026-19:41:55] [TRT] [I] Max Scratch Memory: 4726784 bytes
[09/26/2026-19:41:55] [TRT] [I] [BlockAssignment] Started assigning block shifts. This will take 3 steps to complete.
[09/26/2026-19:41:55] [TRT] [I] [BlockAssignment] Algorithm ShiftNTopDown took 0.03117ms to assign 3 blocks to 3 nodes requiring 4858368 bytes.
[09/26/2026-19:41:55] [TRT] [I] Total Activation Memory: 4857856 bytes
[09/26/2026-19:41:55] [TRT] [I] Total Weights Memory: 5822082 bytes
[09/26/2026-19:41:55] [TRT] [I] Compiler backend is used during engine execution.
[09/26/2026-19:41:55] [TRT] [I] Engine generation completed in 44.0382 seconds.
[09/26/2026-19:41:55] [TRT] [I] [MemUsageStats] Peak memory usage of TRT CPU/GPU memory allocators: CPU 5 MiB, GPU 18 MiB
[hsi/fp16/auto] building from hsi_encoder.onnx -> hsi_stability_1.plan ...
[hsi/fp16] done in 59.4s, size=6933.7 KB
[pc/fp16/auto] building from pc_encoder.onnx -> pc_stability_1.plan ...
[pc/fp16] done in 44.1s, size=6785.9 KB
[hsi/fp16/auto] building from hsi_encoder.onnx -> hsi_stability_2.plan ...
[hsi/fp16] done in 57.5s, size=6912.5 KB
[pc/fp16/auto] building from pc_encoder.onnx -> pc_stability_2.plan ...
[pc/fp16] done in 44.1s, size=6785.7 KB
