&&&& RUNNING TensorRT.trtexec [TensorRT v100700] [b23] # /usr/src/tensorrt/bin/trtexec --loadEngine=engines/hsi_fp16.plan --shapes=input:1x342x3x3 --noDataTransfers --warmUp=200 --iterations=300 --avgRuns=300
[09/26/2026-20:30:28] [I] TF32 is enabled by default. Add --noTF32 flag to further improve accuracy with some performance cost.
[09/26/2026-20:30:28] [I] === Model Options ===
[09/26/2026-20:30:28] [I] Format: *
[09/26/2026-20:30:28] [I] Model: 
[09/26/2026-20:30:28] [I] Output:
[09/26/2026-20:30:28] [I] 
[09/26/2026-20:30:28] [I] === System Options ===
[09/26/2026-20:30:28] [I] Device: 0
[09/26/2026-20:30:28] [I] DLACore: 
[09/26/2026-20:30:28] [I] Plugins:
[09/26/2026-20:30:28] [I] setPluginsToSerialize:
[09/26/2026-20:30:28] [I] dynamicPlugins:
[09/26/2026-20:30:28] [I] ignoreParsedPluginLibs: 0
[09/26/2026-20:30:28] [I] 
[09/26/2026-20:30:28] [I] === Inference Options ===
[09/26/2026-20:30:28] [I] Batch: Explicit
[09/26/2026-20:30:28] [I] Input inference shape : input=1x342x3x3
[09/26/2026-20:30:28] [I] Iterations: 300
[09/26/2026-20:30:28] [I] Duration: 3s (+ 200ms warm up)
[09/26/2026-20:30:28] [I] Sleep time: 0ms
[09/26/2026-20:30:28] [I] Idle time: 0ms
[09/26/2026-20:30:28] [I] Inference Streams: 1
[09/26/2026-20:30:28] [I] ExposeDMA: Disabled
[09/26/2026-20:30:28] [I] Data transfers: Disabled
[09/26/2026-20:30:28] [I] Spin-wait: Disabled
[09/26/2026-20:30:28] [I] Multithreading: Disabled
[09/26/2026-20:30:28] [I] CUDA Graph: Disabled
[09/26/2026-20:30:28] [I] Separate profiling: Disabled
[09/26/2026-20:30:28] [I] Time Deserialize: Disabled
[09/26/2026-20:30:28] [I] Time Refit: Disabled
[09/26/2026-20:30:28] [I] NVTX verbosity: 0
[09/26/2026-20:30:28] [I] Persistent Cache Ratio: 0
[09/26/2026-20:30:28] [I] Optimization Profile Index: 0
[09/26/2026-20:30:28] [I] Weight Streaming Budget: 100.000000%
[09/26/2026-20:30:28] [I] Inputs:
[09/26/2026-20:30:28] [I] Debug Tensor Save Destinations:
[09/26/2026-20:30:28] [I] === Reporting Options ===
[09/26/2026-20:30:28] [I] Verbose: Disabled
[09/26/2026-20:30:28] [I] Averages: 300 inferences
[09/26/2026-20:30:28] [I] Percentiles: 90,95,99
[09/26/2026-20:30:28] [I] Dump refittable layers:Disabled
[09/26/2026-20:30:28] [I] Dump output: Disabled
[09/26/2026-20:30:28] [I] Profile: Disabled
[09/26/2026-20:30:28] [I] Export timing to JSON file: 
[09/26/2026-20:30:28] [I] Export output to JSON file: 
[09/26/2026-20:30:28] [I] Export profile to JSON file: 
[09/26/2026-20:30:28] [I] 
[09/26/2026-20:30:28] [I] === Device Information ===
[09/26/2026-20:30:28] [I] Available Devices: 
[09/26/2026-20:30:28] [I]   Device 0: "Orin" UUID: GPU-06a4d898-7626-52c4-9cec-60e6402aab7b
[09/26/2026-20:30:28] [I] Selected Device: Orin
[09/26/2026-20:30:28] [I] Selected Device ID: 0
[09/26/2026-20:30:28] [I] Selected Device UUID: GPU-06a4d898-7626-52c4-9cec-60e6402aab7b
[09/26/2026-20:30:28] [I] Compute Capability: 8.7
[09/26/2026-20:30:28] [I] SMs: 8
[09/26/2026-20:30:28] [I] Device Global Memory: 7619 MiB
[09/26/2026-20:30:28] [I] Shared Memory per SM: 164 KiB
[09/26/2026-20:30:28] [I] Memory Bus Width: 128 bits (ECC disabled)
[09/26/2026-20:30:28] [I] Application Compute Clock Rate: 1.02 GHz
[09/26/2026-20:30:28] [I] Application Memory Clock Rate: 1.02 GHz
[09/26/2026-20:30:28] [I] 
[09/26/2026-20:30:28] [I] Note: The application clock rates do not reflect the actual clock rates that the GPU is currently running at.
[09/26/2026-20:30:28] [I] 
[09/26/2026-20:30:28] [I] TensorRT version: 10.7.0
[09/26/2026-20:30:28] [I] Loading standard plugins
[09/26/2026-20:30:28] [I] [TRT] Loaded engine size: 6 MiB
[09/26/2026-20:30:28] [I] Engine deserialized in 0.0326854 sec.
[09/26/2026-20:30:28] [I] [TRT] [MemUsageChange] TensorRT-managed allocation in IExecutionContext creation: CPU +0, GPU +3, now: CPU 0, GPU 8 (MiB)
[09/26/2026-20:30:28] [I] Setting persistentCacheLimit to 0 bytes.
[09/26/2026-20:30:28] [I] Set shape of input tensor input to: 1x342x3x3
[09/26/2026-20:30:28] [I] Created execution context with device memory size: 2.78125 MiB
[09/26/2026-20:30:28] [I] Using random values for input input
[09/26/2026-20:30:28] [I] Input binding for input with dimensions 1x342x3x3 is created.
[09/26/2026-20:30:28] [I] Output binding for output with dimensions 1x1024 is created.
[09/26/2026-20:30:28] [I] Starting inference
[09/26/2026-20:30:32] [I] Warmup completed 455 queries over 200 ms
[09/26/2026-20:30:32] [I] Timing trace has 8319 queries over 3.00067 s
[09/26/2026-20:30:32] [I] 
[09/26/2026-20:30:32] [I] === Trace details ===
[09/26/2026-20:30:32] [I] Trace averages of 300 runs:
[09/26/2026-20:30:32] [I] Average on 300 runs - GPU latency: 0.358275 ms - Host latency: 0.358275 ms (enqueue 0.228076 ms)
[09/26/2026-20:30:32] [I] Average on 300 runs - GPU latency: 0.358277 ms - Host latency: 0.358277 ms (enqueue 0.229107 ms)
[09/26/2026-20:30:32] [I] Average on 300 runs - GPU latency: 0.358236 ms - Host latency: 0.358236 ms (enqueue 0.229381 ms)
[09/26/2026-20:30:32] [I] Average on 300 runs - GPU latency: 0.358138 ms - Host latency: 0.358138 ms (enqueue 0.227661 ms)
[09/26/2026-20:30:32] [I] Average on 300 runs - GPU latency: 0.35817 ms - Host latency: 0.35817 ms (enqueue 0.228344 ms)
[09/26/2026-20:30:32] [I] Average on 300 runs - GPU latency: 0.358217 ms - Host latency: 0.358217 ms (enqueue 0.227333 ms)
[09/26/2026-20:30:32] [I] Average on 300 runs - GPU latency: 0.358292 ms - Host latency: 0.358292 ms (enqueue 0.228596 ms)
[09/26/2026-20:30:32] [I] Average on 300 runs - GPU latency: 0.358109 ms - Host latency: 0.358109 ms (enqueue 0.227528 ms)
[09/26/2026-20:30:32] [I] Average on 300 runs - GPU latency: 0.35819 ms - Host latency: 0.35819 ms (enqueue 0.22672 ms)
[09/26/2026-20:30:32] [I] Average on 300 runs - GPU latency: 0.358166 ms - Host latency: 0.358166 ms (enqueue 0.226235 ms)
[09/26/2026-20:30:32] [I] Average on 300 runs - GPU latency: 0.358167 ms - Host latency: 0.358167 ms (enqueue 0.227037 ms)
[09/26/2026-20:30:32] [I] Average on 300 runs - GPU latency: 0.358105 ms - Host latency: 0.358105 ms (enqueue 0.226663 ms)
[09/26/2026-20:30:32] [I] Average on 300 runs - GPU latency: 0.358291 ms - Host latency: 0.358291 ms (enqueue 0.226986 ms)
[09/26/2026-20:30:32] [I] Average on 300 runs - GPU latency: 0.358335 ms - Host latency: 0.358335 ms (enqueue 0.22617 ms)
[09/26/2026-20:30:32] [I] Average on 300 runs - GPU latency: 0.358263 ms - Host latency: 0.358263 ms (enqueue 0.225336 ms)
[09/26/2026-20:30:32] [I] Average on 300 runs - GPU latency: 0.358086 ms - Host latency: 0.358086 ms (enqueue 0.224932 ms)
[09/26/2026-20:30:32] [I] Average on 300 runs - GPU latency: 0.358187 ms - Host latency: 0.358187 ms (enqueue 0.228434 ms)
[09/26/2026-20:30:32] [I] Average on 300 runs - GPU latency: 0.358226 ms - Host latency: 0.358226 ms (enqueue 0.229027 ms)
[09/26/2026-20:30:32] [I] Average on 300 runs - GPU latency: 0.358171 ms - Host latency: 0.358171 ms (enqueue 0.228495 ms)
[09/26/2026-20:30:32] [I] Average on 300 runs - GPU latency: 0.358057 ms - Host latency: 0.358057 ms (enqueue 0.229935 ms)
[09/26/2026-20:30:32] [I] Average on 300 runs - GPU latency: 0.358283 ms - Host latency: 0.358283 ms (enqueue 0.2305 ms)
[09/26/2026-20:30:32] [I] Average on 300 runs - GPU latency: 0.358153 ms - Host latency: 0.358153 ms (enqueue 0.228482 ms)
[09/26/2026-20:30:32] [I] Average on 300 runs - GPU latency: 0.358145 ms - Host latency: 0.358145 ms (enqueue 0.228588 ms)
[09/26/2026-20:30:32] [I] Average on 300 runs - GPU latency: 0.358029 ms - Host latency: 0.358029 ms (enqueue 0.227233 ms)
[09/26/2026-20:30:32] [I] Average on 300 runs - GPU latency: 0.35806 ms - Host latency: 0.35806 ms (enqueue 0.225537 ms)
[09/26/2026-20:30:32] [I] Average on 300 runs - GPU latency: 0.357992 ms - Host latency: 0.357992 ms (enqueue 0.225404 ms)
[09/26/2026-20:30:32] [I] Average on 300 runs - GPU latency: 0.358169 ms - Host latency: 0.358169 ms (enqueue 0.225317 ms)
[09/26/2026-20:30:32] [I] 
[09/26/2026-20:30:32] [I] === Performance summary ===
[09/26/2026-20:30:32] [I] Throughput: 2772.38 qps
[09/26/2026-20:30:32] [I] Latency: min = 0.353088 ms, max = 0.363037 ms, mean = 0.358171 ms, median = 0.358154 ms, percentile(90%) = 0.359863 ms, percentile(95%) = 0.360352 ms, percentile(99%) = 0.361206 ms
[09/26/2026-20:30:32] [I] Enqueue Time: min = 0.205566 ms, max = 0.373871 ms, mean = 0.227469 ms, median = 0.224854 ms, percentile(90%) = 0.235657 ms, percentile(95%) = 0.245972 ms, percentile(99%) = 0.268311 ms
[09/26/2026-20:30:32] [I] H2D Latency: min = 0 ms, max = 0 ms, mean = 0 ms, median = 0 ms, percentile(90%) = 0 ms, percentile(95%) = 0 ms, percentile(99%) = 0 ms
[09/26/2026-20:30:32] [I] GPU Compute Time: min = 0.353088 ms, max = 0.363037 ms, mean = 0.358171 ms, median = 0.358154 ms, percentile(90%) = 0.359863 ms, percentile(95%) = 0.360352 ms, percentile(99%) = 0.361206 ms
[09/26/2026-20:30:32] [I] D2H Latency: min = 0 ms, max = 0 ms, mean = 0 ms, median = 0 ms, percentile(90%) = 0 ms, percentile(95%) = 0 ms, percentile(99%) = 0 ms
[09/26/2026-20:30:32] [I] Total Host Walltime: 3.00067 s
[09/26/2026-20:30:32] [I] Total GPU Compute Time: 2.97962 s
[09/26/2026-20:30:32] [I] Explanations of the performance metrics are printed in the verbose logs.
[09/26/2026-20:30:32] [I] 
&&&& PASSED TensorRT.trtexec [TensorRT v100700] [b23] # /usr/src/tensorrt/bin/trtexec --loadEngine=engines/hsi_fp16.plan --shapes=input:1x342x3x3 --noDataTransfers --warmUp=200 --iterations=300 --avgRuns=300
