&&&& RUNNING TensorRT.trtexec [TensorRT v100700] [b23] # /usr/src/tensorrt/bin/trtexec --loadEngine=engines/hsi_int8_qdq.plan --shapes=input:1x342x3x3 --noDataTransfers --warmUp=200 --iterations=300 --avgRuns=300
[09/26/2026-20:30:35] [I] TF32 is enabled by default. Add --noTF32 flag to further improve accuracy with some performance cost.
[09/26/2026-20:30:35] [I] === Model Options ===
[09/26/2026-20:30:35] [I] Format: *
[09/26/2026-20:30:35] [I] Model: 
[09/26/2026-20:30:35] [I] Output:
[09/26/2026-20:30:35] [I] 
[09/26/2026-20:30:35] [I] === System Options ===
[09/26/2026-20:30:35] [I] Device: 0
[09/26/2026-20:30:35] [I] DLACore: 
[09/26/2026-20:30:35] [I] Plugins:
[09/26/2026-20:30:35] [I] setPluginsToSerialize:
[09/26/2026-20:30:35] [I] dynamicPlugins:
[09/26/2026-20:30:35] [I] ignoreParsedPluginLibs: 0
[09/26/2026-20:30:35] [I] 
[09/26/2026-20:30:35] [I] === Inference Options ===
[09/26/2026-20:30:35] [I] Batch: Explicit
[09/26/2026-20:30:35] [I] Input inference shape : input=1x342x3x3
[09/26/2026-20:30:35] [I] Iterations: 300
[09/26/2026-20:30:35] [I] Duration: 3s (+ 200ms warm up)
[09/26/2026-20:30:35] [I] Sleep time: 0ms
[09/26/2026-20:30:35] [I] Idle time: 0ms
[09/26/2026-20:30:35] [I] Inference Streams: 1
[09/26/2026-20:30:35] [I] ExposeDMA: Disabled
[09/26/2026-20:30:35] [I] Data transfers: Disabled
[09/26/2026-20:30:35] [I] Spin-wait: Disabled
[09/26/2026-20:30:35] [I] Multithreading: Disabled
[09/26/2026-20:30:35] [I] CUDA Graph: Disabled
[09/26/2026-20:30:35] [I] Separate profiling: Disabled
[09/26/2026-20:30:35] [I] Time Deserialize: Disabled
[09/26/2026-20:30:35] [I] Time Refit: Disabled
[09/26/2026-20:30:35] [I] NVTX verbosity: 0
[09/26/2026-20:30:35] [I] Persistent Cache Ratio: 0
[09/26/2026-20:30:35] [I] Optimization Profile Index: 0
[09/26/2026-20:30:35] [I] Weight Streaming Budget: 100.000000%
[09/26/2026-20:30:35] [I] Inputs:
[09/26/2026-20:30:35] [I] Debug Tensor Save Destinations:
[09/26/2026-20:30:35] [I] === Reporting Options ===
[09/26/2026-20:30:35] [I] Verbose: Disabled
[09/26/2026-20:30:35] [I] Averages: 300 inferences
[09/26/2026-20:30:35] [I] Percentiles: 90,95,99
[09/26/2026-20:30:35] [I] Dump refittable layers:Disabled
[09/26/2026-20:30:35] [I] Dump output: Disabled
[09/26/2026-20:30:35] [I] Profile: Disabled
[09/26/2026-20:30:35] [I] Export timing to JSON file: 
[09/26/2026-20:30:35] [I] Export output to JSON file: 
[09/26/2026-20:30:35] [I] Export profile to JSON file: 
[09/26/2026-20:30:35] [I] 
[09/26/2026-20:30:35] [I] === Device Information ===
[09/26/2026-20:30:35] [I] Available Devices: 
[09/26/2026-20:30:35] [I]   Device 0: "Orin" UUID: GPU-06a4d898-7626-52c4-9cec-60e6402aab7b
[09/26/2026-20:30:35] [I] Selected Device: Orin
[09/26/2026-20:30:35] [I] Selected Device ID: 0
[09/26/2026-20:30:35] [I] Selected Device UUID: GPU-06a4d898-7626-52c4-9cec-60e6402aab7b
[09/26/2026-20:30:35] [I] Compute Capability: 8.7
[09/26/2026-20:30:35] [I] SMs: 8
[09/26/2026-20:30:35] [I] Device Global Memory: 7619 MiB
[09/26/2026-20:30:35] [I] Shared Memory per SM: 164 KiB
[09/26/2026-20:30:35] [I] Memory Bus Width: 128 bits (ECC disabled)
[09/26/2026-20:30:35] [I] Application Compute Clock Rate: 1.02 GHz
[09/26/2026-20:30:35] [I] Application Memory Clock Rate: 1.02 GHz
[09/26/2026-20:30:35] [I] 
[09/26/2026-20:30:35] [I] Note: The application clock rates do not reflect the actual clock rates that the GPU is currently running at.
[09/26/2026-20:30:35] [I] 
[09/26/2026-20:30:35] [I] TensorRT version: 10.7.0
[09/26/2026-20:30:35] [I] Loading standard plugins
[09/26/2026-20:30:35] [I] [TRT] Loaded engine size: 5 MiB
[09/26/2026-20:30:35] [I] Engine deserialized in 0.0311788 sec.
[09/26/2026-20:30:35] [I] [TRT] [MemUsageChange] TensorRT-managed allocation in IExecutionContext creation: CPU +0, GPU +2, now: CPU 0, GPU 6 (MiB)
[09/26/2026-20:30:35] [I] Setting persistentCacheLimit to 0 bytes.
[09/26/2026-20:30:35] [I] Set shape of input tensor input to: 1x342x3x3
[09/26/2026-20:30:35] [I] Created execution context with device memory size: 2.62988 MiB
[09/26/2026-20:30:35] [I] Using random values for input input
[09/26/2026-20:30:35] [I] Input binding for input with dimensions 1x342x3x3 is created.
[09/26/2026-20:30:35] [I] Output binding for output with dimensions 1x1024 is created.
[09/26/2026-20:30:35] [I] Starting inference
[09/26/2026-20:30:39] [I] Warmup completed 456 queries over 200 ms
[09/26/2026-20:30:39] [I] Timing trace has 8384 queries over 3.00059 s
[09/26/2026-20:30:39] [I] 
[09/26/2026-20:30:39] [I] === Trace details ===
[09/26/2026-20:30:39] [I] Trace averages of 300 runs:
[09/26/2026-20:30:39] [I] Average on 300 runs - GPU latency: 0.355294 ms - Host latency: 0.355294 ms (enqueue 0.247697 ms)
[09/26/2026-20:30:39] [I] Average on 300 runs - GPU latency: 0.355215 ms - Host latency: 0.355215 ms (enqueue 0.246695 ms)
[09/26/2026-20:30:39] [I] Average on 300 runs - GPU latency: 0.355368 ms - Host latency: 0.355368 ms (enqueue 0.247759 ms)
[09/26/2026-20:30:39] [I] Average on 300 runs - GPU latency: 0.355314 ms - Host latency: 0.355314 ms (enqueue 0.246501 ms)
[09/26/2026-20:30:39] [I] Average on 300 runs - GPU latency: 0.355214 ms - Host latency: 0.355214 ms (enqueue 0.248083 ms)
[09/26/2026-20:30:39] [I] Average on 300 runs - GPU latency: 0.355318 ms - Host latency: 0.355318 ms (enqueue 0.247422 ms)
[09/26/2026-20:30:39] [I] Average on 300 runs - GPU latency: 0.355355 ms - Host latency: 0.355355 ms (enqueue 0.246019 ms)
[09/26/2026-20:30:39] [I] Average on 300 runs - GPU latency: 0.355296 ms - Host latency: 0.355296 ms (enqueue 0.245535 ms)
[09/26/2026-20:30:39] [I] Average on 300 runs - GPU latency: 0.355212 ms - Host latency: 0.355212 ms (enqueue 0.246157 ms)
[09/26/2026-20:30:39] [I] Average on 300 runs - GPU latency: 0.355257 ms - Host latency: 0.355257 ms (enqueue 0.245097 ms)
[09/26/2026-20:30:39] [I] Average on 300 runs - GPU latency: 0.355428 ms - Host latency: 0.355428 ms (enqueue 0.245358 ms)
[09/26/2026-20:30:39] [I] Average on 300 runs - GPU latency: 0.355217 ms - Host latency: 0.355217 ms (enqueue 0.245176 ms)
[09/26/2026-20:30:39] [I] Average on 300 runs - GPU latency: 0.355295 ms - Host latency: 0.355295 ms (enqueue 0.244844 ms)
[09/26/2026-20:30:39] [I] Average on 300 runs - GPU latency: 0.355279 ms - Host latency: 0.355279 ms (enqueue 0.245433 ms)
[09/26/2026-20:30:39] [I] Average on 300 runs - GPU latency: 0.355271 ms - Host latency: 0.355271 ms (enqueue 0.245861 ms)
[09/26/2026-20:30:39] [I] Average on 300 runs - GPU latency: 0.355289 ms - Host latency: 0.355289 ms (enqueue 0.245865 ms)
[09/26/2026-20:30:39] [I] Average on 300 runs - GPU latency: 0.355249 ms - Host latency: 0.355249 ms (enqueue 0.245165 ms)
[09/26/2026-20:30:39] [I] Average on 300 runs - GPU latency: 0.355225 ms - Host latency: 0.355225 ms (enqueue 0.247348 ms)
[09/26/2026-20:30:39] [I] Average on 300 runs - GPU latency: 0.355284 ms - Host latency: 0.355284 ms (enqueue 0.245632 ms)
[09/26/2026-20:30:39] [I] Average on 300 runs - GPU latency: 0.355232 ms - Host latency: 0.355232 ms (enqueue 0.246543 ms)
[09/26/2026-20:30:39] [I] Average on 300 runs - GPU latency: 0.355289 ms - Host latency: 0.355289 ms (enqueue 0.245822 ms)
[09/26/2026-20:30:39] [I] Average on 300 runs - GPU latency: 0.355103 ms - Host latency: 0.355103 ms (enqueue 0.246003 ms)
[09/26/2026-20:30:39] [I] Average on 300 runs - GPU latency: 0.355255 ms - Host latency: 0.355255 ms (enqueue 0.245854 ms)
[09/26/2026-20:30:39] [I] Average on 300 runs - GPU latency: 0.35522 ms - Host latency: 0.35522 ms (enqueue 0.243884 ms)
[09/26/2026-20:30:39] [I] Average on 300 runs - GPU latency: 0.355316 ms - Host latency: 0.355316 ms (enqueue 0.246124 ms)
[09/26/2026-20:30:39] [I] Average on 300 runs - GPU latency: 0.355238 ms - Host latency: 0.355238 ms (enqueue 0.246694 ms)
[09/26/2026-20:30:39] [I] Average on 300 runs - GPU latency: 0.355205 ms - Host latency: 0.355205 ms (enqueue 0.245528 ms)
[09/26/2026-20:30:39] [I] 
[09/26/2026-20:30:39] [I] === Performance summary ===
[09/26/2026-20:30:39] [I] Throughput: 2794.12 qps
[09/26/2026-20:30:39] [I] Latency: min = 0.350586 ms, max = 0.360596 ms, mean = 0.355265 ms, median = 0.355225 ms, percentile(90%) = 0.357117 ms, percentile(95%) = 0.357666 ms, percentile(99%) = 0.358643 ms
[09/26/2026-20:30:39] [I] Enqueue Time: min = 0.226685 ms, max = 0.31665 ms, mean = 0.246074 ms, median = 0.244141 ms, percentile(90%) = 0.252319 ms, percentile(95%) = 0.263672 ms, percentile(99%) = 0.282898 ms
[09/26/2026-20:30:39] [I] H2D Latency: min = 0 ms, max = 0 ms, mean = 0 ms, median = 0 ms, percentile(90%) = 0 ms, percentile(95%) = 0 ms, percentile(99%) = 0 ms
[09/26/2026-20:30:39] [I] GPU Compute Time: min = 0.350586 ms, max = 0.360596 ms, mean = 0.355265 ms, median = 0.355225 ms, percentile(90%) = 0.357117 ms, percentile(95%) = 0.357666 ms, percentile(99%) = 0.358643 ms
[09/26/2026-20:30:39] [I] D2H Latency: min = 0 ms, max = 0 ms, mean = 0 ms, median = 0 ms, percentile(90%) = 0 ms, percentile(95%) = 0 ms, percentile(99%) = 0 ms
[09/26/2026-20:30:39] [I] Total Host Walltime: 3.00059 s
[09/26/2026-20:30:39] [I] Total GPU Compute Time: 2.97854 s
[09/26/2026-20:30:39] [I] Explanations of the performance metrics are printed in the verbose logs.
[09/26/2026-20:30:39] [I] 
&&&& PASSED TensorRT.trtexec [TensorRT v100700] [b23] # /usr/src/tensorrt/bin/trtexec --loadEngine=engines/hsi_int8_qdq.plan --shapes=input:1x342x3x3 --noDataTransfers --warmUp=200 --iterations=300 --avgRuns=300
