09-26-2026 20:29:48 RAM 2837/7620MB (lfb 28x4MB) SWAP 8/12002MB (cached 0MB) CPU [88%@1728,37%@1728,28%@1728,29%@1728,26%@1728,34%@1728] GR3D_FREQ 0% cpu@53.312C soc2@52.156C soc0@51.593C gpu@53C tj@53.312C soc1@52.906C VDD_IN 8820mW/8820mW VDD_CPU_GPU_CV 2720mW/2720mW VDD_SOC 2606mW/2606mW
09-26-2026 20:29:49 RAM 2901/7620MB (lfb 28x4MB) SWAP 8/12002MB (cached 0MB) CPU [100%@1728,0%@1728,0%@1728,0%@1728,0%@1728,3%@1728] GR3D_FREQ 0% cpu@53.062C soc2@52.25C soc0@51.656C gpu@53C tj@53.062C soc1@52.906C VDD_IN 8543mW/8682mW VDD_CPU_GPU_CV 2444mW/2582mW VDD_SOC 2606mW/2606mW
09-26-2026 20:29:49 RAM 2927/7620MB (lfb 28x4MB) SWAP 8/12002MB (cached 0MB) CPU [100%@1728,0%@1728,0%@1728,0%@1728,0%@1728,0%@1728] GR3D_FREQ 0% cpu@52.937C soc2@52.125C soc0@51.718C gpu@52.812C tj@53.187C soc1@53.187C VDD_IN 8503mW/8622mW VDD_CPU_GPU_CV 2365mW/2510mW VDD_SOC 2606mW/2606mW
09-26-2026 20:29:50 RAM 2940/7620MB (lfb 28x4MB) SWAP 8/12002MB (cached 0MB) CPU [100%@1728,0%@1728,0%@1728,0%@1728,0%@1728,0%@1728] GR3D_FREQ 0% cpu@53.375C soc2@52.093C soc0@51.718C gpu@53.218C tj@53.375C soc1@53.125C VDD_IN 8503mW/8592mW VDD_CPU_GPU_CV 2326mW/2464mW VDD_SOC 2606mW/2606mW
09-26-2026 20:29:51 RAM 3020/7620MB (lfb 28x4MB) SWAP 8/12002MB (cached 0MB) CPU [50%@1728,19%@1728,1%@1728,1%@1728,3%@1728,2%@1728] GR3D_FREQ 0% cpu@52.75C soc2@51.937C soc0@51.593C gpu@53.093C tj@53.093C soc1@53.031C VDD_IN 8266mW/8527mW VDD_CPU_GPU_CV 2171mW/2405mW VDD_SOC 2610mW/2607mW
09-26-2026 20:29:51 RAM 3145/7620MB (lfb 17x4MB) SWAP 8/12002MB (cached 0MB) CPU [47%@1728,22%@1728,0%@1728,1%@1728,0%@1728,0%@1728] GR3D_FREQ 13% cpu@53.156C soc2@52.093C soc0@51.843C gpu@53.375C tj@53.375C soc1@52.968C VDD_IN 8701mW/8556mW VDD_CPU_GPU_CV 2444mW/2412mW VDD_SOC 2685mW/2620mW
09-26-2026 20:29:52 RAM 3145/7620MB (lfb 17x4MB) SWAP 8/12002MB (cached 0MB) CPU [94%@1728,0%@1728,0%@1728,0%@1728,0%@1728,0%@1728] GR3D_FREQ 13% cpu@53.125C soc2@52.187C soc0@51.875C gpu@53.25C tj@53.25C soc1@53.031C VDD_IN 9176mW/8645mW VDD_CPU_GPU_CV 2838mW/2473mW VDD_SOC 2724mW/2635mW
09-26-2026 20:29:52 RAM 3147/7620MB (lfb 17x4MB) SWAP 8/12002MB (cached 0MB) CPU [100%@1728,16%@1728,18%@1728,14%@1728,10%@1728,39%@1728] GR3D_FREQ 12% cpu@53.625C soc2@52.218C soc0@51.656C gpu@53.25C tj@53.625C soc1@53.125C VDD_IN 9911mW/8803mW VDD_CPU_GPU_CV 3424mW/2592mW VDD_SOC 2759mW/2650mW
09-26-2026 20:29:53 RAM 3147/7620MB (lfb 17x4MB) SWAP 8/12002MB (cached 0MB) CPU [92%@1728,0%@1728,0%@1728,0%@1728,0%@1728,0%@1728] GR3D_FREQ 23% cpu@53.218C soc2@52.281C soc0@51.75C gpu@53.343C tj@53.343C soc1@53.125C VDD_IN 9477mW/8878mW VDD_CPU_GPU_CV 3070mW/2645mW VDD_SOC 2720mW/2658mW
09-26-2026 20:29:53 RAM 3147/7620MB (lfb 17x4MB) SWAP 8/12002MB (cached 0MB) CPU [100%@1728,0%@1728,0%@1728,0%@1728,0%@1728,0%@1728] GR3D_FREQ 23% cpu@53.375C soc2@52.343C soc0@52C gpu@53.875C tj@53.875C soc1@53.062C VDD_IN 10306mW/9021mW VDD_CPU_GPU_CV 3733mW/2754mW VDD_SOC 2838mW/2676mW
09-26-2026 20:29:54 RAM 3147/7620MB (lfb 17x4MB) SWAP 8/12002MB (cached 0MB) CPU [100%@1728,1%@1728,0%@1728,0%@1728,0%@1728,0%@1728] GR3D_FREQ 22% cpu@53.343C soc2@52.437C soc0@51.875C gpu@54.062C tj@54.062C soc1@53.062C VDD_IN 10486mW/9154mW VDD_CPU_GPU_CV 3929mW/2860mW VDD_SOC 2838mW/2691mW
09-26-2026 20:29:54 RAM 3147/7620MB (lfb 17x4MB) SWAP 8/12002MB (cached 0MB) CPU [100%@1728,0%@1728,0%@1728,0%@1728,0%@1728,0%@1728] GR3D_FREQ 23% cpu@53.343C soc2@52.468C soc0@51.906C gpu@54.031C tj@54.031C soc1@53.25C VDD_IN 10565mW/9271mW VDD_CPU_GPU_CV 3968mW/2953mW VDD_SOC 2833mW/2703mW
09-26-2026 20:29:55 RAM 3147/7620MB (lfb 17x4MB) SWAP 8/12002MB (cached 0MB) CPU [100%@1728,0%@1728,0%@1728,0%@1728,0%@1728,0%@1728] GR3D_FREQ 60% cpu@53.625C soc2@52.718C soc0@51.937C gpu@54.812C tj@54.812C soc1@53.281C VDD_IN 13321mW/9583mW VDD_CPU_GPU_CV 5748mW/3168mW VDD_SOC 3295mW/2748mW
09-26-2026 20:29:55 RAM 3147/7620MB (lfb 17x4MB) SWAP 8/12002MB (cached 0MB) CPU [100%@1728,0%@1728,0%@1728,0%@1728,0%@1728,0%@1728] GR3D_FREQ 58% cpu@53.937C soc2@53.062C soc0@52.156C gpu@55.093C tj@55.093C soc1@53.156C VDD_IN 14829mW/9958mW VDD_CPU_GPU_CV 6820mW/3429mW VDD_SOC 3558mW/2806mW
09-26-2026 20:29:56 RAM 3147/7620MB (lfb 17x4MB) SWAP 8/12002MB (cached 0MB) CPU [100%@1728,0%@1728,1%@1728,0%@1728,0%@1728,0%@1728] GR3D_FREQ 56% cpu@53.875C soc2@53.125C soc0@52.343C gpu@55.875C tj@55.875C soc1@53.343C VDD_IN 15197mW/10307mW VDD_CPU_GPU_CV 7132mW/3675mW VDD_SOC 3597mW/2859mW
09-26-2026 20:29:56 RAM 3147/7620MB (lfb 17x4MB) SWAP 8/12002MB (cached 0MB) CPU [100%@1728,1%@1728,0%@1728,0%@1728,0%@1728,0%@1728] GR3D_FREQ 99% cpu@54.093C soc2@53.343C soc0@52.437C gpu@56.531C tj@56.281C soc1@53.437C VDD_IN 16540mW/10697mW VDD_CPU_GPU_CV 8041mW/3948mW VDD_SOC 3825mW/2919mW
09-26-2026 20:29:57 RAM 3147/7620MB (lfb 17x4MB) SWAP 8/12002MB (cached 0MB) CPU [94%@1728,0%@1728,1%@1728,0%@1728,0%@1728,0%@1728] GR3D_FREQ 99% cpu@54.625C soc2@53.812C soc0@52.531C gpu@57.281C tj@57.281C soc1@53.531C VDD_IN 19611mW/11221mW VDD_CPU_GPU_CV 10111mW/4311mW VDD_SOC 4312mW/3001mW
09-26-2026 20:29:57 RAM 3147/7620MB (lfb 17x4MB) SWAP 8/12002MB (cached 0MB) CPU [100%@1728,0%@1728,0%@1728,0%@1728,0%@1728,0%@1728] GR3D_FREQ 99% cpu@55C soc2@54C soc0@52.968C gpu@57.468C tj@57.468C soc1@53.625C VDD_IN 20589mW/11741mW VDD_CPU_GPU_CV 10787mW/4671mW VDD_SOC 4460mW/3082mW
09-26-2026 20:29:58 RAM 3147/7620MB (lfb 17x4MB) SWAP 8/12002MB (cached 0MB) CPU [100%@1728,0%@1728,0%@1728,1%@1728,0%@1728,0%@1728] GR3D_FREQ 99% cpu@54.843C soc2@54.25C soc0@53.031C gpu@57.562C tj@57.562C soc1@53.687C VDD_IN 20861mW/12221mW VDD_CPU_GPU_CV 10980mW/5003mW VDD_SOC 4530mW/3158mW
09-26-2026 20:29:58 RAM 3259/7620MB (lfb 10x4MB) SWAP 8/12002MB (cached 0MB) CPU [86%@1728,4%@1728,0%@1728,0%@1728,0%@1728,0%@1728] GR3D_FREQ 90% cpu@54.687C soc2@54.156C soc0@53.093C gpu@56.437C tj@56.437C soc1@54.093C VDD_IN 17177mW/12469mW VDD_CPU_GPU_CV 8338mW/5169mW VDD_SOC 3975mW/3199mW
09-26-2026 20:29:59 RAM 3274/7620MB (lfb 9x4MB) SWAP 8/12002MB (cached 0MB) CPU [96%@1728,0%@1728,1%@1728,0%@1728,0%@1728,0%@1728] GR3D_FREQ 96% cpu@54.812C soc2@54.062C soc0@53.093C gpu@57C tj@57C soc1@54.187C VDD_IN 15524mW/12615mW VDD_CPU_GPU_CV 7432mW/5277mW VDD_SOC 3558mW/3216mW
09-26-2026 20:29:59 RAM 3274/7620MB (lfb 9x4MB) SWAP 8/12002MB (cached 0MB) CPU [90%@1728,0%@1728,0%@1728,0%@1728,0%@1728,0%@1728] GR3D_FREQ 98% cpu@55.125C soc2@54.125C soc0@53.031C gpu@57.343C tj@57.343C soc1@54.093C VDD_IN 17255mW/12826mW VDD_CPU_GPU_CV 8997mW/5446mW VDD_SOC 3624mW/3235mW
09-26-2026 20:30:00 RAM 3274/7620MB (lfb 9x4MB) SWAP 8/12002MB (cached 0MB) CPU [92%@1728,0%@1728,3%@1728,0%@1728,0%@1728,0%@1728] GR3D_FREQ 0% cpu@54.843C soc2@54.343C soc0@53.343C gpu@56.562C tj@56.562C soc1@54.125C VDD_IN 17333mW/13021mW VDD_CPU_GPU_CV 9114mW/5606mW VDD_SOC 3624mW/3252mW
09-26-2026 20:30:00 RAM 3274/7620MB (lfb 9x4MB) SWAP 8/12002MB (cached 0MB) CPU [88%@1728,0%@1728,0%@1728,0%@1728,0%@1728,0%@1728] GR3D_FREQ 99% cpu@55.031C soc2@54.625C soc0@53.437C gpu@58.093C tj@58.093C soc1@54.218C VDD_IN 19261mW/13281mW VDD_CPU_GPU_CV 10419mW/5806mW VDD_SOC 3962mW/3281mW
09-26-2026 20:30:01 RAM 3274/7620MB (lfb 9x4MB) SWAP 8/12002MB (cached 0MB) CPU [100%@1728,1%@1728,0%@1728,1%@1728,0%@1728,0%@1728] GR3D_FREQ 99% cpu@55.5C soc2@54.843C soc0@53.593C gpu@58.218C tj@58.218C soc1@54.406C VDD_IN 20045mW/13552mW VDD_CPU_GPU_CV 10998mW/6014mW VDD_SOC 4072mW/3313mW
09-26-2026 20:30:01 RAM 3274/7620MB (lfb 9x4MB) SWAP 8/12002MB (cached 0MB) CPU [98%@1728,0%@1728,0%@1728,0%@1728,0%@1728,0%@1728] GR3D_FREQ 99% cpu@55.562C soc2@55.031C soc0@53.593C gpu@58.312C tj@58.312C soc1@54.531C VDD_IN 20317mW/13812mW VDD_CPU_GPU_CV 11134mW/6211mW VDD_SOC 4111mW/3344mW
09-26-2026 20:30:02 RAM 3275/7620MB (lfb 9x4MB) SWAP 8/12002MB (cached 0MB) CPU [84%@1728,0%@1728,3%@1728,1%@1728,0%@1728,0%@1728] GR3D_FREQ 94% cpu@55.375C soc2@54.781C soc0@53.906C gpu@57.343C tj@56.968C soc1@54.625C VDD_IN 15563mW/13877mW VDD_CPU_GPU_CV 7159mW/6246mW VDD_SOC 3747mW/3359mW
09-26-2026 20:30:02 RAM 3275/7620MB (lfb 9x4MB) SWAP 8/12002MB (cached 0MB) CPU [94%@1728,0%@1728,2%@1728,0%@1728,0%@1728,0%@1728] GR3D_FREQ 97% cpu@55.312C soc2@54.781C soc0@53.843C gpu@57.5C tj@57.5C soc1@54.812C VDD_IN 17021mW/13989mW VDD_CPU_GPU_CV 8028mW/6310mW VDD_SOC 4092mW/3385mW
09-26-2026 20:30:03 RAM 3275/7620MB (lfb 9x4MB) SWAP 8/12002MB (cached 0MB) CPU [86%@1728,0%@1728,1%@1728,0%@1728,0%@1728,0%@1728] GR3D_FREQ 98% cpu@55.75C soc2@54.937C soc0@53.843C gpu@58.187C tj@58.187C soc1@54.843C VDD_IN 18201mW/14135mW VDD_CPU_GPU_CV 8595mW/6388mW VDD_SOC 4435mW/3421mW
09-26-2026 20:30:03 RAM 3275/7620MB (lfb 9x4MB) SWAP 8/12002MB (cached 0MB) CPU [100%@1728,0%@1728,0%@1728,0%@1728,0%@1728,0%@1728] GR3D_FREQ 98% cpu@55.718C soc2@55.25C soc0@53.937C gpu@58.375C tj@58.375C soc1@54.843C VDD_IN 19929mW/14328mW VDD_CPU_GPU_CV 9532mW/6493mW VDD_SOC 4848mW/3469mW
09-26-2026 20:30:04 RAM 3281/7620MB (lfb 10x4MB) SWAP 8/12002MB (cached 0MB) CPU [90%@1728,0%@1728,4%@1728,0%@1728,0%@1728,0%@1728] GR3D_FREQ 4% cpu@55.687C soc2@55.062C soc0@54.25C gpu@56.531C tj@56.531C soc1@54.937C VDD_IN 15446mW/14364mW VDD_CPU_GPU_CV 6615mW/6497mW VDD_SOC 4021mW/3486mW
09-26-2026 20:30:04 RAM 3281/7620MB (lfb 10x4MB) SWAP 8/12002MB (cached 0MB) CPU [94%@1728,0%@1728,2%@1728,0%@1728,0%@1728,0%@1728] GR3D_FREQ 4% cpu@55.406C soc2@54.937C soc0@54.062C gpu@56.625C tj@56.625C soc1@54.937C VDD_IN 15001mW/14384mW VDD_CPU_GPU_CV 6742mW/6505mW VDD_SOC 3675mW/3492mW
09-26-2026 20:30:05 RAM 3296/7620MB (lfb 9x4MB) SWAP 8/12002MB (cached 0MB) CPU [90%@1728,1%@1728,2%@1728,0%@1728,0%@1728,0%@1728] GR3D_FREQ 0% cpu@55.968C soc2@55.062C soc0@54.125C gpu@56.906C tj@56.906C soc1@55.125C VDD_IN 16787mW/14457mW VDD_CPU_GPU_CV 8041mW/6551mW VDD_SOC 3975mW/3507mW
09-26-2026 20:30:05 RAM 3356/7620MB (lfb 9x4MB) SWAP 8/12002MB (cached 0MB) CPU [69%@1728,6%@1728,0%@1728,0%@1728,0%@1728,0%@1728] GR3D_FREQ 12% cpu@55.468C soc2@54.687C soc0@53.937C gpu@55.937C tj@55.937C soc1@55.031C VDD_IN 11178mW/14360mW VDD_CPU_GPU_CV 4158mW/6481mW VDD_SOC 3030mW/3493mW
09-26-2026 20:30:06 RAM 3356/7620MB (lfb 9x4MB) SWAP 8/12002MB (cached 0MB) CPU [100%@1728,0%@1728,0%@1728,0%@1728,0%@1728,0%@1728] GR3D_FREQ 11% cpu@55.468C soc2@54.406C soc0@54.062C gpu@56.062C tj@56.062C soc1@55.031C VDD_IN 9832mW/14231mW VDD_CPU_GPU_CV 3306mW/6390mW VDD_SOC 2799mW/3473mW
09-26-2026 20:30:06 RAM 3356/7620MB (lfb 9x4MB) SWAP 8/12002MB (cached 0MB) CPU [100%@1728,1%@1728,0%@1728,0%@1728,0%@1728,0%@1728] GR3D_FREQ 12% cpu@55.312C soc2@54.437C soc0@53.875C gpu@55.781C tj@55.781C soc1@54.906C VDD_IN 9437mW/14098mW VDD_CPU_GPU_CV 3030mW/6297mW VDD_SOC 2720mW/3452mW
09-26-2026 20:30:07 RAM 3357/7620MB (lfb 9x4MB) SWAP 8/12002MB (cached 0MB) CPU [100%@1728,0%@1728,0%@1728,0%@1728,0%@1728,0%@1728] GR3D_FREQ 12% cpu@55.218C soc2@54.25C soc0@53.75C gpu@55.625C tj@55.625C soc1@55.093C VDD_IN 9319mW/13968mW VDD_CPU_GPU_CV 2952mW/6207mW VDD_SOC 2680mW/3431mW
09-26-2026 20:30:07 RAM 3357/7620MB (lfb 9x4MB) SWAP 8/12002MB (cached 0MB) CPU [94%@1728,0%@1728,0%@1728,0%@1728,0%@1728,0%@1728] GR3D_FREQ 19% cpu@55.156C soc2@54.281C soc0@53.75C gpu@55.75C tj@55.75C soc1@55.031C VDD_IN 9635mW/13854mW VDD_CPU_GPU_CV 3266mW/6129mW VDD_SOC 2680mW/3411mW
09-26-2026 20:30:08 RAM 3357/7620MB (lfb 9x4MB) SWAP 8/12002MB (cached 0MB) CPU [100%@1728,0%@1728,0%@1728,0%@1728,0%@1728,0%@1728] GR3D_FREQ 18% cpu@55.281C soc2@54.125C soc0@53.718C gpu@55.687C tj@55.687C soc1@54.812C VDD_IN 9872mW/13752mW VDD_CPU_GPU_CV 3458mW/6061mW VDD_SOC 2720mW/3394mW
09-26-2026 20:30:08 RAM 3357/7620MB (lfb 9x4MB) SWAP 8/12002MB (cached 0MB) CPU [100%@1728,0%@1728,1%@1728,0%@1728,0%@1728,0%@1728] GR3D_FREQ 18% cpu@55.125C soc2@54.25C soc0@53.937C gpu@55.593C tj@55.593C soc1@54.875C VDD_IN 9911mW/13656mW VDD_CPU_GPU_CV 3575mW/5999mW VDD_SOC 2720mW/3377mW
09-26-2026 20:30:09 RAM 3357/7620MB (lfb 9x4MB) SWAP 8/12002MB (cached 0MB) CPU [100%@1728,0%@1728,0%@1728,0%@1728,0%@1728,0%@1728] GR3D_FREQ 19% cpu@54.843C soc2@54.281C soc0@53.718C gpu@55.937C tj@55.937C soc1@55.125C VDD_IN 9950mW/13566mW VDD_CPU_GPU_CV 3581mW/5940mW VDD_SOC 2680mW/3360mW
09-26-2026 20:30:09 RAM 3359/7620MB (lfb 9x4MB) SWAP 8/12002MB (cached 0MB) CPU [94%@1728,0%@1728,0%@1728,0%@1728,0%@1728,0%@1728] GR3D_FREQ 40% cpu@55.375C soc2@54.375C soc0@53.656C gpu@56.375C tj@56.375C soc1@55.062C VDD_IN 11493mW/13516mW VDD_CPU_GPU_CV 4629mW/5908mW VDD_SOC 2912mW/3349mW
09-26-2026 20:30:10 RAM 3359/7620MB (lfb 9x4MB) SWAP 8/12002MB (cached 0MB) CPU [100%@1728,0%@1728,3%@1728,0%@1728,0%@1728,0%@1728] GR3D_FREQ 40% cpu@55.656C soc2@54.531C soc0@53.781C gpu@56.562C tj@56.562C soc1@54.968C VDD_IN 12280mW/13488mW VDD_CPU_GPU_CV 5318mW/5895mW VDD_SOC 3025mW/3342mW
09-26-2026 20:30:10 RAM 3359/7620MB (lfb 9x4MB) SWAP 8/12002MB (cached 0MB) CPU [100%@1728,0%@1728,2%@1728,0%@1728,0%@1728,0%@1728] GR3D_FREQ 40% cpu@55.312C soc2@54.562C soc0@54.062C gpu@56.593C tj@56.593C soc1@55C VDD_IN 12792mW/13472mW VDD_CPU_GPU_CV 5474mW/5885mW VDD_SOC 3060mW/3335mW
09-26-2026 20:30:11 RAM 3359/7620MB (lfb 9x4MB) SWAP 8/12002MB (cached 0MB) CPU [100%@1728,0%@1728,0%@1728,0%@1728,0%@1728,0%@1728] GR3D_FREQ 40% cpu@55.281C soc2@54.625C soc0@53.875C gpu@56.5C tj@56.5C soc1@55C VDD_IN 12692mW/13455mW VDD_CPU_GPU_CV 5601mW/5879mW VDD_SOC 3060mW/3329mW
09-26-2026 20:30:11 RAM 3359/7620MB (lfb 9x4MB) SWAP 8/12002MB (cached 0MB) CPU [100%@1728,0%@1728,0%@1728,0%@1728,0%@1728,0%@1728] GR3D_FREQ 69% cpu@55.468C soc2@54.875C soc0@54.031C gpu@57.187C tj@57.187C soc1@55.218C VDD_IN 14805mW/13484mW VDD_CPU_GPU_CV 7015mW/5903mW VDD_SOC 3362mW/3330mW
09-26-2026 20:30:12 RAM 3359/7620MB (lfb 9x4MB) SWAP 8/12002MB (cached 0MB) CPU [100%@1728,1%@1728,0%@1728,0%@1728,0%@1728,0%@1728] GR3D_FREQ 68% cpu@56.062C soc2@54.906C soc0@54.093C gpu@57.718C tj@57.718C soc1@55.187C VDD_IN 15863mW/13535mW VDD_CPU_GPU_CV 7587mW/5939mW VDD_SOC 3513mW/3334mW
09-26-2026 20:30:12 RAM 3359/7620MB (lfb 9x4MB) SWAP 8/12002MB (cached 0MB) CPU [100%@1728,0%@1728,0%@1728,1%@1728,1%@1728,0%@1728] GR3D_FREQ 69% cpu@55.843C soc2@55.281C soc0@54.375C gpu@57.531C tj@57.531C soc1@55.187C VDD_IN 16032mW/13587mW VDD_CPU_GPU_CV 7963mW/5981mW VDD_SOC 3591mW/3339mW
09-26-2026 20:30:13 RAM 3359/7620MB (lfb 9x4MB) SWAP 8/12002MB (cached 0MB) CPU [100%@1728,0%@1728,1%@1728,0%@1728,0%@1728,3%@1728] GR3D_FREQ 68% cpu@55.843C soc2@55.281C soc0@54.375C gpu@57.968C tj@57.968C soc1@55.281C VDD_IN 16149mW/13639mW VDD_CPU_GPU_CV 7963mW/6022mW VDD_SOC 3591mW/3344mW
09-26-2026 20:30:13 RAM 3380/7620MB (lfb 10x4MB) SWAP 8/12002MB (cached 0MB) CPU [92%@1728,0%@1728,1%@1728,0%@1728,0%@1728,0%@1728] GR3D_FREQ 96% cpu@55.593C soc2@55.093C soc0@54.312C gpu@57.468C tj@57.468C soc1@55.5C VDD_IN 13770mW/13642mW VDD_CPU_GPU_CV 6090mW/6023mW VDD_SOC 3329mW/3344mW
09-26-2026 20:30:14 RAM 3380/7620MB (lfb 10x4MB) SWAP 8/12002MB (cached 0MB) CPU [92%@1728,0%@1728,3%@1728,0%@1728,0%@1728,0%@1728] GR3D_FREQ 98% cpu@56.031C soc2@55.312C soc0@54.312C gpu@58.281C tj@58.281C soc1@55.375C VDD_IN 15602mW/13680mW VDD_CPU_GPU_CV 7938mW/6061mW VDD_SOC 3357mW/3344mW
09-26-2026 20:30:14 RAM 3380/7620MB (lfb 10x4MB) SWAP 8/12002MB (cached 0MB) CPU [94%@1728,0%@1728,1%@1728,0%@1728,0%@1728,0%@1728] GR3D_FREQ 1% cpu@56.187C soc2@55.437C soc0@54.468C gpu@57.25C tj@57.25C soc1@55.437C VDD_IN 16228mW/13729mW VDD_CPU_GPU_CV 8507mW/6108mW VDD_SOC 3318mW/3344mW
09-26-2026 20:30:15 RAM 3380/7620MB (lfb 10x4MB) SWAP 8/12002MB (cached 0MB) CPU [88%@1728,0%@1728,0%@1728,0%@1728,0%@1728,0%@1728] GR3D_FREQ 99% cpu@56.156C soc2@55.812C soc0@54.812C gpu@59.218C tj@58.968C soc1@55.375C VDD_IN 18435mW/13818mW VDD_CPU_GPU_CV 10127mW/6184mW VDD_SOC 3657mW/3350mW
09-26-2026 20:30:15 RAM 3380/7620MB (lfb 10x4MB) SWAP 8/12002MB (cached 0MB) CPU [100%@1728,0%@1728,0%@1728,0%@1728,1%@1728,0%@1728] GR3D_FREQ 99% cpu@56.312C soc2@55.968C soc0@54.781C gpu@59.125C tj@59.125C soc1@55.843C VDD_IN 19144mW/13916mW VDD_CPU_GPU_CV 10689mW/6267mW VDD_SOC 3729mW/3357mW
09-26-2026 20:30:16 RAM 3383/7620MB (lfb 10x4MB) SWAP 8/12002MB (cached 0MB) CPU [85%@1728,0%@1728,3%@1728,1%@1728,0%@1728,0%@1728] GR3D_FREQ 8% cpu@56.187C soc2@55.812C soc0@54.968C gpu@57.625C tj@57.625C soc1@55.781C VDD_IN 15079mW/13938mW VDD_CPU_GPU_CV 7081mW/6282mW VDD_SOC 3519mW/3360mW
09-26-2026 20:30:16 RAM 3383/7620MB (lfb 10x4MB) SWAP 8/12002MB (cached 0MB) CPU [92%@1728,0%@1728,1%@1728,0%@1728,0%@1728,0%@1728] GR3D_FREQ 97% cpu@56.281C soc2@55.75C soc0@54.781C gpu@58.343C tj@58.343C soc1@55.718C VDD_IN 15432mW/13964mW VDD_CPU_GPU_CV 7120mW/6297mW VDD_SOC 3675mW/3365mW
09-26-2026 20:30:17 RAM 3383/7620MB (lfb 10x4MB) SWAP 8/12002MB (cached 0MB) CPU [90%@1728,1%@1728,2%@1728,1%@1728,0%@1728,0%@1728] GR3D_FREQ 98% cpu@56.281C soc2@55.937C soc0@55C gpu@58.531C tj@58.531C soc1@55.718C VDD_IN 16592mW/14010mW VDD_CPU_GPU_CV 7808mW/6323mW VDD_SOC 3975mW/3376mW
09-26-2026 20:30:17 RAM 3383/7620MB (lfb 10x4MB) SWAP 8/12002MB (cached 0MB) CPU [94%@1728,0%@1728,0%@1728,0%@1728,0%@1728,0%@1728] GR3D_FREQ 98% cpu@56.562C soc2@56C soc0@55.062C gpu@58.843C tj@58.843C soc1@55.843C VDD_IN 18123mW/14081mW VDD_CPU_GPU_CV 8673mW/6364mW VDD_SOC 4280mW/3392mW
09-26-2026 20:30:18 RAM 3383/7620MB (lfb 10x4MB) SWAP 8/12002MB (cached 0MB) CPU [96%@1728,0%@1728,6%@1728,0%@1728,0%@1728,0%@1728] GR3D_FREQ 52% cpu@56.281C soc2@55.75C soc0@54.937C gpu@57.625C tj@57.625C soc1@56.031C VDD_IN 13456mW/14071mW VDD_CPU_GPU_CV 5582mW/6351mW VDD_SOC 3485mW/3393mW
09-26-2026 20:30:18 RAM 3383/7620MB (lfb 10x4MB) SWAP 8/12002MB (cached 0MB) CPU [92%@1728,0%@1728,1%@1728,1%@1728,0%@1728,0%@1728] GR3D_FREQ 97% cpu@56.531C soc2@55.812C soc0@54.937C gpu@59.031C tj@59.031C soc1@55.968C VDD_IN 15563mW/14095mW VDD_CPU_GPU_CV 7471mW/6369mW VDD_SOC 3597mW/3397mW
09-26-2026 20:30:19 RAM 3390/7620MB (lfb 9x4MB) SWAP 8/12002MB (cached 0MB) CPU [94%@1728,0%@1728,2%@1728,0%@1728,0%@1728,0%@1728] GR3D_FREQ 93% cpu@56.375C soc2@55.937C soc0@55.093C gpu@57.906C tj@57.906C soc1@55.906C VDD_IN 13495mW/14086mW VDD_CPU_GPU_CV 5738mW/6359mW VDD_SOC 3407mW/3397mW
09-26-2026 20:30:19 RAM 3390/7620MB (lfb 9x4MB) SWAP 8/12002MB (cached 0MB) CPU [92%@1728,0%@1728,4%@1728,0%@1728,0%@1728,0%@1728] GR3D_FREQ 97% cpu@56.312C soc2@55.843C soc0@55.031C gpu@58.531C tj@58.531C soc1@55.875C VDD_IN 14358mW/14090mW VDD_CPU_GPU_CV 6586mW/6363mW VDD_SOC 3446mW/3397mW
09-26-2026 20:30:20 RAM 3391/7620MB (lfb 9x4MB) SWAP 8/12002MB (cached 0MB) CPU [94%@1728,0%@1728,3%@1728,0%@1728,0%@1728,0%@1728] GR3D_FREQ 4% cpu@56.468C soc2@55.687C soc0@54.906C gpu@57.25C tj@57.25C soc1@56.093C VDD_IN 13006mW/14073mW VDD_CPU_GPU_CV 5513mW/6349mW VDD_SOC 3295mW/3396mW
09-26-2026 20:30:20 RAM 3391/7620MB (lfb 9x4MB) SWAP 8/12002MB (cached 0MB) CPU [94%@1728,0%@1728,3%@1728,0%@1728,1%@1728,0%@1728] GR3D_FREQ 0% cpu@56.468C soc2@55.656C soc0@54.968C gpu@57.468C tj@57.468C soc1@56.031C VDD_IN 12810mW/14053mW VDD_CPU_GPU_CV 5435mW/6335mW VDD_SOC 3256mW/3394mW
09-26-2026 20:30:21 RAM 3391/7620MB (lfb 9x4MB) SWAP 8/12002MB (cached 0MB) CPU [0%@1728,1%@1728,3%@1728,3%@1728,94%@1728,0%@1728] GR3D_FREQ 0% cpu@56.281C soc2@55.562C soc0@55.187C gpu@57.156C tj@57.156C soc1@56.031C VDD_IN 13085mW/14038mW VDD_CPU_GPU_CV 5591mW/6323mW VDD_SOC 3256mW/3392mW
09-26-2026 20:30:21 RAM 2721/7620MB (lfb 27x4MB) SWAP 8/12002MB (cached 0MB) CPU [0%@1728,0%@1728,18%@1728,0%@1728,82%@1728,0%@1728] GR3D_FREQ 0% cpu@56.406C soc2@55.468C soc0@55.156C gpu@57.031C tj@57.031C soc1@55.906C VDD_IN 9832mW/13974mW VDD_CPU_GPU_CV 3188mW/6276mW VDD_SOC 2838mW/3383mW
09-26-2026 20:30:22 RAM 2882/7620MB (lfb 27x4MB) SWAP 8/12002MB (cached 0MB) CPU [10%@1728,0%@1728,54%@1728,32%@1728,0%@1728,0%@1728] GR3D_FREQ 92% cpu@56.437C soc2@55.375C soc0@54.906C gpu@57.281C tj@57.281C soc1@56.125C VDD_IN 10644mW/13925mW VDD_CPU_GPU_CV 3497mW/6234mW VDD_SOC 3109mW/3379mW
09-26-2026 20:30:22 RAM 2886/7620MB (lfb 27x4MB) SWAP 8/12002MB (cached 0MB) CPU [10%@1728,30%@1728,32%@1728,53%@1728,27%@1728,35%@1728] GR3D_FREQ 92% cpu@56.625C soc2@55.375C soc0@54.843C gpu@57.312C tj@57.312C soc1@56C VDD_IN 12319mW/13901mW VDD_CPU_GPU_CV 4465mW/6208mW VDD_SOC 3418mW/3380mW
09-26-2026 20:30:23 RAM 2886/7620MB (lfb 27x4MB) SWAP 8/12002MB (cached 0MB) CPU [24%@1728,0%@1728,0%@1728,73%@1728,0%@1728,1%@1728] GR3D_FREQ 92% cpu@56.156C soc2@55.531C soc0@54.843C gpu@57.187C tj@57.187C soc1@56.031C VDD_IN 12319mW/13878mW VDD_CPU_GPU_CV 4347mW/6181mW VDD_SOC 3497mW/3381mW
09-26-2026 20:30:23 RAM 2886/7620MB (lfb 27x4MB) SWAP 8/12002MB (cached 0MB) CPU [81%@1728,0%@1728,3%@1728,18%@1728,0%@1728,0%@1728] GR3D_FREQ 92% cpu@56.093C soc2@55.5C soc0@54.968C gpu@57.312C tj@57.312C soc1@55.968C VDD_IN 12299mW/13856mW VDD_CPU_GPU_CV 4347mW/6155mW VDD_SOC 3497mW/3383mW
09-26-2026 20:30:24 RAM 2886/7620MB (lfb 27x4MB) SWAP 8/12002MB (cached 0MB) CPU [3%@1728,0%@1728,1%@1728,94%@1728,0%@1728,1%@1728] GR3D_FREQ 92% cpu@56.312C soc2@55.5C soc0@54.968C gpu@57.156C tj@57.156C soc1@56.125C VDD_IN 12299mW/13834mW VDD_CPU_GPU_CV 4308mW/6129mW VDD_SOC 3536mW/3385mW
09-26-2026 20:30:24 RAM 2886/7620MB (lfb 27x4MB) SWAP 8/12002MB (cached 0MB) CPU [55%@1728,0%@1728,0%@1728,39%@1728,0%@1728,0%@1728] GR3D_FREQ 92% cpu@56.5C soc2@55.562C soc0@54.843C gpu@57.625C tj@57.625C soc1@56.093C VDD_IN 12299mW/13812mW VDD_CPU_GPU_CV 4308mW/6104mW VDD_SOC 3536mW/3387mW
09-26-2026 20:30:25 RAM 2725/7620MB (lfb 28x4MB) SWAP 8/12002MB (cached 0MB) CPU [81%@1728,0%@1728,2%@1728,17%@1728,0%@1728,0%@1728] GR3D_FREQ 1% cpu@56.656C soc2@55.406C soc0@55.125C gpu@56.968C tj@56.968C soc1@56.062C VDD_IN 11375mW/13779mW VDD_CPU_GPU_CV 3805mW/6072mW VDD_SOC 3300mW/3386mW
09-26-2026 20:30:25 RAM 2883/7620MB (lfb 28x4MB) SWAP 8/12002MB (cached 0MB) CPU [1%@1728,0%@1728,29%@1728,28%@1728,0%@1728,0%@1728] GR3D_FREQ 98% cpu@56.25C soc2@55.75C soc0@54.968C gpu@58.687C tj@58.687C soc1@56C VDD_IN 15432mW/13801mW VDD_CPU_GPU_CV 6887mW/6083mW VDD_SOC 3832mW/3392mW
09-26-2026 20:30:26 RAM 2883/7620MB (lfb 28x4MB) SWAP 8/12002MB (cached 0MB) CPU [15%@1728,1%@1728,0%@1728,6%@1728,0%@1728,0%@1728] GR3D_FREQ 98% cpu@56.437C soc2@56.062C soc0@55.218C gpu@59.125C tj@59.125C soc1@56.125C VDD_IN 18435mW/13863mW VDD_CPU_GPU_CV 9060mW/6123mW VDD_SOC 4319mW/3404mW
09-26-2026 20:30:26 RAM 2883/7620MB (lfb 28x4MB) SWAP 8/12002MB (cached 0MB) CPU [14%@1728,0%@1728,8%@1728,0%@1728,0%@1728,0%@1728] GR3D_FREQ 98% cpu@56.781C soc2@56.312C soc0@55.218C gpu@59.812C tj@59.468C soc1@56.218C VDD_IN 19339mW/13935mW VDD_CPU_GPU_CV 9702mW/6170mW VDD_SOC 4428mW/3418mW
09-26-2026 20:30:27 RAM 2883/7620MB (lfb 28x4MB) SWAP 8/12002MB (cached 0MB) CPU [28%@1728,0%@1728,0%@1728,0%@1728,0%@1728,0%@1728] GR3D_FREQ 98% cpu@56.937C soc2@56.531C soc0@55.312C gpu@59.5C tj@59.5C soc1@56.281C VDD_IN 19611mW/14009mW VDD_CPU_GPU_CV 9879mW/6218mW VDD_SOC 4467mW/3432mW
09-26-2026 20:30:27 RAM 2883/7620MB (lfb 28x4MB) SWAP 8/12002MB (cached 0MB) CPU [26%@1728,1%@1728,0%@1728,0%@1728,0%@1728,0%@1728] GR3D_FREQ 98% cpu@57.125C soc2@56.593C soc0@55.656C gpu@60.031C tj@60.031C soc1@56.375C VDD_IN 19689mW/14082mW VDD_CPU_GPU_CV 9918mW/6266mW VDD_SOC 4498mW/3445mW
09-26-2026 20:30:28 RAM 2884/7620MB (lfb 28x4MB) SWAP 8/12002MB (cached 0MB) CPU [27%@1728,1%@1728,0%@1728,0%@1728,0%@1728,0%@1728] GR3D_FREQ 98% cpu@57.125C soc2@56.781C soc0@55.718C gpu@59.906C tj@59.906C soc1@56.656C VDD_IN 19657mW/14152mW VDD_CPU_GPU_CV 9956mW/6312mW VDD_SOC 4498mW/3459mW
09-26-2026 20:30:28 RAM 2771/7620MB (lfb 28x4MB) SWAP 8/12002MB (cached 0MB) CPU [20%@1728,0%@1728,16%@1728,17%@1728,1%@1728,0%@1728] GR3D_FREQ 0% cpu@57.281C soc2@56.5C soc0@55.718C gpu@58.281C tj@58.281C soc1@56.531C VDD_IN 15837mW/14173mW VDD_CPU_GPU_CV 7315mW/6325mW VDD_SOC 3864mW/3464mW
09-26-2026 20:30:29 RAM 2881/7620MB (lfb 28x4MB) SWAP 8/12002MB (cached 0MB) CPU [33%@1728,21%@1728,0%@1728,41%@1728,0%@1728,0%@1728] GR3D_FREQ 93% cpu@57.125C soc2@56.343C soc0@55.562C gpu@58.062C tj@58.062C soc1@56.468C VDD_IN 13085mW/14160mW VDD_CPU_GPU_CV 5122mW/6310mW VDD_SOC 3530mW/3464mW
09-26-2026 20:30:29 RAM 2881/7620MB (lfb 28x4MB) SWAP 8/12002MB (cached 0MB) CPU [84%@1728,0%@1728,9%@1728,0%@1728,0%@1728,0%@1728] GR3D_FREQ 93% cpu@56.875C soc2@56.312C soc0@55.718C gpu@58.468C tj@58.468C soc1@56.5C VDD_IN 12574mW/14141mW VDD_CPU_GPU_CV 4660mW/6290mW VDD_SOC 3491mW/3465mW
09-26-2026 20:30:30 RAM 2881/7620MB (lfb 28x4MB) SWAP 8/12002MB (cached 0MB) CPU [20%@1728,70%@1728,0%@1728,0%@1728,0%@1728,0%@1728] GR3D_FREQ 93% cpu@56.687C soc2@56.218C soc0@55.5C gpu@57.875C tj@57.875C soc1@56.468C VDD_IN 12456mW/14120mW VDD_CPU_GPU_CV 4504mW/6269mW VDD_SOC 3491mW/3465mW
09-26-2026 20:30:30 RAM 2881/7620MB (lfb 28x4MB) SWAP 8/12002MB (cached 0MB) CPU [4%@1728,90%@1728,0%@1728,0%@1728,0%@1728,0%@1728] GR3D_FREQ 93% cpu@56.781C soc2@56.218C soc0@55.562C gpu@58.281C tj@58.281C soc1@56.625C VDD_IN 12417mW/14100mW VDD_CPU_GPU_CV 4465mW/6247mW VDD_SOC 3491mW/3465mW
09-26-2026 20:30:31 RAM 2882/7620MB (lfb 28x4MB) SWAP 8/12002MB (cached 0MB) CPU [93%@1728,1%@1728,0%@1728,0%@1728,0%@1728,1%@1728] GR3D_FREQ 93% cpu@56.937C soc2@56.218C soc0@55.437C gpu@58.062C tj@58.062C soc1@56.531C VDD_IN 12378mW/14080mW VDD_CPU_GPU_CV 4465mW/6226mW VDD_SOC 3491mW/3466mW
09-26-2026 20:30:31 RAM 2882/7620MB (lfb 28x4MB) SWAP 8/12002MB (cached 0MB) CPU [1%@1728,91%@1728,0%@1728,1%@1728,0%@1728,0%@1728] GR3D_FREQ 93% cpu@56.75C soc2@56.218C soc0@55.531C gpu@58C tj@58C soc1@56.531C VDD_IN 12378mW/14060mW VDD_CPU_GPU_CV 4465mW/6206mW VDD_SOC 3491mW/3466mW
09-26-2026 20:30:32 RAM 2795/7620MB (lfb 29x4MB) SWAP 8/12002MB (cached 0MB) CPU [8%@1728,42%@1728,0%@1728,50%@1728,0%@1728,0%@1728] GR3D_FREQ 5% cpu@56.812C soc2@55.781C soc0@55.437C gpu@57.218C tj@57.218C soc1@56.687C VDD_IN 10644mW/14021mW VDD_CPU_GPU_CV 3497mW/6174mW VDD_SOC 3109mW/3462mW
09-26-2026 20:30:32 RAM 2884/7620MB (lfb 29x4MB) SWAP 8/12002MB (cached 0MB) CPU [1%@1728,0%@1728,36%@1728,1%@1728,0%@1728,0%@1728] GR3D_FREQ 97% cpu@56.968C soc2@56.281C soc0@55.437C gpu@59.593C tj@59.593C soc1@56.625C VDD_IN 15876mW/14042mW VDD_CPU_GPU_CV 7704mW/6192mW VDD_SOC 3630mW/3464mW
09-26-2026 20:30:33 RAM 2884/7620MB (lfb 29x4MB) SWAP 8/12002MB (cached 0MB) CPU [18%@1728,1%@1728,14%@1728,0%@1728,3%@1728,0%@1728] GR3D_FREQ 97% cpu@57.25C soc2@56.468C soc0@55.531C gpu@59.781C tj@59.781C soc1@56.562C VDD_IN 17734mW/14083mW VDD_CPU_GPU_CV 9176mW/6225mW VDD_SOC 3852mW/3468mW
09-26-2026 20:30:33 RAM 2884/7620MB (lfb 29x4MB) SWAP 8/12002MB (cached 0MB) CPU [34%@1728,0%@1728,0%@1728,0%@1728,0%@1728,0%@1728] GR3D_FREQ 97% cpu@57.281C soc2@56.781C soc0@55.906C gpu@60.062C tj@60.062C soc1@56.656C VDD_IN 18279mW/14130mW VDD_CPU_GPU_CV 9602mW/6263mW VDD_SOC 3891mW/3473mW
09-26-2026 20:30:34 RAM 2884/7620MB (lfb 29x4MB) SWAP 8/12002MB (cached 0MB) CPU [9%@1728,0%@1728,0%@1728,22%@1728,0%@1728,0%@1728] GR3D_FREQ 97% cpu@57.281C soc2@56.875C soc0@56C gpu@60.093C tj@60.093C soc1@56.625C VDD_IN 18435mW/14177mW VDD_CPU_GPU_CV 9702mW/6301mW VDD_SOC 3930mW/3478mW
09-26-2026 20:30:34 RAM 2884/7620MB (lfb 29x4MB) SWAP 8/12002MB (cached 0MB) CPU [10%@1728,25%@1728,0%@1728,0%@1728,0%@1728,0%@1728] GR3D_FREQ 97% cpu@57.656C soc2@57.031C soc0@56C gpu@60.062C tj@60.062C soc1@56.875C VDD_IN 18474mW/14224mW VDD_CPU_GPU_CV 9741mW/6338mW VDD_SOC 3930mW/3483mW
09-26-2026 20:30:35 RAM 2884/7620MB (lfb 29x4MB) SWAP 8/12002MB (cached 0MB) CPU [24%@1728,10%@1728,0%@1728,1%@1728,0%@1728,0%@1728] GR3D_FREQ 97% cpu@57.781C soc2@57.062C soc0@56.031C gpu@60.187C tj@60.187C soc1@56.875C VDD_IN 18513mW/14270mW VDD_CPU_GPU_CV 9779mW/6375mW VDD_SOC 3930mW/3488mW
09-26-2026 20:30:35 RAM 2878/7620MB (lfb 29x4MB) SWAP 8/12002MB (cached 0MB) CPU [7%@1728,13%@1728,34%@1728,29%@1728,0%@1728,0%@1728] GR3D_FREQ 82% cpu@57.625C soc2@56.781C soc0@56.312C gpu@58.781C tj@58.781C soc1@56.937C VDD_IN 13338mW/14260mW VDD_CPU_GPU_CV 5856mW/6370mW VDD_SOC 3250mW/3485mW
09-26-2026 20:30:36 RAM 2878/7620MB (lfb 29x4MB) SWAP 8/12002MB (cached 0MB) CPU [2%@1728,0%@1728,0%@1728,97%@1728,0%@1728,0%@1728] GR3D_FREQ 92% cpu@57.312C soc2@56.656C soc0@56.093C gpu@58.5C tj@58.5C soc1@56.843C VDD_IN 12004mW/14236mW VDD_CPU_GPU_CV 4504mW/6350mW VDD_SOC 3300mW/3483mW
09-26-2026 20:30:36 RAM 2878/7620MB (lfb 29x4MB) SWAP 8/12002MB (cached 0MB) CPU [4%@1728,0%@1728,38%@1728,57%@1728,0%@1728,0%@1728] GR3D_FREQ 92% cpu@57.875C soc2@56.531C soc0@55.843C gpu@58.375C tj@58.375C soc1@57.062C VDD_IN 11611mW/14209mW VDD_CPU_GPU_CV 4080mW/6326mW VDD_SOC 3300mW/3481mW
09-26-2026 20:30:37 RAM 2878/7620MB (lfb 29x4MB) SWAP 8/12002MB (cached 0MB) CPU [3%@1728,0%@1728,96%@1728,0%@1728,0%@1728,0%@1728] GR3D_FREQ 92% cpu@57.937C soc2@56.406C soc0@55.812C gpu@58.406C tj@58.406C soc1@57C VDD_IN 11493mW/14181mW VDD_CPU_GPU_CV 3962mW/6302mW VDD_SOC 3300mW/3479mW
09-26-2026 20:30:37 RAM 2878/7620MB (lfb 29x4MB) SWAP 8/12002MB (cached 0MB) CPU [62%@1728,1%@1728,34%@1728,0%@1728,0%@1728,0%@1728] GR3D_FREQ 92% cpu@57.25C soc2@56.593C soc0@56.156C gpu@58.031C tj@58.031C soc1@56.906C VDD_IN 11453mW/14153mW VDD_CPU_GPU_CV 3923mW/6278mW VDD_SOC 3300mW/3478mW
09-26-2026 20:30:38 RAM 2878/7620MB (lfb 29x4MB) SWAP 8/12002MB (cached 0MB) CPU [33%@1728,0%@1728,0%@1728,66%@1728,0%@1728,0%@1728] GR3D_FREQ 92% cpu@57.125C soc2@56.437C soc0@55.906C gpu@58C tj@58C soc1@56.718C VDD_IN 11453mW/14126mW VDD_CPU_GPU_CV 3923mW/6254mW VDD_SOC 3300mW/3476mW
09-26-2026 20:30:39 RAM 2878/7620MB (lfb 29x4MB) SWAP 8/12002MB (cached 0MB) CPU [2%@1728,0%@1728,0%@1728,95%@1728,0%@1728,0%@1728] GR3D_FREQ 92% cpu@57.531C soc2@56.281C soc0@55.843C gpu@58.343C tj@58.343C soc1@57C VDD_IN 11414mW/14099mW VDD_CPU_GPU_CV 3923mW/6231mW VDD_SOC 3300mW/3474mW
09-26-2026 20:30:39 RAM 2876/7620MB (lfb 29x4MB) SWAP 8/12002MB (cached 0MB) CPU [14%@1728,1%@1728,32%@1728,46%@1728,0%@1728,0%@1728] GR3D_FREQ 97% cpu@56.937C soc2@56.312C soc0@55.718C gpu@58.812C tj@58.812C soc1@56.937C VDD_IN 11335mW/14071mW VDD_CPU_GPU_CV 4197mW/6210mW VDD_SOC 3104mW/3470mW
09-26-2026 20:30:40 RAM 2876/7620MB (lfb 29x4MB) SWAP 8/12002MB (cached 0MB) CPU [30%@1728,0%@1728,8%@1728,0%@1728,0%@1728,0%@1728] GR3D_FREQ 97% cpu@57.25C soc2@56.562C soc0@56.031C gpu@59.375C tj@59.375C soc1@56.906C VDD_IN 15314mW/14084mW VDD_CPU_GPU_CV 7237mW/6220mW VDD_SOC 3597mW/3472mW
09-26-2026 20:30:40 RAM 2876/7620MB (lfb 29x4MB) SWAP 8/12002MB (cached 0MB) CPU [39%@1728,1%@1728,0%@1728,0%@1728,0%@1728,0%@1728] GR3D_FREQ 97% cpu@57.343C soc2@56.843C soc0@56.031C gpu@59.562C tj@59.562C soc1@56.937C VDD_IN 16462mW/14107mW VDD_CPU_GPU_CV 8119mW/6239mW VDD_SOC 3747mW/3474mW
09-26-2026 20:30:41 RAM 2876/7620MB (lfb 29x4MB) SWAP 8/12002MB (cached 0MB) CPU [0%@1728,0%@1728,0%@1728,36%@1728,0%@1728,0%@1728] GR3D_FREQ 97% cpu@57.875C soc2@56.968C soc0@56.156C gpu@59.812C tj@59.812C soc1@57.031C VDD_IN 16787mW/14132mW VDD_CPU_GPU_CV 8377mW/6259mW VDD_SOC 3780mW/3477mW
09-26-2026 20:30:41 RAM 2876/7620MB (lfb 29x4MB) SWAP 8/12002MB (cached 0MB) CPU [10%@1728,0%@1728,0%@1728,28%@1728,0%@1728,0%@1728] GR3D_FREQ 97% cpu@57.562C soc2@56.968C soc0@56.062C gpu@59.875C tj@59.875C soc1@57.187C VDD_IN 16904mW/14159mW VDD_CPU_GPU_CV 8454mW/6280mW VDD_SOC 3780mW/3480mW
09-26-2026 20:30:42 RAM 2876/7620MB (lfb 29x4MB) SWAP 8/12002MB (cached 0MB) CPU [38%@1728,0%@1728,0%@1728,0%@1728,0%@1728,0%@1728] GR3D_FREQ 97% cpu@57.687C soc2@57.156C soc0@56.406C gpu@60.218C tj@60.218C soc1@57.093C VDD_IN 16943mW/14185mW VDD_CPU_GPU_CV 8493mW/6301mW VDD_SOC 3819mW/3483mW
09-26-2026 20:30:42 RAM 2876/7620MB (lfb 29x4MB) SWAP 8/12002MB (cached 0MB) CPU [38%@1728,0%@1728,0%@1728,0%@1728,0%@1728,0%@1728] GR3D_FREQ 97% cpu@57.718C soc2@57.125C soc0@56.406C gpu@60.187C tj@60.187C soc1@57.125C VDD_IN 16943mW/14211mW VDD_CPU_GPU_CV 8493mW/6322mW VDD_SOC 3819mW/3486mW
09-26-2026 20:30:43 RAM 2878/7620MB (lfb 29x4MB) SWAP 8/12002MB (cached 0MB) CPU [8%@1728,0%@1728,32%@1728,40%@1728,0%@1728,3%@1728] GR3D_FREQ 95% cpu@57.468C soc2@56.843C soc0@56.25C gpu@59.125C tj@59.125C soc1@57.25C VDD_IN 13046mW/14200mW VDD_CPU_GPU_CV 5513mW/6314mW VDD_SOC 3295mW/3485mW
09-26-2026 20:30:43 RAM 2878/7620MB (lfb 29x4MB) SWAP 8/12002MB (cached 0MB) CPU [4%@1728,0%@1728,22%@1728,16%@1728,1%@1728,0%@1728] GR3D_FREQ 95% cpu@57.531C soc2@56.937C soc0@56.25C gpu@59.062C tj@59.062C soc1@57.187C VDD_IN 13221mW/14191mW VDD_CPU_GPU_CV 5513mW/6307mW VDD_SOC 3373mW/3484mW
09-26-2026 20:30:44 RAM 2878/7620MB (lfb 29x4MB) SWAP 8/12002MB (cached 0MB) CPU [20%@1728,0%@1728,0%@1728,25%@1728,0%@1728,0%@1728] GR3D_FREQ 95% cpu@57.531C soc2@56.968C soc0@56.343C gpu@59.437C tj@59.437C soc1@57.156C VDD_IN 13260mW/14183mW VDD_CPU_GPU_CV 5513mW/6300mW VDD_SOC 3373mW/3483mW
09-26-2026 20:30:44 RAM 2878/7620MB (lfb 29x4MB) SWAP 8/12002MB (cached 0MB) CPU [46%@1728,1%@1728,1%@1728,0%@1728,0%@1728,0%@1728] GR3D_FREQ 95% cpu@57.281C soc2@56.968C soc0@56.312C gpu@58.968C tj@58.968C soc1@57.093C VDD_IN 13321mW/14175mW VDD_CPU_GPU_CV 5513mW/6293mW VDD_SOC 3373mW/3482mW
09-26-2026 20:30:45 RAM 2879/7620MB (lfb 29x4MB) SWAP 8/12002MB (cached 0MB) CPU [46%@1728,1%@1728,0%@1728,0%@1728,0%@1728,0%@1728] GR3D_FREQ 95% cpu@57.343C soc2@56.812C soc0@56.218C gpu@59.281C tj@59.281C soc1@57.343C VDD_IN 13299mW/14167mW VDD_CPU_GPU_CV 5513mW/6286mW VDD_SOC 3373mW/3481mW
09-26-2026 20:30:45 RAM 2879/7620MB (lfb 29x4MB) SWAP 8/12002MB (cached 0MB) CPU [42%@1728,0%@1728,0%@1728,0%@1728,1%@1728,0%@1728] GR3D_FREQ 95% cpu@57.5C soc2@56.843C soc0@56.25C gpu@59.25C tj@59.25C soc1@57.187C VDD_IN 13299mW/14159mW VDD_CPU_GPU_CV 5513mW/6279mW VDD_SOC 3373mW/3480mW
09-26-2026 20:30:46 RAM 2737/7620MB (lfb 29x4MB) SWAP 8/12002MB (cached 0MB) CPU [40%@1728,1%@1728,6%@1728,5%@1728,0%@1728,0%@1728] GR3D_FREQ 0% cpu@57.906C soc2@56.906C soc0@56.531C gpu@58.5C tj@58.5C soc1@57.125C VDD_IN 12967mW/14149mW VDD_CPU_GPU_CV 5239mW/6270mW VDD_SOC 3334mW/3478mW
09-26-2026 20:30:46 RAM 2880/7620MB (lfb 29x4MB) SWAP 8/12002MB (cached 0MB) CPU [14%@1728,0%@1728,7%@1728,32%@1728,0%@1728,0%@1728] GR3D_FREQ 99% cpu@57.562C soc2@57.031C soc0@56.312C gpu@60.312C tj@60.312C soc1@57.125C VDD_IN 15798mW/14163mW VDD_CPU_GPU_CV 7743mW/6282mW VDD_SOC 3591mW/3479mW
09-26-2026 20:30:47 RAM 2880/7620MB (lfb 29x4MB) SWAP 8/12002MB (cached 0MB) CPU [9%@1728,0%@1728,0%@1728,0%@1728,0%@1728,0%@1728] GR3D_FREQ 99% cpu@57.656C soc2@57.375C soc0@56.406C gpu@61.218C tj@61.218C soc1@57.281C VDD_IN 19417mW/14209mW VDD_CPU_GPU_CV 10535mW/6319mW VDD_SOC 4001mW/3484mW
09-26-2026 20:30:47 RAM 2881/7620MB (lfb 29x4MB) SWAP 8/12002MB (cached 0MB) CPU [8%@1728,0%@1728,0%@1728,0%@1728,0%@1728,0%@1728] GR3D_FREQ 99% cpu@58.156C soc2@57.656C soc0@56.531C gpu@61.25C tj@61.25C soc1@57.406C VDD_IN 20511mW/14262mW VDD_CPU_GPU_CV 11365mW/6362mW VDD_SOC 4111mW/3489mW
09-26-2026 20:30:48 RAM 2881/7620MB (lfb 29x4MB) SWAP 8/12002MB (cached 0MB) CPU [6%@1728,0%@1728,0%@1728,0%@1728,0%@1728,0%@1728] GR3D_FREQ 99% cpu@58.281C soc2@57.843C soc0@56.937C gpu@61.687C tj@61.687C soc1@57.468C VDD_IN 20788mW/14318mW VDD_CPU_GPU_CV 11616mW/6407mW VDD_SOC 4143mW/3495mW
09-26-2026 20:30:48 RAM 2881/7620MB (lfb 29x4MB) SWAP 8/12002MB (cached 0MB) CPU [8%@1728,0%@1728,0%@1728,0%@1728,0%@1728,0%@1728] GR3D_FREQ 99% cpu@58.437C soc2@58.031C soc0@56.968C gpu@61.656C tj@61.656C soc1@57.5C VDD_IN 20904mW/14373mW VDD_CPU_GPU_CV 11693mW/6451mW VDD_SOC 4143mW/3500mW
09-26-2026 20:30:49 RAM 2881/7620MB (lfb 29x4MB) SWAP 8/12002MB (cached 0MB) CPU [2%@1728,0%@1728,0%@1728,5%@1728,0%@1728,0%@1728] GR3D_FREQ 99% cpu@58.5C soc2@58.062C soc0@57.031C gpu@61.781C tj@61.781C soc1@57.875C VDD_IN 20904mW/14428mW VDD_CPU_GPU_CV 11693mW/6495mW VDD_SOC 4143mW/3506mW
09-26-2026 20:30:49 RAM 2726/7620MB (lfb 28x4MB) SWAP 8/12002MB (cached 0MB) CPU [7%@1728,22%@1728,1%@1728,6%@1728,0%@1728,8%@1728] GR3D_FREQ 46% cpu@58.906C soc2@57.937C soc0@57.093C gpu@59.875C tj@59.875C soc1@57.812C VDD_IN 17967mW/14457mW VDD_CPU_GPU_CV 9486mW/6520mW VDD_SOC 3813mW/3508mW
09-26-2026 20:30:50 RAM 2883/7620MB (lfb 28x4MB) SWAP 8/12002MB (cached 0MB) CPU [40%@1728,25%@1728,0%@1728,0%@1728,0%@1728,0%@1728] GR3D_FREQ 95% cpu@58.25C soc2@57.75C soc0@57C gpu@60.031C tj@60.031C soc1@57.75C VDD_IN 13927mW/14452mW VDD_CPU_GPU_CV 6090mW/6516mW VDD_SOC 3446mW/3508mW
09-26-2026 20:30:50 RAM 2883/7620MB (lfb 28x4MB) SWAP 8/12002MB (cached 0MB) CPU [18%@1728,30%@1728,0%@1728,0%@1728,0%@1728,0%@1728] GR3D_FREQ 95% cpu@58.125C soc2@57.625C soc0@57C gpu@59.937C tj@59.937C soc1@57.75C VDD_IN 13299mW/14443mW VDD_CPU_GPU_CV 5465mW/6508mW VDD_SOC 3407mW/3507mW
09-26-2026 20:30:51 RAM 2883/7620MB (lfb 28x4MB) SWAP 8/12002MB (cached 0MB) CPU [39%@1728,9%@1728,0%@1728,0%@1728,0%@1728,0%@1728] GR3D_FREQ 95% cpu@58.093C soc2@57.593C soc0@56.937C gpu@59.843C tj@59.843C soc1@57.968C VDD_IN 13142mW/14433mW VDD_CPU_GPU_CV 5279mW/6498mW VDD_SOC 3413mW/3506mW
09-26-2026 20:30:51 RAM 2883/7620MB (lfb 28x4MB) SWAP 8/12002MB (cached 0MB) CPU [16%@1728,33%@1728,0%@1728,0%@1728,0%@1728,0%@1728] GR3D_FREQ 95% cpu@58.187C soc2@57.437C soc0@56.812C gpu@59.718C tj@59.718C soc1@57.75C VDD_IN 13124mW/14422mW VDD_CPU_GPU_CV 5239mW/6488mW VDD_SOC 3413mW/3505mW
09-26-2026 20:30:52 RAM 2883/7620MB (lfb 28x4MB) SWAP 8/12002MB (cached 0MB) CPU [2%@1728,48%@1728,0%@1728,0%@1728,0%@1728,0%@1728] GR3D_FREQ 95% cpu@57.906C soc2@57.312C soc0@56.781C gpu@59.562C tj@59.562C soc1@57.812C VDD_IN 13124mW/14412mW VDD_CPU_GPU_CV 5239mW/6478mW VDD_SOC 3413mW/3505mW
09-26-2026 20:30:52 RAM 2885/7620MB (lfb 28x4MB) SWAP 8/12002MB (cached 0MB) CPU [40%@1728,6%@1728,0%@1728,3%@1728,0%@1728,0%@1728] GR3D_FREQ 95% cpu@58.062C soc2@57.468C soc0@56.875C gpu@60.062C tj@60.062C soc1@57.718C VDD_IN 13124mW/14402mW VDD_CPU_GPU_CV 5239mW/6468mW VDD_SOC 3413mW/3504mW
09-26-2026 20:30:53 RAM 2795/7620MB (lfb 28x4MB) SWAP 8/12002MB (cached 0MB) CPU [55%@1728,34%@1728,14%@1728,15%@1728,24%@1728,14%@1728] GR3D_FREQ 5% cpu@57.906C soc2@57.406C soc0@56.875C gpu@58.937C tj@58.937C soc1@57.875C VDD_IN 11808mW/14381mW VDD_CPU_GPU_CV 4465mW/6452mW VDD_SOC 3143mW/3501mW
09-26-2026 20:30:53 RAM 2885/7620MB (lfb 28x4MB) SWAP 8/12002MB (cached 0MB) CPU [11%@1728,6%@1728,3%@1728,18%@1728,2%@1728,2%@1728] GR3D_FREQ 99% cpu@58.531C soc2@57.625C soc0@56.812C gpu@60.937C tj@60.937C soc1@57.812C VDD_IN 16787mW/14400mW VDD_CPU_GPU_CV 8648mW/6469mW VDD_SOC 3546mW/3501mW
09-26-2026 20:30:54 RAM 2885/7620MB (lfb 28x4MB) SWAP 8/12002MB (cached 0MB) CPU [2%@1728,1%@1728,0%@1728,9%@1728,0%@1728,0%@1728] GR3D_FREQ 99% cpu@58.437C soc2@57.812C soc0@57.156C gpu@61.562C tj@61.562C soc1@57.75C VDD_IN 18716mW/14433mW VDD_CPU_GPU_CV 10243mW/6498mW VDD_SOC 3729mW/3503mW
09-26-2026 20:30:54 RAM 2885/7620MB (lfb 28x4MB) SWAP 8/12002MB (cached 0MB) CPU [0%@1728,8%@1728,0%@1728,2%@1728,0%@1728,0%@1728] GR3D_FREQ 99% cpu@58.437C soc2@58.156C soc0@57.125C gpu@61.687C tj@61.687C soc1@57.843C VDD_IN 19300mW/14470mW VDD_CPU_GPU_CV 10728mW/6531mW VDD_SOC 3807mW/3505mW
09-26-2026 20:30:55 RAM 2885/7620MB (lfb 28x4MB) SWAP 8/12002MB (cached 0MB) CPU [1%@1728,8%@1728,0%@1728,1%@1728,0%@1728,0%@1728] GR3D_FREQ 99% cpu@58.656C soc2@58.218C soc0@57.281C gpu@61.75C tj@61.75C soc1@57.968C VDD_IN 19456mW/14508mW VDD_CPU_GPU_CV 10882mW/6564mW VDD_SOC 3807mW/3508mW
09-26-2026 20:30:55 RAM 2885/7620MB (lfb 28x4MB) SWAP 8/12002MB (cached 0MB) CPU [0%@1728,11%@1728,0%@1728,0%@1728,0%@1728,0%@1728] GR3D_FREQ 99% cpu@58.687C soc2@58.25C soc0@57.25C gpu@62.218C tj@62.218C soc1@58C VDD_IN 19494mW/14546mW VDD_CPU_GPU_CV 10921mW/6596mW VDD_SOC 3807mW/3510mW
09-26-2026 20:30:56 RAM 2885/7620MB (lfb 28x4MB) SWAP 8/12002MB (cached 0MB) CPU [0%@1728,11%@1728,0%@1728,1%@1728,0%@1728,0%@1728] GR3D_FREQ 99% cpu@58.968C soc2@58.375C soc0@57.375C gpu@62.093C tj@62.093C soc1@58.031C VDD_IN 19533mW/14583mW VDD_CPU_GPU_CV 10921mW/6629mW VDD_SOC 3800mW/3512mW
