&&&& RUNNING TensorRT.trtexec [TensorRT v100700] [b23] # /usr/src/tensorrt/bin/trtexec --loadEngine=engines/pc_fp16.plan --shapes=input:1x15x3 --noDataTransfers --warmUp=200 --iterations=300 --avgRuns=300
[09/26/2026-20:30:21] [I] TF32 is enabled by default. Add --noTF32 flag to further improve accuracy with some performance cost.
[09/26/2026-20:30:21] [I] === Model Options ===
[09/26/2026-20:30:21] [I] Format: *
[09/26/2026-20:30:21] [I] Model: 
[09/26/2026-20:30:21] [I] Output:
[09/26/2026-20:30:21] [I] 
[09/26/2026-20:30:21] [I] === System Options ===
[09/26/2026-20:30:21] [I] Device: 0
[09/26/2026-20:30:21] [I] DLACore: 
[09/26/2026-20:30:21] [I] Plugins:
[09/26/2026-20:30:21] [I] setPluginsToSerialize:
[09/26/2026-20:30:21] [I] dynamicPlugins:
[09/26/2026-20:30:21] [I] ignoreParsedPluginLibs: 0
[09/26/2026-20:30:21] [I] 
[09/26/2026-20:30:21] [I] === Inference Options ===
[09/26/2026-20:30:21] [I] Batch: Explicit
[09/26/2026-20:30:21] [I] Input inference shape : input=1x15x3
[09/26/2026-20:30:21] [I] Iterations: 300
[09/26/2026-20:30:21] [I] Duration: 3s (+ 200ms warm up)
[09/26/2026-20:30:21] [I] Sleep time: 0ms
[09/26/2026-20:30:21] [I] Idle time: 0ms
[09/26/2026-20:30:21] [I] Inference Streams: 1
[09/26/2026-20:30:21] [I] ExposeDMA: Disabled
[09/26/2026-20:30:21] [I] Data transfers: Disabled
[09/26/2026-20:30:21] [I] Spin-wait: Disabled
[09/26/2026-20:30:21] [I] Multithreading: Disabled
[09/26/2026-20:30:21] [I] CUDA Graph: Disabled
[09/26/2026-20:30:21] [I] Separate profiling: Disabled
[09/26/2026-20:30:21] [I] Time Deserialize: Disabled
[09/26/2026-20:30:21] [I] Time Refit: Disabled
[09/26/2026-20:30:21] [I] NVTX verbosity: 0
[09/26/2026-20:30:21] [I] Persistent Cache Ratio: 0
[09/26/2026-20:30:21] [I] Optimization Profile Index: 0
[09/26/2026-20:30:21] [I] Weight Streaming Budget: 100.000000%
[09/26/2026-20:30:21] [I] Inputs:
[09/26/2026-20:30:21] [I] Debug Tensor Save Destinations:
[09/26/2026-20:30:21] [I] === Reporting Options ===
[09/26/2026-20:30:21] [I] Verbose: Disabled
[09/26/2026-20:30:21] [I] Averages: 300 inferences
[09/26/2026-20:30:21] [I] Percentiles: 90,95,99
[09/26/2026-20:30:21] [I] Dump refittable layers:Disabled
[09/26/2026-20:30:21] [I] Dump output: Disabled
[09/26/2026-20:30:21] [I] Profile: Disabled
[09/26/2026-20:30:21] [I] Export timing to JSON file: 
[09/26/2026-20:30:21] [I] Export output to JSON file: 
[09/26/2026-20:30:21] [I] Export profile to JSON file: 
[09/26/2026-20:30:21] [I] 
[09/26/2026-20:30:21] [I] === Device Information ===
[09/26/2026-20:30:21] [I] Available Devices: 
[09/26/2026-20:30:21] [I]   Device 0: "Orin" UUID: GPU-06a4d898-7626-52c4-9cec-60e6402aab7b
[09/26/2026-20:30:21] [I] Selected Device: Orin
[09/26/2026-20:30:21] [I] Selected Device ID: 0
[09/26/2026-20:30:21] [I] Selected Device UUID: GPU-06a4d898-7626-52c4-9cec-60e6402aab7b
[09/26/2026-20:30:21] [I] Compute Capability: 8.7
[09/26/2026-20:30:21] [I] SMs: 8
[09/26/2026-20:30:21] [I] Device Global Memory: 7619 MiB
[09/26/2026-20:30:21] [I] Shared Memory per SM: 164 KiB
[09/26/2026-20:30:21] [I] Memory Bus Width: 128 bits (ECC disabled)
[09/26/2026-20:30:21] [I] Application Compute Clock Rate: 1.02 GHz
[09/26/2026-20:30:21] [I] Application Memory Clock Rate: 1.02 GHz
[09/26/2026-20:30:21] [I] 
[09/26/2026-20:30:21] [I] Note: The application clock rates do not reflect the actual clock rates that the GPU is currently running at.
[09/26/2026-20:30:21] [I] 
[09/26/2026-20:30:21] [I] TensorRT version: 10.7.0
[09/26/2026-20:30:21] [I] Loading standard plugins
[09/26/2026-20:30:21] [I] [TRT] Loaded engine size: 6 MiB
[09/26/2026-20:30:21] [I] Engine deserialized in 0.0307895 sec.
[09/26/2026-20:30:22] [I] [TRT] [MemUsageChange] TensorRT-managed allocation in IExecutionContext creation: CPU +0, GPU +5, now: CPU 0, GPU 10 (MiB)
[09/26/2026-20:30:22] [I] Setting persistentCacheLimit to 0 bytes.
[09/26/2026-20:30:22] [I] Set shape of input tensor input to: 1x15x3
[09/26/2026-20:30:22] [I] Created execution context with device memory size: 4.63281 MiB
[09/26/2026-20:30:22] [I] Using random values for input input
[09/26/2026-20:30:22] [I] Input binding for input with dimensions 1x15x3 is created.
[09/26/2026-20:30:22] [I] Output binding for output with dimensions 1x1024 is created.
[09/26/2026-20:30:22] [I] Starting inference
[09/26/2026-20:30:25] [I] Warmup completed 491 queries over 200 ms
[09/26/2026-20:30:25] [I] Timing trace has 8961 queries over 3.00067 s
[09/26/2026-20:30:25] [I] 
[09/26/2026-20:30:25] [I] === Trace details ===
[09/26/2026-20:30:25] [I] Trace averages of 300 runs:
[09/26/2026-20:30:25] [I] Average on 300 runs - GPU latency: 0.332433 ms - Host latency: 0.332433 ms (enqueue 0.211869 ms)
[09/26/2026-20:30:25] [I] Average on 300 runs - GPU latency: 0.332289 ms - Host latency: 0.332289 ms (enqueue 0.212418 ms)
[09/26/2026-20:30:25] [I] Average on 300 runs - GPU latency: 0.333857 ms - Host latency: 0.333857 ms (enqueue 0.215932 ms)
[09/26/2026-20:30:25] [I] Average on 300 runs - GPU latency: 0.332699 ms - Host latency: 0.332699 ms (enqueue 0.216104 ms)
[09/26/2026-20:30:25] [I] Average on 300 runs - GPU latency: 0.332347 ms - Host latency: 0.332347 ms (enqueue 0.217793 ms)
[09/26/2026-20:30:25] [I] Average on 300 runs - GPU latency: 0.332259 ms - Host latency: 0.332259 ms (enqueue 0.217258 ms)
[09/26/2026-20:30:25] [I] Average on 300 runs - GPU latency: 0.332279 ms - Host latency: 0.332279 ms (enqueue 0.216569 ms)
[09/26/2026-20:30:25] [I] Average on 300 runs - GPU latency: 0.332386 ms - Host latency: 0.332386 ms (enqueue 0.216735 ms)
[09/26/2026-20:30:25] [I] Average on 300 runs - GPU latency: 0.332366 ms - Host latency: 0.332366 ms (enqueue 0.216843 ms)
[09/26/2026-20:30:25] [I] Average on 300 runs - GPU latency: 0.332195 ms - Host latency: 0.332195 ms (enqueue 0.216657 ms)
[09/26/2026-20:30:25] [I] Average on 300 runs - GPU latency: 0.332255 ms - Host latency: 0.332255 ms (enqueue 0.218254 ms)
[09/26/2026-20:30:25] [I] Average on 300 runs - GPU latency: 0.332284 ms - Host latency: 0.332284 ms (enqueue 0.216219 ms)
[09/26/2026-20:30:25] [I] Average on 300 runs - GPU latency: 0.332304 ms - Host latency: 0.332304 ms (enqueue 0.21604 ms)
[09/26/2026-20:30:25] [I] Average on 300 runs - GPU latency: 0.332337 ms - Host latency: 0.332337 ms (enqueue 0.216994 ms)
[09/26/2026-20:30:25] [I] Average on 300 runs - GPU latency: 0.332347 ms - Host latency: 0.332347 ms (enqueue 0.215919 ms)
[09/26/2026-20:30:25] [I] Average on 300 runs - GPU latency: 0.332334 ms - Host latency: 0.332334 ms (enqueue 0.216236 ms)
[09/26/2026-20:30:25] [I] Average on 300 runs - GPU latency: 0.332181 ms - Host latency: 0.332181 ms (enqueue 0.216389 ms)
[09/26/2026-20:30:25] [I] Average on 300 runs - GPU latency: 0.332276 ms - Host latency: 0.332276 ms (enqueue 0.215962 ms)
[09/26/2026-20:30:25] [I] Average on 300 runs - GPU latency: 0.332279 ms - Host latency: 0.332279 ms (enqueue 0.215754 ms)
[09/26/2026-20:30:25] [I] Average on 300 runs - GPU latency: 0.332341 ms - Host latency: 0.332341 ms (enqueue 0.216201 ms)
[09/26/2026-20:30:25] [I] Average on 300 runs - GPU latency: 0.332345 ms - Host latency: 0.332345 ms (enqueue 0.215819 ms)
[09/26/2026-20:30:25] [I] Average on 300 runs - GPU latency: 0.332209 ms - Host latency: 0.332209 ms (enqueue 0.216411 ms)
[09/26/2026-20:30:25] [I] Average on 300 runs - GPU latency: 0.332272 ms - Host latency: 0.332272 ms (enqueue 0.216387 ms)
[09/26/2026-20:30:25] [I] Average on 300 runs - GPU latency: 0.332214 ms - Host latency: 0.332214 ms (enqueue 0.216878 ms)
[09/26/2026-20:30:25] [I] Average on 300 runs - GPU latency: 0.332294 ms - Host latency: 0.332294 ms (enqueue 0.21635 ms)
[09/26/2026-20:30:25] [I] Average on 300 runs - GPU latency: 0.332059 ms - Host latency: 0.332059 ms (enqueue 0.218357 ms)
[09/26/2026-20:30:25] [I] Average on 300 runs - GPU latency: 0.332287 ms - Host latency: 0.332287 ms (enqueue 0.217377 ms)
[09/26/2026-20:30:25] [I] Average on 300 runs - GPU latency: 0.332153 ms - Host latency: 0.332153 ms (enqueue 0.216452 ms)
[09/26/2026-20:30:25] [I] Average on 300 runs - GPU latency: 0.332354 ms - Host latency: 0.332354 ms (enqueue 0.216881 ms)
[09/26/2026-20:30:25] [I] 
[09/26/2026-20:30:25] [I] === Performance summary ===
[09/26/2026-20:30:25] [I] Throughput: 2986.33 qps
[09/26/2026-20:30:25] [I] Latency: min = 0.327393 ms, max = 0.561981 ms, mean = 0.332346 ms, median = 0.332275 ms, percentile(90%) = 0.334045 ms, percentile(95%) = 0.334595 ms, percentile(99%) = 0.335693 ms
[09/26/2026-20:30:25] [I] Enqueue Time: min = 0.191772 ms, max = 0.466766 ms, mean = 0.216316 ms, median = 0.215088 ms, percentile(90%) = 0.220459 ms, percentile(95%) = 0.233887 ms, percentile(99%) = 0.257324 ms
[09/26/2026-20:30:25] [I] H2D Latency: min = 0 ms, max = 0 ms, mean = 0 ms, median = 0 ms, percentile(90%) = 0 ms, percentile(95%) = 0 ms, percentile(99%) = 0 ms
[09/26/2026-20:30:25] [I] GPU Compute Time: min = 0.327393 ms, max = 0.561981 ms, mean = 0.332346 ms, median = 0.332275 ms, percentile(90%) = 0.334045 ms, percentile(95%) = 0.334595 ms, percentile(99%) = 0.335693 ms
[09/26/2026-20:30:25] [I] D2H Latency: min = 0 ms, max = 0 ms, mean = 0 ms, median = 0 ms, percentile(90%) = 0 ms, percentile(95%) = 0 ms, percentile(99%) = 0 ms
[09/26/2026-20:30:25] [I] Total Host Walltime: 3.00067 s
[09/26/2026-20:30:25] [I] Total GPU Compute Time: 2.97816 s
[09/26/2026-20:30:25] [I] Explanations of the performance metrics are printed in the verbose logs.
[09/26/2026-20:30:25] [I] 
&&&& PASSED TensorRT.trtexec [TensorRT v100700] [b23] # /usr/src/tensorrt/bin/trtexec --loadEngine=engines/pc_fp16.plan --shapes=input:1x15x3 --noDataTransfers --warmUp=200 --iterations=300 --avgRuns=300
