&&&& RUNNING TensorRT.trtexec [TensorRT v100700] [b23] # /usr/src/tensorrt/bin/trtexec --loadEngine=engines/hsi_int8_qdq.plan --shapes=input:64x342x3x3 --noDataTransfers --warmUp=200 --iterations=300 --avgRuns=300
[09/26/2026-20:30:39] [I] TF32 is enabled by default. Add --noTF32 flag to further improve accuracy with some performance cost.
[09/26/2026-20:30:39] [I] === Model Options ===
[09/26/2026-20:30:39] [I] Format: *
[09/26/2026-20:30:39] [I] Model: 
[09/26/2026-20:30:39] [I] Output:
[09/26/2026-20:30:39] [I] 
[09/26/2026-20:30:39] [I] === System Options ===
[09/26/2026-20:30:39] [I] Device: 0
[09/26/2026-20:30:39] [I] DLACore: 
[09/26/2026-20:30:39] [I] Plugins:
[09/26/2026-20:30:39] [I] setPluginsToSerialize:
[09/26/2026-20:30:39] [I] dynamicPlugins:
[09/26/2026-20:30:39] [I] ignoreParsedPluginLibs: 0
[09/26/2026-20:30:39] [I] 
[09/26/2026-20:30:39] [I] === Inference Options ===
[09/26/2026-20:30:39] [I] Batch: Explicit
[09/26/2026-20:30:39] [I] Input inference shape : input=64x342x3x3
[09/26/2026-20:30:39] [I] Iterations: 300
[09/26/2026-20:30:39] [I] Duration: 3s (+ 200ms warm up)
[09/26/2026-20:30:39] [I] Sleep time: 0ms
[09/26/2026-20:30:39] [I] Idle time: 0ms
[09/26/2026-20:30:39] [I] Inference Streams: 1
[09/26/2026-20:30:39] [I] ExposeDMA: Disabled
[09/26/2026-20:30:39] [I] Data transfers: Disabled
[09/26/2026-20:30:39] [I] Spin-wait: Disabled
[09/26/2026-20:30:39] [I] Multithreading: Disabled
[09/26/2026-20:30:39] [I] CUDA Graph: Disabled
[09/26/2026-20:30:39] [I] Separate profiling: Disabled
[09/26/2026-20:30:39] [I] Time Deserialize: Disabled
[09/26/2026-20:30:39] [I] Time Refit: Disabled
[09/26/2026-20:30:39] [I] NVTX verbosity: 0
[09/26/2026-20:30:39] [I] Persistent Cache Ratio: 0
[09/26/2026-20:30:39] [I] Optimization Profile Index: 0
[09/26/2026-20:30:39] [I] Weight Streaming Budget: 100.000000%
[09/26/2026-20:30:39] [I] Inputs:
[09/26/2026-20:30:39] [I] Debug Tensor Save Destinations:
[09/26/2026-20:30:39] [I] === Reporting Options ===
[09/26/2026-20:30:39] [I] Verbose: Disabled
[09/26/2026-20:30:39] [I] Averages: 300 inferences
[09/26/2026-20:30:39] [I] Percentiles: 90,95,99
[09/26/2026-20:30:39] [I] Dump refittable layers:Disabled
[09/26/2026-20:30:39] [I] Dump output: Disabled
[09/26/2026-20:30:39] [I] Profile: Disabled
[09/26/2026-20:30:39] [I] Export timing to JSON file: 
[09/26/2026-20:30:39] [I] Export output to JSON file: 
[09/26/2026-20:30:39] [I] Export profile to JSON file: 
[09/26/2026-20:30:39] [I] 
[09/26/2026-20:30:39] [I] === Device Information ===
[09/26/2026-20:30:39] [I] Available Devices: 
[09/26/2026-20:30:39] [I]   Device 0: "Orin" UUID: GPU-06a4d898-7626-52c4-9cec-60e6402aab7b
[09/26/2026-20:30:39] [I] Selected Device: Orin
[09/26/2026-20:30:39] [I] Selected Device ID: 0
[09/26/2026-20:30:39] [I] Selected Device UUID: GPU-06a4d898-7626-52c4-9cec-60e6402aab7b
[09/26/2026-20:30:39] [I] Compute Capability: 8.7
[09/26/2026-20:30:39] [I] SMs: 8
[09/26/2026-20:30:39] [I] Device Global Memory: 7619 MiB
[09/26/2026-20:30:39] [I] Shared Memory per SM: 164 KiB
[09/26/2026-20:30:39] [I] Memory Bus Width: 128 bits (ECC disabled)
[09/26/2026-20:30:39] [I] Application Compute Clock Rate: 1.02 GHz
[09/26/2026-20:30:39] [I] Application Memory Clock Rate: 1.02 GHz
[09/26/2026-20:30:39] [I] 
[09/26/2026-20:30:39] [I] Note: The application clock rates do not reflect the actual clock rates that the GPU is currently running at.
[09/26/2026-20:30:39] [I] 
[09/26/2026-20:30:39] [I] TensorRT version: 10.7.0
[09/26/2026-20:30:39] [I] Loading standard plugins
[09/26/2026-20:30:39] [I] [TRT] Loaded engine size: 5 MiB
[09/26/2026-20:30:39] [I] Engine deserialized in 0.0323149 sec.
[09/26/2026-20:30:39] [I] [TRT] [MemUsageChange] TensorRT-managed allocation in IExecutionContext creation: CPU +0, GPU +2, now: CPU 0, GPU 6 (MiB)
[09/26/2026-20:30:39] [I] Setting persistentCacheLimit to 0 bytes.
[09/26/2026-20:30:39] [I] Set shape of input tensor input to: 64x342x3x3
[09/26/2026-20:30:39] [I] Created execution context with device memory size: 2.62988 MiB
[09/26/2026-20:30:39] [I] Using random values for input input
[09/26/2026-20:30:39] [I] Input binding for input with dimensions 64x342x3x3 is created.
[09/26/2026-20:30:39] [I] Output binding for output with dimensions 64x1024 is created.
[09/26/2026-20:30:39] [I] Starting inference
[09/26/2026-20:30:42] [I] Warmup completed 177 queries over 200 ms
[09/26/2026-20:30:42] [I] Timing trace has 3246 queries over 3.00181 s
[09/26/2026-20:30:42] [I] 
[09/26/2026-20:30:42] [I] === Trace details ===
[09/26/2026-20:30:42] [I] Trace averages of 300 runs:
[09/26/2026-20:30:42] [I] Average on 300 runs - GPU latency: 0.922162 ms - Host latency: 0.922162 ms (enqueue 0.243883 ms)
[09/26/2026-20:30:42] [I] Average on 300 runs - GPU latency: 0.921902 ms - Host latency: 0.921902 ms (enqueue 0.244111 ms)
[09/26/2026-20:30:42] [I] Average on 300 runs - GPU latency: 0.922278 ms - Host latency: 0.922278 ms (enqueue 0.244556 ms)
[09/26/2026-20:30:42] [I] Average on 300 runs - GPU latency: 0.92238 ms - Host latency: 0.92238 ms (enqueue 0.243003 ms)
[09/26/2026-20:30:42] [I] Average on 300 runs - GPU latency: 0.922306 ms - Host latency: 0.922306 ms (enqueue 0.243007 ms)
[09/26/2026-20:30:42] [I] Average on 300 runs - GPU latency: 0.922422 ms - Host latency: 0.922422 ms (enqueue 0.242716 ms)
[09/26/2026-20:30:42] [I] Average on 300 runs - GPU latency: 0.922251 ms - Host latency: 0.922251 ms (enqueue 0.243497 ms)
[09/26/2026-20:30:42] [I] Average on 300 runs - GPU latency: 0.922471 ms - Host latency: 0.922471 ms (enqueue 0.244822 ms)
[09/26/2026-20:30:42] [I] Average on 300 runs - GPU latency: 0.922405 ms - Host latency: 0.922405 ms (enqueue 0.243955 ms)
[09/26/2026-20:30:42] [I] Average on 300 runs - GPU latency: 0.922318 ms - Host latency: 0.922318 ms (enqueue 0.242909 ms)
[09/26/2026-20:30:42] [I] 
[09/26/2026-20:30:42] [I] === Performance summary ===
[09/26/2026-20:30:42] [I] Throughput: 1081.35 qps
[09/26/2026-20:30:42] [I] Latency: min = 0.909668 ms, max = 0.932129 ms, mean = 0.922263 ms, median = 0.922241 ms, percentile(90%) = 0.92627 ms, percentile(95%) = 0.927368 ms, percentile(99%) = 0.929535 ms
[09/26/2026-20:30:42] [I] Enqueue Time: min = 0.233154 ms, max = 0.365906 ms, mean = 0.243667 ms, median = 0.241455 ms, percentile(90%) = 0.248535 ms, percentile(95%) = 0.263611 ms, percentile(99%) = 0.282715 ms
[09/26/2026-20:30:42] [I] H2D Latency: min = 0 ms, max = 0 ms, mean = 0 ms, median = 0 ms, percentile(90%) = 0 ms, percentile(95%) = 0 ms, percentile(99%) = 0 ms
[09/26/2026-20:30:42] [I] GPU Compute Time: min = 0.909668 ms, max = 0.932129 ms, mean = 0.922263 ms, median = 0.922241 ms, percentile(90%) = 0.92627 ms, percentile(95%) = 0.927368 ms, percentile(99%) = 0.929535 ms
[09/26/2026-20:30:42] [I] D2H Latency: min = 0 ms, max = 0 ms, mean = 0 ms, median = 0 ms, percentile(90%) = 0 ms, percentile(95%) = 0 ms, percentile(99%) = 0 ms
[09/26/2026-20:30:42] [I] Total Host Walltime: 3.00181 s
[09/26/2026-20:30:42] [I] Total GPU Compute Time: 2.99367 s
[09/26/2026-20:30:42] [I] Explanations of the performance metrics are printed in the verbose logs.
[09/26/2026-20:30:42] [I] 
&&&& PASSED TensorRT.trtexec [TensorRT v100700] [b23] # /usr/src/tensorrt/bin/trtexec --loadEngine=engines/hsi_int8_qdq.plan --shapes=input:64x342x3x3 --noDataTransfers --warmUp=200 --iterations=300 --avgRuns=300
