&&&& RUNNING TensorRT.trtexec [TensorRT v100700] [b23] # /usr/src/tensorrt/bin/trtexec --loadEngine=engines/pc_fp32_notf32.plan --shapes=input:64x15x3 --noDataTransfers --warmUp=200 --iterations=300 --avgRuns=300
[09/26/2026-20:30:46] [I] TF32 is enabled by default. Add --noTF32 flag to further improve accuracy with some performance cost.
[09/26/2026-20:30:46] [I] === Model Options ===
[09/26/2026-20:30:46] [I] Format: *
[09/26/2026-20:30:46] [I] Model: 
[09/26/2026-20:30:46] [I] Output:
[09/26/2026-20:30:46] [I] 
[09/26/2026-20:30:46] [I] === System Options ===
[09/26/2026-20:30:46] [I] Device: 0
[09/26/2026-20:30:46] [I] DLACore: 
[09/26/2026-20:30:46] [I] Plugins:
[09/26/2026-20:30:46] [I] setPluginsToSerialize:
[09/26/2026-20:30:46] [I] dynamicPlugins:
[09/26/2026-20:30:46] [I] ignoreParsedPluginLibs: 0
[09/26/2026-20:30:46] [I] 
[09/26/2026-20:30:46] [I] === Inference Options ===
[09/26/2026-20:30:46] [I] Batch: Explicit
[09/26/2026-20:30:46] [I] Input inference shape : input=64x15x3
[09/26/2026-20:30:46] [I] Iterations: 300
[09/26/2026-20:30:46] [I] Duration: 3s (+ 200ms warm up)
[09/26/2026-20:30:46] [I] Sleep time: 0ms
[09/26/2026-20:30:46] [I] Idle time: 0ms
[09/26/2026-20:30:46] [I] Inference Streams: 1
[09/26/2026-20:30:46] [I] ExposeDMA: Disabled
[09/26/2026-20:30:46] [I] Data transfers: Disabled
[09/26/2026-20:30:46] [I] Spin-wait: Disabled
[09/26/2026-20:30:46] [I] Multithreading: Disabled
[09/26/2026-20:30:46] [I] CUDA Graph: Disabled
[09/26/2026-20:30:46] [I] Separate profiling: Disabled
[09/26/2026-20:30:46] [I] Time Deserialize: Disabled
[09/26/2026-20:30:46] [I] Time Refit: Disabled
[09/26/2026-20:30:46] [I] NVTX verbosity: 0
[09/26/2026-20:30:46] [I] Persistent Cache Ratio: 0
[09/26/2026-20:30:46] [I] Optimization Profile Index: 0
[09/26/2026-20:30:46] [I] Weight Streaming Budget: 100.000000%
[09/26/2026-20:30:46] [I] Inputs:
[09/26/2026-20:30:46] [I] Debug Tensor Save Destinations:
[09/26/2026-20:30:46] [I] === Reporting Options ===
[09/26/2026-20:30:46] [I] Verbose: Disabled
[09/26/2026-20:30:46] [I] Averages: 300 inferences
[09/26/2026-20:30:46] [I] Percentiles: 90,95,99
[09/26/2026-20:30:46] [I] Dump refittable layers:Disabled
[09/26/2026-20:30:46] [I] Dump output: Disabled
[09/26/2026-20:30:46] [I] Profile: Disabled
[09/26/2026-20:30:46] [I] Export timing to JSON file: 
[09/26/2026-20:30:46] [I] Export output to JSON file: 
[09/26/2026-20:30:46] [I] Export profile to JSON file: 
[09/26/2026-20:30:46] [I] 
[09/26/2026-20:30:46] [I] === Device Information ===
[09/26/2026-20:30:46] [I] Available Devices: 
[09/26/2026-20:30:46] [I]   Device 0: "Orin" UUID: GPU-06a4d898-7626-52c4-9cec-60e6402aab7b
[09/26/2026-20:30:46] [I] Selected Device: Orin
[09/26/2026-20:30:46] [I] Selected Device ID: 0
[09/26/2026-20:30:46] [I] Selected Device UUID: GPU-06a4d898-7626-52c4-9cec-60e6402aab7b
[09/26/2026-20:30:46] [I] Compute Capability: 8.7
[09/26/2026-20:30:46] [I] SMs: 8
[09/26/2026-20:30:46] [I] Device Global Memory: 7619 MiB
[09/26/2026-20:30:46] [I] Shared Memory per SM: 164 KiB
[09/26/2026-20:30:46] [I] Memory Bus Width: 128 bits (ECC disabled)
[09/26/2026-20:30:46] [I] Application Compute Clock Rate: 1.02 GHz
[09/26/2026-20:30:46] [I] Application Memory Clock Rate: 1.02 GHz
[09/26/2026-20:30:46] [I] 
[09/26/2026-20:30:46] [I] Note: The application clock rates do not reflect the actual clock rates that the GPU is currently running at.
[09/26/2026-20:30:46] [I] 
[09/26/2026-20:30:46] [I] TensorRT version: 10.7.0
[09/26/2026-20:30:46] [I] Loading standard plugins
[09/26/2026-20:30:46] [I] [TRT] Loaded engine size: 11 MiB
[09/26/2026-20:30:46] [I] Engine deserialized in 0.0342932 sec.
[09/26/2026-20:30:46] [I] [TRT] [MemUsageChange] TensorRT-managed allocation in IExecutionContext creation: CPU +0, GPU +7, now: CPU 0, GPU 18 (MiB)
[09/26/2026-20:30:46] [I] Setting persistentCacheLimit to 0 bytes.
[09/26/2026-20:30:46] [I] Set shape of input tensor input to: 64x15x3
[09/26/2026-20:30:46] [I] Created execution context with device memory size: 7.00781 MiB
[09/26/2026-20:30:46] [I] Using random values for input input
[09/26/2026-20:30:46] [I] Input binding for input with dimensions 64x15x3 is created.
[09/26/2026-20:30:46] [I] Output binding for output with dimensions 64x1024 is created.
[09/26/2026-20:30:46] [I] Starting inference
[09/26/2026-20:30:49] [I] Warmup completed 38 queries over 200 ms
[09/26/2026-20:30:49] [I] Timing trace has 671 queries over 3.01027 s
[09/26/2026-20:30:49] [I] 
[09/26/2026-20:30:49] [I] === Trace details ===
[09/26/2026-20:30:49] [I] Trace averages of 300 runs:
[09/26/2026-20:30:49] [I] Average on 300 runs - GPU latency: 4.48314 ms - Host latency: 4.48314 ms (enqueue 0.244427 ms)
[09/26/2026-20:30:49] [I] Average on 300 runs - GPU latency: 4.48422 ms - Host latency: 4.48422 ms (enqueue 0.243281 ms)
[09/26/2026-20:30:49] [I] 
[09/26/2026-20:30:49] [I] === Performance summary ===
[09/26/2026-20:30:49] [I] Throughput: 222.904 qps
[09/26/2026-20:30:49] [I] Latency: min = 4.46021 ms, max = 4.5022 ms, mean = 4.4837 ms, median = 4.48413 ms, percentile(90%) = 4.49121 ms, percentile(95%) = 4.49292 ms, percentile(99%) = 4.49792 ms
[09/26/2026-20:30:49] [I] Enqueue Time: min = 0.230591 ms, max = 0.297882 ms, mean = 0.243705 ms, median = 0.241699 ms, percentile(90%) = 0.247894 ms, percentile(95%) = 0.265137 ms, percentile(99%) = 0.28949 ms
[09/26/2026-20:30:49] [I] H2D Latency: min = 0 ms, max = 0 ms, mean = 0 ms, median = 0 ms, percentile(90%) = 0 ms, percentile(95%) = 0 ms, percentile(99%) = 0 ms
[09/26/2026-20:30:49] [I] GPU Compute Time: min = 4.46021 ms, max = 4.5022 ms, mean = 4.4837 ms, median = 4.48413 ms, percentile(90%) = 4.49121 ms, percentile(95%) = 4.49292 ms, percentile(99%) = 4.49792 ms
[09/26/2026-20:30:49] [I] D2H Latency: min = 0 ms, max = 0 ms, mean = 0 ms, median = 0 ms, percentile(90%) = 0 ms, percentile(95%) = 0 ms, percentile(99%) = 0 ms
[09/26/2026-20:30:49] [I] Total Host Walltime: 3.01027 s
[09/26/2026-20:30:49] [I] Total GPU Compute Time: 3.00856 s
[09/26/2026-20:30:49] [I] Explanations of the performance metrics are printed in the verbose logs.
[09/26/2026-20:30:49] [I] 
&&&& PASSED TensorRT.trtexec [TensorRT v100700] [b23] # /usr/src/tensorrt/bin/trtexec --loadEngine=engines/pc_fp32_notf32.plan --shapes=input:64x15x3 --noDataTransfers --warmUp=200 --iterations=300 --avgRuns=300
