&&&& RUNNING TensorRT.trtexec [TensorRT v100700] [b23] # /usr/src/tensorrt/bin/trtexec --loadEngine=engines/hsi_fp16.plan --shapes=input:64x342x3x3 --noDataTransfers --warmUp=200 --iterations=300 --avgRuns=300
[09/26/2026-20:30:32] [I] TF32 is enabled by default. Add --noTF32 flag to further improve accuracy with some performance cost.
[09/26/2026-20:30:32] [I] === Model Options ===
[09/26/2026-20:30:32] [I] Format: *
[09/26/2026-20:30:32] [I] Model: 
[09/26/2026-20:30:32] [I] Output:
[09/26/2026-20:30:32] [I] 
[09/26/2026-20:30:32] [I] === System Options ===
[09/26/2026-20:30:32] [I] Device: 0
[09/26/2026-20:30:32] [I] DLACore: 
[09/26/2026-20:30:32] [I] Plugins:
[09/26/2026-20:30:32] [I] setPluginsToSerialize:
[09/26/2026-20:30:32] [I] dynamicPlugins:
[09/26/2026-20:30:32] [I] ignoreParsedPluginLibs: 0
[09/26/2026-20:30:32] [I] 
[09/26/2026-20:30:32] [I] === Inference Options ===
[09/26/2026-20:30:32] [I] Batch: Explicit
[09/26/2026-20:30:32] [I] Input inference shape : input=64x342x3x3
[09/26/2026-20:30:32] [I] Iterations: 300
[09/26/2026-20:30:32] [I] Duration: 3s (+ 200ms warm up)
[09/26/2026-20:30:32] [I] Sleep time: 0ms
[09/26/2026-20:30:32] [I] Idle time: 0ms
[09/26/2026-20:30:32] [I] Inference Streams: 1
[09/26/2026-20:30:32] [I] ExposeDMA: Disabled
[09/26/2026-20:30:32] [I] Data transfers: Disabled
[09/26/2026-20:30:32] [I] Spin-wait: Disabled
[09/26/2026-20:30:32] [I] Multithreading: Disabled
[09/26/2026-20:30:32] [I] CUDA Graph: Disabled
[09/26/2026-20:30:32] [I] Separate profiling: Disabled
[09/26/2026-20:30:32] [I] Time Deserialize: Disabled
[09/26/2026-20:30:32] [I] Time Refit: Disabled
[09/26/2026-20:30:32] [I] NVTX verbosity: 0
[09/26/2026-20:30:32] [I] Persistent Cache Ratio: 0
[09/26/2026-20:30:32] [I] Optimization Profile Index: 0
[09/26/2026-20:30:32] [I] Weight Streaming Budget: 100.000000%
[09/26/2026-20:30:32] [I] Inputs:
[09/26/2026-20:30:32] [I] Debug Tensor Save Destinations:
[09/26/2026-20:30:32] [I] === Reporting Options ===
[09/26/2026-20:30:32] [I] Verbose: Disabled
[09/26/2026-20:30:32] [I] Averages: 300 inferences
[09/26/2026-20:30:32] [I] Percentiles: 90,95,99
[09/26/2026-20:30:32] [I] Dump refittable layers:Disabled
[09/26/2026-20:30:32] [I] Dump output: Disabled
[09/26/2026-20:30:32] [I] Profile: Disabled
[09/26/2026-20:30:32] [I] Export timing to JSON file: 
[09/26/2026-20:30:32] [I] Export output to JSON file: 
[09/26/2026-20:30:32] [I] Export profile to JSON file: 
[09/26/2026-20:30:32] [I] 
[09/26/2026-20:30:32] [I] === Device Information ===
[09/26/2026-20:30:32] [I] Available Devices: 
[09/26/2026-20:30:32] [I]   Device 0: "Orin" UUID: GPU-06a4d898-7626-52c4-9cec-60e6402aab7b
[09/26/2026-20:30:32] [I] Selected Device: Orin
[09/26/2026-20:30:32] [I] Selected Device ID: 0
[09/26/2026-20:30:32] [I] Selected Device UUID: GPU-06a4d898-7626-52c4-9cec-60e6402aab7b
[09/26/2026-20:30:32] [I] Compute Capability: 8.7
[09/26/2026-20:30:32] [I] SMs: 8
[09/26/2026-20:30:32] [I] Device Global Memory: 7619 MiB
[09/26/2026-20:30:32] [I] Shared Memory per SM: 164 KiB
[09/26/2026-20:30:32] [I] Memory Bus Width: 128 bits (ECC disabled)
[09/26/2026-20:30:32] [I] Application Compute Clock Rate: 1.02 GHz
[09/26/2026-20:30:32] [I] Application Memory Clock Rate: 1.02 GHz
[09/26/2026-20:30:32] [I] 
[09/26/2026-20:30:32] [I] Note: The application clock rates do not reflect the actual clock rates that the GPU is currently running at.
[09/26/2026-20:30:32] [I] 
[09/26/2026-20:30:32] [I] TensorRT version: 10.7.0
[09/26/2026-20:30:32] [I] Loading standard plugins
[09/26/2026-20:30:32] [I] [TRT] Loaded engine size: 6 MiB
[09/26/2026-20:30:32] [I] Engine deserialized in 0.0326402 sec.
[09/26/2026-20:30:32] [I] [TRT] [MemUsageChange] TensorRT-managed allocation in IExecutionContext creation: CPU +0, GPU +3, now: CPU 0, GPU 8 (MiB)
[09/26/2026-20:30:32] [I] Setting persistentCacheLimit to 0 bytes.
[09/26/2026-20:30:32] [I] Set shape of input tensor input to: 64x342x3x3
[09/26/2026-20:30:32] [I] Created execution context with device memory size: 2.78125 MiB
[09/26/2026-20:30:32] [I] Using random values for input input
[09/26/2026-20:30:32] [I] Input binding for input with dimensions 64x342x3x3 is created.
[09/26/2026-20:30:32] [I] Output binding for output with dimensions 64x1024 is created.
[09/26/2026-20:30:32] [I] Starting inference
[09/26/2026-20:30:35] [I] Warmup completed 171 queries over 200 ms
[09/26/2026-20:30:35] [I] Timing trace has 3114 queries over 3.00134 s
[09/26/2026-20:30:35] [I] 
[09/26/2026-20:30:35] [I] === Trace details ===
[09/26/2026-20:30:35] [I] Trace averages of 300 runs:
[09/26/2026-20:30:35] [I] Average on 300 runs - GPU latency: 0.961223 ms - Host latency: 0.961223 ms (enqueue 0.222777 ms)
[09/26/2026-20:30:35] [I] Average on 300 runs - GPU latency: 0.961123 ms - Host latency: 0.961123 ms (enqueue 0.223541 ms)
[09/26/2026-20:30:35] [I] Average on 300 runs - GPU latency: 0.961067 ms - Host latency: 0.961067 ms (enqueue 0.224294 ms)
[09/26/2026-20:30:35] [I] Average on 300 runs - GPU latency: 0.961083 ms - Host latency: 0.961083 ms (enqueue 0.223657 ms)
[09/26/2026-20:30:35] [I] Average on 300 runs - GPU latency: 0.961617 ms - Host latency: 0.961617 ms (enqueue 0.223858 ms)
[09/26/2026-20:30:35] [I] Average on 300 runs - GPU latency: 0.961247 ms - Host latency: 0.961247 ms (enqueue 0.223099 ms)
[09/26/2026-20:30:35] [I] Average on 300 runs - GPU latency: 0.961329 ms - Host latency: 0.961329 ms (enqueue 0.223881 ms)
[09/26/2026-20:30:35] [I] Average on 300 runs - GPU latency: 0.961417 ms - Host latency: 0.961417 ms (enqueue 0.22372 ms)
[09/26/2026-20:30:35] [I] Average on 300 runs - GPU latency: 0.961681 ms - Host latency: 0.961681 ms (enqueue 0.22428 ms)
[09/26/2026-20:30:35] [I] Average on 300 runs - GPU latency: 0.961167 ms - Host latency: 0.961167 ms (enqueue 0.224724 ms)
[09/26/2026-20:30:35] [I] 
[09/26/2026-20:30:35] [I] === Performance summary ===
[09/26/2026-20:30:35] [I] Throughput: 1037.54 qps
[09/26/2026-20:30:35] [I] Latency: min = 0.953125 ms, max = 0.969727 ms, mean = 0.961295 ms, median = 0.961288 ms, percentile(90%) = 0.964233 ms, percentile(95%) = 0.96521 ms, percentile(99%) = 0.966797 ms
[09/26/2026-20:30:35] [I] Enqueue Time: min = 0.212158 ms, max = 0.307373 ms, mean = 0.223772 ms, median = 0.221191 ms, percentile(90%) = 0.232666 ms, percentile(95%) = 0.24054 ms, percentile(99%) = 0.263184 ms
[09/26/2026-20:30:35] [I] H2D Latency: min = 0 ms, max = 0 ms, mean = 0 ms, median = 0 ms, percentile(90%) = 0 ms, percentile(95%) = 0 ms, percentile(99%) = 0 ms
[09/26/2026-20:30:35] [I] GPU Compute Time: min = 0.953125 ms, max = 0.969727 ms, mean = 0.961295 ms, median = 0.961288 ms, percentile(90%) = 0.964233 ms, percentile(95%) = 0.96521 ms, percentile(99%) = 0.966797 ms
[09/26/2026-20:30:35] [I] D2H Latency: min = 0 ms, max = 0 ms, mean = 0 ms, median = 0 ms, percentile(90%) = 0 ms, percentile(95%) = 0 ms, percentile(99%) = 0 ms
[09/26/2026-20:30:35] [I] Total Host Walltime: 3.00134 s
[09/26/2026-20:30:35] [I] Total GPU Compute Time: 2.99347 s
[09/26/2026-20:30:35] [I] Explanations of the performance metrics are printed in the verbose logs.
[09/26/2026-20:30:35] [I] 
&&&& PASSED TensorRT.trtexec [TensorRT v100700] [b23] # /usr/src/tensorrt/bin/trtexec --loadEngine=engines/hsi_fp16.plan --shapes=input:64x342x3x3 --noDataTransfers --warmUp=200 --iterations=300 --avgRuns=300
