&&&& RUNNING TensorRT.trtexec [TensorRT v100700] [b23] # /usr/src/tensorrt/bin/trtexec --loadEngine=engines/hsi_fp32_notf32.plan --shapes=input:64x342x3x3 --noDataTransfers --warmUp=200 --iterations=300 --avgRuns=300
[09/26/2026-20:30:53] [I] TF32 is enabled by default. Add --noTF32 flag to further improve accuracy with some performance cost.
[09/26/2026-20:30:53] [I] === Model Options ===
[09/26/2026-20:30:53] [I] Format: *
[09/26/2026-20:30:53] [I] Model: 
[09/26/2026-20:30:53] [I] Output:
[09/26/2026-20:30:53] [I] 
[09/26/2026-20:30:53] [I] === System Options ===
[09/26/2026-20:30:53] [I] Device: 0
[09/26/2026-20:30:53] [I] DLACore: 
[09/26/2026-20:30:53] [I] Plugins:
[09/26/2026-20:30:53] [I] setPluginsToSerialize:
[09/26/2026-20:30:53] [I] dynamicPlugins:
[09/26/2026-20:30:53] [I] ignoreParsedPluginLibs: 0
[09/26/2026-20:30:53] [I] 
[09/26/2026-20:30:53] [I] === Inference Options ===
[09/26/2026-20:30:53] [I] Batch: Explicit
[09/26/2026-20:30:53] [I] Input inference shape : input=64x342x3x3
[09/26/2026-20:30:53] [I] Iterations: 300
[09/26/2026-20:30:53] [I] Duration: 3s (+ 200ms warm up)
[09/26/2026-20:30:53] [I] Sleep time: 0ms
[09/26/2026-20:30:53] [I] Idle time: 0ms
[09/26/2026-20:30:53] [I] Inference Streams: 1
[09/26/2026-20:30:53] [I] ExposeDMA: Disabled
[09/26/2026-20:30:53] [I] Data transfers: Disabled
[09/26/2026-20:30:53] [I] Spin-wait: Disabled
[09/26/2026-20:30:53] [I] Multithreading: Disabled
[09/26/2026-20:30:53] [I] CUDA Graph: Disabled
[09/26/2026-20:30:53] [I] Separate profiling: Disabled
[09/26/2026-20:30:53] [I] Time Deserialize: Disabled
[09/26/2026-20:30:53] [I] Time Refit: Disabled
[09/26/2026-20:30:53] [I] NVTX verbosity: 0
[09/26/2026-20:30:53] [I] Persistent Cache Ratio: 0
[09/26/2026-20:30:53] [I] Optimization Profile Index: 0
[09/26/2026-20:30:53] [I] Weight Streaming Budget: 100.000000%
[09/26/2026-20:30:53] [I] Inputs:
[09/26/2026-20:30:53] [I] Debug Tensor Save Destinations:
[09/26/2026-20:30:53] [I] === Reporting Options ===
[09/26/2026-20:30:53] [I] Verbose: Disabled
[09/26/2026-20:30:53] [I] Averages: 300 inferences
[09/26/2026-20:30:53] [I] Percentiles: 90,95,99
[09/26/2026-20:30:53] [I] Dump refittable layers:Disabled
[09/26/2026-20:30:53] [I] Dump output: Disabled
[09/26/2026-20:30:53] [I] Profile: Disabled
[09/26/2026-20:30:53] [I] Export timing to JSON file: 
[09/26/2026-20:30:53] [I] Export output to JSON file: 
[09/26/2026-20:30:53] [I] Export profile to JSON file: 
[09/26/2026-20:30:53] [I] 
[09/26/2026-20:30:53] [I] === Device Information ===
[09/26/2026-20:30:53] [I] Available Devices: 
[09/26/2026-20:30:53] [I]   Device 0: "Orin" UUID: GPU-06a4d898-7626-52c4-9cec-60e6402aab7b
[09/26/2026-20:30:53] [I] Selected Device: Orin
[09/26/2026-20:30:53] [I] Selected Device ID: 0
[09/26/2026-20:30:53] [I] Selected Device UUID: GPU-06a4d898-7626-52c4-9cec-60e6402aab7b
[09/26/2026-20:30:53] [I] Compute Capability: 8.7
[09/26/2026-20:30:53] [I] SMs: 8
[09/26/2026-20:30:53] [I] Device Global Memory: 7619 MiB
[09/26/2026-20:30:53] [I] Shared Memory per SM: 164 KiB
[09/26/2026-20:30:53] [I] Memory Bus Width: 128 bits (ECC disabled)
[09/26/2026-20:30:53] [I] Application Compute Clock Rate: 1.02 GHz
[09/26/2026-20:30:53] [I] Application Memory Clock Rate: 1.02 GHz
[09/26/2026-20:30:53] [I] 
[09/26/2026-20:30:53] [I] Note: The application clock rates do not reflect the actual clock rates that the GPU is currently running at.
[09/26/2026-20:30:53] [I] 
[09/26/2026-20:30:53] [I] TensorRT version: 10.7.0
[09/26/2026-20:30:53] [I] Loading standard plugins
[09/26/2026-20:30:53] [I] [TRT] Loaded engine size: 12 MiB
[09/26/2026-20:30:53] [I] Engine deserialized in 0.0341466 sec.
[09/26/2026-20:30:53] [I] [TRT] [MemUsageChange] TensorRT-managed allocation in IExecutionContext creation: CPU +0, GPU +5, now: CPU 0, GPU 16 (MiB)
[09/26/2026-20:30:53] [I] Setting persistentCacheLimit to 0 bytes.
[09/26/2026-20:30:53] [I] Set shape of input tensor input to: 64x342x3x3
[09/26/2026-20:30:53] [I] Created execution context with device memory size: 4.94482 MiB
[09/26/2026-20:30:53] [I] Using random values for input input
[09/26/2026-20:30:53] [I] Input binding for input with dimensions 64x342x3x3 is created.
[09/26/2026-20:30:53] [I] Output binding for output with dimensions 64x1024 is created.
[09/26/2026-20:30:53] [I] Starting inference
[09/26/2026-20:30:56] [I] Warmup completed 50 queries over 200 ms
[09/26/2026-20:30:56] [I] Timing trace has 879 queries over 3.00472 s
[09/26/2026-20:30:56] [I] 
[09/26/2026-20:30:56] [I] === Trace details ===
[09/26/2026-20:30:56] [I] Trace averages of 300 runs:
[09/26/2026-20:30:56] [I] Average on 300 runs - GPU latency: 3.41954 ms - Host latency: 3.41954 ms (enqueue 0.252357 ms)
[09/26/2026-20:30:56] [I] Average on 300 runs - GPU latency: 3.4142 ms - Host latency: 3.4142 ms (enqueue 0.248785 ms)
[09/26/2026-20:30:56] [I] 
[09/26/2026-20:30:56] [I] === Performance summary ===
[09/26/2026-20:30:56] [I] Throughput: 292.54 qps
[09/26/2026-20:30:56] [I] Latency: min = 3.36377 ms, max = 4.68848 ms, mean = 3.41582 ms, median = 3.41577 ms, percentile(90%) = 3.42651 ms, percentile(95%) = 3.42932 ms, percentile(99%) = 3.43555 ms
[09/26/2026-20:30:56] [I] Enqueue Time: min = 0.238129 ms, max = 0.473801 ms, mean = 0.250016 ms, median = 0.247375 ms, percentile(90%) = 0.256104 ms, percentile(95%) = 0.269531 ms, percentile(99%) = 0.301743 ms
[09/26/2026-20:30:56] [I] H2D Latency: min = 0 ms, max = 0 ms, mean = 0 ms, median = 0 ms, percentile(90%) = 0 ms, percentile(95%) = 0 ms, percentile(99%) = 0 ms
[09/26/2026-20:30:56] [I] GPU Compute Time: min = 3.36377 ms, max = 4.68848 ms, mean = 3.41582 ms, median = 3.41577 ms, percentile(90%) = 3.42651 ms, percentile(95%) = 3.42932 ms, percentile(99%) = 3.43555 ms
[09/26/2026-20:30:56] [I] D2H Latency: min = 0 ms, max = 0 ms, mean = 0 ms, median = 0 ms, percentile(90%) = 0 ms, percentile(95%) = 0 ms, percentile(99%) = 0 ms
[09/26/2026-20:30:56] [I] Total Host Walltime: 3.00472 s
[09/26/2026-20:30:56] [I] Total GPU Compute Time: 3.0025 s
[09/26/2026-20:30:56] [W] * GPU compute time is unstable, with coefficient of variance = 1.37954%.
[09/26/2026-20:30:56] [W]   If not already in use, locking GPU clock frequency or adding --useSpinWait may improve the stability.
[09/26/2026-20:30:56] [I] Explanations of the performance metrics are printed in the verbose logs.
[09/26/2026-20:30:56] [I] 
&&&& PASSED TensorRT.trtexec [TensorRT v100700] [b23] # /usr/src/tensorrt/bin/trtexec --loadEngine=engines/hsi_fp32_notf32.plan --shapes=input:64x342x3x3 --noDataTransfers --warmUp=200 --iterations=300 --avgRuns=300
