&&&& RUNNING TensorRT.trtexec [TensorRT v100700] [b23] # /usr/src/tensorrt/bin/trtexec --loadEngine=engines/hsi_fp32_notf32.plan --shapes=input:1x342x3x3 --noDataTransfers --warmUp=200 --iterations=300 --avgRuns=300
[09/26/2026-20:30:49] [I] TF32 is enabled by default. Add --noTF32 flag to further improve accuracy with some performance cost.
[09/26/2026-20:30:49] [I] === Model Options ===
[09/26/2026-20:30:49] [I] Format: *
[09/26/2026-20:30:49] [I] Model: 
[09/26/2026-20:30:49] [I] Output:
[09/26/2026-20:30:49] [I] 
[09/26/2026-20:30:49] [I] === System Options ===
[09/26/2026-20:30:49] [I] Device: 0
[09/26/2026-20:30:49] [I] DLACore: 
[09/26/2026-20:30:49] [I] Plugins:
[09/26/2026-20:30:49] [I] setPluginsToSerialize:
[09/26/2026-20:30:49] [I] dynamicPlugins:
[09/26/2026-20:30:49] [I] ignoreParsedPluginLibs: 0
[09/26/2026-20:30:49] [I] 
[09/26/2026-20:30:49] [I] === Inference Options ===
[09/26/2026-20:30:49] [I] Batch: Explicit
[09/26/2026-20:30:49] [I] Input inference shape : input=1x342x3x3
[09/26/2026-20:30:49] [I] Iterations: 300
[09/26/2026-20:30:49] [I] Duration: 3s (+ 200ms warm up)
[09/26/2026-20:30:49] [I] Sleep time: 0ms
[09/26/2026-20:30:49] [I] Idle time: 0ms
[09/26/2026-20:30:49] [I] Inference Streams: 1
[09/26/2026-20:30:49] [I] ExposeDMA: Disabled
[09/26/2026-20:30:49] [I] Data transfers: Disabled
[09/26/2026-20:30:49] [I] Spin-wait: Disabled
[09/26/2026-20:30:49] [I] Multithreading: Disabled
[09/26/2026-20:30:49] [I] CUDA Graph: Disabled
[09/26/2026-20:30:49] [I] Separate profiling: Disabled
[09/26/2026-20:30:49] [I] Time Deserialize: Disabled
[09/26/2026-20:30:49] [I] Time Refit: Disabled
[09/26/2026-20:30:49] [I] NVTX verbosity: 0
[09/26/2026-20:30:49] [I] Persistent Cache Ratio: 0
[09/26/2026-20:30:49] [I] Optimization Profile Index: 0
[09/26/2026-20:30:49] [I] Weight Streaming Budget: 100.000000%
[09/26/2026-20:30:49] [I] Inputs:
[09/26/2026-20:30:49] [I] Debug Tensor Save Destinations:
[09/26/2026-20:30:49] [I] === Reporting Options ===
[09/26/2026-20:30:49] [I] Verbose: Disabled
[09/26/2026-20:30:49] [I] Averages: 300 inferences
[09/26/2026-20:30:49] [I] Percentiles: 90,95,99
[09/26/2026-20:30:49] [I] Dump refittable layers:Disabled
[09/26/2026-20:30:49] [I] Dump output: Disabled
[09/26/2026-20:30:49] [I] Profile: Disabled
[09/26/2026-20:30:49] [I] Export timing to JSON file: 
[09/26/2026-20:30:49] [I] Export output to JSON file: 
[09/26/2026-20:30:49] [I] Export profile to JSON file: 
[09/26/2026-20:30:49] [I] 
[09/26/2026-20:30:49] [I] === Device Information ===
[09/26/2026-20:30:49] [I] Available Devices: 
[09/26/2026-20:30:49] [I]   Device 0: "Orin" UUID: GPU-06a4d898-7626-52c4-9cec-60e6402aab7b
[09/26/2026-20:30:49] [I] Selected Device: Orin
[09/26/2026-20:30:49] [I] Selected Device ID: 0
[09/26/2026-20:30:49] [I] Selected Device UUID: GPU-06a4d898-7626-52c4-9cec-60e6402aab7b
[09/26/2026-20:30:49] [I] Compute Capability: 8.7
[09/26/2026-20:30:49] [I] SMs: 8
[09/26/2026-20:30:49] [I] Device Global Memory: 7619 MiB
[09/26/2026-20:30:49] [I] Shared Memory per SM: 164 KiB
[09/26/2026-20:30:49] [I] Memory Bus Width: 128 bits (ECC disabled)
[09/26/2026-20:30:49] [I] Application Compute Clock Rate: 1.02 GHz
[09/26/2026-20:30:49] [I] Application Memory Clock Rate: 1.02 GHz
[09/26/2026-20:30:49] [I] 
[09/26/2026-20:30:49] [I] Note: The application clock rates do not reflect the actual clock rates that the GPU is currently running at.
[09/26/2026-20:30:49] [I] 
[09/26/2026-20:30:49] [I] TensorRT version: 10.7.0
[09/26/2026-20:30:49] [I] Loading standard plugins
[09/26/2026-20:30:49] [I] [TRT] Loaded engine size: 12 MiB
[09/26/2026-20:30:49] [I] Engine deserialized in 0.0352464 sec.
[09/26/2026-20:30:49] [I] [TRT] [MemUsageChange] TensorRT-managed allocation in IExecutionContext creation: CPU +0, GPU +5, now: CPU 0, GPU 16 (MiB)
[09/26/2026-20:30:49] [I] Setting persistentCacheLimit to 0 bytes.
[09/26/2026-20:30:49] [I] Set shape of input tensor input to: 1x342x3x3
[09/26/2026-20:30:49] [I] Created execution context with device memory size: 4.94482 MiB
[09/26/2026-20:30:49] [I] Using random values for input input
[09/26/2026-20:30:49] [I] Input binding for input with dimensions 1x342x3x3 is created.
[09/26/2026-20:30:49] [I] Output binding for output with dimensions 1x1024 is created.
[09/26/2026-20:30:49] [I] Starting inference
[09/26/2026-20:30:52] [I] Warmup completed 232 queries over 200 ms
[09/26/2026-20:30:52] [I] Timing trace has 4133 queries over 3.00169 s
[09/26/2026-20:30:52] [I] 
[09/26/2026-20:30:52] [I] === Trace details ===
[09/26/2026-20:30:52] [I] Trace averages of 300 runs:
[09/26/2026-20:30:52] [I] Average on 300 runs - GPU latency: 0.723629 ms - Host latency: 0.723629 ms (enqueue 0.250511 ms)
[09/26/2026-20:30:52] [I] Average on 300 runs - GPU latency: 0.723606 ms - Host latency: 0.723606 ms (enqueue 0.248931 ms)
[09/26/2026-20:30:52] [I] Average on 300 runs - GPU latency: 0.723361 ms - Host latency: 0.723361 ms (enqueue 0.250006 ms)
[09/26/2026-20:30:52] [I] Average on 300 runs - GPU latency: 0.723479 ms - Host latency: 0.723479 ms (enqueue 0.249452 ms)
[09/26/2026-20:30:52] [I] Average on 300 runs - GPU latency: 0.723629 ms - Host latency: 0.723629 ms (enqueue 0.250011 ms)
[09/26/2026-20:30:52] [I] Average on 300 runs - GPU latency: 0.723512 ms - Host latency: 0.723512 ms (enqueue 0.250657 ms)
[09/26/2026-20:30:52] [I] Average on 300 runs - GPU latency: 0.723445 ms - Host latency: 0.723445 ms (enqueue 0.248639 ms)
[09/26/2026-20:30:52] [I] Average on 300 runs - GPU latency: 0.723859 ms - Host latency: 0.723859 ms (enqueue 0.250435 ms)
[09/26/2026-20:30:52] [I] Average on 300 runs - GPU latency: 0.723407 ms - Host latency: 0.723407 ms (enqueue 0.248103 ms)
[09/26/2026-20:30:52] [I] Average on 300 runs - GPU latency: 0.723402 ms - Host latency: 0.723402 ms (enqueue 0.249115 ms)
[09/26/2026-20:30:52] [I] Average on 300 runs - GPU latency: 0.723774 ms - Host latency: 0.723774 ms (enqueue 0.249236 ms)
[09/26/2026-20:30:52] [I] Average on 300 runs - GPU latency: 0.723725 ms - Host latency: 0.723725 ms (enqueue 0.250849 ms)
[09/26/2026-20:30:52] [I] Average on 300 runs - GPU latency: 0.723591 ms - Host latency: 0.723591 ms (enqueue 0.265767 ms)
[09/26/2026-20:30:52] [I] 
[09/26/2026-20:30:52] [I] === Performance summary ===
[09/26/2026-20:30:52] [I] Throughput: 1376.89 qps
[09/26/2026-20:30:52] [I] Latency: min = 0.717651 ms, max = 1.34253 ms, mean = 0.723685 ms, median = 0.723511 ms, percentile(90%) = 0.725586 ms, percentile(95%) = 0.726318 ms, percentile(99%) = 0.727539 ms
[09/26/2026-20:30:52] [I] Enqueue Time: min = 0.238281 ms, max = 1.84277 ms, mean = 0.252583 ms, median = 0.247925 ms, percentile(90%) = 0.259277 ms, percentile(95%) = 0.274414 ms, percentile(99%) = 0.338379 ms
[09/26/2026-20:30:52] [I] H2D Latency: min = 0 ms, max = 0 ms, mean = 0 ms, median = 0 ms, percentile(90%) = 0 ms, percentile(95%) = 0 ms, percentile(99%) = 0 ms
[09/26/2026-20:30:52] [I] GPU Compute Time: min = 0.717651 ms, max = 1.34253 ms, mean = 0.723685 ms, median = 0.723511 ms, percentile(90%) = 0.725586 ms, percentile(95%) = 0.726318 ms, percentile(99%) = 0.727539 ms
[09/26/2026-20:30:52] [I] D2H Latency: min = 0 ms, max = 0 ms, mean = 0 ms, median = 0 ms, percentile(90%) = 0 ms, percentile(95%) = 0 ms, percentile(99%) = 0 ms
[09/26/2026-20:30:52] [I] Total Host Walltime: 3.00169 s
[09/26/2026-20:30:52] [I] Total GPU Compute Time: 2.99099 s
[09/26/2026-20:30:52] [W] * GPU compute time is unstable, with coefficient of variance = 1.34914%.
[09/26/2026-20:30:52] [W]   If not already in use, locking GPU clock frequency or adding --useSpinWait may improve the stability.
[09/26/2026-20:30:52] [I] Explanations of the performance metrics are printed in the verbose logs.
[09/26/2026-20:30:52] [I] 
&&&& PASSED TensorRT.trtexec [TensorRT v100700] [b23] # /usr/src/tensorrt/bin/trtexec --loadEngine=engines/hsi_fp32_notf32.plan --shapes=input:1x342x3x3 --noDataTransfers --warmUp=200 --iterations=300 --avgRuns=300
