&&&& RUNNING TensorRT.trtexec [TensorRT v100700] [b23] # /usr/src/tensorrt/bin/trtexec --loadEngine=engines/pc_fp32_notf32.plan --shapes=input:1x15x3 --noDataTransfers --warmUp=200 --iterations=300 --avgRuns=300
[09/26/2026-20:30:42] [I] TF32 is enabled by default. Add --noTF32 flag to further improve accuracy with some performance cost.
[09/26/2026-20:30:42] [I] === Model Options ===
[09/26/2026-20:30:42] [I] Format: *
[09/26/2026-20:30:42] [I] Model: 
[09/26/2026-20:30:42] [I] Output:
[09/26/2026-20:30:42] [I] 
[09/26/2026-20:30:42] [I] === System Options ===
[09/26/2026-20:30:42] [I] Device: 0
[09/26/2026-20:30:42] [I] DLACore: 
[09/26/2026-20:30:42] [I] Plugins:
[09/26/2026-20:30:42] [I] setPluginsToSerialize:
[09/26/2026-20:30:42] [I] dynamicPlugins:
[09/26/2026-20:30:42] [I] ignoreParsedPluginLibs: 0
[09/26/2026-20:30:42] [I] 
[09/26/2026-20:30:42] [I] === Inference Options ===
[09/26/2026-20:30:42] [I] Batch: Explicit
[09/26/2026-20:30:42] [I] Input inference shape : input=1x15x3
[09/26/2026-20:30:42] [I] Iterations: 300
[09/26/2026-20:30:42] [I] Duration: 3s (+ 200ms warm up)
[09/26/2026-20:30:42] [I] Sleep time: 0ms
[09/26/2026-20:30:42] [I] Idle time: 0ms
[09/26/2026-20:30:42] [I] Inference Streams: 1
[09/26/2026-20:30:42] [I] ExposeDMA: Disabled
[09/26/2026-20:30:42] [I] Data transfers: Disabled
[09/26/2026-20:30:42] [I] Spin-wait: Disabled
[09/26/2026-20:30:42] [I] Multithreading: Disabled
[09/26/2026-20:30:42] [I] CUDA Graph: Disabled
[09/26/2026-20:30:42] [I] Separate profiling: Disabled
[09/26/2026-20:30:42] [I] Time Deserialize: Disabled
[09/26/2026-20:30:42] [I] Time Refit: Disabled
[09/26/2026-20:30:42] [I] NVTX verbosity: 0
[09/26/2026-20:30:42] [I] Persistent Cache Ratio: 0
[09/26/2026-20:30:42] [I] Optimization Profile Index: 0
[09/26/2026-20:30:42] [I] Weight Streaming Budget: 100.000000%
[09/26/2026-20:30:42] [I] Inputs:
[09/26/2026-20:30:42] [I] Debug Tensor Save Destinations:
[09/26/2026-20:30:42] [I] === Reporting Options ===
[09/26/2026-20:30:42] [I] Verbose: Disabled
[09/26/2026-20:30:42] [I] Averages: 300 inferences
[09/26/2026-20:30:42] [I] Percentiles: 90,95,99
[09/26/2026-20:30:42] [I] Dump refittable layers:Disabled
[09/26/2026-20:30:42] [I] Dump output: Disabled
[09/26/2026-20:30:42] [I] Profile: Disabled
[09/26/2026-20:30:42] [I] Export timing to JSON file: 
[09/26/2026-20:30:42] [I] Export output to JSON file: 
[09/26/2026-20:30:42] [I] Export profile to JSON file: 
[09/26/2026-20:30:42] [I] 
[09/26/2026-20:30:42] [I] === Device Information ===
[09/26/2026-20:30:42] [I] Available Devices: 
[09/26/2026-20:30:42] [I]   Device 0: "Orin" UUID: GPU-06a4d898-7626-52c4-9cec-60e6402aab7b
[09/26/2026-20:30:42] [I] Selected Device: Orin
[09/26/2026-20:30:42] [I] Selected Device ID: 0
[09/26/2026-20:30:42] [I] Selected Device UUID: GPU-06a4d898-7626-52c4-9cec-60e6402aab7b
[09/26/2026-20:30:42] [I] Compute Capability: 8.7
[09/26/2026-20:30:42] [I] SMs: 8
[09/26/2026-20:30:42] [I] Device Global Memory: 7619 MiB
[09/26/2026-20:30:42] [I] Shared Memory per SM: 164 KiB
[09/26/2026-20:30:42] [I] Memory Bus Width: 128 bits (ECC disabled)
[09/26/2026-20:30:42] [I] Application Compute Clock Rate: 1.02 GHz
[09/26/2026-20:30:42] [I] Application Memory Clock Rate: 1.02 GHz
[09/26/2026-20:30:42] [I] 
[09/26/2026-20:30:42] [I] Note: The application clock rates do not reflect the actual clock rates that the GPU is currently running at.
[09/26/2026-20:30:42] [I] 
[09/26/2026-20:30:42] [I] TensorRT version: 10.7.0
[09/26/2026-20:30:42] [I] Loading standard plugins
[09/26/2026-20:30:42] [I] [TRT] Loaded engine size: 11 MiB
[09/26/2026-20:30:42] [I] Engine deserialized in 0.0341234 sec.
[09/26/2026-20:30:42] [I] [TRT] [MemUsageChange] TensorRT-managed allocation in IExecutionContext creation: CPU +0, GPU +7, now: CPU 0, GPU 18 (MiB)
[09/26/2026-20:30:42] [I] Setting persistentCacheLimit to 0 bytes.
[09/26/2026-20:30:42] [I] Set shape of input tensor input to: 1x15x3
[09/26/2026-20:30:42] [I] Created execution context with device memory size: 7.00781 MiB
[09/26/2026-20:30:42] [I] Using random values for input input
[09/26/2026-20:30:42] [I] Input binding for input with dimensions 1x15x3 is created.
[09/26/2026-20:30:42] [I] Output binding for output with dimensions 1x1024 is created.
[09/26/2026-20:30:42] [I] Starting inference
[09/26/2026-20:30:46] [I] Warmup completed 219 queries over 200 ms
[09/26/2026-20:30:46] [I] Timing trace has 3914 queries over 3.00124 s
[09/26/2026-20:30:46] [I] 
[09/26/2026-20:30:46] [I] === Trace details ===
[09/26/2026-20:30:46] [I] Trace averages of 300 runs:
[09/26/2026-20:30:46] [I] Average on 300 runs - GPU latency: 0.764224 ms - Host latency: 0.764224 ms (enqueue 0.240494 ms)
[09/26/2026-20:30:46] [I] Average on 300 runs - GPU latency: 0.76433 ms - Host latency: 0.76433 ms (enqueue 0.239987 ms)
[09/26/2026-20:30:46] [I] Average on 300 runs - GPU latency: 0.764297 ms - Host latency: 0.764297 ms (enqueue 0.2416 ms)
[09/26/2026-20:30:46] [I] Average on 300 runs - GPU latency: 0.764311 ms - Host latency: 0.764311 ms (enqueue 0.240816 ms)
[09/26/2026-20:30:46] [I] Average on 300 runs - GPU latency: 0.764136 ms - Host latency: 0.764136 ms (enqueue 0.240572 ms)
[09/26/2026-20:30:46] [I] Average on 300 runs - GPU latency: 0.764192 ms - Host latency: 0.764192 ms (enqueue 0.240452 ms)
[09/26/2026-20:30:46] [I] Average on 300 runs - GPU latency: 0.764428 ms - Host latency: 0.764428 ms (enqueue 0.241344 ms)
[09/26/2026-20:30:46] [I] Average on 300 runs - GPU latency: 0.764152 ms - Host latency: 0.764152 ms (enqueue 0.240483 ms)
[09/26/2026-20:30:46] [I] Average on 300 runs - GPU latency: 0.764113 ms - Host latency: 0.764113 ms (enqueue 0.241551 ms)
[09/26/2026-20:30:46] [I] Average on 300 runs - GPU latency: 0.764265 ms - Host latency: 0.764265 ms (enqueue 0.240303 ms)
[09/26/2026-20:30:46] [I] Average on 300 runs - GPU latency: 0.764086 ms - Host latency: 0.764086 ms (enqueue 0.240148 ms)
[09/26/2026-20:30:46] [I] Average on 300 runs - GPU latency: 0.763948 ms - Host latency: 0.763948 ms (enqueue 0.240897 ms)
[09/26/2026-20:30:46] [I] Average on 300 runs - GPU latency: 0.764063 ms - Host latency: 0.764063 ms (enqueue 0.240417 ms)
[09/26/2026-20:30:46] [I] 
[09/26/2026-20:30:46] [I] === Performance summary ===
[09/26/2026-20:30:46] [I] Throughput: 1304.13 qps
[09/26/2026-20:30:46] [I] Latency: min = 0.758545 ms, max = 0.770874 ms, mean = 0.764194 ms, median = 0.76416 ms, percentile(90%) = 0.766357 ms, percentile(95%) = 0.766968 ms, percentile(99%) = 0.768433 ms
[09/26/2026-20:30:46] [I] Enqueue Time: min = 0.230194 ms, max = 0.324951 ms, mean = 0.240706 ms, median = 0.239258 ms, percentile(90%) = 0.244263 ms, percentile(95%) = 0.259399 ms, percentile(99%) = 0.280029 ms
[09/26/2026-20:30:46] [I] H2D Latency: min = 0 ms, max = 0 ms, mean = 0 ms, median = 0 ms, percentile(90%) = 0 ms, percentile(95%) = 0 ms, percentile(99%) = 0 ms
[09/26/2026-20:30:46] [I] GPU Compute Time: min = 0.758545 ms, max = 0.770874 ms, mean = 0.764194 ms, median = 0.76416 ms, percentile(90%) = 0.766357 ms, percentile(95%) = 0.766968 ms, percentile(99%) = 0.768433 ms
[09/26/2026-20:30:46] [I] D2H Latency: min = 0 ms, max = 0 ms, mean = 0 ms, median = 0 ms, percentile(90%) = 0 ms, percentile(95%) = 0 ms, percentile(99%) = 0 ms
[09/26/2026-20:30:46] [I] Total Host Walltime: 3.00124 s
[09/26/2026-20:30:46] [I] Total GPU Compute Time: 2.99106 s
[09/26/2026-20:30:46] [I] Explanations of the performance metrics are printed in the verbose logs.
[09/26/2026-20:30:46] [I] 
&&&& PASSED TensorRT.trtexec [TensorRT v100700] [b23] # /usr/src/tensorrt/bin/trtexec --loadEngine=engines/pc_fp32_notf32.plan --shapes=input:1x15x3 --noDataTransfers --warmUp=200 --iterations=300 --avgRuns=300
