/usr/local/lib/python3.10/dist-packages/torch/nn/modules/transformer.py:379: UserWarning: enable_nested_tensor is True, but self.use_nested_tensor is False because encoder_layer.norm_first was True
  warnings.warn(
  [final_hsi_encoder.pt] strict load OK, 49 keys, 2,982,912 params
  [final_pc_encoder.pt] strict load OK, 47 keys, 2,908,672 params
[forward] S0: total 2205.0 ms  prep=29.4  patch_build=449.0  hsi_infer=484.3  pc_infer=29.4  assemble=0.0  match=1213.5
[forward] S9: total 180.6 ms  pc_infer=0.9  prep=32.9  patch_build=12.4  hsi_infer=82.7  assemble=0.4  match=50.8
[reverse] S9: total 180.2 ms  pc_infer=0.8  prep=32.4  patch_build=12.4  hsi_infer=82.6  assemble=0.4  match=50.9
[reverse] S0: total 2242.3 ms  prep=28.9  patch_build=446.6  hsi_infer=505.8  pc_infer=29.7  assemble=0.0  match=1221.2
{
  "forward": {
    "S0": 1.0,
    "S9": 12.210023779983578
  },
  "reverse": {
    "S0": 1.0,
    "S9": 12.446198177798362
  }
}
written -> results/opt_multiscene_24data_10.6_10.json
rc=0
