/usr/local/lib/python3.10/dist-packages/torch/nn/modules/transformer.py:379: UserWarning: enable_nested_tensor is True, but self.use_nested_tensor is False because encoder_layer.norm_first was True
  warnings.warn(
[09/26/2026-21:05:05] [TRT] [I] [MemUsageChange] Init CUDA: CPU -1, GPU +0, now: CPU 937, GPU 4195 (MiB)
[09/26/2026-21:05:07] [TRT] [I] [MemUsageChange] Init builder kernel library: CPU +980, GPU +800, now: CPU 1875, GPU 4998 (MiB)
[09/26/2026-21:05:07] [TRT] [I] ----------------------------------------------------------------
[09/26/2026-21:05:07] [TRT] [I] Input filename:   /home/jetson/hspc_jetson/onnx/hsi_encoder.onnx
[09/26/2026-21:05:07] [TRT] [I] ONNX IR version:  0.0.8
[09/26/2026-21:05:07] [TRT] [I] Opset version:    17
[09/26/2026-21:05:07] [TRT] [I] Producer name:    pytorch
[09/26/2026-21:05:07] [TRT] [I] Producer version: 2.13.0
[09/26/2026-21:05:07] [TRT] [I] Domain:           
[09/26/2026-21:05:07] [TRT] [I] Model version:    0
[09/26/2026-21:05:07] [TRT] [I] Doc string:       
[09/26/2026-21:05:07] [TRT] [I] ----------------------------------------------------------------
[09/26/2026-21:05:07] [TRT] [W] ONNXTRT_ShapeElementWise: shape tensor output from layer must be Bool, Int32, Int64, or Float
[09/26/2026-21:05:07] [TRT] [W] ONNXTRT_ShapeElementWise_5: shape tensor output from layer must be Bool, Int32, Int64, or Float
[09/26/2026-21:05:07] [TRT] [W] ONNXTRT_ShapeElementWise_10: shape tensor output from layer must be Bool, Int32, Int64, or Float
[09/26/2026-21:05:07] [TRT] [W] ONNXTRT_ShapeElementWise_11: shape tensor output from layer must be Bool, Int32, Int64, or Float
[09/26/2026-21:05:07] [TRT] [W] DLA requests all profiles have same min, max, and opt value. All dla layers are falling back to GPU
[09/26/2026-21:05:07] [TRT] [I] Local timing cache in use. Profiling results in this builder pass will not be stored.
[09/26/2026-21:05:10] [TRT] [I] Compiler backend is used during engine build.
[09/26/2026-21:05:53] [TRT] [I] Detected 1 inputs and 1 output network tensors.
[09/26/2026-21:05:53] [TRT] [I] Total Host Persistent Memory: 5792 bytes
[09/26/2026-21:05:53] [TRT] [I] Total Device Persistent Memory: 0 bytes
[09/26/2026-21:05:53] [TRT] [I] Max Scratch Memory: 41943040 bytes
[09/26/2026-21:05:53] [TRT] [I] [BlockAssignment] Started assigning block shifts. This will take 4 steps to complete.
[09/26/2026-21:05:53] [TRT] [I] [BlockAssignment] Algorithm ShiftNTopDown took 0.028511ms to assign 3 blocks to 4 nodes requiring 46662144 bytes.
[09/26/2026-21:05:53] [TRT] [I] Total Activation Memory: 46661632 bytes
[09/26/2026-21:05:53] [TRT] [I] Total Weights Memory: 6146564 bytes
[09/26/2026-21:05:53] [TRT] [I] Compiler backend is used during engine execution.
[09/26/2026-21:05:53] [TRT] [I] Engine generation completed in 45.753 seconds.
[09/26/2026-21:05:53] [TRT] [I] [MemUsageStats] Peak memory usage of TRT CPU/GPU memory allocators: CPU 5 MiB, GPU 57 MiB
[09/26/2026-21:05:55] [TRT] [I] [MemUsageChange] Init builder kernel library: CPU -979, GPU +143, now: CPU 3537, GPU 5967 (MiB)
[09/26/2026-21:05:55] [TRT] [I] ----------------------------------------------------------------
[09/26/2026-21:05:55] [TRT] [I] Input filename:   /home/jetson/hspc_jetson/onnx/hsi_encoder.onnx
[09/26/2026-21:05:55] [TRT] [I] ONNX IR version:  0.0.8
[09/26/2026-21:05:55] [TRT] [I] Opset version:    17
[09/26/2026-21:05:55] [TRT] [I] Producer name:    pytorch
[09/26/2026-21:05:55] [TRT] [I] Producer version: 2.13.0
[09/26/2026-21:05:55] [TRT] [I] Domain:           
[09/26/2026-21:05:55] [TRT] [I] Model version:    0
[09/26/2026-21:05:55] [TRT] [I] Doc string:       
[09/26/2026-21:05:55] [TRT] [I] ----------------------------------------------------------------
[09/26/2026-21:05:55] [TRT] [W] ONNXTRT_ShapeElementWise: shape tensor output from layer must be Bool, Int32, Int64, or Float
[09/26/2026-21:05:55] [TRT] [W] ONNXTRT_ShapeElementWise_5: shape tensor output from layer must be Bool, Int32, Int64, or Float
[09/26/2026-21:05:55] [TRT] [W] ONNXTRT_ShapeElementWise_10: shape tensor output from layer must be Bool, Int32, Int64, or Float
[09/26/2026-21:05:55] [TRT] [W] ONNXTRT_ShapeElementWise_11: shape tensor output from layer must be Bool, Int32, Int64, or Float
[09/26/2026-21:05:55] [TRT] [W] DLA requests all profiles have same min, max, and opt value. All dla layers are falling back to GPU
[09/26/2026-21:05:55] [TRT] [I] Local timing cache in use. Profiling results in this builder pass will not be stored.
[09/26/2026-21:05:57] [TRT] [I] Compiler backend is used during engine build.
[09/26/2026-21:06:39] [TRT] [I] Detected 1 inputs and 1 output network tensors.
[09/26/2026-21:06:39] [TRT] [I] Total Host Persistent Memory: 5792 bytes
[09/26/2026-21:06:39] [TRT] [I] Total Device Persistent Memory: 0 bytes
[09/26/2026-21:06:39] [TRT] [I] Max Scratch Memory: 41943040 bytes
[09/26/2026-21:06:39] [TRT] [I] [BlockAssignment] Started assigning block shifts. This will take 4 steps to complete.
[09/26/2026-21:06:39] [TRT] [I] [BlockAssignment] Algorithm ShiftNTopDown took 0.028896ms to assign 3 blocks to 4 nodes requiring 46662144 bytes.
[09/26/2026-21:06:39] [TRT] [I] Total Activation Memory: 46661632 bytes
[09/26/2026-21:06:39] [TRT] [I] Total Weights Memory: 6146564 bytes
[09/26/2026-21:06:39] [TRT] [I] Compiler backend is used during engine execution.
[09/26/2026-21:06:39] [TRT] [I] Engine generation completed in 43.952 seconds.
[09/26/2026-21:06:39] [TRT] [I] [MemUsageStats] Peak memory usage of TRT CPU/GPU memory allocators: CPU 5 MiB, GPU 57 MiB
[09/26/2026-21:06:41] [TRT] [I] [MemUsageChange] Init builder kernel library: CPU -978, GPU +21, now: CPU 3632, GPU 6048 (MiB)
[09/26/2026-21:06:41] [TRT] [I] ----------------------------------------------------------------
[09/26/2026-21:06:41] [TRT] [I] Input filename:   /home/jetson/hspc_jetson/onnx/hsi_encoder.onnx
[09/26/2026-21:06:41] [TRT] [I] ONNX IR version:  0.0.8
[09/26/2026-21:06:41] [TRT] [I] Opset version:    17
[09/26/2026-21:06:41] [TRT] [I] Producer name:    pytorch
[09/26/2026-21:06:41] [TRT] [I] Producer version: 2.13.0
[09/26/2026-21:06:41] [TRT] [I] Domain:           
[09/26/2026-21:06:41] [TRT] [I] Model version:    0
[09/26/2026-21:06:41] [TRT] [I] Doc string:       
[09/26/2026-21:06:41] [TRT] [I] ----------------------------------------------------------------
[09/26/2026-21:06:41] [TRT] [W] ONNXTRT_ShapeElementWise: shape tensor output from layer must be Bool, Int32, Int64, or Float
[09/26/2026-21:06:41] [TRT] [W] ONNXTRT_ShapeElementWise_5: shape tensor output from layer must be Bool, Int32, Int64, or Float
[09/26/2026-21:06:41] [TRT] [W] ONNXTRT_ShapeElementWise_10: shape tensor output from layer must be Bool, Int32, Int64, or Float
[09/26/2026-21:06:41] [TRT] [W] ONNXTRT_ShapeElementWise_11: shape tensor output from layer must be Bool, Int32, Int64, or Float
[09/26/2026-21:06:41] [TRT] [W] DLA requests all profiles have same min, max, and opt value. All dla layers are falling back to GPU
[09/26/2026-21:06:41] [TRT] [I] Local timing cache in use. Profiling results in this builder pass will not be stored.
[09/26/2026-21:06:43] [TRT] [I] Compiler backend is used during engine build.
[09/26/2026-21:07:25] [TRT] [I] Detected 1 inputs and 1 output network tensors.
[09/26/2026-21:07:25] [TRT] [I] Total Host Persistent Memory: 5792 bytes
[09/26/2026-21:07:25] [TRT] [I] Total Device Persistent Memory: 0 bytes
[09/26/2026-21:07:25] [TRT] [I] Max Scratch Memory: 47226880 bytes
[09/26/2026-21:07:25] [TRT] [I] [BlockAssignment] Started assigning block shifts. This will take 4 steps to complete.
[09/26/2026-21:07:25] [TRT] [I] [BlockAssignment] Algorithm ShiftNTopDown took 0.02928ms to assign 3 blocks to 4 nodes requiring 51945984 bytes.
[09/26/2026-21:07:25] [TRT] [I] Total Activation Memory: 51945472 bytes
[09/26/2026-21:07:25] [TRT] [I] Total Weights Memory: 6146564 bytes
[09/26/2026-21:07:25] [TRT] [I] Compiler backend is used during engine execution.
[09/26/2026-21:07:25] [TRT] [I] Engine generation completed in 44.1238 seconds.
[09/26/2026-21:07:25] [TRT] [I] [MemUsageStats] Peak memory usage of TRT CPU/GPU memory allocators: CPU 5 MiB, GPU 57 MiB
  [final_hsi_encoder.pt] strict load OK, 49 keys, 2,982,912 params
  [final_pc_encoder.pt] strict load OK, 47 keys, 2,908,672 params
[hsi/fp16/mixed['stem']] building from hsi_encoder.onnx -> hsi_fp16_scene1024.plan ...
[hsi/fp16] done in 45.8s, size=7205.6 KB
[hsi/fp16/mixed['stem']] building from hsi_encoder.onnx -> hsi_fp16_scene1024_b1.plan ...
[hsi/fp16] done in 44.0s, size=7205.7 KB
[hsi/fp16/mixed['stem']] building from hsi_encoder.onnx -> hsi_fp16_scene1024_b2.plan ...
[hsi/fp16] done in 44.2s, size=7220.9 KB
hsi tier 1024: wall 150.1 ms  gpu 106.5 ms  devmem 44 MiB  cos_min [0.999705, 0.999705, 0.999705]  pairwise {'0-1': 0.0, '0-2': 0.0, '1-2': 0.0}
[09/26/2026-21:07:30] [TRT] [I] [MemUsageChange] Init builder kernel library: CPU -979, GPU +5, now: CPU 3641, GPU 6078 (MiB)
[09/26/2026-21:07:30] [TRT] [I] ----------------------------------------------------------------
[09/26/2026-21:07:30] [TRT] [I] Input filename:   /home/jetson/hspc_jetson/onnx/pc_encoder.onnx
[09/26/2026-21:07:30] [TRT] [I] ONNX IR version:  0.0.8
[09/26/2026-21:07:30] [TRT] [I] Opset version:    17
[09/26/2026-21:07:30] [TRT] [I] Producer name:    pytorch
[09/26/2026-21:07:30] [TRT] [I] Producer version: 2.13.0
[09/26/2026-21:07:30] [TRT] [I] Domain:           
[09/26/2026-21:07:30] [TRT] [I] Model version:    0
[09/26/2026-21:07:30] [TRT] [I] Doc string:       
[09/26/2026-21:07:30] [TRT] [I] ----------------------------------------------------------------
[09/26/2026-21:07:30] [TRT] [W] DLA requests all profiles have same min, max, and opt value. All dla layers are falling back to GPU
[09/26/2026-21:07:30] [TRT] [I] Local timing cache in use. Profiling results in this builder pass will not be stored.
[09/26/2026-21:07:30] [TRT] [I] Compiler backend is used during engine build.
[09/26/2026-21:08:23] [TRT] [I] Detected 1 inputs and 1 output network tensors.
[09/26/2026-21:08:23] [TRT] [I] Total Host Persistent Memory: 80 bytes
[09/26/2026-21:08:23] [TRT] [I] Total Device Persistent Memory: 0 bytes
[09/26/2026-21:08:23] [TRT] [I] Max Scratch Memory: 75624448 bytes
[09/26/2026-21:08:23] [TRT] [I] [BlockAssignment] Started assigning block shifts. This will take 3 steps to complete.
[09/26/2026-21:08:23] [TRT] [I] [BlockAssignment] Algorithm ShiftNTopDown took 0.024608ms to assign 3 blocks to 3 nodes requiring 77722112 bytes.
[09/26/2026-21:08:23] [TRT] [I] Total Activation Memory: 77721600 bytes
[09/26/2026-21:08:23] [TRT] [I] Total Weights Memory: 5822082 bytes
[09/26/2026-21:08:23] [TRT] [I] Compiler backend is used during engine execution.
[09/26/2026-21:08:23] [TRT] [I] Engine generation completed in 53.2699 seconds.
[09/26/2026-21:08:23] [TRT] [I] [MemUsageStats] Peak memory usage of TRT CPU/GPU memory allocators: CPU 5 MiB, GPU 127 MiB
[09/26/2026-21:08:25] [TRT] [I] [MemUsageChange] Init builder kernel library: CPU -979, GPU -12, now: CPU 4048, GPU 6266 (MiB)
[09/26/2026-21:08:25] [TRT] [I] ----------------------------------------------------------------
[09/26/2026-21:08:25] [TRT] [I] Input filename:   /home/jetson/hspc_jetson/onnx/pc_encoder.onnx
[09/26/2026-21:08:25] [TRT] [I] ONNX IR version:  0.0.8
[09/26/2026-21:08:25] [TRT] [I] Opset version:    17
[09/26/2026-21:08:25] [TRT] [I] Producer name:    pytorch
[09/26/2026-21:08:25] [TRT] [I] Producer version: 2.13.0
[09/26/2026-21:08:25] [TRT] [I] Domain:           
[09/26/2026-21:08:25] [TRT] [I] Model version:    0
[09/26/2026-21:08:25] [TRT] [I] Doc string:       
[09/26/2026-21:08:25] [TRT] [I] ----------------------------------------------------------------
[09/26/2026-21:08:25] [TRT] [W] DLA requests all profiles have same min, max, and opt value. All dla layers are falling back to GPU
[09/26/2026-21:08:25] [TRT] [I] Local timing cache in use. Profiling results in this builder pass will not be stored.
[09/26/2026-21:08:25] [TRT] [I] Compiler backend is used during engine build.
[09/26/2026-21:09:19] [TRT] [I] Detected 1 inputs and 1 output network tensors.
[09/26/2026-21:09:19] [TRT] [I] Total Host Persistent Memory: 80 bytes
[09/26/2026-21:09:19] [TRT] [I] Total Device Persistent Memory: 0 bytes
[09/26/2026-21:09:19] [TRT] [I] Max Scratch Memory: 75624448 bytes
[09/26/2026-21:09:19] [TRT] [I] [BlockAssignment] Started assigning block shifts. This will take 3 steps to complete.
[09/26/2026-21:09:19] [TRT] [I] [BlockAssignment] Algorithm ShiftNTopDown took 0.027136ms to assign 3 blocks to 3 nodes requiring 77722112 bytes.
[09/26/2026-21:09:19] [TRT] [I] Total Activation Memory: 77721600 bytes
[09/26/2026-21:09:19] [TRT] [I] Total Weights Memory: 5822082 bytes
[09/26/2026-21:09:19] [TRT] [I] Compiler backend is used during engine execution.
[09/26/2026-21:09:19] [TRT] [I] Engine generation completed in 53.5263 seconds.
[09/26/2026-21:09:19] [TRT] [I] [MemUsageStats] Peak memory usage of TRT CPU/GPU memory allocators: CPU 5 MiB, GPU 127 MiB
[09/26/2026-21:09:21] [TRT] [I] [MemUsageChange] Init builder kernel library: CPU -978, GPU -3, now: CPU 4070, GPU 6266 (MiB)
[09/26/2026-21:09:21] [TRT] [I] ----------------------------------------------------------------
[09/26/2026-21:09:21] [TRT] [I] Input filename:   /home/jetson/hspc_jetson/onnx/pc_encoder.onnx
[09/26/2026-21:09:21] [TRT] [I] ONNX IR version:  0.0.8
[09/26/2026-21:09:21] [TRT] [I] Opset version:    17
[09/26/2026-21:09:21] [TRT] [I] Producer name:    pytorch
[09/26/2026-21:09:21] [TRT] [I] Producer version: 2.13.0
[09/26/2026-21:09:21] [TRT] [I] Domain:           
[09/26/2026-21:09:21] [TRT] [I] Model version:    0
[09/26/2026-21:09:21] [TRT] [I] Doc string:       
[09/26/2026-21:09:21] [TRT] [I] ----------------------------------------------------------------
[09/26/2026-21:09:21] [TRT] [W] DLA requests all profiles have same min, max, and opt value. All dla layers are falling back to GPU
[09/26/2026-21:09:21] [TRT] [I] Local timing cache in use. Profiling results in this builder pass will not be stored.
[09/26/2026-21:09:21] [TRT] [I] Compiler backend is used during engine build.
[09/26/2026-21:10:14] [TRT] [I] Detected 1 inputs and 1 output network tensors.
[09/26/2026-21:10:14] [TRT] [I] Total Host Persistent Memory: 80 bytes
[09/26/2026-21:10:14] [TRT] [I] Total Device Persistent Memory: 0 bytes
[09/26/2026-21:10:14] [TRT] [I] Max Scratch Memory: 75624448 bytes
[09/26/2026-21:10:14] [TRT] [I] [BlockAssignment] Started assigning block shifts. This will take 3 steps to complete.
[09/26/2026-21:10:14] [TRT] [I] [BlockAssignment] Algorithm ShiftNTopDown took 0.02624ms to assign 3 blocks to 3 nodes requiring 77722112 bytes.
[09/26/2026-21:10:14] [TRT] [I] Total Activation Memory: 77721600 bytes
[09/26/2026-21:10:14] [TRT] [I] Total Weights Memory: 5822082 bytes
[09/26/2026-21:10:14] [TRT] [I] Compiler backend is used during engine execution.
[09/26/2026-21:10:14] [TRT] [I] Engine generation completed in 53.1433 seconds.
[09/26/2026-21:10:14] [TRT] [I] [MemUsageStats] Peak memory usage of TRT CPU/GPU memory allocators: CPU 5 MiB, GPU 127 MiB
[pc/fp16/auto] building from pc_encoder.onnx -> pc_fp16_scene1024.plan ...
[pc/fp16] done in 53.3s, size=6900.0 KB
[pc/fp16/auto] building from pc_encoder.onnx -> pc_fp16_scene1024_b1.plan ...
[pc/fp16] done in 53.6s, size=6900.0 KB
[pc/fp16/auto] building from pc_encoder.onnx -> pc_fp16_scene1024_b2.plan ...
[pc/fp16] done in 53.2s, size=6900.0 KB
pc tier 1024: wall 17.6 ms  gpu 15.9 ms  devmem 74 MiB  cos_min [0.999993, 0.999993, 0.999993]  pairwise {'0-1': 0.0, '0-2': 0.0, '1-2': 0.0}
written -> results/opt_o2_stability.json
rc=0
