&&&& RUNNING TensorRT.trtexec [TensorRT v100700] [b23] # /usr/src/tensorrt/bin/trtexec --loadEngine=engines/pc_fp16.plan --shapes=input:1x15x3 --noDataTransfers --warmUp=500 --iterations=1000 --avgRuns=1000
[09/26/2026-21:30:30] [I] TF32 is enabled by default. Add --noTF32 flag to further improve accuracy with some performance cost.
[09/26/2026-21:30:30] [I] === Model Options ===
[09/26/2026-21:30:30] [I] Format: *
[09/26/2026-21:30:30] [I] Model: 
[09/26/2026-21:30:30] [I] Output:
[09/26/2026-21:30:30] [I] 
[09/26/2026-21:30:30] [I] === System Options ===
[09/26/2026-21:30:30] [I] Device: 0
[09/26/2026-21:30:30] [I] DLACore: 
[09/26/2026-21:30:30] [I] Plugins:
[09/26/2026-21:30:30] [I] setPluginsToSerialize:
[09/26/2026-21:30:30] [I] dynamicPlugins:
[09/26/2026-21:30:30] [I] ignoreParsedPluginLibs: 0
[09/26/2026-21:30:30] [I] 
[09/26/2026-21:30:30] [I] === Inference Options ===
[09/26/2026-21:30:30] [I] Batch: Explicit
[09/26/2026-21:30:30] [I] Input inference shape : input=1x15x3
[09/26/2026-21:30:30] [I] Iterations: 1000
[09/26/2026-21:30:30] [I] Duration: 3s (+ 500ms warm up)
[09/26/2026-21:30:30] [I] Sleep time: 0ms
[09/26/2026-21:30:30] [I] Idle time: 0ms
[09/26/2026-21:30:30] [I] Inference Streams: 1
[09/26/2026-21:30:30] [I] ExposeDMA: Disabled
[09/26/2026-21:30:30] [I] Data transfers: Disabled
[09/26/2026-21:30:30] [I] Spin-wait: Disabled
[09/26/2026-21:30:30] [I] Multithreading: Disabled
[09/26/2026-21:30:30] [I] CUDA Graph: Disabled
[09/26/2026-21:30:30] [I] Separate profiling: Disabled
[09/26/2026-21:30:30] [I] Time Deserialize: Disabled
[09/26/2026-21:30:30] [I] Time Refit: Disabled
[09/26/2026-21:30:30] [I] NVTX verbosity: 0
[09/26/2026-21:30:30] [I] Persistent Cache Ratio: 0
[09/26/2026-21:30:30] [I] Optimization Profile Index: 0
[09/26/2026-21:30:30] [I] Weight Streaming Budget: 100.000000%
[09/26/2026-21:30:30] [I] Inputs:
[09/26/2026-21:30:30] [I] Debug Tensor Save Destinations:
[09/26/2026-21:30:30] [I] === Reporting Options ===
[09/26/2026-21:30:30] [I] Verbose: Disabled
[09/26/2026-21:30:30] [I] Averages: 1000 inferences
[09/26/2026-21:30:30] [I] Percentiles: 90,95,99
[09/26/2026-21:30:30] [I] Dump refittable layers:Disabled
[09/26/2026-21:30:30] [I] Dump output: Disabled
[09/26/2026-21:30:30] [I] Profile: Disabled
[09/26/2026-21:30:30] [I] Export timing to JSON file: 
[09/26/2026-21:30:30] [I] Export output to JSON file: 
[09/26/2026-21:30:30] [I] Export profile to JSON file: 
[09/26/2026-21:30:30] [I] 
[09/26/2026-21:30:30] [I] === Device Information ===
[09/26/2026-21:30:30] [I] Available Devices: 
[09/26/2026-21:30:30] [I]   Device 0: "Orin" UUID: GPU-06a4d898-7626-52c4-9cec-60e6402aab7b
[09/26/2026-21:30:30] [I] Selected Device: Orin
[09/26/2026-21:30:30] [I] Selected Device ID: 0
[09/26/2026-21:30:30] [I] Selected Device UUID: GPU-06a4d898-7626-52c4-9cec-60e6402aab7b
[09/26/2026-21:30:30] [I] Compute Capability: 8.7
[09/26/2026-21:30:30] [I] SMs: 8
[09/26/2026-21:30:30] [I] Device Global Memory: 7619 MiB
[09/26/2026-21:30:30] [I] Shared Memory per SM: 164 KiB
[09/26/2026-21:30:30] [I] Memory Bus Width: 128 bits (ECC disabled)
[09/26/2026-21:30:30] [I] Application Compute Clock Rate: 1.02 GHz
[09/26/2026-21:30:30] [I] Application Memory Clock Rate: 1.02 GHz
[09/26/2026-21:30:30] [I] 
[09/26/2026-21:30:30] [I] Note: The application clock rates do not reflect the actual clock rates that the GPU is currently running at.
[09/26/2026-21:30:30] [I] 
[09/26/2026-21:30:30] [I] TensorRT version: 10.7.0
[09/26/2026-21:30:30] [I] Loading standard plugins
[09/26/2026-21:30:30] [I] [TRT] Loaded engine size: 6 MiB
[09/26/2026-21:30:30] [I] Engine deserialized in 0.0374124 sec.
[09/26/2026-21:30:30] [I] [TRT] [MemUsageChange] TensorRT-managed allocation in IExecutionContext creation: CPU +0, GPU +5, now: CPU 0, GPU 10 (MiB)
[09/26/2026-21:30:30] [I] Setting persistentCacheLimit to 0 bytes.
[09/26/2026-21:30:30] [I] Set shape of input tensor input to: 1x15x3
[09/26/2026-21:30:30] [I] Created execution context with device memory size: 4.63281 MiB
[09/26/2026-21:30:30] [I] Using random values for input input
[09/26/2026-21:30:30] [I] Input binding for input with dimensions 1x15x3 is created.
[09/26/2026-21:30:30] [I] Output binding for output with dimensions 1x1024 is created.
[09/26/2026-21:30:30] [I] Starting inference
[09/26/2026-21:30:33] [I] Warmup completed 1389 queries over 500 ms
[09/26/2026-21:30:33] [I] Timing trace has 9005 queries over 3.00068 s
[09/26/2026-21:30:33] [I] 
[09/26/2026-21:30:33] [I] === Trace details ===
[09/26/2026-21:30:33] [I] Trace averages of 1000 runs:
[09/26/2026-21:30:33] [I] Average on 1000 runs - GPU latency: 0.33082 ms - Host latency: 0.33082 ms (enqueue 0.216198 ms)
[09/26/2026-21:30:33] [I] Average on 1000 runs - GPU latency: 0.330709 ms - Host latency: 0.330709 ms (enqueue 0.216927 ms)
[09/26/2026-21:30:33] [I] Average on 1000 runs - GPU latency: 0.330689 ms - Host latency: 0.330689 ms (enqueue 0.216898 ms)
[09/26/2026-21:30:33] [I] Average on 1000 runs - GPU latency: 0.330623 ms - Host latency: 0.330623 ms (enqueue 0.21526 ms)
[09/26/2026-21:30:33] [I] Average on 1000 runs - GPU latency: 0.33063 ms - Host latency: 0.33063 ms (enqueue 0.2173 ms)
[09/26/2026-21:30:33] [I] Average on 1000 runs - GPU latency: 0.330666 ms - Host latency: 0.330666 ms (enqueue 0.214272 ms)
[09/26/2026-21:30:33] [I] Average on 1000 runs - GPU latency: 0.330593 ms - Host latency: 0.330593 ms (enqueue 0.216317 ms)
[09/26/2026-21:30:33] [I] Average on 1000 runs - GPU latency: 0.330602 ms - Host latency: 0.330602 ms (enqueue 0.21576 ms)
[09/26/2026-21:30:33] [I] Average on 1000 runs - GPU latency: 0.330612 ms - Host latency: 0.330612 ms (enqueue 0.217175 ms)
[09/26/2026-21:30:33] [I] 
[09/26/2026-21:30:33] [I] === Performance summary ===
[09/26/2026-21:30:33] [I] Throughput: 3000.99 qps
[09/26/2026-21:30:33] [I] Latency: min = 0.325684 ms, max = 0.401123 ms, mean = 0.330661 ms, median = 0.330566 ms, percentile(90%) = 0.33252 ms, percentile(95%) = 0.333008 ms, percentile(99%) = 0.333862 ms
[09/26/2026-21:30:33] [I] Enqueue Time: min = 0.189941 ms, max = 0.394897 ms, mean = 0.216234 ms, median = 0.2146 ms, percentile(90%) = 0.224121 ms, percentile(95%) = 0.232849 ms, percentile(99%) = 0.255371 ms
[09/26/2026-21:30:33] [I] H2D Latency: min = 0 ms, max = 0 ms, mean = 0 ms, median = 0 ms, percentile(90%) = 0 ms, percentile(95%) = 0 ms, percentile(99%) = 0 ms
[09/26/2026-21:30:33] [I] GPU Compute Time: min = 0.325684 ms, max = 0.401123 ms, mean = 0.330661 ms, median = 0.330566 ms, percentile(90%) = 0.33252 ms, percentile(95%) = 0.333008 ms, percentile(99%) = 0.333862 ms
[09/26/2026-21:30:33] [I] D2H Latency: min = 0 ms, max = 0 ms, mean = 0 ms, median = 0 ms, percentile(90%) = 0 ms, percentile(95%) = 0 ms, percentile(99%) = 0 ms
[09/26/2026-21:30:33] [I] Total Host Walltime: 3.00068 s
[09/26/2026-21:30:33] [I] Total GPU Compute Time: 2.9776 s
[09/26/2026-21:30:33] [I] Explanations of the performance metrics are printed in the verbose logs.
[09/26/2026-21:30:33] [I] 
&&&& PASSED TensorRT.trtexec [TensorRT v100700] [b23] # /usr/src/tensorrt/bin/trtexec --loadEngine=engines/pc_fp16.plan --shapes=input:1x15x3 --noDataTransfers --warmUp=500 --iterations=1000 --avgRuns=1000
