&&&& RUNNING TensorRT.trtexec [TensorRT v100700] [b23] # /usr/src/tensorrt/bin/trtexec --loadEngine=engines/pc_fp16.plan --shapes=input:8x15x3 --noDataTransfers --warmUp=500 --iterations=1000 --avgRuns=1000
[09/26/2026-21:30:37] [I] TF32 is enabled by default. Add --noTF32 flag to further improve accuracy with some performance cost.
[09/26/2026-21:30:37] [I] === Model Options ===
[09/26/2026-21:30:37] [I] Format: *
[09/26/2026-21:30:37] [I] Model: 
[09/26/2026-21:30:37] [I] Output:
[09/26/2026-21:30:37] [I] 
[09/26/2026-21:30:37] [I] === System Options ===
[09/26/2026-21:30:37] [I] Device: 0
[09/26/2026-21:30:37] [I] DLACore: 
[09/26/2026-21:30:37] [I] Plugins:
[09/26/2026-21:30:37] [I] setPluginsToSerialize:
[09/26/2026-21:30:37] [I] dynamicPlugins:
[09/26/2026-21:30:37] [I] ignoreParsedPluginLibs: 0
[09/26/2026-21:30:37] [I] 
[09/26/2026-21:30:37] [I] === Inference Options ===
[09/26/2026-21:30:37] [I] Batch: Explicit
[09/26/2026-21:30:37] [I] Input inference shape : input=8x15x3
[09/26/2026-21:30:37] [I] Iterations: 1000
[09/26/2026-21:30:37] [I] Duration: 3s (+ 500ms warm up)
[09/26/2026-21:30:37] [I] Sleep time: 0ms
[09/26/2026-21:30:37] [I] Idle time: 0ms
[09/26/2026-21:30:37] [I] Inference Streams: 1
[09/26/2026-21:30:37] [I] ExposeDMA: Disabled
[09/26/2026-21:30:37] [I] Data transfers: Disabled
[09/26/2026-21:30:37] [I] Spin-wait: Disabled
[09/26/2026-21:30:37] [I] Multithreading: Disabled
[09/26/2026-21:30:37] [I] CUDA Graph: Disabled
[09/26/2026-21:30:37] [I] Separate profiling: Disabled
[09/26/2026-21:30:37] [I] Time Deserialize: Disabled
[09/26/2026-21:30:37] [I] Time Refit: Disabled
[09/26/2026-21:30:37] [I] NVTX verbosity: 0
[09/26/2026-21:30:37] [I] Persistent Cache Ratio: 0
[09/26/2026-21:30:37] [I] Optimization Profile Index: 0
[09/26/2026-21:30:37] [I] Weight Streaming Budget: 100.000000%
[09/26/2026-21:30:37] [I] Inputs:
[09/26/2026-21:30:37] [I] Debug Tensor Save Destinations:
[09/26/2026-21:30:37] [I] === Reporting Options ===
[09/26/2026-21:30:37] [I] Verbose: Disabled
[09/26/2026-21:30:37] [I] Averages: 1000 inferences
[09/26/2026-21:30:37] [I] Percentiles: 90,95,99
[09/26/2026-21:30:37] [I] Dump refittable layers:Disabled
[09/26/2026-21:30:37] [I] Dump output: Disabled
[09/26/2026-21:30:37] [I] Profile: Disabled
[09/26/2026-21:30:37] [I] Export timing to JSON file: 
[09/26/2026-21:30:37] [I] Export output to JSON file: 
[09/26/2026-21:30:37] [I] Export profile to JSON file: 
[09/26/2026-21:30:37] [I] 
[09/26/2026-21:30:37] [I] === Device Information ===
[09/26/2026-21:30:37] [I] Available Devices: 
[09/26/2026-21:30:37] [I]   Device 0: "Orin" UUID: GPU-06a4d898-7626-52c4-9cec-60e6402aab7b
[09/26/2026-21:30:37] [I] Selected Device: Orin
[09/26/2026-21:30:37] [I] Selected Device ID: 0
[09/26/2026-21:30:37] [I] Selected Device UUID: GPU-06a4d898-7626-52c4-9cec-60e6402aab7b
[09/26/2026-21:30:37] [I] Compute Capability: 8.7
[09/26/2026-21:30:37] [I] SMs: 8
[09/26/2026-21:30:37] [I] Device Global Memory: 7619 MiB
[09/26/2026-21:30:37] [I] Shared Memory per SM: 164 KiB
[09/26/2026-21:30:37] [I] Memory Bus Width: 128 bits (ECC disabled)
[09/26/2026-21:30:37] [I] Application Compute Clock Rate: 1.02 GHz
[09/26/2026-21:30:37] [I] Application Memory Clock Rate: 1.02 GHz
[09/26/2026-21:30:37] [I] 
[09/26/2026-21:30:37] [I] Note: The application clock rates do not reflect the actual clock rates that the GPU is currently running at.
[09/26/2026-21:30:37] [I] 
[09/26/2026-21:30:37] [I] TensorRT version: 10.7.0
[09/26/2026-21:30:37] [I] Loading standard plugins
[09/26/2026-21:30:37] [I] [TRT] Loaded engine size: 6 MiB
[09/26/2026-21:30:37] [I] Engine deserialized in 0.0309902 sec.
[09/26/2026-21:30:37] [I] [TRT] [MemUsageChange] TensorRT-managed allocation in IExecutionContext creation: CPU +0, GPU +5, now: CPU 0, GPU 10 (MiB)
[09/26/2026-21:30:37] [I] Setting persistentCacheLimit to 0 bytes.
[09/26/2026-21:30:37] [I] Set shape of input tensor input to: 8x15x3
[09/26/2026-21:30:37] [I] Created execution context with device memory size: 4.63281 MiB
[09/26/2026-21:30:37] [I] Using random values for input input
[09/26/2026-21:30:37] [I] Input binding for input with dimensions 8x15x3 is created.
[09/26/2026-21:30:37] [I] Output binding for output with dimensions 8x1024 is created.
[09/26/2026-21:30:37] [I] Starting inference
[09/26/2026-21:30:41] [I] Warmup completed 1276 queries over 500 ms
[09/26/2026-21:30:41] [I] Timing trace has 8246 queries over 3.00053 s
[09/26/2026-21:30:41] [I] 
[09/26/2026-21:30:41] [I] === Trace details ===
[09/26/2026-21:30:41] [I] Trace averages of 1000 runs:
[09/26/2026-21:30:41] [I] Average on 1000 runs - GPU latency: 0.361447 ms - Host latency: 0.361447 ms (enqueue 0.216551 ms)
[09/26/2026-21:30:41] [I] Average on 1000 runs - GPU latency: 0.361485 ms - Host latency: 0.361485 ms (enqueue 0.217413 ms)
[09/26/2026-21:30:41] [I] Average on 1000 runs - GPU latency: 0.361375 ms - Host latency: 0.361375 ms (enqueue 0.217941 ms)
[09/26/2026-21:30:41] [I] Average on 1000 runs - GPU latency: 0.361509 ms - Host latency: 0.361509 ms (enqueue 0.217068 ms)
[09/26/2026-21:30:41] [I] Average on 1000 runs - GPU latency: 0.361426 ms - Host latency: 0.361426 ms (enqueue 0.21754 ms)
[09/26/2026-21:30:41] [I] Average on 1000 runs - GPU latency: 0.361364 ms - Host latency: 0.361364 ms (enqueue 0.211877 ms)
[09/26/2026-21:30:41] [I] Average on 1000 runs - GPU latency: 0.36146 ms - Host latency: 0.36146 ms (enqueue 0.212269 ms)
[09/26/2026-21:30:41] [I] Average on 1000 runs - GPU latency: 0.361552 ms - Host latency: 0.361552 ms (enqueue 0.215023 ms)
[09/26/2026-21:30:41] [I] 
[09/26/2026-21:30:41] [I] === Performance summary ===
[09/26/2026-21:30:41] [I] Throughput: 2748.18 qps
[09/26/2026-21:30:41] [I] Latency: min = 0.356445 ms, max = 0.366699 ms, mean = 0.361456 ms, median = 0.36145 ms, percentile(90%) = 0.363159 ms, percentile(95%) = 0.36377 ms, percentile(99%) = 0.364746 ms
[09/26/2026-21:30:41] [I] Enqueue Time: min = 0.192627 ms, max = 0.338135 ms, mean = 0.215697 ms, median = 0.213623 ms, percentile(90%) = 0.222534 ms, percentile(95%) = 0.230469 ms, percentile(99%) = 0.253174 ms
[09/26/2026-21:30:41] [I] H2D Latency: min = 0 ms, max = 0 ms, mean = 0 ms, median = 0 ms, percentile(90%) = 0 ms, percentile(95%) = 0 ms, percentile(99%) = 0 ms
[09/26/2026-21:30:41] [I] GPU Compute Time: min = 0.356445 ms, max = 0.366699 ms, mean = 0.361456 ms, median = 0.36145 ms, percentile(90%) = 0.363159 ms, percentile(95%) = 0.36377 ms, percentile(99%) = 0.364746 ms
[09/26/2026-21:30:41] [I] D2H Latency: min = 0 ms, max = 0 ms, mean = 0 ms, median = 0 ms, percentile(90%) = 0 ms, percentile(95%) = 0 ms, percentile(99%) = 0 ms
[09/26/2026-21:30:41] [I] Total Host Walltime: 3.00053 s
[09/26/2026-21:30:41] [I] Total GPU Compute Time: 2.98056 s
[09/26/2026-21:30:41] [I] Explanations of the performance metrics are printed in the verbose logs.
[09/26/2026-21:30:41] [I] 
&&&& PASSED TensorRT.trtexec [TensorRT v100700] [b23] # /usr/src/tensorrt/bin/trtexec --loadEngine=engines/pc_fp16.plan --shapes=input:8x15x3 --noDataTransfers --warmUp=500 --iterations=1000 --avgRuns=1000
