&&&& RUNNING TensorRT.trtexec [TensorRT v100700] [b23] # /usr/src/tensorrt/bin/trtexec --loadEngine=engines/hsi_fp16.plan --shapes=input:1x342x3x3 --noDataTransfers --warmUp=500 --iterations=1000 --avgRuns=1000
[09/26/2026-21:30:45] [I] TF32 is enabled by default. Add --noTF32 flag to further improve accuracy with some performance cost.
[09/26/2026-21:30:45] [I] === Model Options ===
[09/26/2026-21:30:45] [I] Format: *
[09/26/2026-21:30:45] [I] Model: 
[09/26/2026-21:30:45] [I] Output:
[09/26/2026-21:30:45] [I] 
[09/26/2026-21:30:45] [I] === System Options ===
[09/26/2026-21:30:45] [I] Device: 0
[09/26/2026-21:30:45] [I] DLACore: 
[09/26/2026-21:30:45] [I] Plugins:
[09/26/2026-21:30:45] [I] setPluginsToSerialize:
[09/26/2026-21:30:45] [I] dynamicPlugins:
[09/26/2026-21:30:45] [I] ignoreParsedPluginLibs: 0
[09/26/2026-21:30:45] [I] 
[09/26/2026-21:30:45] [I] === Inference Options ===
[09/26/2026-21:30:45] [I] Batch: Explicit
[09/26/2026-21:30:45] [I] Input inference shape : input=1x342x3x3
[09/26/2026-21:30:45] [I] Iterations: 1000
[09/26/2026-21:30:45] [I] Duration: 3s (+ 500ms warm up)
[09/26/2026-21:30:45] [I] Sleep time: 0ms
[09/26/2026-21:30:45] [I] Idle time: 0ms
[09/26/2026-21:30:45] [I] Inference Streams: 1
[09/26/2026-21:30:45] [I] ExposeDMA: Disabled
[09/26/2026-21:30:45] [I] Data transfers: Disabled
[09/26/2026-21:30:45] [I] Spin-wait: Disabled
[09/26/2026-21:30:45] [I] Multithreading: Disabled
[09/26/2026-21:30:45] [I] CUDA Graph: Disabled
[09/26/2026-21:30:45] [I] Separate profiling: Disabled
[09/26/2026-21:30:45] [I] Time Deserialize: Disabled
[09/26/2026-21:30:45] [I] Time Refit: Disabled
[09/26/2026-21:30:45] [I] NVTX verbosity: 0
[09/26/2026-21:30:45] [I] Persistent Cache Ratio: 0
[09/26/2026-21:30:45] [I] Optimization Profile Index: 0
[09/26/2026-21:30:45] [I] Weight Streaming Budget: 100.000000%
[09/26/2026-21:30:45] [I] Inputs:
[09/26/2026-21:30:45] [I] Debug Tensor Save Destinations:
[09/26/2026-21:30:45] [I] === Reporting Options ===
[09/26/2026-21:30:45] [I] Verbose: Disabled
[09/26/2026-21:30:45] [I] Averages: 1000 inferences
[09/26/2026-21:30:45] [I] Percentiles: 90,95,99
[09/26/2026-21:30:45] [I] Dump refittable layers:Disabled
[09/26/2026-21:30:45] [I] Dump output: Disabled
[09/26/2026-21:30:45] [I] Profile: Disabled
[09/26/2026-21:30:45] [I] Export timing to JSON file: 
[09/26/2026-21:30:45] [I] Export output to JSON file: 
[09/26/2026-21:30:45] [I] Export profile to JSON file: 
[09/26/2026-21:30:45] [I] 
[09/26/2026-21:30:45] [I] === Device Information ===
[09/26/2026-21:30:45] [I] Available Devices: 
[09/26/2026-21:30:45] [I]   Device 0: "Orin" UUID: GPU-06a4d898-7626-52c4-9cec-60e6402aab7b
[09/26/2026-21:30:45] [I] Selected Device: Orin
[09/26/2026-21:30:45] [I] Selected Device ID: 0
[09/26/2026-21:30:45] [I] Selected Device UUID: GPU-06a4d898-7626-52c4-9cec-60e6402aab7b
[09/26/2026-21:30:45] [I] Compute Capability: 8.7
[09/26/2026-21:30:45] [I] SMs: 8
[09/26/2026-21:30:45] [I] Device Global Memory: 7619 MiB
[09/26/2026-21:30:45] [I] Shared Memory per SM: 164 KiB
[09/26/2026-21:30:45] [I] Memory Bus Width: 128 bits (ECC disabled)
[09/26/2026-21:30:45] [I] Application Compute Clock Rate: 1.02 GHz
[09/26/2026-21:30:45] [I] Application Memory Clock Rate: 1.02 GHz
[09/26/2026-21:30:45] [I] 
[09/26/2026-21:30:45] [I] Note: The application clock rates do not reflect the actual clock rates that the GPU is currently running at.
[09/26/2026-21:30:45] [I] 
[09/26/2026-21:30:45] [I] TensorRT version: 10.7.0
[09/26/2026-21:30:45] [I] Loading standard plugins
[09/26/2026-21:30:45] [I] [TRT] Loaded engine size: 6 MiB
[09/26/2026-21:30:45] [I] Engine deserialized in 0.0642915 sec.
[09/26/2026-21:30:45] [I] [TRT] [MemUsageChange] TensorRT-managed allocation in IExecutionContext creation: CPU +0, GPU +3, now: CPU 0, GPU 8 (MiB)
[09/26/2026-21:30:45] [I] Setting persistentCacheLimit to 0 bytes.
[09/26/2026-21:30:45] [I] Set shape of input tensor input to: 1x342x3x3
[09/26/2026-21:30:45] [I] Created execution context with device memory size: 2.78125 MiB
[09/26/2026-21:30:45] [I] Using random values for input input
[09/26/2026-21:30:45] [I] Input binding for input with dimensions 1x342x3x3 is created.
[09/26/2026-21:30:45] [I] Output binding for output with dimensions 1x1024 is created.
[09/26/2026-21:30:45] [I] Starting inference
[09/26/2026-21:30:49] [I] Warmup completed 1280 queries over 500 ms
[09/26/2026-21:30:49] [I] Timing trace has 8278 queries over 3.00088 s
[09/26/2026-21:30:49] [I] 
[09/26/2026-21:30:49] [I] === Trace details ===
[09/26/2026-21:30:49] [I] Trace averages of 1000 runs:
[09/26/2026-21:30:49] [I] Average on 1000 runs - GPU latency: 0.360068 ms - Host latency: 0.360068 ms (enqueue 0.228836 ms)
[09/26/2026-21:30:49] [I] Average on 1000 runs - GPU latency: 0.36008 ms - Host latency: 0.36008 ms (enqueue 0.227959 ms)
[09/26/2026-21:30:49] [I] Average on 1000 runs - GPU latency: 0.36008 ms - Host latency: 0.36008 ms (enqueue 0.228446 ms)
[09/26/2026-21:30:49] [I] Average on 1000 runs - GPU latency: 0.359988 ms - Host latency: 0.359988 ms (enqueue 0.227419 ms)
[09/26/2026-21:30:49] [I] Average on 1000 runs - GPU latency: 0.359835 ms - Host latency: 0.359835 ms (enqueue 0.226913 ms)
[09/26/2026-21:30:49] [I] Average on 1000 runs - GPU latency: 0.359843 ms - Host latency: 0.359843 ms (enqueue 0.226646 ms)
[09/26/2026-21:30:49] [I] Average on 1000 runs - GPU latency: 0.359789 ms - Host latency: 0.359789 ms (enqueue 0.225851 ms)
[09/26/2026-21:30:49] [I] Average on 1000 runs - GPU latency: 0.359828 ms - Host latency: 0.359828 ms (enqueue 0.226371 ms)
[09/26/2026-21:30:49] [I] 
[09/26/2026-21:30:49] [I] === Performance summary ===
[09/26/2026-21:30:49] [I] Throughput: 2758.53 qps
[09/26/2026-21:30:49] [I] Latency: min = 0.35498 ms, max = 0.364929 ms, mean = 0.359944 ms, median = 0.359863 ms, percentile(90%) = 0.361572 ms, percentile(95%) = 0.362061 ms, percentile(99%) = 0.363037 ms
[09/26/2026-21:30:49] [I] Enqueue Time: min = 0.207275 ms, max = 0.335205 ms, mean = 0.227345 ms, median = 0.224854 ms, percentile(90%) = 0.236328 ms, percentile(95%) = 0.243408 ms, percentile(99%) = 0.264404 ms
[09/26/2026-21:30:49] [I] H2D Latency: min = 0 ms, max = 0 ms, mean = 0 ms, median = 0 ms, percentile(90%) = 0 ms, percentile(95%) = 0 ms, percentile(99%) = 0 ms
[09/26/2026-21:30:49] [I] GPU Compute Time: min = 0.35498 ms, max = 0.364929 ms, mean = 0.359944 ms, median = 0.359863 ms, percentile(90%) = 0.361572 ms, percentile(95%) = 0.362061 ms, percentile(99%) = 0.363037 ms
[09/26/2026-21:30:49] [I] D2H Latency: min = 0 ms, max = 0 ms, mean = 0 ms, median = 0 ms, percentile(90%) = 0 ms, percentile(95%) = 0 ms, percentile(99%) = 0 ms
[09/26/2026-21:30:49] [I] Total Host Walltime: 3.00088 s
[09/26/2026-21:30:49] [I] Total GPU Compute Time: 2.97962 s
[09/26/2026-21:30:49] [I] Explanations of the performance metrics are printed in the verbose logs.
[09/26/2026-21:30:49] [I] 
&&&& PASSED TensorRT.trtexec [TensorRT v100700] [b23] # /usr/src/tensorrt/bin/trtexec --loadEngine=engines/hsi_fp16.plan --shapes=input:1x342x3x3 --noDataTransfers --warmUp=500 --iterations=1000 --avgRuns=1000
