&&&& RUNNING TensorRT.trtexec [TensorRT v100700] [b23] # /usr/src/tensorrt/bin/trtexec --loadEngine=engines/pc_fp16.plan --shapes=input:8x15x3 --noDataTransfers --warmUp=500 --iterations=1000 --avgRuns=1000 --useCudaGraph
[09/26/2026-21:30:41] [I] TF32 is enabled by default. Add --noTF32 flag to further improve accuracy with some performance cost.
[09/26/2026-21:30:41] [I] === Model Options ===
[09/26/2026-21:30:41] [I] Format: *
[09/26/2026-21:30:41] [I] Model: 
[09/26/2026-21:30:41] [I] Output:
[09/26/2026-21:30:41] [I] 
[09/26/2026-21:30:41] [I] === System Options ===
[09/26/2026-21:30:41] [I] Device: 0
[09/26/2026-21:30:41] [I] DLACore: 
[09/26/2026-21:30:41] [I] Plugins:
[09/26/2026-21:30:41] [I] setPluginsToSerialize:
[09/26/2026-21:30:41] [I] dynamicPlugins:
[09/26/2026-21:30:41] [I] ignoreParsedPluginLibs: 0
[09/26/2026-21:30:41] [I] 
[09/26/2026-21:30:41] [I] === Inference Options ===
[09/26/2026-21:30:41] [I] Batch: Explicit
[09/26/2026-21:30:41] [I] Input inference shape : input=8x15x3
[09/26/2026-21:30:41] [I] Iterations: 1000
[09/26/2026-21:30:41] [I] Duration: 3s (+ 500ms warm up)
[09/26/2026-21:30:41] [I] Sleep time: 0ms
[09/26/2026-21:30:41] [I] Idle time: 0ms
[09/26/2026-21:30:41] [I] Inference Streams: 1
[09/26/2026-21:30:41] [I] ExposeDMA: Disabled
[09/26/2026-21:30:41] [I] Data transfers: Disabled
[09/26/2026-21:30:41] [I] Spin-wait: Disabled
[09/26/2026-21:30:41] [I] Multithreading: Disabled
[09/26/2026-21:30:41] [I] CUDA Graph: Enabled
[09/26/2026-21:30:41] [I] Separate profiling: Disabled
[09/26/2026-21:30:41] [I] Time Deserialize: Disabled
[09/26/2026-21:30:41] [I] Time Refit: Disabled
[09/26/2026-21:30:41] [I] NVTX verbosity: 0
[09/26/2026-21:30:41] [I] Persistent Cache Ratio: 0
[09/26/2026-21:30:41] [I] Optimization Profile Index: 0
[09/26/2026-21:30:41] [I] Weight Streaming Budget: 100.000000%
[09/26/2026-21:30:41] [I] Inputs:
[09/26/2026-21:30:41] [I] Debug Tensor Save Destinations:
[09/26/2026-21:30:41] [I] === Reporting Options ===
[09/26/2026-21:30:41] [I] Verbose: Disabled
[09/26/2026-21:30:41] [I] Averages: 1000 inferences
[09/26/2026-21:30:41] [I] Percentiles: 90,95,99
[09/26/2026-21:30:41] [I] Dump refittable layers:Disabled
[09/26/2026-21:30:41] [I] Dump output: Disabled
[09/26/2026-21:30:41] [I] Profile: Disabled
[09/26/2026-21:30:41] [I] Export timing to JSON file: 
[09/26/2026-21:30:41] [I] Export output to JSON file: 
[09/26/2026-21:30:41] [I] Export profile to JSON file: 
[09/26/2026-21:30:41] [I] 
[09/26/2026-21:30:41] [I] === Device Information ===
[09/26/2026-21:30:41] [I] Available Devices: 
[09/26/2026-21:30:41] [I]   Device 0: "Orin" UUID: GPU-06a4d898-7626-52c4-9cec-60e6402aab7b
[09/26/2026-21:30:41] [I] Selected Device: Orin
[09/26/2026-21:30:41] [I] Selected Device ID: 0
[09/26/2026-21:30:41] [I] Selected Device UUID: GPU-06a4d898-7626-52c4-9cec-60e6402aab7b
[09/26/2026-21:30:41] [I] Compute Capability: 8.7
[09/26/2026-21:30:41] [I] SMs: 8
[09/26/2026-21:30:41] [I] Device Global Memory: 7619 MiB
[09/26/2026-21:30:41] [I] Shared Memory per SM: 164 KiB
[09/26/2026-21:30:41] [I] Memory Bus Width: 128 bits (ECC disabled)
[09/26/2026-21:30:41] [I] Application Compute Clock Rate: 1.02 GHz
[09/26/2026-21:30:41] [I] Application Memory Clock Rate: 1.02 GHz
[09/26/2026-21:30:41] [I] 
[09/26/2026-21:30:41] [I] Note: The application clock rates do not reflect the actual clock rates that the GPU is currently running at.
[09/26/2026-21:30:41] [I] 
[09/26/2026-21:30:41] [I] TensorRT version: 10.7.0
[09/26/2026-21:30:41] [I] Loading standard plugins
[09/26/2026-21:30:41] [I] [TRT] Loaded engine size: 6 MiB
[09/26/2026-21:30:41] [I] Engine deserialized in 0.0305542 sec.
[09/26/2026-21:30:41] [I] [TRT] [MemUsageChange] TensorRT-managed allocation in IExecutionContext creation: CPU +0, GPU +5, now: CPU 0, GPU 10 (MiB)
[09/26/2026-21:30:41] [I] Setting persistentCacheLimit to 0 bytes.
[09/26/2026-21:30:41] [I] Set shape of input tensor input to: 8x15x3
[09/26/2026-21:30:41] [I] Created execution context with device memory size: 4.63281 MiB
[09/26/2026-21:30:41] [I] Using random values for input input
[09/26/2026-21:30:41] [I] Input binding for input with dimensions 8x15x3 is created.
[09/26/2026-21:30:41] [I] Output binding for output with dimensions 8x1024 is created.
[09/26/2026-21:30:41] [I] Starting inference
[09/26/2026-21:30:41] [I] Capturing CUDA graph for the current execution context
[09/26/2026-21:30:41] [I] Successfully captured CUDA graph for the current execution context
[09/26/2026-21:30:45] [I] Warmup completed 1806 queries over 500 ms
[09/26/2026-21:30:45] [I] Timing trace has 11724 queries over 3.00045 s
[09/26/2026-21:30:45] [I] 
[09/26/2026-21:30:45] [I] === Trace details ===
[09/26/2026-21:30:45] [I] Trace averages of 1000 runs:
[09/26/2026-21:30:45] [I] Average on 1000 runs - GPU latency: 0.253431 ms - Host latency: 0.253431 ms (enqueue 0.00540845 ms)
[09/26/2026-21:30:45] [I] Average on 1000 runs - GPU latency: 0.25351 ms - Host latency: 0.25351 ms (enqueue 0.00543597 ms)
[09/26/2026-21:30:45] [I] Average on 1000 runs - GPU latency: 0.253602 ms - Host latency: 0.253602 ms (enqueue 0.00545825 ms)
[09/26/2026-21:30:45] [I] Average on 1000 runs - GPU latency: 0.25351 ms - Host latency: 0.25351 ms (enqueue 0.00537769 ms)
[09/26/2026-21:30:45] [I] Average on 1000 runs - GPU latency: 0.253564 ms - Host latency: 0.253564 ms (enqueue 0.00539331 ms)
[09/26/2026-21:30:45] [I] Average on 1000 runs - GPU latency: 0.25347 ms - Host latency: 0.25347 ms (enqueue 0.00538135 ms)
[09/26/2026-21:30:45] [I] Average on 1000 runs - GPU latency: 0.253596 ms - Host latency: 0.253596 ms (enqueue 0.00547168 ms)
[09/26/2026-21:30:45] [I] Average on 1000 runs - GPU latency: 0.253561 ms - Host latency: 0.253561 ms (enqueue 0.00539966 ms)
[09/26/2026-21:30:45] [I] Average on 1000 runs - GPU latency: 0.253504 ms - Host latency: 0.253504 ms (enqueue 0.00519873 ms)
[09/26/2026-21:30:45] [I] Average on 1000 runs - GPU latency: 0.253532 ms - Host latency: 0.253532 ms (enqueue 0.00513745 ms)
[09/26/2026-21:30:45] [I] Average on 1000 runs - GPU latency: 0.253533 ms - Host latency: 0.253533 ms (enqueue 0.00530713 ms)
[09/26/2026-21:30:45] [I] 
[09/26/2026-21:30:45] [I] === Performance summary ===
[09/26/2026-21:30:45] [I] Throughput: 3907.41 qps
[09/26/2026-21:30:45] [I] Latency: min = 0.250977 ms, max = 0.256287 ms, mean = 0.253521 ms, median = 0.25354 ms, percentile(90%) = 0.254395 ms, percentile(95%) = 0.254639 ms, percentile(99%) = 0.255127 ms
[09/26/2026-21:30:45] [I] Enqueue Time: min = 0.00415039 ms, max = 0.0285645 ms, mean = 0.00535857 ms, median = 0.00537109 ms, percentile(90%) = 0.00561523 ms, percentile(95%) = 0.00585938 ms, percentile(99%) = 0.00671387 ms
[09/26/2026-21:30:45] [I] H2D Latency: min = 0 ms, max = 0 ms, mean = 0 ms, median = 0 ms, percentile(90%) = 0 ms, percentile(95%) = 0 ms, percentile(99%) = 0 ms
[09/26/2026-21:30:45] [I] GPU Compute Time: min = 0.250977 ms, max = 0.256287 ms, mean = 0.253521 ms, median = 0.25354 ms, percentile(90%) = 0.254395 ms, percentile(95%) = 0.254639 ms, percentile(99%) = 0.255127 ms
[09/26/2026-21:30:45] [I] D2H Latency: min = 0 ms, max = 0 ms, mean = 0 ms, median = 0 ms, percentile(90%) = 0 ms, percentile(95%) = 0 ms, percentile(99%) = 0 ms
[09/26/2026-21:30:45] [I] Total Host Walltime: 3.00045 s
[09/26/2026-21:30:45] [I] Total GPU Compute Time: 2.97228 s
[09/26/2026-21:30:45] [I] Explanations of the performance metrics are printed in the verbose logs.
[09/26/2026-21:30:45] [I] 
&&&& PASSED TensorRT.trtexec [TensorRT v100700] [b23] # /usr/src/tensorrt/bin/trtexec --loadEngine=engines/pc_fp16.plan --shapes=input:8x15x3 --noDataTransfers --warmUp=500 --iterations=1000 --avgRuns=1000 --useCudaGraph
