&&&& RUNNING TensorRT.trtexec [TensorRT v100700] [b23] # /usr/src/tensorrt/bin/trtexec --loadEngine=engines/hsi_fp16.plan --shapes=input:8x342x3x3 --noDataTransfers --warmUp=500 --iterations=1000 --avgRuns=1000 --useCudaGraph
[09/26/2026-21:30:56] [I] TF32 is enabled by default. Add --noTF32 flag to further improve accuracy with some performance cost.
[09/26/2026-21:30:56] [I] === Model Options ===
[09/26/2026-21:30:56] [I] Format: *
[09/26/2026-21:30:56] [I] Model: 
[09/26/2026-21:30:56] [I] Output:
[09/26/2026-21:30:56] [I] 
[09/26/2026-21:30:56] [I] === System Options ===
[09/26/2026-21:30:56] [I] Device: 0
[09/26/2026-21:30:56] [I] DLACore: 
[09/26/2026-21:30:56] [I] Plugins:
[09/26/2026-21:30:56] [I] setPluginsToSerialize:
[09/26/2026-21:30:56] [I] dynamicPlugins:
[09/26/2026-21:30:56] [I] ignoreParsedPluginLibs: 0
[09/26/2026-21:30:56] [I] 
[09/26/2026-21:30:56] [I] === Inference Options ===
[09/26/2026-21:30:56] [I] Batch: Explicit
[09/26/2026-21:30:56] [I] Input inference shape : input=8x342x3x3
[09/26/2026-21:30:56] [I] Iterations: 1000
[09/26/2026-21:30:56] [I] Duration: 3s (+ 500ms warm up)
[09/26/2026-21:30:56] [I] Sleep time: 0ms
[09/26/2026-21:30:56] [I] Idle time: 0ms
[09/26/2026-21:30:56] [I] Inference Streams: 1
[09/26/2026-21:30:56] [I] ExposeDMA: Disabled
[09/26/2026-21:30:56] [I] Data transfers: Disabled
[09/26/2026-21:30:56] [I] Spin-wait: Disabled
[09/26/2026-21:30:56] [I] Multithreading: Disabled
[09/26/2026-21:30:56] [I] CUDA Graph: Enabled
[09/26/2026-21:30:56] [I] Separate profiling: Disabled
[09/26/2026-21:30:56] [I] Time Deserialize: Disabled
[09/26/2026-21:30:56] [I] Time Refit: Disabled
[09/26/2026-21:30:56] [I] NVTX verbosity: 0
[09/26/2026-21:30:56] [I] Persistent Cache Ratio: 0
[09/26/2026-21:30:56] [I] Optimization Profile Index: 0
[09/26/2026-21:30:56] [I] Weight Streaming Budget: 100.000000%
[09/26/2026-21:30:56] [I] Inputs:
[09/26/2026-21:30:56] [I] Debug Tensor Save Destinations:
[09/26/2026-21:30:56] [I] === Reporting Options ===
[09/26/2026-21:30:56] [I] Verbose: Disabled
[09/26/2026-21:30:56] [I] Averages: 1000 inferences
[09/26/2026-21:30:56] [I] Percentiles: 90,95,99
[09/26/2026-21:30:56] [I] Dump refittable layers:Disabled
[09/26/2026-21:30:56] [I] Dump output: Disabled
[09/26/2026-21:30:56] [I] Profile: Disabled
[09/26/2026-21:30:56] [I] Export timing to JSON file: 
[09/26/2026-21:30:56] [I] Export output to JSON file: 
[09/26/2026-21:30:56] [I] Export profile to JSON file: 
[09/26/2026-21:30:56] [I] 
[09/26/2026-21:30:56] [I] === Device Information ===
[09/26/2026-21:30:56] [I] Available Devices: 
[09/26/2026-21:30:56] [I]   Device 0: "Orin" UUID: GPU-06a4d898-7626-52c4-9cec-60e6402aab7b
[09/26/2026-21:30:56] [I] Selected Device: Orin
[09/26/2026-21:30:56] [I] Selected Device ID: 0
[09/26/2026-21:30:56] [I] Selected Device UUID: GPU-06a4d898-7626-52c4-9cec-60e6402aab7b
[09/26/2026-21:30:56] [I] Compute Capability: 8.7
[09/26/2026-21:30:56] [I] SMs: 8
[09/26/2026-21:30:56] [I] Device Global Memory: 7619 MiB
[09/26/2026-21:30:56] [I] Shared Memory per SM: 164 KiB
[09/26/2026-21:30:56] [I] Memory Bus Width: 128 bits (ECC disabled)
[09/26/2026-21:30:56] [I] Application Compute Clock Rate: 1.02 GHz
[09/26/2026-21:30:56] [I] Application Memory Clock Rate: 1.02 GHz
[09/26/2026-21:30:56] [I] 
[09/26/2026-21:30:56] [I] Note: The application clock rates do not reflect the actual clock rates that the GPU is currently running at.
[09/26/2026-21:30:56] [I] 
[09/26/2026-21:30:56] [I] TensorRT version: 10.7.0
[09/26/2026-21:30:56] [I] Loading standard plugins
[09/26/2026-21:30:56] [I] [TRT] Loaded engine size: 6 MiB
[09/26/2026-21:30:56] [I] Engine deserialized in 0.0324604 sec.
[09/26/2026-21:30:56] [I] [TRT] [MemUsageChange] TensorRT-managed allocation in IExecutionContext creation: CPU +0, GPU +3, now: CPU 0, GPU 8 (MiB)
[09/26/2026-21:30:56] [I] Setting persistentCacheLimit to 0 bytes.
[09/26/2026-21:30:56] [I] Set shape of input tensor input to: 8x342x3x3
[09/26/2026-21:30:56] [I] Created execution context with device memory size: 2.78125 MiB
[09/26/2026-21:30:56] [I] Using random values for input input
[09/26/2026-21:30:56] [I] Input binding for input with dimensions 8x342x3x3 is created.
[09/26/2026-21:30:56] [I] Output binding for output with dimensions 8x1024 is created.
[09/26/2026-21:30:56] [I] Starting inference
[09/26/2026-21:30:56] [I] Capturing CUDA graph for the current execution context
[09/26/2026-21:30:56] [I] Successfully captured CUDA graph for the current execution context
[09/26/2026-21:31:00] [I] Warmup completed 1727 queries over 500 ms
[09/26/2026-21:31:00] [I] Timing trace has 11201 queries over 3.00047 s
[09/26/2026-21:31:00] [I] 
[09/26/2026-21:31:00] [I] === Trace details ===
[09/26/2026-21:31:00] [I] Trace averages of 1000 runs:
[09/26/2026-21:31:00] [I] Average on 1000 runs - GPU latency: 0.265344 ms - Host latency: 0.265344 ms (enqueue 0.00545309 ms)
[09/26/2026-21:31:00] [I] Average on 1000 runs - GPU latency: 0.265288 ms - Host latency: 0.265288 ms (enqueue 0.00542584 ms)
[09/26/2026-21:31:00] [I] Average on 1000 runs - GPU latency: 0.265325 ms - Host latency: 0.265325 ms (enqueue 0.00547595 ms)
[09/26/2026-21:31:00] [I] Average on 1000 runs - GPU latency: 0.265263 ms - Host latency: 0.265263 ms (enqueue 0.00546826 ms)
[09/26/2026-21:31:00] [I] Average on 1000 runs - GPU latency: 0.265337 ms - Host latency: 0.265337 ms (enqueue 0.00543958 ms)
[09/26/2026-21:31:00] [I] Average on 1000 runs - GPU latency: 0.265337 ms - Host latency: 0.265337 ms (enqueue 0.00542627 ms)
[09/26/2026-21:31:00] [I] Average on 1000 runs - GPU latency: 0.265293 ms - Host latency: 0.265293 ms (enqueue 0.00538013 ms)
[09/26/2026-21:31:00] [I] Average on 1000 runs - GPU latency: 0.26533 ms - Host latency: 0.26533 ms (enqueue 0.00547827 ms)
[09/26/2026-21:31:00] [I] Average on 1000 runs - GPU latency: 0.265334 ms - Host latency: 0.265334 ms (enqueue 0.00544604 ms)
[09/26/2026-21:31:00] [I] Average on 1000 runs - GPU latency: 0.267047 ms - Host latency: 0.267047 ms (enqueue 0.00545801 ms)
[09/26/2026-21:31:00] [I] Average on 1000 runs - GPU latency: 0.265333 ms - Host latency: 0.265333 ms (enqueue 0.00541187 ms)
[09/26/2026-21:31:00] [I] 
[09/26/2026-21:31:00] [I] === Performance summary ===
[09/26/2026-21:31:00] [I] Throughput: 3733.08 qps
[09/26/2026-21:31:00] [I] Latency: min = 0.263428 ms, max = 1.4812 ms, mean = 0.265468 ms, median = 0.26532 ms, percentile(90%) = 0.265991 ms, percentile(95%) = 0.266235 ms, percentile(99%) = 0.266846 ms
[09/26/2026-21:31:00] [I] Enqueue Time: min = 0.00439453 ms, max = 0.0250244 ms, mean = 0.0054427 ms, median = 0.00537109 ms, percentile(90%) = 0.00561523 ms, percentile(95%) = 0.00598145 ms, percentile(99%) = 0.0065918 ms
[09/26/2026-21:31:00] [I] H2D Latency: min = 0 ms, max = 0 ms, mean = 0 ms, median = 0 ms, percentile(90%) = 0 ms, percentile(95%) = 0 ms, percentile(99%) = 0 ms
[09/26/2026-21:31:00] [I] GPU Compute Time: min = 0.263428 ms, max = 1.4812 ms, mean = 0.265468 ms, median = 0.26532 ms, percentile(90%) = 0.265991 ms, percentile(95%) = 0.266235 ms, percentile(99%) = 0.266846 ms
[09/26/2026-21:31:00] [I] D2H Latency: min = 0 ms, max = 0 ms, mean = 0 ms, median = 0 ms, percentile(90%) = 0 ms, percentile(95%) = 0 ms, percentile(99%) = 0 ms
[09/26/2026-21:31:00] [I] Total Host Walltime: 3.00047 s
[09/26/2026-21:31:00] [I] Total GPU Compute Time: 2.97351 s
[09/26/2026-21:31:00] [W] * GPU compute time is unstable, with coefficient of variance = 4.65536%.
[09/26/2026-21:31:00] [W]   If not already in use, locking GPU clock frequency or adding --useSpinWait may improve the stability.
[09/26/2026-21:31:00] [I] Explanations of the performance metrics are printed in the verbose logs.
[09/26/2026-21:31:00] [I] 
&&&& PASSED TensorRT.trtexec [TensorRT v100700] [b23] # /usr/src/tensorrt/bin/trtexec --loadEngine=engines/hsi_fp16.plan --shapes=input:8x342x3x3 --noDataTransfers --warmUp=500 --iterations=1000 --avgRuns=1000 --useCudaGraph
