/home/jetson/miniforge3/envs/hspc-jetson/lib/python3.10/site-packages/osgeo/gdal.py:330: FutureWarning: Neither gdal.UseExceptions() nor gdal.DontUseExceptions() has been explicitly called. In GDAL 4.0, exceptions will be enabled by default.
  warnings.warn(
[1/6] load_hsi: /home/jetson/hspc_jetson/data/hsi_spatial_spectral_resampled_common_342/24data/hsi/10.6/1_spec342.dat
  shape=(342, 96, 165) gt=(120.75871804, 4.8823050566e-07, -0.0, 32.26759253, -0.0, -4.1481996351e-07)
[2/6] standardize + full patch grid
  patches: (15840, 342, 3, 3)
[3/6] valid_vegetation_mask
  valid pixels: 9645/15840
[4/6] load LAS: /home/jetson/hspc_jetson/data/lai_icp_registered_resampled_hsi/24data/10.6/rice_las/1_rice_icp.las
  points: 159897
[5/6] project xyz -> canonical pixels
  in_bounds=159897 eligible(valid)=137905
  sampled eligible: 1000
[6/6] build_point_offsets for eligible points
{
  "hsi_path": "/home/jetson/hspc_jetson/data/hsi_spatial_spectral_resampled_common_342/24data/hsi/10.6/1_spec342.dat",
  "las_path": "/home/jetson/hspc_jetson/data/lai_icp_registered_resampled_hsi/24data/10.6/rice_las/1_rice_icp.las",
  "hsi_shape": [
    342,
    96,
    165
  ],
  "n_las_points": 159897,
  "n_eligible_total_before_sample": 137905,
  "n_sampled": 1000,
  "n_grid_patches": 15840
}
written /home/jetson/hspc_jetson/results/e2e_scene_preprocessed.npz
