/home/jetson/miniforge3/envs/hspc-jetson/lib/python3.10/site-packages/osgeo/gdal.py:330: FutureWarning: Neither gdal.UseExceptions() nor gdal.DontUseExceptions() has been explicitly called. In GDAL 4.0, exceptions will be enabled by default.
  warnings.warn(
{
  "scene": "24data/10.6/1",
  "overlap_las": true,
  "las_workers": -1,
  "las_parallel": false,
  "hsi_engine": "engines/hsi_fp16_scene1024.plan",
  "pc_engine": "engines/pc_fp16_scene1024.plan",
  "max_batch": 1024,
  "n_valid_pixels": 9645,
  "n_points": 1000,
  "warmup": 2,
  "repeat": 10,
  "engine_load_sec": 0.24966707899875473,
  "cold_start": {
    "note": "进程内首次整景（含 CUDA/PROJ 初始化）；页缓存未清",
    "total_sec": 0.7651026129969978,
    "segments_ms": {
      "load_hsi_io": 151.52275400032522,
      "standardize_and_mask": 31.90809000079753,
      "hsi_patch_and_launch": 76.85245599714108,
      "laspy_read_io": 11.849545997392852,
      "crs_transformer_init": 7.9230689952964894,
      "projection": 52.029227997991256,
      "mask_filter": 3.9244920044438913,
      "rng_sample": 0.633301999187097,
      "ckdtree_build": 43.70582599949557,
      "ckdtree_query_offsets": 21.112055001140106,
      "hsi_wait": 7.510221999837086,
      "pc_infer_assemble_match": 278.04928100522375
    }
  },
  "warm": {
    "total_ms_median": 285.4395305039361,
    "total_ms_all": [
      286.5032810004777,
      286.74735400272766,
      293.54836700076703,
      284.6756309954799,
      286.82262000074843,
      285.49015600583516,
      284.4699920024141,
      285.38890500203706,
      283.9832550016581,
      282.91272000205936
    ],
    "segments_ms_median": {
      "load_hsi_io": 52.76763900110382,
      "standardize_and_mask": 22.484567503852304,
      "hsi_patch_and_launch": 8.512066000548657,
      "laspy_read_io": 7.509789502364583,
      "crs_transformer_init": 1.5663605008739978,
      "projection": 59.439142500195885,
      "mask_filter": 4.527746503299568,
      "rng_sample": 0.5675245010934304,
      "ckdtree_build": 50.749870504660066,
      "ckdtree_query_offsets": 20.480015999055468,
      "hsi_wait": 1.3420955001492985,
      "pc_infer_assemble_match": 55.73043299955316
    },
    "io_ms_median_sum": 60.2774285034684,
    "total_without_io_ms_median": 225.1621020004677
  },
  "determinism_match_rowcols_identical_across_reps": {
    "DTP": true,
    "DTP+Spatial": true
  },
  "guardrail_vs_cache": {
    "valid_mask": true,
    "point_offsets": true,
    "ref_rows": true,
    "ref_cols": true
  }
}
written -> results/jetson_e2e/e2e_full_D_24data_10.6_1_rev.json
rc=0
