/home/jetson/miniforge3/envs/hspc-jetson/lib/python3.10/site-packages/osgeo/gdal.py:330: FutureWarning: Neither gdal.UseExceptions() nor gdal.DontUseExceptions() has been explicitly called. In GDAL 4.0, exceptions will be enabled by default.
  warnings.warn(
{
  "scene": "24data/10.6/1",
  "overlap_las": true,
  "las_workers": -1,
  "las_parallel": true,
  "hsi_engine": "engines/hsi_fp16_scene1024.plan",
  "pc_engine": "engines/pc_fp16_scene1024.plan",
  "max_batch": 1024,
  "n_valid_pixels": 9645,
  "n_points": 1000,
  "warmup": 2,
  "repeat": 10,
  "engine_load_sec": 0.2502764119999483,
  "cold_start": {
    "note": "进程内首次整景（含 CUDA/PROJ 初始化）；页缓存未清",
    "total_sec": 0.7273031769946101,
    "segments_ms": {
      "load_hsi_io": 151.70071199827362,
      "standardize_and_mask": 32.38365900324425,
      "hsi_patch_and_launch": 77.85085999785224,
      "laspy_read_io": 12.381949003611226,
      "crs_transformer_init": 7.285669998964295,
      "projection": 52.33826400217367,
      "mask_filter": 3.8796910012024455,
      "rng_sample": 0.6620400017709471,
      "ckdtree_build_wait": 0.15149400132941082,
      "ckdtree_query_offsets": 20.814858995436225,
      "hsi_wait": 7.713589002378285,
      "pc_infer_assemble_match": 278.54382800433086
    }
  },
  "warm": {
    "total_ms_median": 254.77150199731113,
    "total_ms_all": [
      257.10229000105755,
      256.4024250023067,
      259.5520739996573,
      254.87148999673082,
      254.67151399789145,
      253.2649990025675,
      253.91455899807625,
      254.4440499987104,
      253.4606539993547,
      255.29262400232255
    ],
    "segments_ms_median": {
      "load_hsi_io": 51.66769600327825,
      "standardize_and_mask": 22.910678999323864,
      "hsi_patch_and_launch": 8.540514500054996,
      "laspy_read_io": 7.231347499327967,
      "crs_transformer_init": 1.3437765010166913,
      "projection": 61.094514501746744,
      "mask_filter": 4.429167001944734,
      "rng_sample": 0.539363500138279,
      "ckdtree_build_wait": 0.1438449980923906,
      "ckdtree_query_offsets": 25.25713149952935,
      "hsi_wait": 29.068691499560373,
      "pc_infer_assemble_match": 40.62667550169863
    },
    "io_ms_median_sum": 58.89904350260622,
    "total_without_io_ms_median": 195.87245849470492
  },
  "determinism_match_rowcols_identical_across_reps": {
    "DTP": true,
    "DTP+Spatial": true
  },
  "guardrail_vs_cache": {
    "valid_mask": true,
    "point_offsets": true,
    "ref_rows": true,
    "ref_cols": true
  }
}
written -> results/jetson_e2e/e2e_full_E_24data_10.6_1_rev.json
rc=0
