/home/jetson/miniforge3/envs/hspc-jetson/lib/python3.10/site-packages/osgeo/gdal.py:330: FutureWarning: Neither gdal.UseExceptions() nor gdal.DontUseExceptions() has been explicitly called. In GDAL 4.0, exceptions will be enabled by default.
  warnings.warn(
{
  "scene": "24data/10.6/1",
  "overlap_las": true,
  "las_workers": -1,
  "las_parallel": false,
  "hsi_engine": "engines/hsi_fp16_scene1024.plan",
  "pc_engine": "engines/pc_fp16_scene1024.plan",
  "max_batch": 1024,
  "n_valid_pixels": 9645,
  "n_points": 1000,
  "warmup": 2,
  "repeat": 10,
  "engine_load_sec": 0.2513322589948075,
  "cold_start": {
    "note": "进程内首次整景（含 CUDA/PROJ 初始化）；页缓存未清",
    "total_sec": 0.7690052530015237,
    "segments_ms": {
      "load_hsi_io": 152.7104449996841,
      "standardize_and_mask": 32.601810999040026,
      "hsi_patch_and_launch": 78.89441800216446,
      "laspy_read_io": 12.40252500429051,
      "crs_transformer_init": 7.262085004185792,
      "projection": 51.408727005764376,
      "mask_filter": 3.8902840024093166,
      "rng_sample": 0.6237659981707111,
      "ckdtree_build": 43.48105000099167,
      "ckdtree_query_offsets": 20.35170699673472,
      "hsi_wait": 7.492237004044,
      "pc_infer_assemble_match": 277.6380680006696
    }
  },
  "warm": {
    "total_ms_median": 285.42581999863614,
    "total_ms_all": [
      287.0085810063756,
      289.32546400028514,
      287.78172899910714,
      283.6780289944727,
      285.49038199707866,
      285.5390559998341,
      284.7065140013001,
      285.3401680040406,
      285.36125800019363,
      284.67649699450703
    ],
    "segments_ms_median": {
      "load_hsi_io": 52.04134149971651,
      "standardize_and_mask": 22.805187003541505,
      "hsi_patch_and_launch": 8.533362499292707,
      "laspy_read_io": 7.467564497346757,
      "crs_transformer_init": 1.57714449960622,
      "projection": 59.504792996449396,
      "mask_filter": 4.322859000239987,
      "rng_sample": 0.7246499990287703,
      "ckdtree_build": 50.38380950281862,
      "ckdtree_query_offsets": 20.228006498655304,
      "hsi_wait": 1.3564649962063413,
      "pc_infer_assemble_match": 56.059213500702754
    },
    "io_ms_median_sum": 59.508905997063266,
    "total_without_io_ms_median": 225.91691400157288
  },
  "determinism_match_rowcols_identical_across_reps": {
    "DTP": true,
    "DTP+Spatial": true
  },
  "guardrail_vs_cache": {
    "valid_mask": true,
    "point_offsets": true,
    "ref_rows": true,
    "ref_cols": true
  }
}
written -> results/jetson_e2e/e2e_full_D_24data_10.6_1_fwd.json
rc=0
