09-26-2026 21:37:34 RAM 3109/7620MB (lfb 121x4MB) SWAP 107/12002MB (cached 0MB) CPU [27%@1728,27%@1728,26%@1728,27%@1728,26%@1728,100%@1728] GR3D_FREQ 0% cpu@54.5C soc2@53.875C soc0@53.406C gpu@54.968C tj@54.968C soc1@54.593C VDD_IN 9121mW/9121mW VDD_CPU_GPU_CV 2912mW/2912mW VDD_SOC 2645mW/2645mW
09-26-2026 21:37:34 RAM 3167/7620MB (lfb 121x4MB) SWAP 107/12002MB (cached 0MB) CPU [0%@1728,0%@1728,0%@1728,0%@1728,0%@1728,100%@1728] GR3D_FREQ 0% cpu@54.656C soc2@53.687C soc0@53.406C gpu@54.812C tj@54.812C soc1@54.781C VDD_IN 8661mW/8891mW VDD_CPU_GPU_CV 2523mW/2718mW VDD_SOC 2606mW/2626mW
09-26-2026 21:37:35 RAM 3189/7620MB (lfb 121x4MB) SWAP 107/12002MB (cached 0MB) CPU [0%@1728,0%@1728,0%@1728,0%@1728,0%@1728,100%@1728] GR3D_FREQ 0% cpu@54.468C soc2@53.5C soc0@53.281C gpu@54.718C tj@54.718C soc1@54.625C VDD_IN 8503mW/8762mW VDD_CPU_GPU_CV 2404mW/2613mW VDD_SOC 2566mW/2606mW
09-26-2026 21:37:35 RAM 3203/7620MB (lfb 121x4MB) SWAP 107/12002MB (cached 0MB) CPU [0%@1728,0%@1728,0%@1728,0%@1728,0%@1728,100%@1728] GR3D_FREQ 0% cpu@54.281C soc2@53.562C soc0@53.468C gpu@55.031C tj@55.031C soc1@54.531C VDD_IN 8464mW/8687mW VDD_CPU_GPU_CV 2365mW/2551mW VDD_SOC 2566mW/2596mW
09-26-2026 21:37:36 RAM 3295/7620MB (lfb 121x4MB) SWAP 107/12002MB (cached 0MB) CPU [16%@1728,12%@1728,13%@1728,14%@1728,14%@1728,100%@1728] GR3D_FREQ 0% cpu@54.125C soc2@53.562C soc0@53.281C gpu@54.843C tj@54.843C soc1@54.5C VDD_IN 8464mW/8643mW VDD_CPU_GPU_CV 2365mW/2514mW VDD_SOC 2566mW/2590mW
09-26-2026 21:37:36 RAM 3387/7620MB (lfb 121x4MB) SWAP 107/12002MB (cached 0MB) CPU [0%@1728,1%@1728,0%@1728,0%@1728,0%@1728,100%@1728] GR3D_FREQ 0% cpu@54.375C soc2@53.312C soc0@53.093C gpu@54.625C tj@54.625C soc1@54.593C VDD_IN 8305mW/8586mW VDD_CPU_GPU_CV 2286mW/2476mW VDD_SOC 2566mW/2586mW
09-26-2026 21:37:37 RAM 3469/7620MB (lfb 121x4MB) SWAP 107/12002MB (cached 0MB) CPU [1%@1728,0%@1728,0%@1728,0%@1728,0%@1728,81%@1728] GR3D_FREQ 0% cpu@54.343C soc2@53.343C soc0@53.093C gpu@54.5C tj@54.531C soc1@54.531C VDD_IN 8108mW/8518mW VDD_CPU_GPU_CV 2132mW/2427mW VDD_SOC 2531mW/2578mW
09-26-2026 21:37:37 RAM 3469/7620MB (lfb 121x4MB) SWAP 107/12002MB (cached 0MB) CPU [0%@1728,0%@1728,0%@1728,0%@1728,0%@1728,0%@1728] GR3D_FREQ 0% cpu@53.781C soc2@53.375C soc0@53.187C gpu@54.437C tj@54.468C soc1@54.468C VDD_IN 7645mW/8409mW VDD_CPU_GPU_CV 1737mW/2341mW VDD_SOC 2531mW/2572mW
09-26-2026 21:37:38 RAM 3469/7620MB (lfb 121x4MB) SWAP 107/12002MB (cached 0MB) CPU [0%@1728,0%@1728,0%@1728,0%@1728,0%@1728,0%@1728] GR3D_FREQ 0% cpu@53.718C soc2@53.281C soc0@53.156C gpu@54.406C tj@54.406C soc1@54.25C VDD_IN 7527mW/8311mW VDD_CPU_GPU_CV 1658mW/2265mW VDD_SOC 2570mW/2572mW
09-26-2026 21:37:38 RAM 3471/7620MB (lfb 121x4MB) SWAP 107/12002MB (cached 0MB) CPU [1%@1728,0%@1728,0%@1728,3%@1728,0%@1728,0%@1728] GR3D_FREQ 0% cpu@54C soc2@53.187C soc0@53.031C gpu@54.718C tj@54.718C soc1@54.562C VDD_IN 7527mW/8233mW VDD_CPU_GPU_CV 1658mW/2204mW VDD_SOC 2570mW/2572mW
09-26-2026 21:37:39 RAM 3471/7620MB (lfb 121x4MB) SWAP 107/12002MB (cached 0MB) CPU [6%@1728,6%@1728,8%@1728,8%@1728,5%@1728,43%@1728] GR3D_FREQ 0% cpu@53.875C soc2@53.187C soc0@53.062C gpu@54.531C tj@54.531C soc1@54.468C VDD_IN 7804mW/8194mW VDD_CPU_GPU_CV 1895mW/2176mW VDD_SOC 2570mW/2572mW
09-26-2026 21:37:39 RAM 3471/7620MB (lfb 121x4MB) SWAP 107/12002MB (cached 0MB) CPU [0%@1728,0%@1728,0%@1728,0%@1728,0%@1728,0%@1728] GR3D_FREQ 0% cpu@53.812C soc2@53.218C soc0@52.968C gpu@54.343C tj@54.343C soc1@54.25C VDD_IN 7566mW/8141mW VDD_CPU_GPU_CV 1697mW/2136mW VDD_SOC 2570mW/2571mW
09-26-2026 21:37:40 RAM 3471/7620MB (lfb 121x4MB) SWAP 107/12002MB (cached 0MB) CPU [0%@1728,0%@1728,0%@1728,0%@1728,0%@1728,0%@1728] GR3D_FREQ 0% cpu@53.593C soc2@53.156C soc0@52.906C gpu@54.156C tj@54.25C soc1@54.25C VDD_IN 7487mW/8091mW VDD_CPU_GPU_CV 1619mW/2096mW VDD_SOC 2531mW/2568mW
09-26-2026 21:37:40 RAM 3471/7620MB (lfb 121x4MB) SWAP 107/12002MB (cached 0MB) CPU [0%@1728,0%@1728,0%@1728,0%@1728,0%@1728,0%@1728] GR3D_FREQ 0% cpu@53.937C soc2@53.031C soc0@52.937C gpu@54.562C tj@54.562C soc1@54.437C VDD_IN 7447mW/8045mW VDD_CPU_GPU_CV 1619mW/2062mW VDD_SOC 2570mW/2568mW
09-26-2026 21:37:41 RAM 3471/7620MB (lfb 121x4MB) SWAP 107/12002MB (cached 0MB) CPU [0%@1728,0%@1728,1%@1728,0%@1728,0%@1728,0%@1728] GR3D_FREQ 0% cpu@53.75C soc2@53.031C soc0@52.906C gpu@54.312C tj@54.343C soc1@54.343C VDD_IN 7447mW/8005mW VDD_CPU_GPU_CV 1579mW/2030mW VDD_SOC 2570mW/2569mW
09-26-2026 21:37:41 RAM 3471/7620MB (lfb 121x4MB) SWAP 107/12002MB (cached 0MB) CPU [0%@1728,0%@1728,0%@1728,0%@1728,0%@1728,0%@1728] GR3D_FREQ 0% cpu@53.656C soc2@53.093C soc0@53.062C gpu@54.187C tj@54.468C soc1@54.343C VDD_IN 7447mW/7970mW VDD_CPU_GPU_CV 1579mW/2002mW VDD_SOC 2570mW/2569mW
09-26-2026 21:37:42 RAM 3471/7620MB (lfb 121x4MB) SWAP 107/12002MB (cached 0MB) CPU [1%@1728,0%@1728,0%@1728,0%@1728,0%@1728,0%@1728] GR3D_FREQ 0% cpu@53.531C soc2@53.093C soc0@52.906C gpu@54.281C tj@54.281C soc1@54.156C VDD_IN 7447mW/7939mW VDD_CPU_GPU_CV 1579mW/1977mW VDD_SOC 2570mW/2569mW
09-26-2026 21:37:42 RAM 3471/7620MB (lfb 121x4MB) SWAP 107/12002MB (cached 0MB) CPU [0%@1728,0%@1728,0%@1728,0%@1728,0%@1728,0%@1728] GR3D_FREQ 0% cpu@53.593C soc2@52.906C soc0@52.812C gpu@54.156C tj@54.375C soc1@54.375C VDD_IN 7447mW/7912mW VDD_CPU_GPU_CV 1582mW/1955mW VDD_SOC 2531mW/2567mW
09-26-2026 21:37:43 RAM 3471/7620MB (lfb 121x4MB) SWAP 107/12002MB (cached 0MB) CPU [0%@1728,1%@1728,0%@1728,0%@1728,0%@1728,0%@1728] GR3D_FREQ 0% cpu@53.562C soc2@52.937C soc0@52.875C gpu@54.031C tj@54.156C soc1@54.156C VDD_IN 7447mW/7888mW VDD_CPU_GPU_CV 1579mW/1935mW VDD_SOC 2531mW/2565mW
09-26-2026 21:37:43 RAM 3471/7620MB (lfb 121x4MB) SWAP 107/12002MB (cached 0MB) CPU [0%@1728,0%@1728,0%@1728,0%@1728,0%@1728,0%@1728] GR3D_FREQ 0% cpu@53.687C soc2@52.968C soc0@53C gpu@54.375C tj@54.375C soc1@54.156C VDD_IN 7447mW/7866mW VDD_CPU_GPU_CV 1579mW/1917mW VDD_SOC 2570mW/2565mW
09-26-2026 21:37:44 RAM 3471/7620MB (lfb 121x4MB) SWAP 107/12002MB (cached 0MB) CPU [0%@1728,0%@1728,0%@1728,0%@1728,0%@1728,0%@1728] GR3D_FREQ 0% cpu@53.468C soc2@53C soc0@52.875C gpu@54.125C tj@54.125C soc1@54.125C VDD_IN 7447mW/7846mW VDD_CPU_GPU_CV 1579mW/1901mW VDD_SOC 2570mW/2565mW
09-26-2026 21:37:44 RAM 3471/7620MB (lfb 121x4MB) SWAP 107/12002MB (cached 0MB) CPU [0%@1728,0%@1728,0%@1728,0%@1728,0%@1728,0%@1728] GR3D_FREQ 0% cpu@53.656C soc2@52.906C soc0@52.75C gpu@54.031C tj@54.187C soc1@54.187C VDD_IN 7447mW/7827mW VDD_CPU_GPU_CV 1579mW/1887mW VDD_SOC 2570mW/2565mW
09-26-2026 21:37:45 RAM 3471/7620MB (lfb 121x4MB) SWAP 107/12002MB (cached 0MB) CPU [0%@1728,1%@1728,0%@1728,0%@1728,0%@1728,0%@1728] GR3D_FREQ 0% cpu@53.5C soc2@52.906C soc0@52.718C gpu@54C tj@54.218C soc1@54.218C VDD_IN 7447mW/7811mW VDD_CPU_GPU_CV 1579mW/1873mW VDD_SOC 2570mW/2566mW
09-26-2026 21:37:45 RAM 3471/7620MB (lfb 121x4MB) SWAP 107/12002MB (cached 0MB) CPU [0%@1728,0%@1728,0%@1728,1%@1728,0%@1728,0%@1728] GR3D_FREQ 0% cpu@53.406C soc2@52.968C soc0@52.906C gpu@54.343C tj@54.343C soc1@54.093C VDD_IN 7447mW/7796mW VDD_CPU_GPU_CV 1579mW/1861mW VDD_SOC 2570mW/2566mW
09-26-2026 21:37:46 RAM 3471/7620MB (lfb 121x4MB) SWAP 107/12002MB (cached 0MB) CPU [0%@1728,2%@1728,0%@1728,0%@1728,0%@1728,0%@1728] GR3D_FREQ 0% cpu@53.5C soc2@52.906C soc0@52.812C gpu@54.125C tj@54.125C soc1@54.093C VDD_IN 7487mW/7783mW VDD_CPU_GPU_CV 1619mW/1851mW VDD_SOC 2570mW/2566mW
09-26-2026 21:37:46 RAM 3471/7620MB (lfb 121x4MB) SWAP 107/12002MB (cached 0MB) CPU [0%@1728,0%@1728,0%@1728,0%@1728,0%@1728,0%@1728] GR3D_FREQ 0% cpu@53.312C soc2@52.812C soc0@52.75C gpu@54.093C tj@54.187C soc1@54.187C VDD_IN 7447mW/7770mW VDD_CPU_GPU_CV 1582mW/1841mW VDD_SOC 2531mW/2565mW
09-26-2026 21:37:47 RAM 3471/7620MB (lfb 121x4MB) SWAP 107/12002MB (cached 0MB) CPU [0%@1728,0%@1728,0%@1728,0%@1728,0%@1728,0%@1728] GR3D_FREQ 0% cpu@53.593C soc2@52.812C soc0@52.718C gpu@54.156C tj@54.156C soc1@54.093C VDD_IN 7447mW/7759mW VDD_CPU_GPU_CV 1582mW/1831mW VDD_SOC 2531mW/2563mW
09-26-2026 21:37:47 RAM 3471/7620MB (lfb 121x4MB) SWAP 107/12002MB (cached 0MB) CPU [0%@1728,0%@1728,0%@1728,1%@1728,0%@1728,0%@1728] GR3D_FREQ 0% cpu@53.375C soc2@52.906C soc0@52.781C gpu@53.968C tj@54.062C soc1@54.062C VDD_IN 7447mW/7747mW VDD_CPU_GPU_CV 1579mW/1822mW VDD_SOC 2570mW/2564mW
09-26-2026 21:37:48 RAM 3471/7620MB (lfb 121x4MB) SWAP 107/12002MB (cached 0MB) CPU [0%@1728,0%@1728,0%@1728,1%@1728,0%@1728,0%@1728] GR3D_FREQ 0% cpu@53.281C soc2@52.843C soc0@52.718C gpu@53.843C tj@54.187C soc1@54.187C VDD_IN 7447mW/7737mW VDD_CPU_GPU_CV 1579mW/1814mW VDD_SOC 2570mW/2564mW
09-26-2026 21:37:49 RAM 3471/7620MB (lfb 121x4MB) SWAP 107/12002MB (cached 0MB) CPU [0%@1728,0%@1728,0%@1728,0%@1728,0%@1728,0%@1728] GR3D_FREQ 0% cpu@53.281C soc2@52.718C soc0@52.625C gpu@54.125C tj@54.125C soc1@54.125C VDD_IN 7447mW/7727mW VDD_CPU_GPU_CV 1579mW/1806mW VDD_SOC 2570mW/2564mW
09-26-2026 21:37:49 RAM 3471/7620MB (lfb 121x4MB) SWAP 107/12002MB (cached 0MB) CPU [0%@1728,4%@1728,0%@1728,0%@1728,0%@1728,0%@1728] GR3D_FREQ 0% cpu@53.437C soc2@52.718C soc0@52.562C gpu@54C tj@54.093C soc1@54.093C VDD_IN 7447mW/7718mW VDD_CPU_GPU_CV 1619mW/1800mW VDD_SOC 2531mW/2563mW
09-26-2026 21:37:50 RAM 3471/7620MB (lfb 121x4MB) SWAP 107/12002MB (cached 0MB) CPU [0%@1728,0%@1728,0%@1728,0%@1728,0%@1728,0%@1728] GR3D_FREQ 0% cpu@53.343C soc2@52.718C soc0@52.75C gpu@53.906C tj@54C soc1@54C VDD_IN 7408mW/7709mW VDD_CPU_GPU_CV 1579mW/1793mW VDD_SOC 2491mW/2561mW
09-26-2026 21:37:50 RAM 3471/7620MB (lfb 121x4MB) SWAP 107/12002MB (cached 0MB) CPU [0%@1728,0%@1728,0%@1728,0%@1728,0%@1728,0%@1728] GR3D_FREQ 0% cpu@53.25C soc2@52.781C soc0@52.5C gpu@53.812C tj@54.156C soc1@54.156C VDD_IN 7447mW/7701mW VDD_CPU_GPU_CV 1582mW/1787mW VDD_SOC 2531mW/2560mW
09-26-2026 21:37:51 RAM 3471/7620MB (lfb 121x4MB) SWAP 107/12002MB (cached 0MB) CPU [0%@1728,0%@1728,0%@1728,0%@1728,0%@1728,0%@1728] GR3D_FREQ 0% cpu@53.5C soc2@52.781C soc0@52.437C gpu@54.125C tj@54.125C soc1@54C VDD_IN 7447mW/7693mW VDD_CPU_GPU_CV 1579mW/1781mW VDD_SOC 2531mW/2559mW
09-26-2026 21:37:51 RAM 3471/7620MB (lfb 121x4MB) SWAP 107/12002MB (cached 0MB) CPU [0%@1728,0%@1728,0%@1728,0%@1728,0%@1728,0%@1728] GR3D_FREQ 0% cpu@53.406C soc2@52.656C soc0@52.562C gpu@53.937C tj@53.968C soc1@53.968C VDD_IN 7408mW/7685mW VDD_CPU_GPU_CV 1582mW/1775mW VDD_SOC 2491mW/2557mW
09-26-2026 21:37:52 RAM 3471/7620MB (lfb 121x4MB) SWAP 107/12002MB (cached 0MB) CPU [0%@1728,0%@1728,0%@1728,0%@1728,0%@1728,0%@1728] GR3D_FREQ 0% cpu@53.343C soc2@52.718C soc0@52.656C gpu@53.812C tj@54.125C soc1@54C VDD_IN 7408mW/7677mW VDD_CPU_GPU_CV 1579mW/1770mW VDD_SOC 2531mW/2556mW
09-26-2026 21:37:52 RAM 3471/7620MB (lfb 121x4MB) SWAP 107/12002MB (cached 0MB) CPU [0%@1728,0%@1728,0%@1728,1%@1728,0%@1728,0%@1728] GR3D_FREQ 0% cpu@53.125C soc2@52.75C soc0@52.562C gpu@53.843C tj@54.125C soc1@54.125C VDD_IN 7447mW/7671mW VDD_CPU_GPU_CV 1582mW/1764mW VDD_SOC 2531mW/2556mW
09-26-2026 21:37:53 RAM 3471/7620MB (lfb 121x4MB) SWAP 107/12002MB (cached 0MB) CPU [0%@1728,0%@1728,0%@1728,0%@1728,0%@1728,0%@1728] GR3D_FREQ 0% cpu@53.375C soc2@52.656C soc0@52.437C gpu@53.812C tj@53.968C soc1@53.968C VDD_IN 7447mW/7665mW VDD_CPU_GPU_CV 1579mW/1760mW VDD_SOC 2570mW/2556mW
09-26-2026 21:37:53 RAM 3471/7620MB (lfb 121x4MB) SWAP 107/12002MB (cached 0MB) CPU [0%@1728,0%@1728,0%@1728,0%@1728,0%@1728,0%@1728] GR3D_FREQ 0% cpu@53.281C soc2@52.562C soc0@52.437C gpu@54.156C tj@54.156C soc1@53.906C VDD_IN 7447mW/7660mW VDD_CPU_GPU_CV 1582mW/1755mW VDD_SOC 2570mW/2556mW
09-26-2026 21:37:54 RAM 3471/7620MB (lfb 121x4MB) SWAP 107/12002MB (cached 0MB) CPU [0%@1728,0%@1728,0%@1728,0%@1728,0%@1728,0%@1728] GR3D_FREQ 0% cpu@53.25C soc2@52.656C soc0@52.687C gpu@54C tj@54C soc1@53.812C VDD_IN 7447mW/7654mW VDD_CPU_GPU_CV 1582mW/1751mW VDD_SOC 2570mW/2557mW
09-26-2026 21:37:54 RAM 3471/7620MB (lfb 121x4MB) SWAP 107/12002MB (cached 0MB) CPU [0%@1728,0%@1728,0%@1728,0%@1728,0%@1728,0%@1728] GR3D_FREQ 0% cpu@53.062C soc2@52.562C soc0@52.437C gpu@53.812C tj@54.062C soc1@54.062C VDD_IN 7447mW/7649mW VDD_CPU_GPU_CV 1582mW/1747mW VDD_SOC 2570mW/2557mW
09-26-2026 21:37:55 RAM 3471/7620MB (lfb 121x4MB) SWAP 107/12002MB (cached 0MB) CPU [0%@1728,0%@1728,0%@1728,0%@1728,0%@1728,0%@1728] GR3D_FREQ 0% cpu@53.406C soc2@52.593C soc0@52.437C gpu@53.718C tj@53.968C soc1@53.968C VDD_IN 7447mW/7644mW VDD_CPU_GPU_CV 1582mW/1743mW VDD_SOC 2570mW/2557mW
09-26-2026 21:37:55 RAM 3471/7620MB (lfb 121x4MB) SWAP 107/12002MB (cached 0MB) CPU [0%@1728,0%@1728,0%@1728,0%@1728,0%@1728,0%@1728] GR3D_FREQ 0% cpu@53.156C soc2@52.625C soc0@52.531C gpu@54.156C tj@54.156C soc1@53.812C VDD_IN 7447mW/7640mW VDD_CPU_GPU_CV 1579mW/1739mW VDD_SOC 2570mW/2558mW
09-26-2026 21:37:56 RAM 3471/7620MB (lfb 121x4MB) SWAP 107/12002MB (cached 0MB) CPU [0%@1728,0%@1728,0%@1728,0%@1728,0%@1728,0%@1728] GR3D_FREQ 0% cpu@52.968C soc2@52.593C soc0@52.437C gpu@53.906C tj@53.906C soc1@53.843C VDD_IN 7447mW/7635mW VDD_CPU_GPU_CV 1579mW/1735mW VDD_SOC 2570mW/2558mW
09-26-2026 21:37:56 RAM 3471/7620MB (lfb 121x4MB) SWAP 107/12002MB (cached 0MB) CPU [0%@1728,0%@1728,0%@1728,1%@1728,0%@1728,0%@1728] GR3D_FREQ 0% cpu@53.062C soc2@52.531C soc0@52.437C gpu@53.75C tj@54C soc1@54C VDD_IN 7447mW/7631mW VDD_CPU_GPU_CV 1579mW/1732mW VDD_SOC 2570mW/2558mW
09-26-2026 21:37:57 RAM 3471/7620MB (lfb 121x4MB) SWAP 107/12002MB (cached 0MB) CPU [0%@1728,0%@1728,0%@1728,1%@1728,0%@1728,0%@1728] GR3D_FREQ 0% cpu@53.437C soc2@52.562C soc0@52.343C gpu@53.656C tj@53.937C soc1@53.937C VDD_IN 7447mW/7627mW VDD_CPU_GPU_CV 1579mW/1728mW VDD_SOC 2570mW/2558mW
09-26-2026 21:37:57 RAM 3581/7620MB (lfb 115x4MB) SWAP 107/12002MB (cached 0MB) CPU [0%@1728,0%@1728,0%@1728,0%@1728,50%@1728,3%@1728] GR3D_FREQ 0% cpu@54.031C soc2@52.625C soc0@52.468C gpu@53.781C tj@54.031C soc1@53.718C VDD_IN 8108mW/7638mW VDD_CPU_GPU_CV 1974mW/1734mW VDD_SOC 2610mW/2560mW
09-26-2026 21:37:58 RAM 3841/7620MB (lfb 63x4MB) SWAP 107/12002MB (cached 0MB) CPU [1%@1728,0%@1728,1%@1728,0%@1728,82%@1728,2%@1728] GR3D_FREQ 61% cpu@53.406C soc2@52.812C soc0@52.437C gpu@54.718C tj@54.718C soc1@53.75C VDD_IN 10447mW/7696mW VDD_CPU_GPU_CV 3693mW/1774mW VDD_SOC 2917mW/2567mW
09-26-2026 21:37:58 RAM 4004/7620MB (lfb 35x4MB) SWAP 107/12002MB (cached 0MB) CPU [10%@1728,8%@1728,10%@1728,10%@1728,11%@1728,78%@1728] GR3D_FREQ 0% cpu@54.062C soc2@53C soc0@52.5C gpu@54.562C tj@54.562C soc1@54.093C VDD_IN 11196mW/7767mW VDD_CPU_GPU_CV 4276mW/1826mW VDD_SOC 2991mW/2576mW
09-26-2026 21:37:59 RAM 4005/7620MB (lfb 35x4MB) SWAP 107/12002MB (cached 0MB) CPU [35%@1728,34%@1728,35%@1728,34%@1728,35%@1728,100%@1728] GR3D_FREQ 0% cpu@54.156C soc2@52.812C soc0@52.562C gpu@54.125C tj@54.156C soc1@53.875C VDD_IN 9950mW/7811mW VDD_CPU_GPU_CV 3463mW/1858mW VDD_SOC 2759mW/2579mW
09-26-2026 21:37:59 RAM 4005/7620MB (lfb 35x4MB) SWAP 107/12002MB (cached 0MB) CPU [34%@1728,32%@1728,34%@1728,35%@1728,32%@1728,100%@1728] GR3D_FREQ 0% cpu@54.156C soc2@52.906C soc0@52.437C gpu@54.343C tj@54.343C soc1@53.906C VDD_IN 9516mW/7845mW VDD_CPU_GPU_CV 3227mW/1885mW VDD_SOC 2641mW/2581mW
09-26-2026 21:38:00 RAM 3811/7620MB (lfb 80x4MB) SWAP 107/12002MB (cached 0MB) CPU [6%@1728,9%@1728,8%@1728,8%@1728,9%@1728,100%@1728] GR3D_FREQ 0% cpu@53.75C soc2@52.843C soc0@52.656C gpu@54.093C tj@54.093C soc1@53.875C VDD_IN 9082mW/7868mW VDD_CPU_GPU_CV 2720mW/1901mW VDD_SOC 2685mW/2583mW
09-26-2026 21:38:00 RAM 3904/7620MB (lfb 57x4MB) SWAP 107/12002MB (cached 0MB) CPU [1%@1728,0%@1728,0%@1728,0%@1728,0%@1728,66%@1728] GR3D_FREQ 68% cpu@53.593C soc2@53.031C soc0@52.5C gpu@55.125C tj@55.125C soc1@54.062C VDD_IN 11886mW/7944mW VDD_CPU_GPU_CV 4747mW/1955mW VDD_SOC 3104mW/2592mW
09-26-2026 21:38:01 RAM 4020/7620MB (lfb 36x4MB) SWAP 107/12002MB (cached 0MB) CPU [30%@1728,16%@1728,16%@1728,30%@1728,49%@1728,86%@1728] GR3D_FREQ 0% cpu@54.187C soc2@53.031C soc0@52.531C gpu@54.156C tj@54.187C soc1@54.062C VDD_IN 10723mW/7996mW VDD_CPU_GPU_CV 4008mW/1993mW VDD_SOC 2873mW/2598mW
09-26-2026 21:38:01 RAM 4024/7620MB (lfb 37x4MB) SWAP 107/12002MB (cached 0MB) CPU [41%@1728,2%@1728,43%@1728,44%@1728,67%@1728,98%@1728] GR3D_FREQ 0% cpu@54.375C soc2@52.968C soc0@52.5C gpu@54.531C tj@54.375C soc1@54.062C VDD_IN 9832mW/8029mW VDD_CPU_GPU_CV 3463mW/2020mW VDD_SOC 2680mW/2599mW
09-26-2026 21:38:02 RAM 4024/7620MB (lfb 37x4MB) SWAP 107/12002MB (cached 0MB) CPU [42%@1728,29%@1728,14%@1728,43%@1728,68%@1728,100%@1728] GR3D_FREQ 0% cpu@54.312C soc2@53.093C soc0@52.812C gpu@53.937C tj@54.312C soc1@54C VDD_IN 9516mW/8056mW VDD_CPU_GPU_CV 3266mW/2042mW VDD_SOC 2641mW/2600mW
09-26-2026 21:38:02 RAM 3818/7620MB (lfb 83x4MB) SWAP 107/12002MB (cached 0MB) CPU [10%@1728,18%@1728,8%@1728,16%@1728,28%@1728,100%@1728] GR3D_FREQ 0% cpu@53.687C soc2@52.906C soc0@52.656C gpu@54.343C tj@54.343C soc1@53.937C VDD_IN 9161mW/8075mW VDD_CPU_GPU_CV 2833mW/2056mW VDD_SOC 2645mW/2601mW
09-26-2026 21:38:03 RAM 3910/7620MB (lfb 60x4MB) SWAP 107/12002MB (cached 0MB) CPU [0%@1728,0%@1728,0%@1728,0%@1728,0%@1728,67%@1728] GR3D_FREQ 66% cpu@53.687C soc2@53.187C soc0@52.625C gpu@55.375C tj@55.375C soc1@54.187C VDD_IN 11926mW/8141mW VDD_CPU_GPU_CV 4778mW/2103mW VDD_SOC 3104mW/2609mW
09-26-2026 21:38:03 RAM 4036/7620MB (lfb 36x4MB) SWAP 107/12002MB (cached 0MB) CPU [6%@1728,34%@1728,28%@1728,34%@1728,51%@1728,90%@1728] GR3D_FREQ 0% cpu@54.593C soc2@53.156C soc0@52.718C gpu@54.343C tj@54.593C soc1@54.093C VDD_IN 10723mW/8185mW VDD_CPU_GPU_CV 4008mW/2135mW VDD_SOC 2873mW/2614mW
09-26-2026 21:38:04 RAM 4036/7620MB (lfb 36x4MB) SWAP 107/12002MB (cached 0MB) CPU [40%@1728,41%@1728,33%@1728,28%@1728,50%@1728,100%@1728] GR3D_FREQ 0% cpu@54.312C soc2@53.156C soc0@52.843C gpu@54.062C tj@54.343C soc1@54.062C VDD_IN 9832mW/8213mW VDD_CPU_GPU_CV 3424mW/2156mW VDD_SOC 2720mW/2616mW
09-26-2026 21:38:04 RAM 3725/7620MB (lfb 95x4MB) SWAP 107/12002MB (cached 0MB) CPU [34%@1728,32%@1728,34%@1728,34%@1728,33%@1728,100%@1728] GR3D_FREQ 0% cpu@54.125C soc2@53.187C soc0@52.75C gpu@54.156C tj@54.281C soc1@54.062C VDD_IN 9477mW/8233mW VDD_CPU_GPU_CV 3188mW/2173mW VDD_SOC 2641mW/2616mW
09-26-2026 21:38:05 RAM 3910/7620MB (lfb 58x4MB) SWAP 107/12002MB (cached 0MB) CPU [0%@1728,0%@1728,0%@1728,0%@1728,0%@1728,96%@1728] GR3D_FREQ 65% cpu@53.75C soc2@52.968C soc0@52.656C gpu@54.812C tj@54.812C soc1@54.156C VDD_IN 9753mW/8258mW VDD_CPU_GPU_CV 3148mW/2189mW VDD_SOC 2799mW/2619mW
09-26-2026 21:38:05 RAM 4036/7620MB (lfb 36x4MB) SWAP 107/12002MB (cached 0MB) CPU [12%@1728,13%@1728,13%@1728,2%@1728,17%@1728,70%@1728] GR3D_FREQ 0% cpu@54.5C soc2@53.343C soc0@52.625C gpu@54.937C tj@54.937C soc1@54.093C VDD_IN 12004mW/8317mW VDD_CPU_GPU_CV 4739mW/2230mW VDD_SOC 3065mW/2626mW
09-26-2026 21:38:06 RAM 4036/7620MB (lfb 36x4MB) SWAP 107/12002MB (cached 0MB) CPU [8%@1728,42%@1728,36%@1728,40%@1728,68%@1728,100%@1728] GR3D_FREQ 0% cpu@54.375C soc2@53.156C soc0@52.593C gpu@54.531C tj@54.531C soc1@54.093C VDD_IN 10131mW/8346mW VDD_CPU_GPU_CV 3654mW/2252mW VDD_SOC 2759mW/2628mW
09-26-2026 21:38:06 RAM 4036/7620MB (lfb 36x4MB) SWAP 107/12002MB (cached 0MB) CPU [38%@1728,32%@1728,84%@1728,31%@1728,45%@1728,52%@1728] GR3D_FREQ 0% cpu@54.968C soc2@53.343C soc0@52.875C gpu@54.656C tj@54.968C soc1@54.031C VDD_IN 9556mW/8364mW VDD_CPU_GPU_CV 3266mW/2267mW VDD_SOC 2680mW/2629mW
09-26-2026 21:38:07 RAM 3764/7620MB (lfb 95x4MB) SWAP 107/12002MB (cached 0MB) CPU [18%@1728,14%@1728,100%@1728,16%@1728,14%@1728,14%@1728] GR3D_FREQ 0% cpu@54.75C soc2@53.125C soc0@52.687C gpu@54.343C tj@54.75C soc1@53.968C VDD_IN 9161mW/8376mW VDD_CPU_GPU_CV 2873mW/2277mW VDD_SOC 2645mW/2629mW
09-26-2026 21:38:07 RAM 3906/7620MB (lfb 61x4MB) SWAP 107/12002MB (cached 0MB) CPU [2%@1728,0%@1728,75%@1728,0%@1728,0%@1728,0%@1728] GR3D_FREQ 66% cpu@54.5C soc2@53.187C soc0@52.687C gpu@55.343C tj@55.343C soc1@54.125C VDD_IN 11335mW/8420mW VDD_CPU_GPU_CV 4315mW/2307mW VDD_SOC 3030mW/2635mW
09-26-2026 21:38:08 RAM 4036/7620MB (lfb 36x4MB) SWAP 107/12002MB (cached 0MB) CPU [18%@1728,18%@1728,75%@1728,17%@1728,19%@1728,17%@1728] GR3D_FREQ 0% cpu@54.875C soc2@53.406C soc0@52.875C gpu@54.5C tj@54.875C soc1@54.187C VDD_IN 11038mW/8459mW VDD_CPU_GPU_CV 4197mW/2335mW VDD_SOC 2952mW/2640mW
09-26-2026 21:38:08 RAM 4034/7620MB (lfb 36x4MB) SWAP 107/12002MB (cached 0MB) CPU [35%@1728,36%@1728,48%@1728,86%@1728,33%@1728,35%@1728] GR3D_FREQ 0% cpu@54.687C soc2@53.5C soc0@52.781C gpu@54.406C tj@54.687C soc1@54.125C VDD_IN 9872mW/8479mW VDD_CPU_GPU_CV 3424mW/2351mW VDD_SOC 2759mW/2641mW
09-26-2026 21:38:09 RAM 4032/7620MB (lfb 36x4MB) SWAP 107/12002MB (cached 0MB) CPU [32%@1728,31%@1728,29%@1728,100%@1728,28%@1728,29%@1728] GR3D_FREQ 0% cpu@54.625C soc2@53.312C soc0@52.843C gpu@54.281C tj@54.625C soc1@54.093C VDD_IN 9437mW/8493mW VDD_CPU_GPU_CV 3188mW/2363mW VDD_SOC 2641mW/2641mW
09-26-2026 21:38:09 RAM 3905/7620MB (lfb 58x4MB) SWAP 107/12002MB (cached 0MB) CPU [10%@1728,14%@1728,16%@1728,100%@1728,9%@1728,11%@1728] GR3D_FREQ 0% cpu@54.656C soc2@53.218C soc0@52.812C gpu@54.593C tj@54.656C soc1@54.125C VDD_IN 9398mW/8506mW VDD_CPU_GPU_CV 2912mW/2370mW VDD_SOC 2720mW/2643mW
09-26-2026 21:38:10 RAM 3975/7620MB (lfb 41x4MB) SWAP 107/12002MB (cached 0MB) CPU [12%@1728,17%@1728,52%@1728,8%@1728,15%@1728,6%@1728] GR3D_FREQ 10% cpu@54.531C soc2@53.437C soc0@52.906C gpu@55.187C tj@55.187C soc1@54.218C VDD_IN 12614mW/8563mW VDD_CPU_GPU_CV 5239mW/2410mW VDD_SOC 3177mW/2650mW
09-26-2026 21:38:10 RAM 4038/7620MB (lfb 36x4MB) SWAP 107/12002MB (cached 0MB) CPU [26%@1728,26%@1728,98%@1728,28%@1728,26%@1728,26%@1728] GR3D_FREQ 0% cpu@55.125C soc2@53.468C soc0@52.843C gpu@54.812C tj@55.125C soc1@54.218C VDD_IN 10407mW/8588mW VDD_CPU_GPU_CV 3772mW/2429mW VDD_SOC 2833mW/2653mW
09-26-2026 21:38:11 RAM 4026/7620MB (lfb 37x4MB) SWAP 107/12002MB (cached 0MB) CPU [42%@1728,82%@1728,48%@1728,38%@1728,38%@1728,39%@1728] GR3D_FREQ 0% cpu@55.125C soc2@53.25C soc0@52.812C gpu@54.593C tj@55.125C soc1@54.25C VDD_IN 9635mW/8602mW VDD_CPU_GPU_CV 3306mW/2441mW VDD_SOC 2680mW/2653mW
09-26-2026 21:38:11 RAM 3712/7620MB (lfb 96x4MB) SWAP 107/12002MB (cached 0MB) CPU [81%@1728,22%@1728,43%@1728,24%@1728,22%@1728,22%@1728] GR3D_FREQ 0% cpu@54.5C soc2@53.562C soc0@52.937C gpu@54.593C tj@54.593C soc1@54.156C VDD_IN 9240mW/8611mW VDD_CPU_GPU_CV 2952mW/2447mW VDD_SOC 2645mW/2653mW
09-26-2026 21:38:12 RAM 3896/7620MB (lfb 59x4MB) SWAP 107/12002MB (cached 0MB) CPU [68%@1728,1%@1728,13%@1728,0%@1728,1%@1728,0%@1728] GR3D_FREQ 67% cpu@54.281C soc2@53.343C soc0@52.906C gpu@55.468C tj@55.468C soc1@54.125C VDD_IN 10881mW/8641mW VDD_CPU_GPU_CV 3968mW/2467mW VDD_SOC 2952mW/2657mW
09-26-2026 21:38:12 RAM 4026/7620MB (lfb 36x4MB) SWAP 107/12002MB (cached 0MB) CPU [56%@1728,16%@1728,30%@1728,17%@1728,16%@1728,15%@1728] GR3D_FREQ 0% cpu@54.875C soc2@53.5C soc0@52.906C gpu@54.687C tj@54.781C soc1@54.406C VDD_IN 11375mW/8676mW VDD_CPU_GPU_CV 4354mW/2492mW VDD_SOC 2991mW/2661mW
09-26-2026 21:38:13 RAM 4026/7620MB (lfb 36x4MB) SWAP 107/12002MB (cached 0MB) CPU [92%@1728,29%@1728,39%@1728,29%@1728,26%@1728,29%@1728] GR3D_FREQ 0% cpu@54.906C soc2@53.562C soc0@52.843C gpu@54.437C tj@54.906C soc1@54.25C VDD_IN 9990mW/8693mW VDD_CPU_GPU_CV 3458mW/2504mW VDD_SOC 2759mW/2662mW
09-26-2026 21:38:13 RAM 4026/7620MB (lfb 36x4MB) SWAP 107/12002MB (cached 0MB) CPU [97%@1728,17%@1728,0%@1728,46%@1728,68%@1728,61%@1728] GR3D_FREQ 0% cpu@54.531C soc2@53.437C soc0@52.906C gpu@54.437C tj@54.531C soc1@54.312C VDD_IN 9477mW/8703mW VDD_CPU_GPU_CV 3306mW/2515mW VDD_SOC 2641mW/2662mW
09-26-2026 21:38:14 RAM 3747/7620MB (lfb 94x4MB) SWAP 107/12002MB (cached 0MB) CPU [100%@1728,5%@1728,32%@1728,36%@1728,42%@1728,41%@1728] GR3D_FREQ 0% cpu@54.562C soc2@53.468C soc0@52.968C gpu@54.25C tj@54.562C soc1@54.218C VDD_IN 9200mW/8709mW VDD_CPU_GPU_CV 2956mW/2520mW VDD_SOC 2645mW/2662mW
09-26-2026 21:38:14 RAM 3900/7620MB (lfb 58x4MB) SWAP 107/12002MB (cached 0MB) CPU [78%@1728,0%@1728,0%@1728,0%@1728,0%@1728,0%@1728] GR3D_FREQ 66% cpu@54.062C soc2@53.531C soc0@52.906C gpu@55.75C tj@55.75C soc1@54.406C VDD_IN 11493mW/8744mW VDD_CPU_GPU_CV 4472mW/2544mW VDD_SOC 3030mW/2666mW
09-26-2026 21:38:15 RAM 4030/7620MB (lfb 37x4MB) SWAP 107/12002MB (cached 0MB) CPU [84%@1728,0%@1728,35%@1728,34%@1728,41%@1728,40%@1728] GR3D_FREQ 0% cpu@54.968C soc2@53.531C soc0@52.906C gpu@54.687C tj@54.968C soc1@54.375C VDD_IN 10959mW/8771mW VDD_CPU_GPU_CV 4197mW/2564mW VDD_SOC 2912mW/2669mW
09-26-2026 21:38:15 RAM 4022/7620MB (lfb 37x4MB) SWAP 107/12002MB (cached 0MB) CPU [98%@1728,13%@1728,0%@1728,20%@1728,50%@1728,35%@1728] GR3D_FREQ 0% cpu@54.812C soc2@53.593C soc0@52.937C gpu@54.437C tj@54.812C soc1@54.312C VDD_IN 9793mW/8783mW VDD_CPU_GPU_CV 3542mW/2576mW VDD_SOC 2720mW/2670mW
09-26-2026 21:38:16 RAM 4022/7620MB (lfb 37x4MB) SWAP 107/12002MB (cached 0MB) CPU [100%@1728,43%@1728,0%@1728,44%@1728,63%@1728,51%@1728] GR3D_FREQ 0% cpu@54.531C soc2@53.656C soc0@53.093C gpu@54.75C tj@54.75C soc1@54.281C VDD_IN 9437mW/8791mW VDD_CPU_GPU_CV 3266mW/2584mW VDD_SOC 2641mW/2670mW
09-26-2026 21:38:16 RAM 3755/7620MB (lfb 94x4MB) SWAP 107/12002MB (cached 0MB) CPU [100%@1728,0%@1728,31%@1728,32%@1728,41%@1728,32%@1728] GR3D_FREQ 0% cpu@54.5C soc2@53.531C soc0@52.968C gpu@54.562C tj@54.562C soc1@54.187C VDD_IN 9200mW/8795mW VDD_CPU_GPU_CV 2912mW/2588mW VDD_SOC 2645mW/2669mW
09-26-2026 21:38:17 RAM 3895/7620MB (lfb 59x4MB) SWAP 107/12002MB (cached 0MB) CPU [7%@1728,0%@1728,0%@1728,0%@1728,68%@1728,0%@1728] GR3D_FREQ 66% cpu@54.343C soc2@53.468C soc0@52.906C gpu@55.75C tj@55.75C soc1@54.375C VDD_IN 11414mW/8826mW VDD_CPU_GPU_CV 4393mW/2609mW VDD_SOC 3030mW/2674mW
09-26-2026 21:38:17 RAM 4024/7620MB (lfb 36x4MB) SWAP 107/12002MB (cached 0MB) CPU [51%@1728,0%@1728,17%@1728,15%@1728,55%@1728,22%@1728] GR3D_FREQ 0% cpu@54.718C soc2@53.625C soc0@53.031C gpu@54.781C tj@54.781C soc1@54.312C VDD_IN 11038mW/8851mW VDD_CPU_GPU_CV 4119mW/2626mW VDD_SOC 2912mW/2676mW
09-26-2026 21:38:18 RAM 4024/7620MB (lfb 36x4MB) SWAP 107/12002MB (cached 0MB) CPU [100%@1728,17%@1728,50%@1728,39%@1728,58%@1728,64%@1728] GR3D_FREQ 0% cpu@54.781C soc2@53.593C soc0@53.093C gpu@54.531C tj@54.781C soc1@54.25C VDD_IN 9872mW/8863mW VDD_CPU_GPU_CV 3503mW/2636mW VDD_SOC 2680mW/2676mW
09-26-2026 21:38:18 RAM 4024/7620MB (lfb 36x4MB) SWAP 107/12002MB (cached 0MB) CPU [100%@1728,29%@1728,59%@1728,40%@1728,65%@1728,65%@1728] GR3D_FREQ 0% cpu@54.687C soc2@53.531C soc0@52.968C gpu@54.437C tj@54.687C soc1@54.281C VDD_IN 9516mW/8870mW VDD_CPU_GPU_CV 3266mW/2644mW VDD_SOC 2641mW/2676mW
09-26-2026 21:38:19 RAM 3724/7620MB (lfb 95x4MB) SWAP 107/12002MB (cached 0MB) CPU [100%@1728,25%@1728,32%@1728,2%@1728,38%@1728,43%@1728] GR3D_FREQ 0% cpu@54.906C soc2@53.625C soc0@52.906C gpu@54.468C tj@54.531C soc1@54.5C VDD_IN 9200mW/8874mW VDD_CPU_GPU_CV 2952mW/2647mW VDD_SOC 2645mW/2676mW
09-26-2026 21:38:19 RAM 3901/7620MB (lfb 61x4MB) SWAP 107/12002MB (cached 0MB) CPU [80%@1728,0%@1728,0%@1728,0%@1728,0%@1728,0%@1728] GR3D_FREQ 67% cpu@54C soc2@53.437C soc0@52.937C gpu@55.406C tj@55.406C soc1@54.375C VDD_IN 10999mW/8897mW VDD_CPU_GPU_CV 4080mW/2663mW VDD_SOC 2952mW/2679mW
09-26-2026 21:38:20 RAM 4022/7620MB (lfb 36x4MB) SWAP 107/12002MB (cached 0MB) CPU [77%@1728,20%@1728,20%@1728,0%@1728,33%@1728,28%@1728] GR3D_FREQ 0% cpu@54.937C soc2@53.656C soc0@53.062C gpu@55.031C tj@55.031C soc1@54.25C VDD_IN 11196mW/8922mW VDD_CPU_GPU_CV 4315mW/2681mW VDD_SOC 2952mW/2682mW
09-26-2026 21:38:20 RAM 4022/7620MB (lfb 36x4MB) SWAP 107/12002MB (cached 0MB) CPU [100%@1728,27%@1728,33%@1728,9%@1728,54%@1728,51%@1728] GR3D_FREQ 0% cpu@54.656C soc2@53.687C soc0@53.218C gpu@54.656C tj@54.656C soc1@54.312C VDD_IN 9872mW/8933mW VDD_CPU_GPU_CV 3497mW/2689mW VDD_SOC 2720mW/2682mW
09-26-2026 21:38:21 RAM 4018/7620MB (lfb 37x4MB) SWAP 107/12002MB (cached 0MB) CPU [100%@1728,5%@1728,46%@1728,43%@1728,54%@1728,62%@1728] GR3D_FREQ 0% cpu@54.687C soc2@53.531C soc0@53C gpu@54.718C tj@54.843C soc1@54.343C VDD_IN 9477mW/8938mW VDD_CPU_GPU_CV 3306mW/2696mW VDD_SOC 2641mW/2682mW
09-26-2026 21:38:21 RAM 3708/7620MB (lfb 95x4MB) SWAP 107/12002MB (cached 0MB) CPU [100%@1728,12%@1728,22%@1728,29%@1728,41%@1728,45%@1728] GR3D_FREQ 0% cpu@54.468C soc2@53.656C soc0@52.968C gpu@54.531C tj@54.531C soc1@54.531C VDD_IN 9200mW/8941mW VDD_CPU_GPU_CV 3030mW/2700mW VDD_SOC 2606mW/2681mW
09-26-2026 21:38:22 RAM 3892/7620MB (lfb 57x4MB) SWAP 107/12002MB (cached 0MB) CPU [80%@1728,0%@1728,0%@1728,0%@1728,0%@1728,0%@1728] GR3D_FREQ 66% cpu@54.343C soc2@53.5C soc0@53C gpu@55.5C tj@55.5C soc1@54.437C VDD_IN 10841mW/8961mW VDD_CPU_GPU_CV 4008mW/2713mW VDD_SOC 2952mW/2684mW
09-26-2026 21:38:22 RAM 4026/7620MB (lfb 37x4MB) SWAP 107/12002MB (cached 0MB) CPU [28%@1728,42%@1728,19%@1728,19%@1728,21%@1728,21%@1728] GR3D_FREQ 0% cpu@54.781C soc2@53.531C soc0@53.312C gpu@55.281C tj@55.281C soc1@54.375C VDD_IN 11335mW/8985mW VDD_CPU_GPU_CV 4433mW/2731mW VDD_SOC 2991mW/2687mW
09-26-2026 21:38:23 RAM 4026/7620MB (lfb 37x4MB) SWAP 107/12002MB (cached 0MB) CPU [44%@1728,100%@1728,15%@1728,34%@1728,63%@1728,54%@1728] GR3D_FREQ 0% cpu@54.75C soc2@53.531C soc0@53.062C gpu@54.625C tj@54.75C soc1@54.437C VDD_IN 9950mW/8995mW VDD_CPU_GPU_CV 3621mW/2740mW VDD_SOC 2720mW/2687mW
09-26-2026 21:38:23 RAM 4027/7620MB (lfb 37x4MB) SWAP 107/12002MB (cached 0MB) CPU [44%@1728,34%@1728,50%@1728,74%@1728,61%@1728,57%@1728] GR3D_FREQ 0% cpu@54.718C soc2@53.593C soc0@53.156C gpu@55.031C tj@55.031C soc1@54.625C VDD_IN 9516mW/9000mW VDD_CPU_GPU_CV 3345mW/2746mW VDD_SOC 2641mW/2687mW
09-26-2026 21:38:24 RAM 3729/7620MB (lfb 95x4MB) SWAP 107/12002MB (cached 0MB) CPU [16%@1728,19%@1728,17%@1728,100%@1728,17%@1728,19%@1728] GR3D_FREQ 0% cpu@54.937C soc2@53.375C soc0@53C gpu@54.781C tj@54.937C soc1@54.5C VDD_IN 9200mW/9002mW VDD_CPU_GPU_CV 2952mW/2748mW VDD_SOC 2645mW/2686mW
09-26-2026 21:38:24 RAM 3901/7620MB (lfb 59x4MB) SWAP 107/12002MB (cached 0MB) CPU [0%@1728,1%@1728,0%@1728,80%@1728,0%@1728,0%@1728] GR3D_FREQ 68% cpu@54.343C soc2@53.468C soc0@53C gpu@55.562C tj@55.562C soc1@54.343C VDD_IN 11038mW/9023mW VDD_CPU_GPU_CV 4119mW/2762mW VDD_SOC 2952mW/2689mW
09-26-2026 21:38:25 RAM 4023/7620MB (lfb 36x4MB) SWAP 107/12002MB (cached 0MB) CPU [14%@1728,14%@1728,14%@1728,72%@1728,15%@1728,14%@1728] GR3D_FREQ 0% cpu@54.906C soc2@53.593C soc0@53.343C gpu@54.843C tj@54.906C soc1@54.437C VDD_IN 11314mW/9045mW VDD_CPU_GPU_CV 4315mW/2777mW VDD_SOC 2991mW/2692mW
09-26-2026 21:38:25 RAM 4023/7620MB (lfb 36x4MB) SWAP 107/12002MB (cached 0MB) CPU [50%@1728,32%@1728,35%@1728,84%@1728,33%@1728,32%@1728] GR3D_FREQ 0% cpu@54.687C soc2@53.687C soc0@53.156C gpu@54.906C tj@54.906C soc1@54.437C VDD_IN 9911mW/9053mW VDD_CPU_GPU_CV 3463mW/2784mW VDD_SOC 2720mW/2692mW
09-26-2026 21:38:26 RAM 4023/7620MB (lfb 36x4MB) SWAP 107/12002MB (cached 0MB) CPU [76%@1728,58%@1728,34%@1728,32%@1728,32%@1728,33%@1728] GR3D_FREQ 0% cpu@54.656C soc2@53.5C soc0@53.031C gpu@55C tj@55C soc1@54.593C VDD_IN 9437mW/9057mW VDD_CPU_GPU_CV 3188mW/2787mW VDD_SOC 2641mW/2692mW
09-26-2026 21:38:26 RAM 3900/7620MB (lfb 57x4MB) SWAP 107/12002MB (cached 0MB) CPU [2%@1728,98%@1728,3%@1728,3%@1728,2%@1728,1%@1728] GR3D_FREQ 1% cpu@54.656C soc2@53.437C soc0@52.906C gpu@55.156C tj@55.156C soc1@54.5C VDD_IN 9358mW/9060mW VDD_CPU_GPU_CV 2873mW/2788mW VDD_SOC 2720mW/2692mW
09-26-2026 21:38:27 RAM 4017/7620MB (lfb 37x4MB) SWAP 107/12002MB (cached 0MB) CPU [8%@1728,69%@1728,8%@1728,9%@1728,7%@1728,8%@1728] GR3D_FREQ 0% cpu@54.843C soc2@53.718C soc0@53.093C gpu@55.093C tj@55.093C soc1@54.406C VDD_IN 12122mW/9089mW VDD_CPU_GPU_CV 4856mW/2808mW VDD_SOC 3143mW/2696mW
09-26-2026 21:38:27 RAM 4017/7620MB (lfb 37x4MB) SWAP 107/12002MB (cached 0MB) CPU [36%@1728,100%@1728,38%@1728,20%@1728,44%@1728,40%@1728] GR3D_FREQ 0% cpu@54.656C soc2@53.562C soc0@53.187C gpu@54.625C tj@54.812C soc1@54.468C VDD_IN 10148mW/9099mW VDD_CPU_GPU_CV 3654mW/2816mW VDD_SOC 2759mW/2697mW
09-26-2026 21:38:28 RAM 4017/7620MB (lfb 37x4MB) SWAP 107/12002MB (cached 0MB) CPU [0%@1728,97%@1728,45%@1728,49%@1728,56%@1728,58%@1728] GR3D_FREQ 0% cpu@54.625C soc2@53.406C soc0@53.125C gpu@55.093C tj@55.093C soc1@54.437C VDD_IN 9595mW/9103mW VDD_CPU_GPU_CV 3306mW/2820mW VDD_SOC 2641mW/2696mW
09-26-2026 21:38:28 RAM 3714/7620MB (lfb 96x4MB) SWAP 107/12002MB (cached 0MB) CPU [94%@1728,35%@1728,40%@1728,10%@1728,50%@1728,51%@1728] GR3D_FREQ 1% cpu@54.906C soc2@53.781C soc0@53.156C gpu@54.562C tj@54.906C soc1@54.531C VDD_IN 9319mW/9105mW VDD_CPU_GPU_CV 3109mW/2823mW VDD_SOC 2601mW/2695mW
09-26-2026 21:38:29 RAM 4455/7620MB (lfb 32x4MB) SWAP 107/12002MB (cached 0MB) CPU [78%@1728,0%@1728,1%@1728,1%@1728,0%@1728,0%@1728] GR3D_FREQ 0% cpu@54.343C soc2@53.718C soc0@53.031C gpu@55.437C tj@55.437C soc1@54.531C VDD_IN 11532mW/9127mW VDD_CPU_GPU_CV 4276mW/2836mW VDD_SOC 3222mW/2700mW
09-26-2026 21:38:29 RAM 4864/7620MB (lfb 32x4MB) SWAP 107/12002MB (cached 0MB) CPU [54%@1728,0%@1728,0%@1728,0%@1728,0%@1728,1%@1728] GR3D_FREQ 99% cpu@54.625C soc2@54.031C soc0@53.343C gpu@56.968C tj@56.968C soc1@54.562C VDD_IN 15001mW/9180mW VDD_CPU_GPU_CV 6353mW/2868mW VDD_SOC 3988mW/2712mW
09-26-2026 21:38:30 RAM 4865/7620MB (lfb 32x4MB) SWAP 107/12002MB (cached 0MB) CPU [26%@1728,0%@1728,0%@1728,0%@1728,0%@1728,0%@1728] GR3D_FREQ 76% cpu@54.875C soc2@54.343C soc0@53.375C gpu@57.062C tj@57.062C soc1@54.468C VDD_IN 18279mW/9262mW VDD_CPU_GPU_CV 8440mW/2918mW VDD_SOC 4669mW/2729mW
09-26-2026 21:38:31 RAM 4864/7620MB (lfb 32x4MB) SWAP 107/12002MB (cached 0MB) CPU [33%@1728,0%@1728,0%@1728,0%@1728,0%@1728,0%@1728] GR3D_FREQ 99% cpu@55C soc2@54.656C soc0@53.625C gpu@57.875C tj@57.875C soc1@54.781C VDD_IN 19183mW/9349mW VDD_CPU_GPU_CV 8968mW/2971mW VDD_SOC 4856mW/2748mW
09-26-2026 21:38:31 RAM 4864/7620MB (lfb 32x4MB) SWAP 107/12002MB (cached 0MB) CPU [27%@1728,1%@1728,0%@1728,1%@1728,0%@1728,0%@1728] GR3D_FREQ 74% cpu@55.437C soc2@54.843C soc0@53.687C gpu@57.593C tj@57.593C soc1@54.75C VDD_IN 19494mW/9438mW VDD_CPU_GPU_CV 9069mW/3025mW VDD_SOC 4894mW/2767mW
09-26-2026 21:38:32 RAM 4864/7620MB (lfb 32x4MB) SWAP 107/12002MB (cached 0MB) CPU [32%@1728,1%@1728,0%@1728,0%@1728,0%@1728,0%@1728] GR3D_FREQ 99% cpu@55.531C soc2@55.031C soc0@53.843C gpu@58.156C tj@58.156C soc1@54.843C VDD_IN 19501mW/9526mW VDD_CPU_GPU_CV 9184mW/3078mW VDD_SOC 4933mW/2786mW
09-26-2026 21:38:32 RAM 4864/7620MB (lfb 32x4MB) SWAP 107/12002MB (cached 0MB) CPU [26%@1728,0%@1728,1%@1728,1%@1728,0%@1728,0%@1728] GR3D_FREQ 74% cpu@55.656C soc2@55.125C soc0@54.187C gpu@58.25C tj@58.25C soc1@54.906C VDD_IN 19462mW/9612mW VDD_CPU_GPU_CV 9184mW/3131mW VDD_SOC 4933mW/2804mW
09-26-2026 21:38:33 RAM 4864/7620MB (lfb 32x4MB) SWAP 107/12002MB (cached 0MB) CPU [30%@1728,1%@1728,0%@1728,0%@1728,0%@1728,0%@1728] GR3D_FREQ 99% cpu@55.562C soc2@55.25C soc0@54.25C gpu@58.625C tj@58.437C soc1@55.062C VDD_IN 19618mW/9697mW VDD_CPU_GPU_CV 9339mW/3184mW VDD_SOC 4972mW/2823mW
09-26-2026 21:38:33 RAM 4864/7620MB (lfb 32x4MB) SWAP 107/12002MB (cached 0MB) CPU [31%@1728,0%@1728,0%@1728,1%@1728,0%@1728,1%@1728] GR3D_FREQ 74% cpu@55.906C soc2@55.406C soc0@54.281C gpu@58.5C tj@58.5C soc1@55.218C VDD_IN 19540mW/9780mW VDD_CPU_GPU_CV 9223mW/3235mW VDD_SOC 4972mW/2841mW
09-26-2026 21:38:34 RAM 4864/7620MB (lfb 32x4MB) SWAP 107/12002MB (cached 0MB) CPU [30%@1728,0%@1728,0%@1728,0%@1728,0%@1728,0%@1728] GR3D_FREQ 99% cpu@56.218C soc2@55.375C soc0@54.343C gpu@58.812C tj@58.812C soc1@55.343C VDD_IN 19695mW/9864mW VDD_CPU_GPU_CV 9377mW/3287mW VDD_SOC 4964mW/2859mW
09-26-2026 21:38:34 RAM 4864/7620MB (lfb 32x4MB) SWAP 107/12002MB (cached 0MB) CPU [30%@1728,0%@1728,1%@1728,0%@1728,0%@1728,0%@1728] GR3D_FREQ 77% cpu@56.281C soc2@55.687C soc0@54.406C gpu@58.687C tj@58.687C soc1@55.312C VDD_IN 19618mW/9945mW VDD_CPU_GPU_CV 9223mW/3336mW VDD_SOC 4964mW/2876mW
09-26-2026 21:38:35 RAM 4864/7620MB (lfb 32x4MB) SWAP 107/12002MB (cached 0MB) CPU [28%@1728,0%@1728,0%@1728,1%@1728,0%@1728,0%@1728] GR3D_FREQ 99% cpu@56.031C soc2@55.718C soc0@54.593C gpu@59.031C tj@59.031C soc1@55.375C VDD_IN 19695mW/10026mW VDD_CPU_GPU_CV 9377mW/3386mW VDD_SOC 4964mW/2894mW
09-26-2026 21:38:35 RAM 4864/7620MB (lfb 32x4MB) SWAP 107/12002MB (cached 0MB) CPU [33%@1728,0%@1728,0%@1728,3%@1728,0%@1728,0%@1728] GR3D_FREQ 90% cpu@56.468C soc2@55.687C soc0@54.656C gpu@58.406C tj@58.406C soc1@55.5C VDD_IN 19462mW/10103mW VDD_CPU_GPU_CV 9107mW/3433mW VDD_SOC 4933mW/2910mW
09-26-2026 21:38:36 RAM 4864/7620MB (lfb 32x4MB) SWAP 107/12002MB (cached 0MB) CPU [26%@1728,1%@1728,0%@1728,0%@1728,0%@1728,0%@1728] GR3D_FREQ 99% cpu@56.656C soc2@55.781C soc0@54.718C gpu@59.062C tj@59.062C soc1@55.593C VDD_IN 19734mW/10181mW VDD_CPU_GPU_CV 9377mW/3481mW VDD_SOC 4964mW/2927mW
09-26-2026 21:38:36 RAM 4864/7620MB (lfb 32x4MB) SWAP 107/12002MB (cached 0MB) CPU [35%@1728,0%@1728,0%@1728,0%@1728,0%@1728,0%@1728] GR3D_FREQ 39% cpu@56.718C soc2@55.937C soc0@54.843C gpu@58.75C tj@58.75C soc1@55.718C VDD_IN 19385mW/10256mW VDD_CPU_GPU_CV 9030mW/3526mW VDD_SOC 4933mW/2943mW
09-26-2026 21:38:37 RAM 4864/7620MB (lfb 32x4MB) SWAP 107/12002MB (cached 0MB) CPU [26%@1728,1%@1728,0%@1728,0%@1728,0%@1728,0%@1728] GR3D_FREQ 99% cpu@56.562C soc2@56.062C soc0@55.093C gpu@59.187C tj@59.187C soc1@55.687C VDD_IN 19773mW/10332mW VDD_CPU_GPU_CV 9493mW/3574mW VDD_SOC 5003mW/2960mW
09-26-2026 21:38:37 RAM 4864/7620MB (lfb 32x4MB) SWAP 107/12002MB (cached 0MB) CPU [36%@1728,0%@1728,0%@1728,0%@1728,0%@1728,0%@1728] GR3D_FREQ 79% cpu@56.656C soc2@56.093C soc0@55.031C gpu@58.906C tj@58.906C soc1@55.625C VDD_IN 19268mW/10403mW VDD_CPU_GPU_CV 9006mW/3617mW VDD_SOC 4894mW/2975mW
09-26-2026 21:38:38 RAM 4864/7620MB (lfb 32x4MB) SWAP 107/12002MB (cached 0MB) CPU [26%@1728,0%@1728,0%@1728,0%@1728,0%@1728,0%@1728] GR3D_FREQ 99% cpu@56.75C soc2@56.187C soc0@55.031C gpu@59.656C tj@59.656C soc1@56.031C VDD_IN 19851mW/10477mW VDD_CPU_GPU_CV 9532mW/3663mW VDD_SOC 5003mW/2991mW
09-26-2026 21:38:38 RAM 4864/7620MB (lfb 32x4MB) SWAP 107/12002MB (cached 0MB) CPU [36%@1728,0%@1728,3%@1728,0%@1728,0%@1728,0%@1728] GR3D_FREQ 16% cpu@56.875C soc2@56.25C soc0@55.093C gpu@58.812C tj@58.812C soc1@55.937C VDD_IN 19307mW/10546mW VDD_CPU_GPU_CV 9030mW/3705mW VDD_SOC 4933mW/3006mW
09-26-2026 21:38:39 RAM 4864/7620MB (lfb 32x4MB) SWAP 107/12002MB (cached 0MB) CPU [24%@1728,0%@1728,0%@1728,0%@1728,0%@1728,0%@1728] GR3D_FREQ 99% cpu@56.937C soc2@56.281C soc0@55.218C gpu@59.75C tj@59.75C soc1@56C VDD_IN 19890mW/10618mW VDD_CPU_GPU_CV 9570mW/3751mW VDD_SOC 5003mW/3022mW
09-26-2026 21:38:39 RAM 4864/7620MB (lfb 32x4MB) SWAP 107/12002MB (cached 0MB) CPU [40%@1728,1%@1728,0%@1728,2%@1728,0%@1728,0%@1728] GR3D_FREQ 56% cpu@56.968C soc2@56.406C soc0@55.375C gpu@59.156C tj@59.156C soc1@56.031C VDD_IN 19307mW/10685mW VDD_CPU_GPU_CV 9030mW/3791mW VDD_SOC 4894mW/3036mW
09-26-2026 21:38:40 RAM 4865/7620MB (lfb 32x4MB) SWAP 107/12002MB (cached 0MB) CPU [25%@1728,0%@1728,1%@1728,0%@1728,0%@1728,0%@1728] GR3D_FREQ 99% cpu@56.781C soc2@56.5C soc0@55.406C gpu@59.687C tj@59.687C soc1@56.406C VDD_IN 19851mW/10755mW VDD_CPU_GPU_CV 9493mW/3835mW VDD_SOC 5003mW/3051mW
09-26-2026 21:38:40 RAM 4869/7620MB (lfb 32x4MB) SWAP 107/12002MB (cached 0MB) CPU [36%@1728,7%@1728,1%@1728,3%@1728,0%@1728,0%@1728] GR3D_FREQ 90% cpu@57.281C soc2@56.562C soc0@55.343C gpu@59.656C tj@59.656C soc1@56.375C VDD_IN 19385mW/10821mW VDD_CPU_GPU_CV 9030mW/3874mW VDD_SOC 4886mW/3065mW
09-26-2026 21:38:41 RAM 4872/7620MB (lfb 32x4MB) SWAP 107/12002MB (cached 0MB) CPU [10%@1728,32%@1728,11%@1728,6%@1728,32%@1728,26%@1728] GR3D_FREQ 77% cpu@57.406C soc2@56.687C soc0@55.781C gpu@59.687C tj@59.687C soc1@56.406C VDD_IN 19812mW/10888mW VDD_CPU_GPU_CV 9262mW/3915mW VDD_SOC 4964mW/3079mW
09-26-2026 21:38:41 RAM 4872/7620MB (lfb 32x4MB) SWAP 107/12002MB (cached 0MB) CPU [1%@1728,28%@1728,0%@1728,1%@1728,0%@1728,0%@1728] GR3D_FREQ 99% cpu@57.062C soc2@56.687C soc0@55.75C gpu@59.937C tj@59.937C soc1@56.437C VDD_IN 19812mW/10955mW VDD_CPU_GPU_CV 9416mW/3956mW VDD_SOC 4964mW/3093mW
09-26-2026 21:38:42 RAM 4872/7620MB (lfb 32x4MB) SWAP 107/12002MB (cached 0MB) CPU [30%@1728,2%@1728,0%@1728,0%@1728,0%@1728,0%@1728] GR3D_FREQ 60% cpu@57.468C soc2@56.781C soc0@55.781C gpu@59.593C tj@59.593C soc1@56.406C VDD_IN 19618mW/11019mW VDD_CPU_GPU_CV 9223mW/3995mW VDD_SOC 4964mW/3107mW
09-26-2026 21:38:42 RAM 4872/7620MB (lfb 32x4MB) SWAP 107/12002MB (cached 0MB) CPU [27%@1728,1%@1728,1%@1728,3%@1728,0%@1728,0%@1728] GR3D_FREQ 99% cpu@57.5C soc2@56.875C soc0@55.75C gpu@60.343C tj@60.343C soc1@56.625C VDD_IN 19812mW/11084mW VDD_CPU_GPU_CV 9416mW/4035mW VDD_SOC 5003mW/3121mW
09-26-2026 21:38:43 RAM 4872/7620MB (lfb 32x4MB) SWAP 107/12002MB (cached 0MB) CPU [34%@1728,0%@1728,0%@1728,0%@1728,0%@1728,0%@1728] GR3D_FREQ 77% cpu@57.75C soc2@56.937C soc0@55.843C gpu@59.343C tj@59.343C soc1@56.625C VDD_IN 19501mW/11145mW VDD_CPU_GPU_CV 9107mW/4072mW VDD_SOC 4964mW/3135mW
09-26-2026 21:38:43 RAM 4872/7620MB (lfb 32x4MB) SWAP 107/12002MB (cached 0MB) CPU [26%@1728,0%@1728,0%@1728,0%@1728,0%@1728,0%@1728] GR3D_FREQ 99% cpu@57.593C soc2@57.031C soc0@56.093C gpu@60.625C tj@60.625C soc1@56.656C VDD_IN 19851mW/11208mW VDD_CPU_GPU_CV 9455mW/4111mW VDD_SOC 5003mW/3148mW
09-26-2026 21:38:44 RAM 4872/7620MB (lfb 32x4MB) SWAP 107/12002MB (cached 0MB) CPU [34%@1728,0%@1728,0%@1728,0%@1728,0%@1728,0%@1728] GR3D_FREQ 75% cpu@57.812C soc2@57.062C soc0@56.062C gpu@59.593C tj@59.593C soc1@56.781C VDD_IN 19346mW/11267mW VDD_CPU_GPU_CV 8991mW/4146mW VDD_SOC 4933mW/3161mW
09-26-2026 21:38:44 RAM 4872/7620MB (lfb 32x4MB) SWAP 107/12002MB (cached 0MB) CPU [24%@1728,0%@1728,1%@1728,1%@1728,0%@1728,0%@1728] GR3D_FREQ 99% cpu@57.5C soc2@57.125C soc0@56.125C gpu@60.437C tj@60.437C soc1@57C VDD_IN 19851mW/11328mW VDD_CPU_GPU_CV 9493mW/4184mW VDD_SOC 5003mW/3174mW
09-26-2026 21:38:45 RAM 4872/7620MB (lfb 32x4MB) SWAP 107/12002MB (cached 0MB) CPU [35%@1728,0%@1728,0%@1728,0%@1728,0%@1728,0%@1728] GR3D_FREQ 29% cpu@58.125C soc2@57.25C soc0@56.062C gpu@60.031C tj@60.031C soc1@56.968C VDD_IN 19307mW/11385mW VDD_CPU_GPU_CV 8991mW/4218mW VDD_SOC 4933mW/3187mW
09-26-2026 21:38:45 RAM 4872/7620MB (lfb 32x4MB) SWAP 107/12002MB (cached 0MB) CPU [24%@1728,0%@1728,0%@1728,0%@1728,0%@1728,0%@1728] GR3D_FREQ 99% cpu@57.875C soc2@57.25C soc0@56.156C gpu@60.625C tj@60.625C soc1@57C VDD_IN 19851mW/11444mW VDD_CPU_GPU_CV 9493mW/4255mW VDD_SOC 5003mW/3199mW
09-26-2026 21:38:46 RAM 4872/7620MB (lfb 32x4MB) SWAP 107/12002MB (cached 0MB) CPU [35%@1728,1%@1728,0%@1728,0%@1728,0%@1728,0%@1728] GR3D_FREQ 24% cpu@58.031C soc2@57.437C soc0@56.437C gpu@60C tj@60C soc1@57.031C VDD_IN 19268mW/11499mW VDD_CPU_GPU_CV 8953mW/4288mW VDD_SOC 4933mW/3211mW
09-26-2026 21:38:46 RAM 4872/7620MB (lfb 32x4MB) SWAP 107/12002MB (cached 0MB) CPU [24%@1728,2%@1728,0%@1728,1%@1728,0%@1728,0%@1728] GR3D_FREQ 99% cpu@57.781C soc2@57.437C soc0@56.343C gpu@60.906C tj@60.906C soc1@57.031C VDD_IN 19890mW/11557mW VDD_CPU_GPU_CV 9532mW/4325mW VDD_SOC 5003mW/3224mW
09-26-2026 21:38:47 RAM 4872/7620MB (lfb 32x4MB) SWAP 107/12002MB (cached 0MB) CPU [34%@1728,1%@1728,0%@1728,0%@1728,0%@1728,0%@1728] GR3D_FREQ 28% cpu@58.218C soc2@57.5C soc0@56.375C gpu@60.343C tj@60.218C soc1@57.25C VDD_IN 19346mW/11611mW VDD_CPU_GPU_CV 9030mW/4357mW VDD_SOC 4925mW/3236mW
09-26-2026 21:38:47 RAM 4872/7620MB (lfb 32x4MB) SWAP 107/12002MB (cached 0MB) CPU [15%@1728,10%@1728,0%@1728,0%@1728,0%@1728,0%@1728] GR3D_FREQ 99% cpu@58.343C soc2@57.562C soc0@56.343C gpu@61.062C tj@61.062C soc1@57.281C VDD_IN 19929mW/11668mW VDD_CPU_GPU_CV 9516mW/4392mW VDD_SOC 5003mW/3248mW
09-26-2026 21:38:48 RAM 4872/7620MB (lfb 32x4MB) SWAP 107/12002MB (cached 0MB) CPU [36%@1728,0%@1728,0%@1728,1%@1728,0%@1728,0%@1728] GR3D_FREQ 38% cpu@58.25C soc2@57.75C soc0@56.687C gpu@60.468C tj@60.468C soc1@57.312C VDD_IN 19385mW/11720mW VDD_CPU_GPU_CV 9069mW/4424mW VDD_SOC 4925mW/3259mW
09-26-2026 21:38:48 RAM 4872/7620MB (lfb 32x4MB) SWAP 107/12002MB (cached 0MB) CPU [27%@1728,0%@1728,1%@1728,0%@1728,0%@1728,0%@1728] GR3D_FREQ 99% cpu@58.062C soc2@57.75C soc0@56.656C gpu@60.937C tj@60.937C soc1@57.281C VDD_IN 19929mW/11776mW VDD_CPU_GPU_CV 9493mW/4458mW VDD_SOC 5003mW/3271mW
09-26-2026 21:38:49 RAM 4872/7620MB (lfb 32x4MB) SWAP 107/12002MB (cached 0MB) CPU [34%@1728,0%@1728,0%@1728,4%@1728,0%@1728,0%@1728] GR3D_FREQ 86% cpu@58.312C soc2@57.812C soc0@56.625C gpu@60.625C tj@60.625C soc1@57.531C VDD_IN 19424mW/11827mW VDD_CPU_GPU_CV 9107mW/4490mW VDD_SOC 4925mW/3282mW
09-26-2026 21:38:49 RAM 4872/7620MB (lfb 32x4MB) SWAP 107/12002MB (cached 0MB) CPU [25%@1728,0%@1728,1%@1728,1%@1728,0%@1728,0%@1728] GR3D_FREQ 97% cpu@58.687C soc2@57.875C soc0@56.625C gpu@61.062C tj@61.062C soc1@57.5C VDD_IN 19890mW/11881mW VDD_CPU_GPU_CV 9477mW/4523mW VDD_SOC 5003mW/3293mW
09-26-2026 21:38:50 RAM 4872/7620MB (lfb 32x4MB) SWAP 107/12002MB (cached 0MB) CPU [34%@1728,0%@1728,0%@1728,0%@1728,0%@1728,0%@1728] GR3D_FREQ 96% cpu@58.406C soc2@57.906C soc0@57C gpu@61.312C tj@61.312C soc1@57.468C VDD_IN 19462mW/11931mW VDD_CPU_GPU_CV 9146mW/4553mW VDD_SOC 4925mW/3304mW
09-26-2026 21:38:50 RAM 4872/7620MB (lfb 32x4MB) SWAP 107/12002MB (cached 0MB) CPU [26%@1728,0%@1728,1%@1728,1%@1728,0%@1728,0%@1728] GR3D_FREQ 90% cpu@58.406C soc2@58C soc0@56.906C gpu@61.062C tj@61.062C soc1@57.531C VDD_IN 19851mW/11983mW VDD_CPU_GPU_CV 9377mW/4585mW VDD_SOC 5003mW/3315mW
09-26-2026 21:38:51 RAM 4872/7620MB (lfb 32x4MB) SWAP 107/12002MB (cached 0MB) CPU [32%@1728,1%@1728,0%@1728,0%@1728,0%@1728,0%@1728] GR3D_FREQ 99% cpu@58.468C soc2@58C soc0@56.843C gpu@61.062C tj@61.062C soc1@57.812C VDD_IN 19424mW/12032mW VDD_CPU_GPU_CV 9030mW/4614mW VDD_SOC 4925mW/3326mW
09-26-2026 21:38:51 RAM 4872/7620MB (lfb 32x4MB) SWAP 107/12002MB (cached 0MB) CPU [26%@1728,0%@1728,1%@1728,2%@1728,0%@1728,0%@1728] GR3D_FREQ 80% cpu@58.656C soc2@58.031C soc0@57C gpu@61.406C tj@61.406C soc1@57.687C VDD_IN 19773mW/12082mW VDD_CPU_GPU_CV 9339mW/4645mW VDD_SOC 4964mW/3337mW
09-26-2026 21:38:52 RAM 4872/7620MB (lfb 32x4MB) SWAP 107/12002MB (cached 0MB) CPU [35%@1728,0%@1728,0%@1728,0%@1728,0%@1728,0%@1728] GR3D_FREQ 96% cpu@58.718C soc2@58.187C soc0@57C gpu@61.218C tj@61.218C soc1@57.687C VDD_IN 19501mW/12130mW VDD_CPU_GPU_CV 9146mW/4674mW VDD_SOC 4925mW/3347mW
09-26-2026 21:38:52 RAM 4872/7620MB (lfb 32x4MB) SWAP 107/12002MB (cached 0MB) CPU [28%@1728,0%@1728,2%@1728,0%@1728,0%@1728,0%@1728] GR3D_FREQ 89% cpu@58.718C soc2@58.218C soc0@57.218C gpu@61.218C tj@61.218C soc1@57.75C VDD_IN 19812mW/12179mW VDD_CPU_GPU_CV 9416mW/4704mW VDD_SOC 5003mW/3357mW
09-26-2026 21:38:53 RAM 4872/7620MB (lfb 32x4MB) SWAP 107/12002MB (cached 0MB) CPU [32%@1728,0%@1728,1%@1728,0%@1728,0%@1728,0%@1728] GR3D_FREQ 99% cpu@58.687C soc2@58.218C soc0@57.25C gpu@61.625C tj@61.625C soc1@57.875C VDD_IN 19540mW/12226mW VDD_CPU_GPU_CV 9184mW/4733mW VDD_SOC 4964mW/3368mW
09-26-2026 21:38:53 RAM 4872/7620MB (lfb 32x4MB) SWAP 107/12002MB (cached 0MB) CPU [28%@1728,0%@1728,0%@1728,1%@1728,0%@1728,0%@1728] GR3D_FREQ 89% cpu@58.531C soc2@58.25C soc0@57.312C gpu@61.437C tj@61.437C soc1@58C VDD_IN 19773mW/12274mW VDD_CPU_GPU_CV 9339mW/4762mW VDD_SOC 4964mW/3378mW
09-26-2026 21:38:54 RAM 4872/7620MB (lfb 32x4MB) SWAP 107/12002MB (cached 0MB) CPU [32%@1728,1%@1728,0%@1728,0%@1728,0%@1728,0%@1728] GR3D_FREQ 99% cpu@58.937C soc2@58.375C soc0@57.281C gpu@61.718C tj@61.718C soc1@58C VDD_IN 19540mW/12320mW VDD_CPU_GPU_CV 9223mW/4790mW VDD_SOC 4964mW/3388mW
09-26-2026 21:38:54 RAM 4872/7620MB (lfb 32x4MB) SWAP 107/12002MB (cached 0MB) CPU [28%@1728,0%@1728,0%@1728,1%@1728,0%@1728,0%@1728] GR3D_FREQ 73% cpu@59.187C soc2@58.468C soc0@57.281C gpu@61.531C tj@61.531C soc1@58.062C VDD_IN 19695mW/12366mW VDD_CPU_GPU_CV 9300mW/4818mW VDD_SOC 4964mW/3398mW
09-26-2026 21:38:55 RAM 4872/7620MB (lfb 32x4MB) SWAP 107/12002MB (cached 0MB) CPU [15%@1728,0%@1728,0%@1728,0%@1728,0%@1728,0%@1728] GR3D_FREQ 0% cpu@58.437C soc2@58.093C soc0@57.5C gpu@59.625C tj@59.625C soc1@57.968C VDD_IN 13574mW/12373mW VDD_CPU_GPU_CV 5426mW/4822mW VDD_SOC 3760mW/3400mW
09-26-2026 21:38:55 RAM 4872/7620MB (lfb 32x4MB) SWAP 107/12002MB (cached 0MB) CPU [0%@1728,0%@1728,1%@1728,0%@1728,0%@1728,0%@1728] GR3D_FREQ 0% cpu@57.781C soc2@57.593C soc0@57.187C gpu@58.875C tj@58.875C soc1@58.25C VDD_IN 9279mW/12354mW VDD_CPU_GPU_CV 2755mW/4809mW VDD_SOC 2877mW/3397mW
09-26-2026 21:38:56 RAM 4872/7620MB (lfb 32x4MB) SWAP 107/12002MB (cached 0MB) CPU [0%@1728,0%@1728,0%@1728,0%@1728,0%@1728,0%@1728] GR3D_FREQ 0% cpu@57.875C soc2@57.312C soc0@56.843C gpu@59.062C tj@59.062C soc1@58.031C VDD_IN 7989mW/12327mW VDD_CPU_GPU_CV 1971mW/4792mW VDD_SOC 2606mW/3392mW
09-26-2026 21:38:56 RAM 4872/7620MB (lfb 32x4MB) SWAP 107/12002MB (cached 0MB) CPU [0%@1728,1%@1728,0%@1728,0%@1728,0%@1728,0%@1728] GR3D_FREQ 0% cpu@57.625C soc2@57.125C soc0@57C gpu@58.406C tj@58.406C soc1@57.843C VDD_IN 7593mW/12298mW VDD_CPU_GPU_CV 1737mW/4773mW VDD_SOC 2531mW/3387mW
09-26-2026 21:38:57 RAM 4872/7620MB (lfb 32x4MB) SWAP 107/12002MB (cached 0MB) CPU [0%@1728,0%@1728,1%@1728,0%@1728,0%@1728,0%@1728] GR3D_FREQ 0% cpu@57.656C soc2@56.968C soc0@56.75C gpu@58.593C tj@58.593C soc1@57.718C VDD_IN 7527mW/12270mW VDD_CPU_GPU_CV 1658mW/4754mW VDD_SOC 2531mW/3381mW
09-26-2026 21:38:57 RAM 4872/7620MB (lfb 32x4MB) SWAP 107/12002MB (cached 0MB) CPU [0%@1728,0%@1728,0%@1728,0%@1728,0%@1728,0%@1728] GR3D_FREQ 0% cpu@57.187C soc2@56.843C soc0@56.625C gpu@58.406C tj@58.406C soc1@57.75C VDD_IN 7487mW/12241mW VDD_CPU_GPU_CV 1619mW/4736mW VDD_SOC 2531mW/3376mW
09-26-2026 21:38:58 RAM 4872/7620MB (lfb 32x4MB) SWAP 107/12002MB (cached 0MB) CPU [0%@1728,0%@1728,0%@1728,0%@1728,0%@1728,0%@1728] GR3D_FREQ 0% cpu@57.406C soc2@56.75C soc0@56.375C gpu@58.125C tj@58.125C soc1@57.687C VDD_IN 7447mW/12212mW VDD_CPU_GPU_CV 1619mW/4717mW VDD_SOC 2491mW/3371mW
09-26-2026 21:38:58 RAM 4872/7620MB (lfb 32x4MB) SWAP 107/12002MB (cached 0MB) CPU [0%@1728,0%@1728,0%@1728,0%@1728,0%@1728,0%@1728] GR3D_FREQ 0% cpu@57.093C soc2@56.781C soc0@56.312C gpu@57.906C tj@57.906C soc1@57.562C VDD_IN 7447mW/12184mW VDD_CPU_GPU_CV 1619mW/4698mW VDD_SOC 2491mW/3366mW
09-26-2026 21:38:59 RAM 4872/7620MB (lfb 32x4MB) SWAP 107/12002MB (cached 0MB) CPU [0%@1728,0%@1728,0%@1728,0%@1728,0%@1728,0%@1728] GR3D_FREQ 0% cpu@57C soc2@56.593C soc0@56.468C gpu@58.156C tj@58.156C soc1@57.5C VDD_IN 7447mW/12156mW VDD_CPU_GPU_CV 1619mW/4680mW VDD_SOC 2491mW/3361mW
09-26-2026 21:38:59 RAM 4872/7620MB (lfb 32x4MB) SWAP 107/12002MB (cached 0MB) CPU [1%@1728,0%@1728,1%@1728,0%@1728,0%@1728,0%@1728] GR3D_FREQ 0% cpu@56.781C soc2@56.5C soc0@56.312C gpu@57.906C tj@57.906C soc1@57.531C VDD_IN 7447mW/12128mW VDD_CPU_GPU_CV 1619mW/4662mW VDD_SOC 2491mW/3355mW
09-26-2026 21:39:00 RAM 4872/7620MB (lfb 32x4MB) SWAP 107/12002MB (cached 0MB) CPU [0%@1728,0%@1728,1%@1728,4%@1728,0%@1728,0%@1728] GR3D_FREQ 0% cpu@57.156C soc2@56.375C soc0@56.25C gpu@57.75C tj@57.75C soc1@57.468C VDD_IN 7487mW/12101mW VDD_CPU_GPU_CV 1619mW/4644mW VDD_SOC 2491mW/3350mW
09-26-2026 21:39:00 RAM 4872/7620MB (lfb 32x4MB) SWAP 107/12002MB (cached 0MB) CPU [0%@1728,0%@1728,0%@1728,0%@1728,0%@1728,0%@1728] GR3D_FREQ 0% cpu@56.781C soc2@56.375C soc0@56.281C gpu@57.812C tj@57.812C soc1@57.468C VDD_IN 7487mW/12074mW VDD_CPU_GPU_CV 1619mW/4627mW VDD_SOC 2491mW/3345mW
09-26-2026 21:39:01 RAM 4872/7620MB (lfb 32x4MB) SWAP 107/12002MB (cached 0MB) CPU [0%@1728,0%@1728,0%@1728,0%@1728,0%@1728,0%@1728] GR3D_FREQ 0% cpu@56.656C soc2@56.25C soc0@56.312C gpu@57.593C tj@57.593C soc1@57.25C VDD_IN 7447mW/12047mW VDD_CPU_GPU_CV 1619mW/4609mW VDD_SOC 2491mW/3340mW
09-26-2026 21:39:01 RAM 4872/7620MB (lfb 32x4MB) SWAP 107/12002MB (cached 0MB) CPU [0%@1728,0%@1728,0%@1728,0%@1728,0%@1728,0%@1728] GR3D_FREQ 0% cpu@56.718C soc2@56.218C soc0@56.156C gpu@57.5C tj@57.5C soc1@57.437C VDD_IN 7447mW/12021mW VDD_CPU_GPU_CV 1619mW/4592mW VDD_SOC 2531mW/3336mW
09-26-2026 21:39:02 RAM 4872/7620MB (lfb 32x4MB) SWAP 107/12002MB (cached 0MB) CPU [0%@1728,0%@1728,0%@1728,0%@1728,0%@1728,0%@1728] GR3D_FREQ 0% cpu@56.718C soc2@56.093C soc0@56.031C gpu@57.687C tj@57.687C soc1@57.312C VDD_IN 7447mW/11995mW VDD_CPU_GPU_CV 1619mW/4575mW VDD_SOC 2491mW/3331mW
09-26-2026 21:39:02 RAM 4872/7620MB (lfb 32x4MB) SWAP 107/12002MB (cached 0MB) CPU [0%@1728,0%@1728,0%@1728,0%@1728,0%@1728,0%@1728] GR3D_FREQ 0% cpu@56.75C soc2@56C soc0@56.031C gpu@57.531C tj@57.531C soc1@57.25C VDD_IN 7447mW/11969mW VDD_CPU_GPU_CV 1619mW/4558mW VDD_SOC 2491mW/3326mW
09-26-2026 21:39:03 RAM 4872/7620MB (lfb 32x4MB) SWAP 107/12002MB (cached 0MB) CPU [0%@1728,0%@1728,0%@1728,0%@1728,0%@1728,0%@1728] GR3D_FREQ 0% cpu@56.5C soc2@55.968C soc0@55.968C gpu@57.375C tj@57.375C soc1@57.093C VDD_IN 7447mW/11943mW VDD_CPU_GPU_CV 1619mW/4542mW VDD_SOC 2491mW/3321mW
09-26-2026 21:39:03 RAM 4872/7620MB (lfb 32x4MB) SWAP 107/12002MB (cached 0MB) CPU [0%@1728,0%@1728,1%@1728,0%@1728,0%@1728,0%@1728] GR3D_FREQ 0% cpu@56.781C soc2@55.937C soc0@55.843C gpu@57.312C tj@57.312C soc1@57.312C VDD_IN 7447mW/11918mW VDD_CPU_GPU_CV 1619mW/4525mW VDD_SOC 2491mW/3317mW
09-26-2026 21:39:04 RAM 4872/7620MB (lfb 32x4MB) SWAP 107/12002MB (cached 0MB) CPU [0%@1728,0%@1728,0%@1728,0%@1728,0%@1728,0%@1728] GR3D_FREQ 0% cpu@56.562C soc2@55.812C soc0@55.812C gpu@57.562C tj@57.562C soc1@57.062C VDD_IN 7447mW/11893mW VDD_CPU_GPU_CV 1619mW/4509mW VDD_SOC 2491mW/3312mW
09-26-2026 21:39:04 RAM 4872/7620MB (lfb 32x4MB) SWAP 107/12002MB (cached 0MB) CPU [0%@1728,0%@1728,0%@1728,0%@1728,0%@1728,0%@1728] GR3D_FREQ 0% cpu@56.593C soc2@55.968C soc0@56.031C gpu@57.375C tj@57.375C soc1@57C VDD_IN 7447mW/11868mW VDD_CPU_GPU_CV 1619mW/4493mW VDD_SOC 2491mW/3308mW
09-26-2026 21:39:05 RAM 4872/7620MB (lfb 32x4MB) SWAP 107/12002MB (cached 0MB) CPU [0%@1728,0%@1728,1%@1728,0%@1728,0%@1728,0%@1728] GR3D_FREQ 0% cpu@56.468C soc2@55.812C soc0@55.718C gpu@57.125C tj@57.125C soc1@57.062C VDD_IN 7447mW/11844mW VDD_CPU_GPU_CV 1619mW/4477mW VDD_SOC 2491mW/3303mW
09-26-2026 21:39:05 RAM 4872/7620MB (lfb 32x4MB) SWAP 107/12002MB (cached 0MB) CPU [0%@1728,0%@1728,0%@1728,0%@1728,0%@1728,0%@1728] GR3D_FREQ 0% cpu@56.343C soc2@55.812C soc0@55.625C gpu@57.031C tj@57.25C soc1@57.093C VDD_IN 7447mW/11820mW VDD_CPU_GPU_CV 1619mW/4462mW VDD_SOC 2491mW/3299mW
09-26-2026 21:39:06 RAM 4871/7620MB (lfb 32x4MB) SWAP 107/12002MB (cached 0MB) CPU [0%@1728,0%@1728,0%@1728,0%@1728,0%@1728,0%@1728] GR3D_FREQ 0% cpu@56.281C soc2@55.656C soc0@55.5C gpu@57.062C tj@57.062C soc1@56.937C VDD_IN 7447mW/11796mW VDD_CPU_GPU_CV 1619mW/4446mW VDD_SOC 2491mW/3294mW
09-26-2026 21:39:06 RAM 4871/7620MB (lfb 32x4MB) SWAP 107/12002MB (cached 0MB) CPU [0%@1728,0%@1728,1%@1728,0%@1728,0%@1728,0%@1728] GR3D_FREQ 0% cpu@56.281C soc2@55.812C soc0@55.75C gpu@56.875C tj@56.875C soc1@56.812C VDD_IN 7447mW/11772mW VDD_CPU_GPU_CV 1619mW/4431mW VDD_SOC 2491mW/3290mW
09-26-2026 21:39:07 RAM 4871/7620MB (lfb 32x4MB) SWAP 107/12002MB (cached 0MB) CPU [0%@1728,0%@1728,0%@1728,0%@1728,0%@1728,0%@1728] GR3D_FREQ 0% cpu@56.187C soc2@55.75C soc0@55.531C gpu@57.187C tj@57.187C soc1@56.718C VDD_IN 7447mW/11749mW VDD_CPU_GPU_CV 1619mW/4415mW VDD_SOC 2491mW/3286mW
09-26-2026 21:39:07 RAM 4871/7620MB (lfb 32x4MB) SWAP 107/12002MB (cached 0MB) CPU [0%@1728,0%@1728,0%@1728,0%@1728,0%@1728,0%@1728] GR3D_FREQ 0% cpu@56.218C soc2@55.625C soc0@55.406C gpu@57C tj@57C soc1@56.875C VDD_IN 7447mW/11726mW VDD_CPU_GPU_CV 1619mW/4400mW VDD_SOC 2491mW/3281mW
09-26-2026 21:39:08 RAM 4871/7620MB (lfb 32x4MB) SWAP 107/12002MB (cached 0MB) CPU [0%@1728,0%@1728,0%@1728,0%@1728,0%@1728,0%@1728] GR3D_FREQ 0% cpu@56.218C soc2@55.625C soc0@55.375C gpu@56.812C tj@56.812C soc1@56.687C VDD_IN 7447mW/11703mW VDD_CPU_GPU_CV 1619mW/4386mW VDD_SOC 2491mW/3277mW
09-26-2026 21:39:08 RAM 4871/7620MB (lfb 32x4MB) SWAP 107/12002MB (cached 0MB) CPU [0%@1728,1%@1728,0%@1728,0%@1728,0%@1728,0%@1728] GR3D_FREQ 0% cpu@56C soc2@55.593C soc0@55.468C gpu@56.781C tj@56.781C soc1@56.656C VDD_IN 7447mW/11680mW VDD_CPU_GPU_CV 1619mW/4371mW VDD_SOC 2491mW/3273mW
09-26-2026 21:39:09 RAM 4871/7620MB (lfb 32x4MB) SWAP 107/12002MB (cached 0MB) CPU [0%@1728,0%@1728,0%@1728,0%@1728,0%@1728,0%@1728] GR3D_FREQ 0% cpu@55.968C soc2@55.468C soc0@55.343C gpu@57C tj@57C soc1@56.593C VDD_IN 7447mW/11658mW VDD_CPU_GPU_CV 1619mW/4356mW VDD_SOC 2491mW/3269mW
09-26-2026 21:39:09 RAM 4871/7620MB (lfb 32x4MB) SWAP 107/12002MB (cached 0MB) CPU [0%@1728,0%@1728,1%@1728,0%@1728,0%@1728,0%@1728] GR3D_FREQ 0% cpu@55.937C soc2@55.531C soc0@55.312C gpu@56.781C tj@56.781C soc1@56.656C VDD_IN 7447mW/11636mW VDD_CPU_GPU_CV 1619mW/4342mW VDD_SOC 2491mW/3265mW
09-26-2026 21:39:10 RAM 4871/7620MB (lfb 32x4MB) SWAP 107/12002MB (cached 0MB) CPU [0%@1728,0%@1728,0%@1728,0%@1728,0%@1728,0%@1728] GR3D_FREQ 0% cpu@55.937C soc2@55.343C soc0@55.156C gpu@56.687C tj@56.687C soc1@56.625C VDD_IN 7447mW/11614mW VDD_CPU_GPU_CV 1619mW/4328mW VDD_SOC 2491mW/3261mW
09-26-2026 21:39:10 RAM 4871/7620MB (lfb 32x4MB) SWAP 107/12002MB (cached 0MB) CPU [0%@1728,0%@1728,0%@1728,0%@1728,0%@1728,0%@1728] GR3D_FREQ 0% cpu@55.812C soc2@55.375C soc0@55.281C gpu@56.562C tj@56.562C soc1@56.5C VDD_IN 7447mW/11592mW VDD_CPU_GPU_CV 1619mW/4313mW VDD_SOC 2491mW/3257mW
09-26-2026 21:39:11 RAM 4874/7620MB (lfb 32x4MB) SWAP 107/12002MB (cached 0MB) CPU [3%@1728,2%@1728,6%@1728,1%@1728,2%@1728,0%@1728] GR3D_FREQ 0% cpu@56.125C soc2@55.343C soc0@55.25C gpu@56.593C tj@56.593C soc1@56.5C VDD_IN 7606mW/11571mW VDD_CPU_GPU_CV 1737mW/4300mW VDD_SOC 2531mW/3253mW
09-26-2026 21:39:12 RAM 4875/7620MB (lfb 32x4MB) SWAP 107/12002MB (cached 0MB) CPU [16%@1728,5%@1728,5%@1728,5%@1728,18%@1728,21%@1728] GR3D_FREQ 0% cpu@55.75C soc2@55.375C soc0@55.093C gpu@56.5C tj@56.562C soc1@56.562C VDD_IN 7791mW/11552mW VDD_CPU_GPU_CV 1855mW/4288mW VDD_SOC 2531mW/3249mW
09-26-2026 21:39:12 RAM 4875/7620MB (lfb 32x4MB) SWAP 107/12002MB (cached 0MB) CPU [0%@1728,0%@1728,1%@1728,0%@1728,0%@1728,0%@1728] GR3D_FREQ 0% cpu@55.937C soc2@55.125C soc0@54.937C gpu@56.781C tj@56.781C soc1@56.437C VDD_IN 7527mW/11531mW VDD_CPU_GPU_CV 1697mW/4274mW VDD_SOC 2491mW/3245mW
09-26-2026 21:39:13 RAM 4875/7620MB (lfb 32x4MB) SWAP 107/12002MB (cached 0MB) CPU [2%@1728,0%@1728,1%@1728,0%@1728,0%@1728,0%@1728] GR3D_FREQ 0% cpu@55.562C soc2@55.156C soc0@55.125C gpu@56.562C tj@56.562C soc1@56.406C VDD_IN 7487mW/11511mW VDD_CPU_GPU_CV 1619mW/4261mW VDD_SOC 2491mW/3241mW
09-26-2026 21:39:13 RAM 4875/7620MB (lfb 32x4MB) SWAP 107/12002MB (cached 0MB) CPU [0%@1728,0%@1728,0%@1728,0%@1728,0%@1728,0%@1728] GR3D_FREQ 0% cpu@55.437C soc2@55.093C soc0@55.062C gpu@56.437C tj@56.531C soc1@56.531C VDD_IN 7447mW/11490mW VDD_CPU_GPU_CV 1619mW/4247mW VDD_SOC 2491mW/3238mW
09-26-2026 21:39:14 RAM 4875/7620MB (lfb 32x4MB) SWAP 107/12002MB (cached 0MB) CPU [0%@1728,0%@1728,0%@1728,0%@1728,0%@1728,0%@1728] GR3D_FREQ 0% cpu@55.718C soc2@55.125C soc0@55.062C gpu@56.312C tj@56.375C soc1@56.375C VDD_IN 7447mW/11470mW VDD_CPU_GPU_CV 1619mW/4234mW VDD_SOC 2491mW/3234mW
09-26-2026 21:39:14 RAM 4875/7620MB (lfb 32x4MB) SWAP 107/12002MB (cached 0MB) CPU [0%@1728,0%@1728,0%@1728,0%@1728,0%@1728,0%@1728] GR3D_FREQ 0% cpu@55.812C soc2@55.062C soc0@54.906C gpu@56.593C tj@56.593C soc1@56.218C VDD_IN 7447mW/11449mW VDD_CPU_GPU_CV 1619mW/4221mW VDD_SOC 2491mW/3230mW
09-26-2026 21:39:15 RAM 4875/7620MB (lfb 32x4MB) SWAP 107/12002MB (cached 0MB) CPU [0%@1728,0%@1728,0%@1728,0%@1728,0%@1728,0%@1728] GR3D_FREQ 0% cpu@55.625C soc2@55.093C soc0@55.093C gpu@56.156C tj@56.218C soc1@56.218C VDD_IN 7447mW/11429mW VDD_CPU_GPU_CV 1619mW/4208mW VDD_SOC 2491mW/3226mW
09-26-2026 21:39:15 RAM 4650/7620MB (lfb 32x4MB) SWAP 107/12002MB (cached 0MB) CPU [92%@1728,0%@1728,8%@1728,0%@1728,0%@1728,0%@1728] GR3D_FREQ 0% cpu@55.843C soc2@55.187C soc0@54.937C gpu@56.562C tj@56.562C soc1@56.218C VDD_IN 8226mW/11413mW VDD_CPU_GPU_CV 1971mW/4197mW VDD_SOC 2645mW/3223mW
