L3 first: 156.94423000059032 107.66867160797119
[09/26/2026-21:33:12] [TRT] [I] [MemUsageChange] Init CUDA: CPU +0, GPU +0, now: CPU 656, GPU 3939 (MiB)
[09/26/2026-21:33:14] [TRT] [I] [MemUsageChange] Init builder kernel library: CPU +980, GPU +781, now: CPU 1616, GPU 4727 (MiB)
[09/26/2026-21:33:14] [TRT] [I] ----------------------------------------------------------------
[09/26/2026-21:33:14] [TRT] [I] Input filename:   /home/jetson/hspc_jetson/onnx/hsi_encoder.onnx
[09/26/2026-21:33:14] [TRT] [I] ONNX IR version:  0.0.8
[09/26/2026-21:33:14] [TRT] [I] Opset version:    17
[09/26/2026-21:33:14] [TRT] [I] Producer name:    pytorch
[09/26/2026-21:33:14] [TRT] [I] Producer version: 2.13.0
[09/26/2026-21:33:14] [TRT] [I] Domain:           
[09/26/2026-21:33:14] [TRT] [I] Model version:    0
[09/26/2026-21:33:14] [TRT] [I] Doc string:       
[09/26/2026-21:33:14] [TRT] [I] ----------------------------------------------------------------
[09/26/2026-21:33:14] [TRT] [W] ONNXTRT_ShapeElementWise: shape tensor output from layer must be Bool, Int32, Int64, or Float
[09/26/2026-21:33:14] [TRT] [W] ONNXTRT_ShapeElementWise_5: shape tensor output from layer must be Bool, Int32, Int64, or Float
[09/26/2026-21:33:14] [TRT] [W] ONNXTRT_ShapeElementWise_10: shape tensor output from layer must be Bool, Int32, Int64, or Float
[09/26/2026-21:33:14] [TRT] [W] ONNXTRT_ShapeElementWise_11: shape tensor output from layer must be Bool, Int32, Int64, or Float
[09/26/2026-21:33:14] [TRT] [W] DLA requests all profiles have same min, max, and opt value. All dla layers are falling back to GPU
[09/26/2026-21:33:14] [TRT] [I] Local timing cache in use. Profiling results in this builder pass will not be stored.
[09/26/2026-21:33:14] [TRT] [I] Compiler backend is used during engine build.
[09/26/2026-21:35:53] [TRT] [I] Detected 1 inputs and 1 output network tensors.
[09/26/2026-21:35:53] [TRT] [I] Total Host Persistent Memory: 23408 bytes
[09/26/2026-21:35:53] [TRT] [I] Total Device Persistent Memory: 0 bytes
[09/26/2026-21:35:53] [TRT] [I] Max Scratch Memory: 20971520 bytes
[09/26/2026-21:35:53] [TRT] [I] [BlockAssignment] Started assigning block shifts. This will take 133 steps to complete.
[09/26/2026-21:35:53] [TRT] [I] [BlockAssignment] Algorithm ShiftNTopDown took 6.28302ms to assign 8 blocks to 133 nodes requiring 57672704 bytes.
[09/26/2026-21:35:53] [TRT] [I] Total Activation Memory: 57672192 bytes
[09/26/2026-21:35:53] [TRT] [I] Total Weights Memory: 6143360 bytes
[09/26/2026-21:35:53] [TRT] [I] Compiler backend is used during engine execution.
[09/26/2026-21:35:53] [TRT] [I] Engine generation completed in 159.596 seconds.
[09/26/2026-21:35:53] [TRT] [I] [MS] Running engine with multi stream info
[09/26/2026-21:35:53] [TRT] [I] [MS] Number of aux streams is 2
[09/26/2026-21:35:53] [TRT] [I] [MS] Number of total worker streams is 3
[09/26/2026-21:35:53] [TRT] [I] [MS] The main stream provided by execute/enqueue calls is the first worker stream
[09/26/2026-21:35:54] [TRT] [I] [MemUsageChange] TensorRT-managed allocation in IExecutionContext creation: CPU +0, GPU +55, now: CPU 0, GPU 64 (MiB)
[09/26/2026-21:35:54] [TRT] [I] Local timing cache in use. Profiling results in this builder pass will not be stored.
[09/26/2026-21:35:55] [TRT] [I] Compiler backend is used during engine build.
[09/26/2026-21:36:41] [TRT] [I] Detected 1 inputs and 1 output network tensors.
[09/26/2026-21:36:41] [TRT] [I] Total Host Persistent Memory: 5792 bytes
[09/26/2026-21:36:41] [TRT] [I] Total Device Persistent Memory: 0 bytes
[09/26/2026-21:36:41] [TRT] [I] Max Scratch Memory: 41943040 bytes
[09/26/2026-21:36:41] [TRT] [I] [BlockAssignment] Started assigning block shifts. This will take 4 steps to complete.
[09/26/2026-21:36:41] [TRT] [I] [BlockAssignment] Algorithm ShiftNTopDown took 0.028257ms to assign 3 blocks to 4 nodes requiring 46662144 bytes.
[09/26/2026-21:36:41] [TRT] [I] Total Activation Memory: 46661632 bytes
[09/26/2026-21:36:41] [TRT] [I] Total Weights Memory: 6146564 bytes
[09/26/2026-21:36:41] [TRT] [I] Compiler backend is used during engine execution.
[09/26/2026-21:36:41] [TRT] [I] Engine generation completed in 47.3849 seconds.
[09/26/2026-21:36:41] [TRT] [I] [MemUsageChange] TensorRT-managed allocation in IExecutionContext creation: CPU +0, GPU +44, now: CPU 0, GPU 63 (MiB)
[09/26/2026-21:36:41] [TRT] [I] Local timing cache in use. Profiling results in this builder pass will not be stored.
[09/26/2026-21:36:43] [TRT] [I] Compiler backend is used during engine build.
[09/26/2026-21:37:28] [TRT] [I] Detected 1 inputs and 1 output network tensors.
[09/26/2026-21:37:28] [TRT] [I] Total Host Persistent Memory: 5792 bytes
[09/26/2026-21:37:28] [TRT] [I] Total Device Persistent Memory: 0 bytes
[09/26/2026-21:37:28] [TRT] [I] Max Scratch Memory: 41943040 bytes
[09/26/2026-21:37:28] [TRT] [I] [BlockAssignment] Started assigning block shifts. This will take 4 steps to complete.
[09/26/2026-21:37:28] [TRT] [I] [BlockAssignment] Algorithm ShiftNTopDown took 0.029507ms to assign 3 blocks to 4 nodes requiring 46662144 bytes.
[09/26/2026-21:37:28] [TRT] [I] Total Activation Memory: 46661632 bytes
[09/26/2026-21:37:28] [TRT] [I] Total Weights Memory: 6146564 bytes
[09/26/2026-21:37:28] [TRT] [I] Compiler backend is used during engine execution.
[09/26/2026-21:37:28] [TRT] [I] Engine generation completed in 46.7775 seconds.
[09/26/2026-21:37:28] [TRT] [I] [MemUsageChange] TensorRT-managed allocation in IExecutionContext creation: CPU +0, GPU +44, now: CPU 0, GPU 63 (MiB)
[09/26/2026-21:37:28] [TRT] [I] [MemUsageStats] Peak memory usage of TRT CPU/GPU memory allocators: CPU 5 MiB, GPU 156 MiB
[hsi/fp16/mixed['stem']] building from hsi_encoder.onnx -> hsi_fp16_scene1024_opt5.plan ...
[hsi/fp16] done in 254.3s, size=7205.7 KB
L5: 151.94520850127446 108.00057601928711 build 257 s; L3 second: 108.08145570755005
rc=0
