&&&& RUNNING TensorRT.trtexec [TensorRT v101303] [b9] # /usr/src/tensorrt/bin/trtexec --loadEngine=engines/pc_fp16.plan --shapes=input:8x15x3 --noDataTransfers --warmUp=200 --iterations=300 --avgRuns=300
[09/23/2026-09:54:06] [I] TF32 is enabled by default. Add --noTF32 flag to further improve accuracy with some performance cost.
[09/23/2026-09:54:06] [I] === Model Options ===
[09/23/2026-09:54:06] [I] Format: *
[09/23/2026-09:54:06] [I] Model: 
[09/23/2026-09:54:06] [I] Output:
[09/23/2026-09:54:06] [I] 
[09/23/2026-09:54:06] [I] === System Options ===
[09/23/2026-09:54:06] [I] Device: 0
[09/23/2026-09:54:06] [I] DLACore: 
[09/23/2026-09:54:06] [I] Plugins:
[09/23/2026-09:54:06] [I] setPluginsToSerialize:
[09/23/2026-09:54:06] [I] dynamicPlugins:
[09/23/2026-09:54:06] [I] ignoreParsedPluginLibs: 0
[09/23/2026-09:54:06] [I] 
[09/23/2026-09:54:06] [I] === Inference Options ===
[09/23/2026-09:54:06] [I] Batch: Explicit
[09/23/2026-09:54:06] [I] Input inference shape : input=8x15x3
[09/23/2026-09:54:06] [I] Iterations: 300
[09/23/2026-09:54:06] [I] Duration: 3s (+ 200ms warm up)
[09/23/2026-09:54:06] [I] Sleep time: 0ms
[09/23/2026-09:54:06] [I] Idle time: 0ms
[09/23/2026-09:54:06] [I] Inference Streams: 1
[09/23/2026-09:54:06] [I] ExposeDMA: Disabled
[09/23/2026-09:54:06] [I] Data transfers: Disabled
[09/23/2026-09:54:06] [I] Spin-wait: Disabled
[09/23/2026-09:54:06] [I] Multithreading: Disabled
[09/23/2026-09:54:06] [I] CUDA Graph: Disabled
[09/23/2026-09:54:06] [I] Separate profiling: Disabled
[09/23/2026-09:54:06] [I] Time Deserialize: Disabled
[09/23/2026-09:54:06] [I] Time Refit: Disabled
[09/23/2026-09:54:06] [I] NVTX verbosity: 0
[09/23/2026-09:54:06] [I] Persistent Cache Ratio: 0
[09/23/2026-09:54:06] [I] Optimization Profile Index: 0
[09/23/2026-09:54:06] [I] Weight Streaming Budget: 100.000000%
[09/23/2026-09:54:06] [I] Inputs:
[09/23/2026-09:54:06] [I] Debug Tensor Save Destinations:
[09/23/2026-09:54:06] [I] Dump All Debug Tensor in Formats: 
[09/23/2026-09:54:06] [I] === Reporting Options ===
[09/23/2026-09:54:06] [I] Verbose: Disabled
[09/23/2026-09:54:06] [I] Averages: 300 inferences
[09/23/2026-09:54:06] [I] Percentiles: 90,95,99
[09/23/2026-09:54:06] [I] Dump refittable layers:Disabled
[09/23/2026-09:54:06] [I] Dump output: Disabled
[09/23/2026-09:54:06] [I] Profile: Disabled
[09/23/2026-09:54:06] [I] Export timing to JSON file: 
[09/23/2026-09:54:06] [I] Export output to JSON file: 
[09/23/2026-09:54:06] [I] Export profile to JSON file: 
[09/23/2026-09:54:06] [I] 
[09/23/2026-09:54:06] [I] === Device Information ===
[09/23/2026-09:54:06] [I] Available Devices: 
[09/23/2026-09:54:06] [I]   Device 0: "NVIDIA GeForce RTX 3060" UUID: GPU-07c4efbf-17f5-2980-b82d-18e13cad2b79
[09/23/2026-09:54:06] [I] Selected Device: NVIDIA GeForce RTX 3060
[09/23/2026-09:54:06] [I] Selected Device ID: 0
[09/23/2026-09:54:06] [I] Selected Device UUID: GPU-07c4efbf-17f5-2980-b82d-18e13cad2b79
[09/23/2026-09:54:06] [I] Compute Capability: 8.6
[09/23/2026-09:54:06] [I] SMs: 28
[09/23/2026-09:54:06] [I] Device Global Memory: 12287 MiB
[09/23/2026-09:54:06] [I] Shared Memory per SM: 100 KiB
[09/23/2026-09:54:06] [I] Memory Bus Width: 192 bits (ECC disabled)
[09/23/2026-09:54:06] [I] Application Compute Clock Rate: 1.807 GHz
[09/23/2026-09:54:06] [I] Application Memory Clock Rate: 7.501 GHz
[09/23/2026-09:54:06] [I] 
[09/23/2026-09:54:06] [I] Note: The application clock rates do not reflect the actual clock rates that the GPU is currently running at.
[09/23/2026-09:54:06] [I] 
[09/23/2026-09:54:06] [I] TensorRT version: 10.13.3
[09/23/2026-09:54:06] [I] Loading standard plugins
[09/23/2026-09:54:06] [I] [TRT] Loaded engine size: 7 MiB
[09/23/2026-09:54:06] [I] Engine deserialized in 0.0344233 sec.
[09/23/2026-09:54:06] [I] [TRT] [MemUsageChange] TensorRT-managed allocation in IExecutionContext creation: CPU +0, GPU +5, now: CPU 0, GPU 10 (MiB)
[09/23/2026-09:54:06] [I] Setting persistentCacheLimit to 0 bytes.
[09/23/2026-09:54:06] [I] Set shape of input tensor input to: 8x15x3
[09/23/2026-09:54:06] [I] Created execution context with device memory size: 4.63281 MiB
[09/23/2026-09:54:06] [I] Using random values for input input
[09/23/2026-09:54:06] [I] Input binding for input with dimensions 8x15x3 is created.
[09/23/2026-09:54:06] [I] Output binding for output with dimensions 8x1024 is created.
[09/23/2026-09:54:06] [I] Starting inference
[09/23/2026-09:54:10] [I] Warmup completed 295 queries over 200 ms
[09/23/2026-09:54:10] [I] Timing trace has 9356 queries over 3.00057 s
[09/23/2026-09:54:10] [I] 
[09/23/2026-09:54:10] [I] === Trace details ===
[09/23/2026-09:54:10] [I] Trace averages of 300 runs:
[09/23/2026-09:54:10] [I] Average on 300 runs - GPU latency: 0.340598 ms - Host latency: 0.340598 ms (enqueue 0.164277 ms)
[09/23/2026-09:54:10] [I] Average on 300 runs - GPU latency: 0.335207 ms - Host latency: 0.335207 ms (enqueue 0.158917 ms)
[09/23/2026-09:54:10] [I] Average on 300 runs - GPU latency: 0.324182 ms - Host latency: 0.324182 ms (enqueue 0.160516 ms)
[09/23/2026-09:54:10] [I] Average on 300 runs - GPU latency: 0.321503 ms - Host latency: 0.321503 ms (enqueue 0.154799 ms)
[09/23/2026-09:54:10] [I] Average on 300 runs - GPU latency: 0.320856 ms - Host latency: 0.320856 ms (enqueue 0.165781 ms)
[09/23/2026-09:54:10] [I] Average on 300 runs - GPU latency: 0.312488 ms - Host latency: 0.312488 ms (enqueue 0.162079 ms)
[09/23/2026-09:54:10] [I] Average on 300 runs - GPU latency: 0.312772 ms - Host latency: 0.312772 ms (enqueue 0.160676 ms)
[09/23/2026-09:54:10] [I] Average on 300 runs - GPU latency: 0.313751 ms - Host latency: 0.313751 ms (enqueue 0.168557 ms)
[09/23/2026-09:54:10] [I] Average on 300 runs - GPU latency: 0.321835 ms - Host latency: 0.321835 ms (enqueue 0.186739 ms)
[09/23/2026-09:54:10] [I] Average on 300 runs - GPU latency: 0.316721 ms - Host latency: 0.316721 ms (enqueue 0.169578 ms)
[09/23/2026-09:54:10] [I] Average on 300 runs - GPU latency: 0.314965 ms - Host latency: 0.314965 ms (enqueue 0.175543 ms)
[09/23/2026-09:54:10] [I] Average on 300 runs - GPU latency: 0.317067 ms - Host latency: 0.317067 ms (enqueue 0.169246 ms)
[09/23/2026-09:54:10] [I] Average on 300 runs - GPU latency: 0.314368 ms - Host latency: 0.314368 ms (enqueue 0.1665 ms)
[09/23/2026-09:54:10] [I] Average on 300 runs - GPU latency: 0.313337 ms - Host latency: 0.313337 ms (enqueue 0.164209 ms)
[09/23/2026-09:54:10] [I] Average on 300 runs - GPU latency: 0.316674 ms - Host latency: 0.316674 ms (enqueue 0.17828 ms)
[09/23/2026-09:54:10] [I] Average on 300 runs - GPU latency: 0.318515 ms - Host latency: 0.318515 ms (enqueue 0.166616 ms)
[09/23/2026-09:54:10] [I] Average on 300 runs - GPU latency: 0.313876 ms - Host latency: 0.313876 ms (enqueue 0.161933 ms)
[09/23/2026-09:54:10] [I] Average on 300 runs - GPU latency: 0.315787 ms - Host latency: 0.315787 ms (enqueue 0.167945 ms)
[09/23/2026-09:54:10] [I] Average on 300 runs - GPU latency: 0.315787 ms - Host latency: 0.315787 ms (enqueue 0.192878 ms)
[09/23/2026-09:54:10] [I] Average on 300 runs - GPU latency: 0.31195 ms - Host latency: 0.31195 ms (enqueue 0.166466 ms)
[09/23/2026-09:54:10] [I] Average on 300 runs - GPU latency: 0.311573 ms - Host latency: 0.311573 ms (enqueue 0.16663 ms)
[09/23/2026-09:54:10] [I] Average on 300 runs - GPU latency: 0.310052 ms - Host latency: 0.310052 ms (enqueue 0.170589 ms)
[09/23/2026-09:54:10] [I] Average on 300 runs - GPU latency: 0.313272 ms - Host latency: 0.313272 ms (enqueue 0.17382 ms)
[09/23/2026-09:54:10] [I] Average on 300 runs - GPU latency: 0.308304 ms - Host latency: 0.308304 ms (enqueue 0.157952 ms)
[09/23/2026-09:54:10] [I] Average on 300 runs - GPU latency: 0.310107 ms - Host latency: 0.310107 ms (enqueue 0.160566 ms)
[09/23/2026-09:54:10] [I] Average on 300 runs - GPU latency: 0.311866 ms - Host latency: 0.311866 ms (enqueue 0.164751 ms)
[09/23/2026-09:54:10] [I] Average on 300 runs - GPU latency: 0.310788 ms - Host latency: 0.310788 ms (enqueue 0.167756 ms)
[09/23/2026-09:54:10] [I] Average on 300 runs - GPU latency: 0.311143 ms - Host latency: 0.311143 ms (enqueue 0.163339 ms)
[09/23/2026-09:54:10] [I] Average on 300 runs - GPU latency: 0.312245 ms - Host latency: 0.312245 ms (enqueue 0.172157 ms)
[09/23/2026-09:54:10] [I] Average on 300 runs - GPU latency: 0.311796 ms - Host latency: 0.311796 ms (enqueue 0.162177 ms)
[09/23/2026-09:54:10] [I] Average on 300 runs - GPU latency: 0.310345 ms - Host latency: 0.310345 ms (enqueue 0.167068 ms)
[09/23/2026-09:54:10] [I] 
[09/23/2026-09:54:10] [I] === Performance summary ===
[09/23/2026-09:54:10] [I] Throughput: 3118.07 qps
[09/23/2026-09:54:10] [I] Latency: min = 0.256836 ms, max = 0.922607 ms, mean = 0.315895 ms, median = 0.313354 ms, percentile(90%) = 0.344971 ms, percentile(95%) = 0.35437 ms, percentile(99%) = 0.379883 ms
[09/23/2026-09:54:10] [I] Enqueue Time: min = 0.115479 ms, max = 1.12939 ms, mean = 0.167403 ms, median = 0.15683 ms, percentile(90%) = 0.209412 ms, percentile(95%) = 0.225464 ms, percentile(99%) = 0.276978 ms
[09/23/2026-09:54:10] [I] H2D Latency: min = 0 ms, max = 0 ms, mean = 0 ms, median = 0 ms, percentile(90%) = 0 ms, percentile(95%) = 0 ms, percentile(99%) = 0 ms
[09/23/2026-09:54:10] [I] GPU Compute Time: min = 0.256836 ms, max = 0.922607 ms, mean = 0.315895 ms, median = 0.313354 ms, percentile(90%) = 0.344971 ms, percentile(95%) = 0.35437 ms, percentile(99%) = 0.379883 ms
[09/23/2026-09:54:10] [I] D2H Latency: min = 0 ms, max = 0 ms, mean = 0 ms, median = 0 ms, percentile(90%) = 0 ms, percentile(95%) = 0 ms, percentile(99%) = 0 ms
[09/23/2026-09:54:10] [I] Total Host Walltime: 3.00057 s
[09/23/2026-09:54:10] [I] Total GPU Compute Time: 2.95552 s
[09/23/2026-09:54:10] [W] * GPU compute time is unstable, with coefficient of variance = 7.9723%.
[09/23/2026-09:54:10] [W]   If not already in use, locking GPU clock frequency or adding --useSpinWait may improve the stability.
[09/23/2026-09:54:10] [I] Explanations of the performance metrics are printed in the verbose logs.
[09/23/2026-09:54:10] [I] 
&&&& PASSED TensorRT.trtexec [TensorRT v101303] [b9] # /usr/src/tensorrt/bin/trtexec --loadEngine=engines/pc_fp16.plan --shapes=input:8x15x3 --noDataTransfers --warmUp=200 --iterations=300 --avgRuns=300
