&&&& RUNNING TensorRT.trtexec [TensorRT v101303] [b9] # /usr/src/tensorrt/bin/trtexec --loadEngine=engines/hsi_fp16.plan --shapes=input:8x342x3x3 --noDataTransfers --warmUp=200 --iterations=300 --avgRuns=300
[09/24/2026-11:37:57] [I] TF32 is enabled by default. Add --noTF32 flag to further improve accuracy with some performance cost.
[09/24/2026-11:37:57] [I] === Model Options ===
[09/24/2026-11:37:57] [I] Format: *
[09/24/2026-11:37:57] [I] Model: 
[09/24/2026-11:37:57] [I] Output:
[09/24/2026-11:37:57] [I] 
[09/24/2026-11:37:57] [I] === System Options ===
[09/24/2026-11:37:57] [I] Device: 0
[09/24/2026-11:37:57] [I] DLACore: 
[09/24/2026-11:37:57] [I] Plugins:
[09/24/2026-11:37:57] [I] setPluginsToSerialize:
[09/24/2026-11:37:57] [I] dynamicPlugins:
[09/24/2026-11:37:57] [I] ignoreParsedPluginLibs: 0
[09/24/2026-11:37:57] [I] 
[09/24/2026-11:37:57] [I] === Inference Options ===
[09/24/2026-11:37:57] [I] Batch: Explicit
[09/24/2026-11:37:57] [I] Input inference shape : input=8x342x3x3
[09/24/2026-11:37:57] [I] Iterations: 300
[09/24/2026-11:37:57] [I] Duration: 3s (+ 200ms warm up)
[09/24/2026-11:37:57] [I] Sleep time: 0ms
[09/24/2026-11:37:57] [I] Idle time: 0ms
[09/24/2026-11:37:57] [I] Inference Streams: 1
[09/24/2026-11:37:57] [I] ExposeDMA: Disabled
[09/24/2026-11:37:57] [I] Data transfers: Disabled
[09/24/2026-11:37:57] [I] Spin-wait: Disabled
[09/24/2026-11:37:57] [I] Multithreading: Disabled
[09/24/2026-11:37:57] [I] CUDA Graph: Disabled
[09/24/2026-11:37:57] [I] Separate profiling: Disabled
[09/24/2026-11:37:57] [I] Time Deserialize: Disabled
[09/24/2026-11:37:57] [I] Time Refit: Disabled
[09/24/2026-11:37:57] [I] NVTX verbosity: 0
[09/24/2026-11:37:57] [I] Persistent Cache Ratio: 0
[09/24/2026-11:37:57] [I] Optimization Profile Index: 0
[09/24/2026-11:37:57] [I] Weight Streaming Budget: 100.000000%
[09/24/2026-11:37:57] [I] Inputs:
[09/24/2026-11:37:57] [I] Debug Tensor Save Destinations:
[09/24/2026-11:37:57] [I] Dump All Debug Tensor in Formats: 
[09/24/2026-11:37:57] [I] === Reporting Options ===
[09/24/2026-11:37:57] [I] Verbose: Disabled
[09/24/2026-11:37:57] [I] Averages: 300 inferences
[09/24/2026-11:37:57] [I] Percentiles: 90,95,99
[09/24/2026-11:37:57] [I] Dump refittable layers:Disabled
[09/24/2026-11:37:57] [I] Dump output: Disabled
[09/24/2026-11:37:57] [I] Profile: Disabled
[09/24/2026-11:37:57] [I] Export timing to JSON file: 
[09/24/2026-11:37:57] [I] Export output to JSON file: 
[09/24/2026-11:37:57] [I] Export profile to JSON file: 
[09/24/2026-11:37:57] [I] 
[09/24/2026-11:37:57] [I] === Device Information ===
[09/24/2026-11:37:57] [I] Available Devices: 
[09/24/2026-11:37:57] [I]   Device 0: "NVIDIA GeForce RTX 3060" UUID: GPU-07c4efbf-17f5-2980-b82d-18e13cad2b79
[09/24/2026-11:37:57] [I] Selected Device: NVIDIA GeForce RTX 3060
[09/24/2026-11:37:57] [I] Selected Device ID: 0
[09/24/2026-11:37:57] [I] Selected Device UUID: GPU-07c4efbf-17f5-2980-b82d-18e13cad2b79
[09/24/2026-11:37:57] [I] Compute Capability: 8.6
[09/24/2026-11:37:57] [I] SMs: 28
[09/24/2026-11:37:57] [I] Device Global Memory: 12287 MiB
[09/24/2026-11:37:57] [I] Shared Memory per SM: 100 KiB
[09/24/2026-11:37:57] [I] Memory Bus Width: 192 bits (ECC disabled)
[09/24/2026-11:37:57] [I] Application Compute Clock Rate: 1.807 GHz
[09/24/2026-11:37:57] [I] Application Memory Clock Rate: 7.501 GHz
[09/24/2026-11:37:57] [I] 
[09/24/2026-11:37:57] [I] Note: The application clock rates do not reflect the actual clock rates that the GPU is currently running at.
[09/24/2026-11:37:57] [I] 
[09/24/2026-11:37:57] [I] TensorRT version: 10.13.3
[09/24/2026-11:37:57] [I] Loading standard plugins
[09/24/2026-11:37:57] [I] [TRT] Loaded engine size: 6 MiB
[09/24/2026-11:37:57] [I] Engine deserialized in 0.0153024 sec.
[09/24/2026-11:37:57] [I] [TRT] [MemUsageChange] TensorRT-managed allocation in IExecutionContext creation: CPU +0, GPU +3, now: CPU 0, GPU 8 (MiB)
[09/24/2026-11:37:57] [I] Setting persistentCacheLimit to 0 bytes.
[09/24/2026-11:37:57] [I] Set shape of input tensor input to: 8x342x3x3
[09/24/2026-11:37:57] [I] Created execution context with device memory size: 2.47559 MiB
[09/24/2026-11:37:57] [I] Using random values for input input
[09/24/2026-11:37:57] [I] Input binding for input with dimensions 8x342x3x3 is created.
[09/24/2026-11:37:57] [I] Output binding for output with dimensions 8x1024 is created.
[09/24/2026-11:37:57] [I] Starting inference
[09/24/2026-11:38:01] [I] Warmup completed 565 queries over 200 ms
[09/24/2026-11:38:01] [I] Timing trace has 11600 queries over 3.00046 s
[09/24/2026-11:38:01] [I] 
[09/24/2026-11:38:01] [I] === Trace details ===
[09/24/2026-11:38:01] [I] Trace averages of 300 runs:
[09/24/2026-11:38:01] [I] Average on 300 runs - GPU latency: 0.263785 ms - Host latency: 0.263785 ms (enqueue 0.137629 ms)
[09/24/2026-11:38:01] [I] Average on 300 runs - GPU latency: 0.2674 ms - Host latency: 0.2674 ms (enqueue 0.152176 ms)
[09/24/2026-11:38:01] [I] Average on 300 runs - GPU latency: 0.262173 ms - Host latency: 0.262173 ms (enqueue 0.164007 ms)
[09/24/2026-11:38:01] [I] Average on 300 runs - GPU latency: 0.257586 ms - Host latency: 0.257586 ms (enqueue 0.168677 ms)
[09/24/2026-11:38:01] [I] Average on 300 runs - GPU latency: 0.253269 ms - Host latency: 0.253269 ms (enqueue 0.177363 ms)
[09/24/2026-11:38:01] [I] Average on 300 runs - GPU latency: 0.253258 ms - Host latency: 0.253258 ms (enqueue 0.154943 ms)
[09/24/2026-11:38:01] [I] Average on 300 runs - GPU latency: 0.253036 ms - Host latency: 0.253036 ms (enqueue 0.15876 ms)
[09/24/2026-11:38:01] [I] Average on 300 runs - GPU latency: 0.255049 ms - Host latency: 0.255049 ms (enqueue 0.147115 ms)
[09/24/2026-11:38:01] [I] Average on 300 runs - GPU latency: 0.252102 ms - Host latency: 0.252102 ms (enqueue 0.139141 ms)
[09/24/2026-11:38:01] [I] Average on 300 runs - GPU latency: 0.251708 ms - Host latency: 0.251708 ms (enqueue 0.143884 ms)
[09/24/2026-11:38:01] [I] Average on 300 runs - GPU latency: 0.248919 ms - Host latency: 0.248919 ms (enqueue 0.143176 ms)
[09/24/2026-11:38:01] [I] Average on 300 runs - GPU latency: 0.250683 ms - Host latency: 0.250683 ms (enqueue 0.138431 ms)
[09/24/2026-11:38:01] [I] Average on 300 runs - GPU latency: 0.253601 ms - Host latency: 0.253601 ms (enqueue 0.138568 ms)
[09/24/2026-11:38:01] [I] Average on 300 runs - GPU latency: 0.254027 ms - Host latency: 0.254027 ms (enqueue 0.139844 ms)
[09/24/2026-11:38:01] [I] Average on 300 runs - GPU latency: 0.253444 ms - Host latency: 0.253444 ms (enqueue 0.147729 ms)
[09/24/2026-11:38:01] [I] Average on 300 runs - GPU latency: 0.252826 ms - Host latency: 0.252826 ms (enqueue 0.149028 ms)
[09/24/2026-11:38:01] [I] Average on 300 runs - GPU latency: 0.253975 ms - Host latency: 0.253975 ms (enqueue 0.143413 ms)
[09/24/2026-11:38:01] [I] Average on 300 runs - GPU latency: 0.256071 ms - Host latency: 0.256071 ms (enqueue 0.14476 ms)
[09/24/2026-11:38:01] [I] Average on 300 runs - GPU latency: 0.255335 ms - Host latency: 0.255335 ms (enqueue 0.143726 ms)
[09/24/2026-11:38:01] [I] Average on 300 runs - GPU latency: 0.251628 ms - Host latency: 0.251628 ms (enqueue 0.135624 ms)
[09/24/2026-11:38:01] [I] Average on 300 runs - GPU latency: 0.252129 ms - Host latency: 0.252129 ms (enqueue 0.149849 ms)
[09/24/2026-11:38:01] [I] Average on 300 runs - GPU latency: 0.250498 ms - Host latency: 0.250498 ms (enqueue 0.148918 ms)
[09/24/2026-11:38:01] [I] Average on 300 runs - GPU latency: 0.254205 ms - Host latency: 0.254205 ms (enqueue 0.140589 ms)
[09/24/2026-11:38:01] [I] Average on 300 runs - GPU latency: 0.252957 ms - Host latency: 0.252957 ms (enqueue 0.144895 ms)
[09/24/2026-11:38:01] [I] Average on 300 runs - GPU latency: 0.256942 ms - Host latency: 0.256942 ms (enqueue 0.137253 ms)
[09/24/2026-11:38:01] [I] Average on 300 runs - GPU latency: 0.254495 ms - Host latency: 0.254495 ms (enqueue 0.138699 ms)
[09/24/2026-11:38:01] [I] Average on 300 runs - GPU latency: 0.253149 ms - Host latency: 0.253149 ms (enqueue 0.142734 ms)
[09/24/2026-11:38:01] [I] Average on 300 runs - GPU latency: 0.253013 ms - Host latency: 0.253013 ms (enqueue 0.137424 ms)
[09/24/2026-11:38:01] [I] Average on 300 runs - GPU latency: 0.251097 ms - Host latency: 0.251097 ms (enqueue 0.148422 ms)
[09/24/2026-11:38:01] [I] Average on 300 runs - GPU latency: 0.253305 ms - Host latency: 0.253305 ms (enqueue 0.141162 ms)
[09/24/2026-11:38:01] [I] Average on 300 runs - GPU latency: 0.249419 ms - Host latency: 0.249419 ms (enqueue 0.15048 ms)
[09/24/2026-11:38:01] [I] Average on 300 runs - GPU latency: 0.247418 ms - Host latency: 0.247418 ms (enqueue 0.136179 ms)
[09/24/2026-11:38:01] [I] Average on 300 runs - GPU latency: 0.249469 ms - Host latency: 0.249469 ms (enqueue 0.136687 ms)
[09/24/2026-11:38:01] [I] Average on 300 runs - GPU latency: 0.251345 ms - Host latency: 0.251345 ms (enqueue 0.14077 ms)
[09/24/2026-11:38:01] [I] Average on 300 runs - GPU latency: 0.249578 ms - Host latency: 0.249578 ms (enqueue 0.138464 ms)
[09/24/2026-11:38:01] [I] Average on 300 runs - GPU latency: 0.249825 ms - Host latency: 0.249825 ms (enqueue 0.143246 ms)
[09/24/2026-11:38:01] [I] Average on 300 runs - GPU latency: 0.247037 ms - Host latency: 0.247037 ms (enqueue 0.149816 ms)
[09/24/2026-11:38:01] [I] Average on 300 runs - GPU latency: 0.246725 ms - Host latency: 0.246725 ms (enqueue 0.142814 ms)
[09/24/2026-11:38:01] [I] 
[09/24/2026-11:38:01] [I] === Performance summary ===
[09/24/2026-11:38:01] [I] Throughput: 3866.07 qps
[09/24/2026-11:38:01] [I] Latency: min = 0.19873 ms, max = 1.10583 ms, mean = 0.253169 ms, median = 0.250854 ms, percentile(90%) = 0.276489 ms, percentile(95%) = 0.285767 ms, percentile(99%) = 0.308228 ms
[09/24/2026-11:38:01] [I] Enqueue Time: min = 0.105225 ms, max = 1.24072 ms, mean = 0.145525 ms, median = 0.137695 ms, percentile(90%) = 0.182373 ms, percentile(95%) = 0.190552 ms, percentile(99%) = 0.221313 ms
[09/24/2026-11:38:01] [I] H2D Latency: min = 0 ms, max = 0 ms, mean = 0 ms, median = 0 ms, percentile(90%) = 0 ms, percentile(95%) = 0 ms, percentile(99%) = 0 ms
[09/24/2026-11:38:01] [I] GPU Compute Time: min = 0.19873 ms, max = 1.10583 ms, mean = 0.253169 ms, median = 0.250854 ms, percentile(90%) = 0.276489 ms, percentile(95%) = 0.285767 ms, percentile(99%) = 0.308228 ms
[09/24/2026-11:38:01] [I] D2H Latency: min = 0 ms, max = 0 ms, mean = 0 ms, median = 0 ms, percentile(90%) = 0 ms, percentile(95%) = 0 ms, percentile(99%) = 0 ms
[09/24/2026-11:38:01] [I] Total Host Walltime: 3.00046 s
[09/24/2026-11:38:01] [I] Total GPU Compute Time: 2.93676 s
[09/24/2026-11:38:01] [W] * GPU compute time is unstable, with coefficient of variance = 8.88717%.
[09/24/2026-11:38:01] [W]   If not already in use, locking GPU clock frequency or adding --useSpinWait may improve the stability.
[09/24/2026-11:38:01] [I] Explanations of the performance metrics are printed in the verbose logs.
[09/24/2026-11:38:01] [I] 
&&&& PASSED TensorRT.trtexec [TensorRT v101303] [b9] # /usr/src/tensorrt/bin/trtexec --loadEngine=engines/hsi_fp16.plan --shapes=input:8x342x3x3 --noDataTransfers --warmUp=200 --iterations=300 --avgRuns=300
