&&&& RUNNING TensorRT.trtexec [TensorRT v101303] [b9] # /usr/src/tensorrt/bin/trtexec --loadEngine=engines/hsi_int8_implicit.plan --shapes=input:8x342x3x3 --noDataTransfers --warmUp=200 --iterations=300 --avgRuns=300
[09/23/2026-09:54:21] [I] TF32 is enabled by default. Add --noTF32 flag to further improve accuracy with some performance cost.
[09/23/2026-09:54:21] [I] === Model Options ===
[09/23/2026-09:54:21] [I] Format: *
[09/23/2026-09:54:21] [I] Model: 
[09/23/2026-09:54:21] [I] Output:
[09/23/2026-09:54:21] [I] 
[09/23/2026-09:54:21] [I] === System Options ===
[09/23/2026-09:54:21] [I] Device: 0
[09/23/2026-09:54:21] [I] DLACore: 
[09/23/2026-09:54:21] [I] Plugins:
[09/23/2026-09:54:21] [I] setPluginsToSerialize:
[09/23/2026-09:54:21] [I] dynamicPlugins:
[09/23/2026-09:54:21] [I] ignoreParsedPluginLibs: 0
[09/23/2026-09:54:21] [I] 
[09/23/2026-09:54:21] [I] === Inference Options ===
[09/23/2026-09:54:21] [I] Batch: Explicit
[09/23/2026-09:54:21] [I] Input inference shape : input=8x342x3x3
[09/23/2026-09:54:21] [I] Iterations: 300
[09/23/2026-09:54:21] [I] Duration: 3s (+ 200ms warm up)
[09/23/2026-09:54:21] [I] Sleep time: 0ms
[09/23/2026-09:54:21] [I] Idle time: 0ms
[09/23/2026-09:54:21] [I] Inference Streams: 1
[09/23/2026-09:54:21] [I] ExposeDMA: Disabled
[09/23/2026-09:54:21] [I] Data transfers: Disabled
[09/23/2026-09:54:21] [I] Spin-wait: Disabled
[09/23/2026-09:54:21] [I] Multithreading: Disabled
[09/23/2026-09:54:21] [I] CUDA Graph: Disabled
[09/23/2026-09:54:21] [I] Separate profiling: Disabled
[09/23/2026-09:54:21] [I] Time Deserialize: Disabled
[09/23/2026-09:54:21] [I] Time Refit: Disabled
[09/23/2026-09:54:21] [I] NVTX verbosity: 0
[09/23/2026-09:54:21] [I] Persistent Cache Ratio: 0
[09/23/2026-09:54:21] [I] Optimization Profile Index: 0
[09/23/2026-09:54:21] [I] Weight Streaming Budget: 100.000000%
[09/23/2026-09:54:21] [I] Inputs:
[09/23/2026-09:54:21] [I] Debug Tensor Save Destinations:
[09/23/2026-09:54:21] [I] Dump All Debug Tensor in Formats: 
[09/23/2026-09:54:21] [I] === Reporting Options ===
[09/23/2026-09:54:21] [I] Verbose: Disabled
[09/23/2026-09:54:21] [I] Averages: 300 inferences
[09/23/2026-09:54:21] [I] Percentiles: 90,95,99
[09/23/2026-09:54:21] [I] Dump refittable layers:Disabled
[09/23/2026-09:54:21] [I] Dump output: Disabled
[09/23/2026-09:54:21] [I] Profile: Disabled
[09/23/2026-09:54:21] [I] Export timing to JSON file: 
[09/23/2026-09:54:21] [I] Export output to JSON file: 
[09/23/2026-09:54:21] [I] Export profile to JSON file: 
[09/23/2026-09:54:21] [I] 
[09/23/2026-09:54:21] [I] === Device Information ===
[09/23/2026-09:54:21] [I] Available Devices: 
[09/23/2026-09:54:21] [I]   Device 0: "NVIDIA GeForce RTX 3060" UUID: GPU-07c4efbf-17f5-2980-b82d-18e13cad2b79
[09/23/2026-09:54:21] [I] Selected Device: NVIDIA GeForce RTX 3060
[09/23/2026-09:54:21] [I] Selected Device ID: 0
[09/23/2026-09:54:21] [I] Selected Device UUID: GPU-07c4efbf-17f5-2980-b82d-18e13cad2b79
[09/23/2026-09:54:21] [I] Compute Capability: 8.6
[09/23/2026-09:54:21] [I] SMs: 28
[09/23/2026-09:54:21] [I] Device Global Memory: 12287 MiB
[09/23/2026-09:54:21] [I] Shared Memory per SM: 100 KiB
[09/23/2026-09:54:21] [I] Memory Bus Width: 192 bits (ECC disabled)
[09/23/2026-09:54:21] [I] Application Compute Clock Rate: 1.807 GHz
[09/23/2026-09:54:21] [I] Application Memory Clock Rate: 7.501 GHz
[09/23/2026-09:54:21] [I] 
[09/23/2026-09:54:21] [I] Note: The application clock rates do not reflect the actual clock rates that the GPU is currently running at.
[09/23/2026-09:54:21] [I] 
[09/23/2026-09:54:21] [I] TensorRT version: 10.13.3
[09/23/2026-09:54:21] [I] Loading standard plugins
[09/23/2026-09:54:21] [I] [TRT] Loaded engine size: 6 MiB
[09/23/2026-09:54:21] [I] Engine deserialized in 0.0254828 sec.
[09/23/2026-09:54:21] [I] [TRT] [MemUsageChange] TensorRT-managed allocation in IExecutionContext creation: CPU +0, GPU +3, now: CPU 0, GPU 8 (MiB)
[09/23/2026-09:54:21] [I] Setting persistentCacheLimit to 0 bytes.
[09/23/2026-09:54:21] [I] Set shape of input tensor input to: 8x342x3x3
[09/23/2026-09:54:21] [I] Created execution context with device memory size: 2.78125 MiB
[09/23/2026-09:54:21] [I] Using random values for input input
[09/23/2026-09:54:21] [I] Input binding for input with dimensions 8x342x3x3 is created.
[09/23/2026-09:54:21] [I] Output binding for output with dimensions 8x1024 is created.
[09/23/2026-09:54:21] [I] Starting inference
[09/23/2026-09:54:24] [I] Warmup completed 524 queries over 200 ms
[09/23/2026-09:54:24] [I] Timing trace has 10508 queries over 3.00076 s
[09/23/2026-09:54:24] [I] 
[09/23/2026-09:54:24] [I] === Trace details ===
[09/23/2026-09:54:24] [I] Trace averages of 300 runs:
[09/23/2026-09:54:24] [I] Average on 300 runs - GPU latency: 0.291426 ms - Host latency: 0.291426 ms (enqueue 0.165929 ms)
[09/23/2026-09:54:24] [I] Average on 300 runs - GPU latency: 0.288916 ms - Host latency: 0.288916 ms (enqueue 0.135989 ms)
[09/23/2026-09:54:24] [I] Average on 300 runs - GPU latency: 0.289951 ms - Host latency: 0.289951 ms (enqueue 0.136575 ms)
[09/23/2026-09:54:24] [I] Average on 300 runs - GPU latency: 0.287669 ms - Host latency: 0.287669 ms (enqueue 0.13947 ms)
[09/23/2026-09:54:24] [I] Average on 300 runs - GPU latency: 0.286057 ms - Host latency: 0.286057 ms (enqueue 0.13626 ms)
[09/23/2026-09:54:24] [I] Average on 300 runs - GPU latency: 0.285295 ms - Host latency: 0.285295 ms (enqueue 0.135878 ms)
[09/23/2026-09:54:24] [I] Average on 300 runs - GPU latency: 0.287069 ms - Host latency: 0.287069 ms (enqueue 0.151781 ms)
[09/23/2026-09:54:24] [I] Average on 300 runs - GPU latency: 0.28749 ms - Host latency: 0.28749 ms (enqueue 0.136354 ms)
[09/23/2026-09:54:24] [I] Average on 300 runs - GPU latency: 0.288331 ms - Host latency: 0.288331 ms (enqueue 0.132128 ms)
[09/23/2026-09:54:24] [I] Average on 300 runs - GPU latency: 0.2869 ms - Host latency: 0.2869 ms (enqueue 0.14833 ms)
[09/23/2026-09:54:24] [I] Average on 300 runs - GPU latency: 0.281269 ms - Host latency: 0.281269 ms (enqueue 0.142212 ms)
[09/23/2026-09:54:24] [I] Average on 300 runs - GPU latency: 0.277263 ms - Host latency: 0.277263 ms (enqueue 0.138953 ms)
[09/23/2026-09:54:24] [I] Average on 300 runs - GPU latency: 0.280295 ms - Host latency: 0.280295 ms (enqueue 0.14508 ms)
[09/23/2026-09:54:24] [I] Average on 300 runs - GPU latency: 0.278697 ms - Host latency: 0.278697 ms (enqueue 0.138722 ms)
[09/23/2026-09:54:24] [I] Average on 300 runs - GPU latency: 0.274347 ms - Host latency: 0.274347 ms (enqueue 0.134889 ms)
[09/23/2026-09:54:24] [I] Average on 300 runs - GPU latency: 0.275759 ms - Host latency: 0.275759 ms (enqueue 0.138933 ms)
[09/23/2026-09:54:24] [I] Average on 300 runs - GPU latency: 0.277001 ms - Host latency: 0.277001 ms (enqueue 0.134004 ms)
[09/23/2026-09:54:24] [I] Average on 300 runs - GPU latency: 0.277262 ms - Host latency: 0.277262 ms (enqueue 0.137738 ms)
[09/23/2026-09:54:24] [I] Average on 300 runs - GPU latency: 0.274248 ms - Host latency: 0.274248 ms (enqueue 0.134925 ms)
[09/23/2026-09:54:24] [I] Average on 300 runs - GPU latency: 0.27758 ms - Host latency: 0.27758 ms (enqueue 0.142723 ms)
[09/23/2026-09:54:24] [I] Average on 300 runs - GPU latency: 0.277899 ms - Host latency: 0.277899 ms (enqueue 0.143087 ms)
[09/23/2026-09:54:24] [I] Average on 300 runs - GPU latency: 0.279162 ms - Host latency: 0.279162 ms (enqueue 0.141769 ms)
[09/23/2026-09:54:24] [I] Average on 300 runs - GPU latency: 0.277554 ms - Host latency: 0.277554 ms (enqueue 0.138539 ms)
[09/23/2026-09:54:24] [I] Average on 300 runs - GPU latency: 0.277498 ms - Host latency: 0.277498 ms (enqueue 0.156503 ms)
[09/23/2026-09:54:24] [I] Average on 300 runs - GPU latency: 0.27537 ms - Host latency: 0.27537 ms (enqueue 0.137392 ms)
[09/23/2026-09:54:24] [I] Average on 300 runs - GPU latency: 0.277123 ms - Host latency: 0.277123 ms (enqueue 0.139166 ms)
[09/23/2026-09:54:24] [I] Average on 300 runs - GPU latency: 0.276074 ms - Host latency: 0.276074 ms (enqueue 0.152039 ms)
[09/23/2026-09:54:24] [I] Average on 300 runs - GPU latency: 0.276886 ms - Host latency: 0.276886 ms (enqueue 0.142421 ms)
[09/23/2026-09:54:24] [I] Average on 300 runs - GPU latency: 0.275138 ms - Host latency: 0.275138 ms (enqueue 0.133243 ms)
[09/23/2026-09:54:24] [I] Average on 300 runs - GPU latency: 0.274574 ms - Host latency: 0.274574 ms (enqueue 0.137351 ms)
[09/23/2026-09:54:24] [I] Average on 300 runs - GPU latency: 0.275601 ms - Host latency: 0.275601 ms (enqueue 0.138646 ms)
[09/23/2026-09:54:24] [I] Average on 300 runs - GPU latency: 0.275332 ms - Host latency: 0.275332 ms (enqueue 0.135069 ms)
[09/23/2026-09:54:24] [I] Average on 300 runs - GPU latency: 0.276471 ms - Host latency: 0.276471 ms (enqueue 0.132113 ms)
[09/23/2026-09:54:24] [I] Average on 300 runs - GPU latency: 0.27604 ms - Host latency: 0.27604 ms (enqueue 0.143107 ms)
[09/23/2026-09:54:24] [I] Average on 300 runs - GPU latency: 0.28826 ms - Host latency: 0.28826 ms (enqueue 0.156421 ms)
[09/23/2026-09:54:24] [I] 
[09/23/2026-09:54:24] [I] === Performance summary ===
[09/23/2026-09:54:24] [I] Throughput: 3501.78 qps
[09/23/2026-09:54:24] [I] Latency: min = 0.218262 ms, max = 3.51245 ms, mean = 0.280339 ms, median = 0.277527 ms, percentile(90%) = 0.309448 ms, percentile(95%) = 0.320496 ms, percentile(99%) = 0.339233 ms
[09/23/2026-09:54:24] [I] Enqueue Time: min = 0.090332 ms, max = 3.65723 ms, mean = 0.140961 ms, median = 0.134033 ms, percentile(90%) = 0.172363 ms, percentile(95%) = 0.183838 ms, percentile(99%) = 0.212158 ms
[09/23/2026-09:54:24] [I] H2D Latency: min = 0 ms, max = 0 ms, mean = 0 ms, median = 0 ms, percentile(90%) = 0 ms, percentile(95%) = 0 ms, percentile(99%) = 0 ms
[09/23/2026-09:54:24] [I] GPU Compute Time: min = 0.218262 ms, max = 3.51245 ms, mean = 0.280339 ms, median = 0.277527 ms, percentile(90%) = 0.309448 ms, percentile(95%) = 0.320496 ms, percentile(99%) = 0.339233 ms
[09/23/2026-09:54:24] [I] D2H Latency: min = 0 ms, max = 0 ms, mean = 0 ms, median = 0 ms, percentile(90%) = 0 ms, percentile(95%) = 0 ms, percentile(99%) = 0 ms
[09/23/2026-09:54:24] [I] Total Host Walltime: 3.00076 s
[09/23/2026-09:54:24] [I] Total GPU Compute Time: 2.9458 s
[09/23/2026-09:54:24] [W] * GPU compute time is unstable, with coefficient of variance = 14.5557%.
[09/23/2026-09:54:24] [W]   If not already in use, locking GPU clock frequency or adding --useSpinWait may improve the stability.
[09/23/2026-09:54:24] [I] Explanations of the performance metrics are printed in the verbose logs.
[09/23/2026-09:54:24] [I] 
&&&& PASSED TensorRT.trtexec [TensorRT v101303] [b9] # /usr/src/tensorrt/bin/trtexec --loadEngine=engines/hsi_int8_implicit.plan --shapes=input:8x342x3x3 --noDataTransfers --warmUp=200 --iterations=300 --avgRuns=300
